COMMAND ["python", "/workspace/shared/sticky-recovery-20261006/run_locked_lean.py", "/workspace/shared/sticky-recovery-20261006/global-lean-locks/import-batch-20261006T1443.lock", "/workspace/shared/sticky-recovery-20261006/global-lean-locks/2.lock", "/workspace/scratch/5f2524fd4117/lean-tools/lean-4.33.1-linux/bin/lean", "-j1", "-DautoImplicit=false", "-DwarningAsError=true", "-R", "/workspace/shared/sticky-recovery-20261006/verification/import-batch-20261006T1443", "/workspace/shared/sticky-recovery-20261006/verification/import-batch-20261006T1443/Readback.lean"]
LOCK_ACQUIRED_UTC 2026-10-06T14:49:16.236281+00:00
SHARED_SLOT 2
LEAN_PID 58
'NativeActualConfiguredPoint.assemble_height' depends on axioms: [propext, Classical.choice, Quot.sound]
'NativeActualConfiguredPoint.assemble_spatial' depends on axioms: [propext, Classical.choice, Quot.sound]
'NativeActualConfiguredPoint.graphGrid' depends on axioms: [propext, Classical.choice, Quot.sound]
'NativeActualConfiguredPoint.sourceLabel' depends on axioms: [propext, Classical.choice, Quot.sound]
'NativeActualConfiguredPoint.point' depends on axioms: [propext, Classical.choice, Quot.sound]
'NativeActualConfiguredPoint.point_factorization' depends on axioms: [propext, Classical.choice, Quot.sound]
'NativeActualConfiguredPoint.sourceLabel_oneTwo' depends on axioms: [propext, Classical.choice, Quot.sound]
'NativeActualConfiguredPoint.sourceLabel_twoOne' depends on axioms: [propext, Classical.choice, Quot.sound]
'NativeActualConfiguredPoint.sourceLabel_height' depends on axioms: [propext, Classical.choice, Quot.sound]
'NativeActualConfiguredPoint.graphGrid_height' depends on axioms: [propext, Classical.choice, Quot.sound]
'NativeActualConfiguredPoint.point_height_floor' depends on axioms: [propext, Classical.choice, Quot.sound]
'NativeActualConfiguredPoint.sourceLabel_coordinates' depends on axioms: [propext, Classical.choice, Quot.sound]
'NativeActualConfiguredPoint.graphGrid_distance' depends on axioms: [propext, Classical.choice, Quot.sound]
'NativeActualConfiguredPoint.point_distance' depends on axioms: [propext, Classical.choice, Quot.sound]
'NativeAlignmentParentWidth.exists_factor_gap_cutoff' depends on axioms: [propext, Classical.choice, Quot.sound]
'NativeAlignmentParentWidth.parent_4096_depth' depends on axioms: [propext, Classical.choice, Quot.sound]
'NativeAlignmentParentWidth.exists_actual_parent_cutoff' depends on axioms: [propext, Classical.choice, Quot.sound]
'OriginalWeightedMacroSelection.localPoints' depends on axioms: [propext, Quot.sound]
'OriginalWeightedMacroSelection.localHeights' depends on axioms: [propext, Classical.choice, Quot.sound]
'OriginalWeightedMacroSelection.sum_original_local_points' depends on axioms: [propext, Classical.choice, Quot.sound]
'OriginalWeightedMacroSelection.occupiedHeightPairs' depends on axioms: [propext, Classical.choice, Quot.sound]
'OriginalWeightedMacroSelection.local_heights_pair_fiber' depends on axioms: [propext, Classical.choice, Quot.sound]
'OriginalWeightedMacroSelection.sum_local_heights_eq_pairs' depends on axioms: [propext, Classical.choice, Quot.sound]
'OriginalWeightedMacroSelection.sum_local_heights_eq_height_cells' depends on axioms: [propext,
 Classical.choice,
 Quot.sound]
'OriginalWeightedMacroSelection.weighted_denominator_of_height_cells' depends on axioms: [propext,
 Classical.choice,
 Quot.sound]
'OriginalWeightedMacroSelection.exists_original_weighted_macro' depends on axioms: [propext,
 Classical.choice,
 Quot.sound]
'OriginalWeightedMacroSelection.exists_physical_weighted_macro' depends on axioms: [propext,
 Classical.choice,
 Quot.sound]
LEAN_FINISHED_UTC 2026-10-06T14:53:13.380541+00:00 EXIT_CODE=0

EXIT_CODE=0
