COMMAND ["python", "/workspace/shared/sticky-recovery-20261006/run_locked_lean.py", "/workspace/shared/sticky-recovery-20261006/global-lean-locks/4928c00a5ed93237cd373af4c259d77adff9d7f696afc65f482147280d9d3c15.lock", "/workspace/shared/sticky-recovery-20261006/global-lean-locks/3.lock", "/workspace/scratch/5f2524fd4117/lean-tools/lean-4.33.1-linux/bin/lean", "-j1", "-DautoImplicit=false", "-DwarningAsError=true", "-R", "/workspace/shared/sticky-recovery-20261006/live", "-o", "/workspace/shared/sticky-recovery-20261006/runtime-20261006T1519/olean/Theorems/Thm_StickyKakeya4_native_configured_Y_weighted_retention.olean", "/workspace/shared/sticky-recovery-20261006/live/Theorems/Thm_StickyKakeya4_native_configured_Y_weighted_retention.lean"]
SOURCE_SHA256 a7f6d63ce0169d86b6f06902241ce8f684bd24b800e5940c98409b6e5b920400
LOCK_ACQUIRED_UTC 2026-10-06T19:35:52.636944+00:00
SHARED_SLOT 3
LEAN_PID 58
Try this:
  [apply] ring_nf
  
  The `ring` tactic failed to close the goal. Use `ring_nf` to obtain a normal form.
    
  Note that `ring` works primarily in *commutative* rings. If you have a noncommutative ring, abelian group or module, consider using `noncomm_ring`, `abel` or `module` instead.
/workspace/shared/sticky-recovery-20261006/live/Theorems/Thm_StickyKakeya4_native_configured_Y_weighted_retention.lean:30:26: error: unsolved goals
A : Type u_1
B : Type u_2
inst✝¹ : DecidableEq A
inst✝ : DecidableEq B
I : Finset A
f : A → B
Q : ℕ
HU : HasUniformFibers I Q f
G : Finset B
hG : G ⊆ image f I
theta : ℝ
_htheta : 0 ≤ theta
hret : theta * ↑(#(image f I)) ≤ ↑(#G)
⊢ #I * #G = #I * ↑(#G)
/workspace/shared/sticky-recovery-20261006/live/Theorems/Thm_StickyKakeya4_native_configured_Y_weighted_retention.lean:45:2: error: unsolved goals
case neg
A : Type u_1
B : Type u_2
inst✝¹ : DecidableEq A
inst✝ : DecidableEq B
I : Finset A
f : A → B
Q : ℕ
HU : HasUniformFibers I Q f
G : Finset B
hG : G ⊆ image f I
theta : ℝ
_htheta : 0 ≤ theta
hret : theta * ↑(#(image f I)) ≤ ↑(#G)
hCrossN : #I * #G ≤ Q ^ 2 * #(liftEdges I f G) * #(image f I)
hn : ¬I.Nonempty
⊢ 0 ≤ 0
LEAN_FINISHED_UTC 2026-10-06T19:37:45.529100+00:00 EXIT_CODE=1

EXIT_CODE=1
