COMMAND ["python", "/workspace/shared/sticky-recovery-20261006/run_locked_lean.py", "/workspace/shared/sticky-recovery-20261006/global-lean-locks/import-batch-20261006T2239.lock", "/workspace/shared/sticky-recovery-20261006/global-lean-locks/1.lock", "/workspace/scratch/5f2524fd4117/lean-tools/lean-4.33.1-linux/bin/lean", "-j1", "-DautoImplicit=false", "-DwarningAsError=true", "-R", "/workspace/shared/sticky-recovery-20261006/verification/import-batch-20261006T2239", "/workspace/shared/sticky-recovery-20261006/verification/import-batch-20261006T2239/Readback.lean"]
LOCK_ACQUIRED_UTC 2026-10-06T22:40:01.017618+00:00
SHARED_SLOT 1
LEAN_PID 58
'NativeCurrentGraphRankCap.graphPlane' depends on axioms: [propext, Classical.choice, Quot.sound]
'NativeCurrentGraphRankCap.originalGraphPlane' depends on axioms: [propext, Classical.choice, Quot.sound]
'NativeCurrentGraphRankCap.originalGraphPlane_finrank' depends on axioms: [propext, Classical.choice, Quot.sound]
'NativeCurrentGraphRankCap.graphWitness' depends on axioms: [propext, Classical.choice, Quot.sound]
'NativeCurrentGraphRankCap.graphWitness_coordinates' depends on axioms: [propext, Classical.choice, Quot.sound]
'NativeCurrentGraphRankCap.graphWitness_mem' depends on axioms: [propext, Classical.choice, Quot.sound]
'NativeCurrentGraphRankCap.graphWitness_distance' depends on axioms: [propext, Classical.choice, Quot.sound]
'NativeCurrentGraphRankCap.original_graph_infDist' depends on axioms: [propext, Classical.choice, Quot.sound]
'NativeCurrentGraphRankCap.current_residual_of_readback' depends on axioms: [propext, Classical.choice, Quot.sound]
'NativeCurrentGraphRankCap.pointNear_graph_eq' depends on axioms: [propext, Classical.choice, Quot.sound]
'NativeCurrentGraphRankCap.point_minimal_graph_rank' depends on axioms: [propext, Classical.choice, Quot.sound]
'NativeCurrentGraphRankCap.exists_current_graph_rank_retention' depends on axioms: [propext,
 Classical.choice,
 Quot.sound]
'NativeCurrentGraphRankCap.pointSlab' depends on axioms: [propext, Classical.choice, Quot.sound]
'NativeCurrentGraphRankCap.current_slab_of_rank_two_failure' depends on axioms: [propext, Classical.choice, Quot.sound]
'NativeCurrentGraphRankCap.terminal_current_slab' depends on axioms: [propext, Classical.choice, Quot.sound]
'NativeCurrentGraphRankCap.retained_slab_normalization' depends on axioms: [propext, Classical.choice, Quot.sound]
'NativeCurrentGraphRankCap.paid_radius_interpolation' depends on axioms: [propext, Classical.choice, Quot.sound]
'NativeCurrentGraphRankCap.selected_plane_rank_eq' depends on axioms: [propext, Classical.choice, Quot.sound]
'NativeCurrentGraphRankCap.exists_current_graph_rank_slab_retention' depends on axioms: [propext,
 Classical.choice,
 Quot.sound]
LEAN_FINISHED_UTC 2026-10-06T22:41:08.520840+00:00 EXIT_CODE=0

EXIT_CODE=0
