COMMAND ["python", "/workspace/shared/sticky-recovery-20261006/run_locked_lean.py", "/workspace/shared/sticky-recovery-20261006/global-lean-locks/736d852c60815a5a84b42020278a82c31cb7ef794f95f64a4820161ffe37c05a.lock", "/workspace/shared/sticky-recovery-20261006/global-lean-locks/3.lock", "/workspace/scratch/5f2524fd4117/lean-tools/lean-4.33.1-linux/bin/lean", "-j1", "-DautoImplicit=false", "-DwarningAsError=true", "-R", "/workspace/shared/sticky-recovery-20261006/live", "-o", "/workspace/shared/sticky-recovery-20261006/runtime-20261006T1519/olean/Theorems/Thm_StickyKakeya4_native_fixed_height_pair_cap.olean", "/workspace/shared/sticky-recovery-20261006/live/Theorems/Thm_StickyKakeya4_native_fixed_height_pair_cap.lean"]
SOURCE_SHA256 4afcda292dd814a3a8b317486197640b7bb17a7543398ff23047543b91fd6014
LOCK_ACQUIRED_UTC 2026-10-06T18:16:47.931384+00:00
SHARED_SLOT 3
LEAN_PID 58
/workspace/shared/sticky-recovery-20261006/live/Theorems/Thm_StickyKakeya4_native_fixed_height_pair_cap.lean:29:14: error(lean.unknownIdentifier): Unknown constant `OriginalWWitnessCounts.mem_pointsAt.mpr`
/workspace/shared/sticky-recovery-20261006/live/Theorems/Thm_StickyKakeya4_native_fixed_height_pair_cap.lean:30:8: error: No goals to be solved
/workspace/shared/sticky-recovery-20261006/live/Theorems/Thm_StickyKakeya4_native_fixed_height_pair_cap.lean:40:37: error: This simp argument is unused:
  smul_eq_mul

Hint: Omit it from the simp argument list.
  [apply] simp only [sum_const, TwoTubePathCollisionCount.tubes]

Note: This linter can be disabled with `set_option linter.unusedSimpArgs false`
/workspace/shared/sticky-recovery-20261006/live/Theorems/Thm_StickyKakeya4_native_fixed_height_pair_cap.lean:141:39: error: Type mismatch
  add_le_add_left hstep ?m.737
has type
  1 / ↑(2 ^ c) + ?m.737 ≤ rho + ?m.737
but is expected to have type
  ↑(q.1 j) / ↑(2 ^ c) + 1 / ↑(2 ^ c) ≤ ↑(q.1 j) / ↑(2 ^ c) + rho
LEAN_FINISHED_UTC 2026-10-06T18:19:12.641596+00:00 EXIT_CODE=1

EXIT_CODE=1
