COMMAND ["python", "/workspace/shared/sticky-recovery-20261006/run_locked_lean.py", "/workspace/shared/sticky-recovery-20261006/global-lean-locks/3ec8442619a63a2eabda41e42d00d98452c21c84b07a54dedce069aa444db8e9.lock", "/workspace/shared/sticky-recovery-20261006/global-lean-locks/2.lock", "/workspace/scratch/5f2524fd4117/lean-tools/lean-4.33.1-linux/bin/lean", "-j1", "-DautoImplicit=false", "-DwarningAsError=true", "-R", "/workspace/shared/sticky-recovery-20261006/live", "-o", "/workspace/shared/sticky-recovery-20261006/runtime-20261006T1519/olean/Theorems/Thm_StickyKakeya4_native_joint_xy_support_count.olean", "/workspace/shared/sticky-recovery-20261006/live/Theorems/Thm_StickyKakeya4_native_joint_xy_support_count.lean"]
SOURCE_SHA256 d40a5a524a5fd8f037ec610091f8bfa5d6b68e09c13761f268da3b3a7fe4bd31
LOCK_ACQUIRED_UTC 2026-10-06T19:23:57.800193+00:00
SHARED_SLOT 2
LEAN_PID 59
/workspace/shared/sticky-recovery-20261006/live/Theorems/Thm_StickyKakeya4_native_joint_xy_support_count.lean:33:13: error(lean.unknownIdentifier): Unknown identifier `abs_add`
/workspace/shared/sticky-recovery-20261006/live/Theorems/Thm_StickyKakeya4_native_joint_xy_support_count.lean:24:48: error: unsolved goals
k l : ℕ
hd : k + l = 3
z : NativeTwoMapRetainedSliceLabels.XY k l
mu : ℝ
hmu : 0 < mu
hmu1 : mu ≤ 1
N : ℕ
hN : mu * ↑N ≤ 1
hX : ∀ (j : Fin k), |z.2.1 j| ≤ ↑N
hY : ∀ (j : Fin l), |z.2.2 j| ≤ ↑N
hb : ∀ (i : Fin (k + l)), |Fin.append z.2.1 z.2.2 i| ≤ ↑N
j : Fin 3
hi : |↑(Fin.append z.2.1 z.2.2 (Fin.cast ⋯ j))| ≤ ↑N
⊢ dist (realized mu (encode hd z) j) (0 j) ≤ 2
/workspace/shared/sticky-recovery-20261006/live/Theorems/Thm_StickyKakeya4_native_joint_xy_support_count.lean:160:2: error: `ring_nf` made no progress on the goal
LEAN_FINISHED_UTC 2026-10-06T19:25:53.548442+00:00 EXIT_CODE=1

EXIT_CODE=1
