COMMAND ["python", "/workspace/shared/sticky-recovery-20261006/run_locked_lean.py", "/workspace/shared/sticky-recovery-20261006/global-lean-locks/import-batch-20261006T2002.lock", "/workspace/shared/sticky-recovery-20261006/global-lean-locks/2.lock", "/workspace/scratch/5f2524fd4117/lean-tools/lean-4.33.1-linux/bin/lean", "-j1", "-DautoImplicit=false", "-DwarningAsError=true", "-R", "/workspace/shared/sticky-recovery-20261006/verification/import-batch-20261006T2002", "/workspace/shared/sticky-recovery-20261006/verification/import-batch-20261006T2002/Readback.lean"]
LOCK_ACQUIRED_UTC 2026-10-06T20:02:24.845795+00:00
SHARED_SLOT 2
LEAN_PID 58
'NativeJointXYSupportCount.encoded_realized_bound' depends on axioms: [propext, Classical.choice, Quot.sound]
'NativeJointXYSupportCount.source_realized_box' depends on axioms: [propext, Classical.choice, Quot.sound]
'NativeJointXYSupportCount.realized_coarse_label' depends on axioms: [propext, Classical.choice, Quot.sound]
'NativeJointXYSupportCount.coarse_xy_image_card' depends on axioms: [propext, Classical.choice, Quot.sound]
'NativeJointXYSupportCount.source_height_physical_card' depends on axioms: [propext, Classical.choice, Quot.sound]
'NativeJointXYSupportCount.source_height_base_keys_global' depends on axioms: [propext, Classical.choice, Quot.sound]
'NativeJointLocalXYGeometry.scalar_center_gap' depends on axioms: [propext, Classical.choice, Quot.sound]
'NativeJointLocalXYGeometry.base_XY_footprint' depends on axioms: [propext, Classical.choice, Quot.sound]
'NativeJointLocalXYGeometry.base_center_readback' depends on axioms: [propext, Classical.choice, Quot.sound]
'NativeJointLocalXYGeometry.source_height_cell_base_keys' depends on axioms: [propext, Classical.choice, Quot.sound]
'NativeActualBaselineGraphMass.of_admitted_core' depends on axioms: [propext, Classical.choice, Quot.sound]
'NativeActualBaselineGraphMass.exists_actual_baseline_mass' depends on axioms: [propext, Classical.choice, Quot.sound]
'NativeConfiguredYWeightedRetention.uniform_subset_retention' depends on axioms: [propext, Classical.choice, Quot.sound]
'NativeConfiguredYWeightedRetention.select_literal_Y' depends on axioms: [propext, Classical.choice, Quot.sound]
'NativeConfiguredYWeightedRetention.from_source_data' depends on axioms: [propext, Classical.choice, Quot.sound]
'NativeOriginalShadingRestriction.source' depends on axioms: [propext, Classical.choice, Quot.sound]
'NativeOriginalShadingRestriction.shading_subset' depends on axioms: [propext, Classical.choice, Quot.sound]
'NativeOriginalShadingRestriction.total_shading' depends on axioms: [propext, Classical.choice, Quot.sound]
'NativeOriginalShadingRestriction.union_subset' depends on axioms: [propext, Classical.choice, Quot.sound]
'NativeOriginalShadingRestriction.mass_retention' depends on axioms: [propext, Classical.choice, Quot.sound]
'NativeOriginalShadingRestriction.native_input' depends on axioms: [propext, Classical.choice, Quot.sound]
'NativeOriginalShadingRestriction.multiplicity_retention' depends on axioms: [propext, Classical.choice, Quot.sound]
'NativeOriginalCellPresentationUnique.mem_cells_iff_center_mem' depends on axioms: [propext,
 Classical.choice,
 Quot.sound]
'NativeOriginalCellPresentationUnique.cells_eq_of_shading_eq' depends on axioms: [propext, Classical.choice, Quot.sound]
'NativeOriginalCellPresentationUnique.restricted_cells_eq' depends on axioms: [propext, Classical.choice, Quot.sound]
'NativeOriginalCellPresentationUnique.restricted_incidences_eq' depends on axioms: [propext,
 Classical.choice,
 Quot.sound]
'NativeOriginalCellPresentationUnique.subset_original_cut' depends on axioms: [propext, Classical.choice, Quot.sound]
'NativeOriginalCellPresentationUnique.core_subset_original_cut' depends on axioms: [propext,
 Classical.choice,
 Quot.sound]
'NativeOriginalCellPresentationUnique.core_preserves_original_predicate' depends on axioms: [propext,
 Classical.choice,
 Quot.sound]
LEAN_FINISHED_UTC 2026-10-06T20:03:13.005749+00:00 EXIT_CODE=0

EXIT_CODE=0
