COMMAND ["python", "/workspace/shared/sticky-recovery-20261006/run_locked_lean.py", "/workspace/shared/sticky-recovery-20261006/global-lean-locks/a57205728eb80b7fdd5eef914595fb37e2343fe2891f6766028e39900711f46c.lock", "/workspace/shared/sticky-recovery-20261006/global-lean-locks/3.lock", "/workspace/scratch/5f2524fd4117/lean-tools/lean-4.33.1-linux/bin/lean", "-j1", "-DautoImplicit=false", "-DwarningAsError=true", "-R", "/workspace/shared/sticky-recovery-20261006/live", "-o", "/workspace/shared/sticky-recovery-20261006/runtime-20261006T1519/olean/Theorems/Thm_StickyKakeya4_native_raw_height_source_adapter.olean", "/workspace/shared/sticky-recovery-20261006/live/Theorems/Thm_StickyKakeya4_native_raw_height_source_adapter.lean"]
SOURCE_SHA256 90800727de257a1b091bc90399e2d3ca5859de27bea818ba0722c3892c63585c
LOCK_ACQUIRED_UTC 2026-10-06T21:32:55.737917+00:00
SHARED_SLOT 3
LEAN_PID 58
/workspace/shared/sticky-recovery-20261006/live/Theorems/Thm_StickyKakeya4_native_raw_height_source_adapter.lean:70:41: error: Application type mismatch: The argument
  he
has type
  translatedTag D a m v = translatedTag D a m w
but is expected to have type
  v = w
in the application
  congrArg Prod.snd he
/workspace/shared/sticky-recovery-20261006/live/Theorems/Thm_StickyKakeya4_native_raw_height_source_adapter.lean:290:47: error(lean.unknownIdentifier): Unknown identifier `mass`
/workspace/shared/sticky-recovery-20261006/live/Theorems/Thm_StickyKakeya4_native_raw_height_source_adapter.lean:290:40: error: Type mismatch: After simplification, term
  hret
 has type
  (NativeMatrixHeightWholePoint.mass S fun x => 1) ≤ ⌊K⌋₊ * NativeMatrixHeightWholePoint.mass B fun x => 1
but is expected to have type
  #S ≤ ⌊K⌋₊ * #B
LEAN_FINISHED_UTC 2026-10-06T21:34:29.243369+00:00 EXIT_CODE=1

EXIT_CODE=1
