COMMAND ["python", "/workspace/shared/sticky-recovery-20261006/run_locked_lean.py", "/workspace/shared/sticky-recovery-20261006/global-lean-locks/e038dc30e7bb184d786adee24594582b9d2e4a6ac1d12fdcd8d31f2e8308c49e.lock", "/workspace/shared/sticky-recovery-20261006/global-lean-locks/3.lock", "/workspace/scratch/5f2524fd4117/lean-tools/lean-4.33.1-linux/bin/lean", "-j1", "-DautoImplicit=false", "-DwarningAsError=true", "-R", "/workspace/shared/sticky-recovery-20261006/live", "-o", "/workspace/shared/sticky-recovery-20261006/runtime-20261006T1519/olean/Theorems/Thm_StickyKakeya4_native_third_single_height_Y_ad.olean", "/workspace/shared/sticky-recovery-20261006/live/Theorems/Thm_StickyKakeya4_native_third_single_height_Y_ad.lean"]
SOURCE_SHA256 746eb45b6f1acbcd4829fa91ebbdc969f1f2daf2f9ce4bb81365ee597ad6de21
LOCK_ACQUIRED_UTC 2026-10-06T16:26:26.318660+00:00
SHARED_SLOT 3
LEAN_PID 59
/workspace/shared/sticky-recovery-20261006/live/Theorems/Thm_StickyKakeya4_native_third_single_height_Y_ad.lean:70:4: error: Type mismatch: After simplification, term
  hh
 has type
  @Eq (ℤ × CanonicalGridRecoding.Grid (normalDim Split.oneTwo)) (coarseYKey D a m p Split.oneTwo P hP hd F Fcfg R x.2)
    (translatedHeight D a m x.2 / ↑(8 * R), fun i =>
      NativeGrainQuotientBins.label (mu m)
          ((NativeReferenceXYGridLinear.quotientMap P hP 2 ⋯ ⋯ hd (F (translatedHeight D a m x.2)))
            (rawPoint D a m p x.2))
          i /
        ↑R)
but is expected to have type
  @Eq (ℤ × CanonicalGridRecoding.Grid (normalDim Split.oneTwo)) (coarseYKey D a m p Split.oneTwo P hP hd F Fcfg R x.2)
    (translatedHeight D a m x.2 / ↑(8 * R),
      divide R
        (NativeGrainQuotientBins.label (mu m)
          ((NativeReferenceXYGridLinear.quotientMap P hP 2 ⋯ ⋯ hd (F (translatedHeight D a m x.2)))
            (rawPoint D a m p x.2))))
/workspace/shared/sticky-recovery-20261006/live/Theorems/Thm_StickyKakeya4_native_third_single_height_Y_ad.lean:88:4: error: Type mismatch: After simplification, term
  hh
 has type
  @ADBounds (Fin 2 → ℝ) pseudoMetricSpacePi
    (image (NativeQuotientGridCenters.center (mu m))
      (image Prod.snd
        (productSlice
          (image
            (fun x =>
              pxy D a m 2 p P hP ⋯ ⋯ hd
                (fixedField D a m 2 plane
                  (NativeWeightedGrainQuotientGeometry.retained D a m 2 plane Hgraph P hP ⋯ ⋯ hd
                    (physicalMesh m (phaseDepth m) / 8))
                  Fraw)
                x.2)
            T)
          (pxy D a m 2 p P hP ⋯ ⋯ hd F z.2).1)))
    (mu m)
    (quotientConstant 1 2 (1 / (32 * CX))
      (xyConstant D.thickness zeta population PL PU lambda (G * Cpre * ↑(refinementCost (d + 2) (J + 1) L3)) Qref
        (NativeSourceSizeBounds.radix (#S) L3) J m)
      (3 - extremalExponent))
    (2 - extremalExponent)
but is expected to have type
  @ADBounds (Fin 2 → ℝ) pseudoMetricSpacePi
    (image (center (mu m))
      (image Prod.snd
        (productSlice (image (fun x => pxy D a m 2 p P hP ⋯ ⋯ hd F x.2) T) (pxy D a m 2 p P hP ⋯ ⋯ hd F z.2).1)))
    (mu m) (quotientConstant 1 2 (1 / (32 * CX)) KXY (3 - extremalExponent)) (2 - extremalExponent)
LEAN_FINISHED_UTC 2026-10-06T16:29:45.765725+00:00 EXIT_CODE=1

EXIT_CODE=1
