COMMAND ["python", "/workspace/shared/sticky-recovery-20261006/run_locked_lean.py", "/workspace/shared/sticky-recovery-20261006/global-lean-locks/1a96b3f1bad962d62eaf88994c68d178ca4eb80bfd6d79ae3766d62c3ee53dc2.lock", "/workspace/shared/sticky-recovery-20261006/global-lean-locks/2.lock", "/workspace/scratch/5f2524fd4117/lean-tools/lean-4.33.1-linux/bin/lean", "-j1", "-DautoImplicit=false", "-DwarningAsError=true", "-R", "/workspace/shared/sticky-recovery-20261006/live", "-o", "/workspace/shared/sticky-recovery-20261006/runtime-20261006T1519/olean/Theorems/Thm_StickyKakeya4_native_actual_raw_whole_Y_total.olean", "/workspace/shared/sticky-recovery-20261006/live/Theorems/Thm_StickyKakeya4_native_actual_raw_whole_Y_total.lean"]
SOURCE_SHA256 5ecd43b4f9897db98fde7272f8a57eb554a36b405310c8ce08841b7bd0e7d852
LOCK_ACQUIRED_UTC 2026-10-06T22:24:38.223369+00:00
SHARED_SLOT 2
LEAN_PID 58
/workspace/shared/sticky-recovery-20261006/live/Theorems/Thm_StickyKakeya4_native_actual_raw_whole_Y_total.lean:49:40: error: Type mismatch: After simplification, term
  hret'
 has type
  menuFraction zeta c * ↑(#(image f T)) ≤ N * ↑(#selected)
but is expected to have type
  ?m.453 ≤ ?m.452 * N
/workspace/shared/sticky-recovery-20261006/live/Theorems/Thm_StickyKakeya4_native_actual_raw_whole_Y_total.lean:64:13: error: This simp argument is unused:
  U

Hint: Omit it from the simp argument list.
  [apply] simp only [mem_filter]

Note: This linter can be disabled with `set_option linter.unusedSimpArgs false`
/workspace/shared/sticky-recovery-20261006/live/Theorems/Thm_StickyKakeya4_native_actual_raw_whole_Y_total.lean:84:30: error: `field_simp` made no progress on the goal
/workspace/shared/sticky-recovery-20261006/live/Theorems/Thm_StickyKakeya4_native_actual_raw_whole_Y_total.lean:238:25: error(lean.unknownIdentifier): Unknown identifier `scale`
/workspace/shared/sticky-recovery-20261006/live/Theorems/Thm_StickyKakeya4_native_actual_raw_whole_Y_total.lean:238:53: error(lean.unknownIdentifier): Unknown identifier `scale`
/workspace/shared/sticky-recovery-20261006/live/Theorems/Thm_StickyKakeya4_native_actual_raw_whole_Y_total.lean:377:5: error: Variable name `hstopLo` is not explicitly referenced.

Hint: The binding can be removed (if unused) or named `_` (if used implicitly). Alternatively, prefix the name with `_` to silence this warning:
  [apply] _hstopLo

Note: This linter can be disabled with `set_option linter.unusedVariables false`
/workspace/shared/sticky-recovery-20261006/live/Theorems/Thm_StickyKakeya4_native_actual_raw_whole_Y_total.lean:378:5: error: Variable name `hHeight` is not explicitly referenced.

Hint: The binding can be removed (if unused) or named `_` (if used implicitly). Alternatively, prefix the name with `_` to silence this warning:
  [apply] _hHeight

Note: This linter can be disabled with `set_option linter.unusedVariables false`
/workspace/shared/sticky-recovery-20261006/live/Theorems/Thm_StickyKakeya4_native_actual_raw_whole_Y_total.lean:379:5: error: Variable name `hCost` is not explicitly referenced.

Hint: The binding can be removed (if unused) or named `_` (if used implicitly). Alternatively, prefix the name with `_` to silence this warning:
  [apply] _hCost

Note: This linter can be disabled with `set_option linter.unusedVariables false`
/workspace/shared/sticky-recovery-20261006/live/Theorems/Thm_StickyKakeya4_native_actual_raw_whole_Y_total.lean:382:5: error: Variable name `hSmall` is not explicitly referenced.

Hint: The binding can be removed (if unused) or named `_` (if used implicitly). Alternatively, prefix the name with `_` to silence this warning:
  [apply] _hSmall

Note: This linter can be disabled with `set_option linter.unusedVariables false`
/workspace/shared/sticky-recovery-20261006/live/Theorems/Thm_StickyKakeya4_native_actual_raw_whole_Y_total.lean:383:5: error: Variable name `hShape` is not explicitly referenced.

Hint: The binding can be removed (if unused) or named `_` (if used implicitly). Alternatively, prefix the name with `_` to silence this warning:
  [apply] _hShape

Note: This linter can be disabled with `set_option linter.unusedVariables false`
/workspace/shared/sticky-recovery-20261006/live/Theorems/Thm_StickyKakeya4_native_actual_raw_whole_Y_total.lean:385:5: error: Variable name `hNu` is not explicitly referenced.

Hint: The binding can be removed (if unused) or named `_` (if used implicitly). Alternatively, prefix the name with `_` to silence this warning:
  [apply] _hNu

Note: This linter can be disabled with `set_option linter.unusedVariables false`
/workspace/shared/sticky-recovery-20261006/live/Theorems/Thm_StickyKakeya4_native_actual_raw_whole_Y_total.lean:386:5: error: Variable name `hBaseMargin` is not explicitly referenced.

Hint: The binding can be removed (if unused) or named `_` (if used implicitly). Alternatively, prefix the name with `_` to silence this warning:
  [apply] _hBaseMargin

Note: This linter can be disabled with `set_option linter.unusedVariables false`
LEAN_FINISHED_UTC 2026-10-06T22:28:33.846661+00:00 EXIT_CODE=1

EXIT_CODE=1
