COMMAND ["python", "/workspace/shared/sticky-recovery-20261006/run_locked_lean.py", "/workspace/shared/sticky-recovery-20261006/global-lean-locks/import-batch-20261006T1920.lock", "/workspace/shared/sticky-recovery-20261006/global-lean-locks/3.lock", "/workspace/scratch/5f2524fd4117/lean-tools/lean-4.33.1-linux/bin/lean", "-j1", "-DautoImplicit=false", "-DwarningAsError=true", "-R", "/workspace/shared/sticky-recovery-20261006/verification/import-batch-20261006T1920", "/workspace/shared/sticky-recovery-20261006/verification/import-batch-20261006T1920/Readback.lean"]
LOCK_ACQUIRED_UTC 2026-10-06T19:19:50.852790+00:00
SHARED_SLOT 3
LEAN_PID 58
'NativeJointSpatialGeometry.coarse_xy_old_dist' depends on axioms: [propext, Classical.choice, Quot.sound]
'NativeJointSpatialGeometry.physical_neighbor' depends on axioms: [propext, Classical.choice, Quot.sound]
'NativeJointSpatialGeometry.physical_fiber_card' depends on axioms: [propext, Classical.choice, Quot.sound]
'NativeJointSpatialGeometry.physical_image_card' depends on axioms: [propext, Classical.choice, Quot.sound]
'NativeMatchedShadowConfiguredSource.actual_inverse_image_bounds' depends on axioms: [propext,
 Classical.choice,
 Quot.sound]
'NativeMatchedShadowConfiguredSource.actual_image_bounds' depends on axioms: [propext, Classical.choice, Quot.sound]
'NativeMatchedShadowConfiguredOutput.actual_inverse_output_image_bounds' depends on axioms: [propext,
 Classical.choice,
 Quot.sound]
'NativeMatchedShadowConfiguredOutput.actual_output_image_bounds' depends on axioms: [propext,
 Classical.choice,
 Quot.sound]
'NativeMatchedShadowMass.core_mass_le_full' depends on axioms: [propext, Classical.choice, Quot.sound]
'NativeMatchedShadowMass.full_pair_mass' depends on axioms: [propext, Classical.choice, Quot.sound]
'NativeMatchedShadowMass.mixed_full_pair_mass' depends on axioms: [propext, Classical.choice, Quot.sound]
'NativeActualFineWeightedSourceSelection.exists_same_Q_source' depends on axioms: [propext,
 Classical.choice,
 Quot.sound]
LEAN_FINISHED_UTC 2026-10-06T19:24:17.312355+00:00 EXIT_CODE=0

EXIT_CODE=0
