COMMAND ["flock", "/workspace/scratch/5f2524fd4117/4dstickykakeya/.lake/staging-lean.lock", "python3", "/workspace/shared/sticky-recovery-20261005/staging_third_slot.py", "--lock-file", "/workspace/scratch/5f2524fd4117/4dstickykakeya/.lake/global-lean-locks/3.lock", "--", "/workspace/scratch/5f2524fd4117/lean-tools/lean-4.33.1-linux/bin/lean", "-j1", "-DautoImplicit=false", "-DwarningAsError=true", "-R", "/workspace/shared/sticky-recovery-20261005/verification/axiom-batch-20261005T171206287957", "/workspace/shared/sticky-recovery-20261005/verification/axiom-batch-20261005T171206287957/AggregateReadback.lean"]
READBACK_SHA256 ac756760c250c707419a590d1c7bd99d5f7b6f1b471651d1f0c1c7ca19019ee7
Dedicated staging slot 3 acquired UTC: 2026-10-05T17:12:14.036198+00:00
Memory at admission: MemTotal:       10206508 kB; MemAvailable:    8714504 kB
'NativePrescribedParentGraphConfiguration.CurveParentFinalCleanupData' depends on axioms: [propext,
 Classical.choice,
 Quot.sound]
'NativePrescribedParentGraphConfiguration.HasCurveParentRetainedHistory' depends on axioms: [propext,
 Classical.choice,
 Quot.sound]
'NativePrescribedParentGraphConfiguration.HasCurveParentStage' depends on axioms: [propext,
 Classical.choice,
 Quot.sound]
'NativePrescribedParentGraphConfiguration.exists_prescribed_parent_graph_configuration' depends on axioms: [propext,
 Classical.choice,
 Quot.sound]
'NativePrescribedParentGraphConfiguration.half_depth_eq_depth' depends on axioms: [propext, Quot.sound]
'NativePrescribedParentGraphConfiguration.middleSelected' depends on axioms: [propext, Quot.sound]
'NativePrescribedParentGraphConfiguration.middle_selected_depth' depends on axioms: [propext, Quot.sound]
'NativePrescribedParentGraphConfiguration.stage_with_parent_graph' depends on axioms: [propext,
 Classical.choice,
 Quot.sound]
'NativePrescribedParentGraphData.HasCurveParentProfiles' depends on axioms: [propext, Classical.choice, Quot.sound]
'NativePrescribedParentGraphData.HasParentHeightCore' depends on axioms: [propext, Classical.choice, Quot.sound]
'NativePrescribedParentGraphData.attach_prescribed_parent_graph' depends on axioms: [propext,
 Classical.choice,
 Quot.sound]
'NativePrescribedParentGraphData.curve_parent_profiles_forget' depends on axioms: [propext,
 Classical.choice,
 Quot.sound]
'NativeRetainedColumnPairCore.caller_parent_pair_uniformity' depends on axioms: [propext, Classical.choice, Quot.sound]
'NativeRetainedColumnPairCore.relations' depends on axioms: [propext, Classical.choice, Quot.sound]
'NativeRetainedColumnPairCore.relations_refl' depends on axioms: [propext, Classical.choice, Quot.sound]
'NativeRetainedColumnPairCore.relations_symm' depends on axioms: [propext, Classical.choice, Quot.sound]
'NativeRetainedColumnPairCore.retained_pair_card' depends on axioms: [propext, Classical.choice, Quot.sound]
'NativeRetainedColumnPairCore.retained_pair_multiplicity' depends on axioms: [propext, Classical.choice, Quot.sound]
'NativeRetainedColumnPairCore.taggedPair' depends on axioms: [propext, Classical.choice, Quot.sound]
'NativeRetainedSliceAllRadii.retained_all_radius_bounds' depends on axioms: [propext, Classical.choice, Quot.sound]
'NativeRetainedSliceGrainAD.exists_actual_slice_grain_AD' depends on axioms: [propext, Classical.choice, Quot.sound]
'NativeRetainedSliceGrainAD.retained_slice_ADBounds' depends on axioms: [propext, Classical.choice, Quot.sound]

EXIT_CODE=0
