$ lake env lean -DautoImplicit=false verification/ActualResidualPhaseLocalizationReadback.lean
'StickyKakeya4.ActualResidualPhaseLocalization.exists_comparable_dyadic_radius' depends on axioms: [propext,
 Classical.choice,
 Quot.sound]
'StickyKakeya4.ActualResidualPhaseLocalization.indexedCenters' depends on axioms: [propext,
 Classical.choice,
 Quot.sound]
'StickyKakeya4.ActualResidualPhaseLocalization.indexedCenters_mem' depends on axioms: [propext,
 Classical.choice,
 Quot.sound]
'StickyKakeya4.ActualResidualPhaseLocalization.indexedCenters_separated' depends on axioms: [propext,
 Classical.choice,
 Quot.sound]
'StickyKakeya4.ActualResidualPhaseLocalization.indexedCenters_cover_ae' depends on axioms: [propext,
 Classical.choice,
 Quot.sound]
'StickyKakeya4.ActualResidualPhaseLocalization.actual_phase_ball_mass_le' depends on axioms: [propext,
 Classical.choice,
 Quot.sound]
'StickyKakeya4.ActualResidualPhaseLocalization.actual_phaseBlock_mass_toReal_le' depends on axioms: [propext,
 Classical.choice,
 Quot.sound]
'StickyKakeya4.ActualResidualPhaseLocalization.reference_lower_mass_le_phaseBlock' depends on axioms: [propext,
 Classical.choice,
 Quot.sound]
'StickyKakeya4.ActualResidualPhaseLocalization.angular_scale_cubic_normalization_cost' depends on axioms: [propext,
 Classical.choice,
 Quot.sound]
'StickyKakeya4.ActualResidualPhaseLocalization.angular_scale_localized_density' depends on axioms: [propext,
 Classical.choice,
 Quot.sound]
'StickyKakeya4.ActualResidualPhaseLocalization.normalized_restriction_scaled_ball_bound' depends on axioms: [propext,
 Classical.choice,
 Quot.sound]
'StickyKakeya4.ActualResidualPhaseLocalization.localize_actual_shell_in_reference_nets' depends on axioms: [propext,
 Classical.choice,
 Quot.sound]
'StickyKakeya4.ActualResidualPhaseLocalization.sticky_datum_exists_uniform_actual_shell_localization' depends on axioms: [propext,
 Classical.choice,
 Quot.sound]
exit=0
