$ lake env lean -DautoImplicit=false verification/ActualShellGraphReadback.lean
'StickyKakeya4.ActualShellGraph.shellGraphWeight' depends on axioms: [propext, Classical.choice, Quot.sound]
'StickyKakeya4.ActualShellGraph.measurable_shellGraphWeight' depends on axioms: [propext, Classical.choice, Quot.sound]
'StickyKakeya4.ActualShellGraph.shellGraphWeight_le_one' depends on axioms: [propext, Classical.choice, Quot.sound]
'StickyKakeya4.ActualShellGraph.shellGraphWeight_ne_zero_support' depends on axioms: [propext,
 Classical.choice,
 Quot.sound]
'StickyKakeya4.ActualShellGraph.shellGraphWeight_ne_zero_iff' depends on axioms: [propext, Classical.choice, Quot.sound]
'StickyKakeya4.ActualShellGraph.graphMeasure_mass_eq_angularShellContent_of_ae_mem' depends on axioms: [propext,
 Classical.choice,
 Quot.sound]
'StickyKakeya4.ActualShellGraph.graphMeasure_mass_eq_angularShellContent' depends on axioms: [propext,
 Classical.choice,
 Quot.sound]
'StickyKakeya4.ActualShellGraph.actual_secant_eq' depends on axioms: [propext, Classical.choice, Quot.sound]
'StickyKakeya4.ActualShellGraph.actual_collisionTime_eq' depends on axioms: [propext, Classical.choice, Quot.sound]
'StickyKakeya4.ActualShellGraph.actual_collisionResidual_eq' depends on axioms: [propext, Classical.choice, Quot.sound]
'StickyKakeya4.ActualShellGraph.actual_contact_at_time_eq' depends on axioms: [propext, Classical.choice, Quot.sound]
'StickyKakeya4.ActualShellGraph.actual_shellGraphWeight_carrier_dist_le' depends on axioms: [propext,
 Classical.choice,
 Quot.sound]
exit=0
