'StickyKakeya4.FiltrationCapacityBudget.gainConstant_pos' depends on axioms: [propext, Classical.choice, Quot.sound]
'StickyKakeya4.FiltrationCapacityBudget.entropyRemainder_nonneg' depends on axioms: [propext,
 Classical.choice,
 Quot.sound]
'StickyKakeya4.FiltrationCapacityBudget.gain_le_entropyRemainder' depends on axioms: [propext,
 Classical.choice,
 Quot.sound]
'StickyKakeya4.FiltrationCapacityBudget.potential_nonneg' depends on axioms: [propext, Classical.choice, Quot.sound]
'StickyKakeya4.FiltrationCapacityBudget.node_growth_budget' depends on axioms: [propext, Classical.choice, Quot.sound]
'StickyKakeya4.FiltrationCapacityBudget.node_growth_budget_of_subcapacity' depends on axioms: [propext,
 Classical.choice,
 Quot.sound]
'StickyKakeya4.FiltrationCapacityBudget.node_growth_budget_log_capacity' depends on axioms: [propext,
 Classical.choice,
 Quot.sound]
'StickyKakeya4.FiltrationCapacityBudget.sum_child_values' depends on axioms: [propext, Classical.choice, Quot.sound]
'StickyKakeya4.FiltrationCapacityBudget.finite_tree_growth_budget' depends on axioms: [propext,
 Classical.choice,
 Quot.sound]
'StickyKakeya4.FiltrationCapacityBudget.finite_tree_growth_budget_of_subcapacity' depends on axioms: [propext,
 Classical.choice,
 Quot.sound]
'StickyKakeya4.FiltrationCapacityBudget.finite_tree_growth_budget_log_capacity' depends on axioms: [propext,
 Classical.choice,
 Quot.sound]
Command: lake env lean -DautoImplicit=false -DwarningAsError=true verification/FiltrationCapacityBudgetReadback.lean
Exit: 0
Source SHA256: 12aeb3253aeb991fc28f4b3f808db97239e28d542593b23c7ca238350da32c4f
