StickyKakeya4.exists_finite_radius_cost_ball_cover_of_compact_dimH_lt.{u_1} {X : Type u_1} [MetricSpace X] [Nonempty X]
  (s : Set X) (hs : IsCompact s) {q : NNReal} (hdim : dimH s < ↑q) {rho epsilon : ℝ} (hrho : 0 < rho)
  (hepsilon : 0 < epsilon) :
  ∃ F center radius,
    s ⊆ ⋃ n ∈ ↑F, Metric.ball (center n) (radius n) ∧
      (∀ (n : ℕ), 0 < radius n ∧ radius n < rho) ∧ ∑ n ∈ F, radius n ^ ↑q < epsilon
'StickyKakeya4.exists_radius_inflation_with_rpow_cost' depends on axioms: [propext, Classical.choice, Quot.sound]
'StickyKakeya4.exists_finite_radius_cost_ball_cover_of_compact_dimH_lt' depends on axioms: [propext,
 Classical.choice,
 Quot.sound]
'StickyKakeya4.exists_fin_radius_cost_ball_cover_of_compact_dimH_lt' depends on axioms: [propext,
 Classical.choice,
 Quot.sound]

Readback command (executed successfully, after the strict compile):
export ELAN_HOME=/workspace/shared/lean-tools/elan
export PATH=$ELAN_HOME/bin:$PATH
export XDG_CACHE_HOME=/workspace/shared/lean-tools/cache
set -o pipefail
lake env lean -DautoImplicit=false verification/FiniteHausdorffBallCoverReadback.lean 2>&1 | tee verification/finite-hausdorff-ball-cover-axioms.log
Confirmed exit status: 0
The sequential strict-compile && readback shell command also returned exit status 0.
