Imported declaration results extracted from the shared proper-import invocation below.

'StickyKakeya4.NativeGraphMarkedLine.direction_ofGraph' depends on axioms: [propext, Classical.choice, Quot.sound]
'StickyKakeya4.NativeGraphMarkedLine.valid' depends on axioms: [propext, Classical.choice, Quot.sound]
'StickyKakeya4.NativeGraphMarkedLine.direction_castSucc' depends on axioms: [propext, Classical.choice, Quot.sound]
'StickyKakeya4.NativeGraphMarkedLine.direction_fourth' depends on axioms: [propext, Classical.choice, Quot.sound]
'StickyKakeya4.NativeGraphMarkedLine.direction_fourth_pos' depends on axioms: [propext, Classical.choice, Quot.sound]
'StickyKakeya4.NativeGraphMarkedLine.rawFrontParam_eq_center' depends on axioms: [propext, Classical.choice, Quot.sound]
'StickyKakeya4.NativeGraphMarkedLine.center_height' depends on axioms: [propext, Classical.choice, Quot.sound]
'StickyKakeya4.NativeGraphMarkedLine.rawFrontParam_graph' depends on axioms: [propext, Classical.choice, Quot.sound]
'StickyKakeya4.NativeGraphMarkedLine.relative_graph_time' depends on axioms: [propext, Classical.choice, Quot.sound]
'StickyKakeya4.NativeGraphMarkedLine.wzGraphPoint_eq_heightPoint' depends on axioms: [propext,
 Classical.choice,
 Quot.sound]
'StickyKakeya4.NativeGraphMarkedLine.lift_norm_sq_le_four' depends on axioms: [propext, Classical.choice, Quot.sound]
'StickyKakeya4.NativeGraphMarkedLine.lift_norm_le_two' depends on axioms: [propext, Classical.choice, Quot.sound]
'StickyKakeya4.NativeGraphMarkedLine.direction_fourth_ge_half' depends on axioms: [propext,
 Classical.choice,
 Quot.sound]
'StickyKakeya4.NativeGraphMarkedLine.relative_parameter_le_half' depends on axioms: [propext,
 Classical.choice,
 Quot.sound]
'StickyKakeya4.NativeGraphMarkedLine.relative_parameter_le_quarter' depends on axioms: [propext,
 Classical.choice,
 Quot.sound]
'StickyKakeya4.NativeGraphMarkedLine.graphPoint_mem_unitFront' depends on axioms: [propext,
 Classical.choice,
 Quot.sound]
'StickyKakeya4.NativeGraphMarkedLine.graphPoint_has_buffered_parameter' depends on axioms: [propext,
 Classical.choice,
 Quot.sound]
'StickyKakeya4.NativeGraphMarkedLine.contains_height_slab' depends on axioms: [propext, Classical.choice, Quot.sound]
'StickyKakeya4.NativeGraphMarkedLine.family_hasNormalizedWZGraphSlab' depends on axioms: [propext,
 Classical.choice,
 Quot.sound]
'StickyKakeya4.NativeGraphMarkedLine.family_hasFixedWZGraphNormalization' depends on axioms: [propext,
 Classical.choice,
 Quot.sound]

Command: /workspace/shared/lean-tools/elan/toolchains/leanprover--lean4---v4.33.1/bin/lean -j1 -DautoImplicit=false -DwarningAsError=true verification/WZCompatibleGrainsNativeReadback.lean
Confirmed exit code: 0
Source SHA256: 9b13157a3d4b1b8c481adf02e234a609dfe012ee35f9419bb82a804535d408ed
