ENV: ELAN_HOME=/workspace/shared/lean-tools/elan PATH=/workspace/shared/lean-tools/elan/bin:$PATH XDG_CACHE_HOME=/workspace/shared/lean-tools/cache
COMMAND: lake build Theorems.Thm_StickyKakeya4_no_frostman_exact_collision_null
⚠ [8710/8774] Replayed Theorems.Thm_StickyKakeya4_old_neighbor_disintegration
warning: Theorems/Thm_StickyKakeya4_old_neighbor_disintegration.lean:134:2: Try this:
  haveI̵

The goal is a proposition, so `have` is preferred over `haveI`.
The difference between `have` and `haveI` is that `haveI` inlines the value.
But this is not relevant for proofs because of proof irrelevance.

Note: This linter can be disabled with `set_option linter.style.haveILetI false`
⚠ [8722/8774] Replayed Theorems.Thm_StickyKakeya4_finite_scale_source_mass
warning: Theorems/Thm_StickyKakeya4_finite_scale_source_mass.lean:797:4: Try `simp at hx` instead of `simpa using hx`

Note: This linter can be disabled with `set_option linter.unnecessarySimpa false`
warning: Theorems/Thm_StickyKakeya4_finite_scale_source_mass.lean:892:6: Try `simp at hxi` instead of `simpa using hxi`

Note: This linter can be disabled with `set_option linter.unnecessarySimpa false`
⚠ [8725/8774] Replayed Theorems.Thm_StickyKakeya4_dimension_witness_extraction
warning: Theorems/Thm_StickyKakeya4_dimension_witness_extraction.lean:266:2: `push_neg` has been deprecated. Prefer using `push Not` instead.
If you'd rather continue using `push_neg` in your project, you can implement it as follows:
```
open Lean.Parser.Tactic in
macro "push_neg" cfg:optConfig loc:(location)? : tactic =>
  `(tactic| push $cfg:optConfig Not $[$loc]?)
```
⚠ [8726/8774] Replayed Theorems.Thm_StickyKakeya4_frostman_mass_distribution
warning: Theorems/Thm_StickyKakeya4_frostman_mass_distribution.lean:257:2: Try this:
  letI̵

The goal is a proposition, so `let` is preferred over `letI`.
The difference between `let` and `letI` is that `letI` inlines the value.
But this is not relevant for proofs because of proof irrelevance.

Note: This linter can be disabled with `set_option linter.style.haveILetI false`
⚠ [8727/8774] Replayed Theorems.Thm_StickyKakeya4_canonical_sphere_measure
warning: Theorems/Thm_StickyKakeya4_canonical_sphere_measure.lean:18:4: try 'simp' instead of 'simpa'

Note: This linter can be disabled with `set_option linter.unnecessarySimpa false`
warning: Theorems/Thm_StickyKakeya4_canonical_sphere_measure.lean:636:2: `push_neg` has been deprecated. Prefer using `push Not` instead.
If you'd rather continue using `push_neg` in your project, you can implement it as follows:
```
open Lean.Parser.Tactic in
macro "push_neg" cfg:optConfig loc:(location)? : tactic =>
  `(tactic| push $cfg:optConfig Not $[$loc]?)
```
warning: Theorems/Thm_StickyKakeya4_canonical_sphere_measure.lean:957:4: try 'simp' instead of 'simpa'

Note: This linter can be disabled with `set_option linter.unnecessarySimpa false`
warning: Theorems/Thm_StickyKakeya4_canonical_sphere_measure.lean:965:48: Variable name `hr` is not explicitly referenced.

Hint: The binding can be removed (if unused) or named `_` (if used implicitly). Alternatively, prefix the name with `_` to silence this warning:
  [apply] _hr

Note: This linter can be disabled with `set_option linter.unusedVariables false`
⚠ [8730/8774] Replayed Theorems.Thm_StickyKakeya4_front_parameter_probability
warning: Theorems/Thm_StickyKakeya4_front_parameter_probability.lean:30:4: Try `simp at this` instead of `simpa using this`

Note: This linter can be disabled with `set_option linter.unnecessarySimpa false`
warning: Theorems/Thm_StickyKakeya4_front_parameter_probability.lean:79:42: Variable name `hdelta` is not explicitly referenced.

Hint: The binding can be removed (if unused) or named `_` (if used implicitly). Alternatively, prefix the name with `_` to silence this warning:
  [apply] _hdelta

Note: This linter can be disabled with `set_option linter.unusedVariables false`
warning: Theorems/Thm_StickyKakeya4_front_parameter_probability.lean:92:49: Used `tac1 <;> tac2` where `(tac1; tac2)` would suffice

Note: This linter can be disabled with `set_option linter.unnecessarySeqFocus false`
info: Theorems/Thm_StickyKakeya4_front_parameter_probability.lean:117:0: Error in Linarith.normalizeDenominatorsLHS: Expr.rewrite may not produce subgoals.
⚠ [8731/8774] Replayed Theorems.Thm_StickyKakeya4_marked_carrier_inverse
warning: Theorems/Thm_StickyKakeya4_marked_carrier_inverse.lean:37:2: Try this:
  letI̵

The goal is a proposition, so `let` is preferred over `letI`.
The difference between `let` and `letI` is that `letI` inlines the value.
But this is not relevant for proofs because of proof irrelevance.

Note: This linter can be disabled with `set_option linter.style.haveILetI false`
warning: Theorems/Thm_StickyKakeya4_marked_carrier_inverse.lean:53:2: Try this:
  letI̵

The goal is a proposition, so `let` is preferred over `letI`.
The difference between `let` and `letI` is that `letI` inlines the value.
But this is not relevant for proofs because of proof irrelevance.

Note: This linter can be disabled with `set_option linter.style.haveILetI false`
⚠ [8733/8774] Replayed Theorems.Thm_StickyKakeya4_retained_parameter_cell_source
warning: Theorems/Thm_StickyKakeya4_retained_parameter_cell_source.lean:406:2: `push_neg` has been deprecated. Prefer using `push Not` instead.
If you'd rather continue using `push_neg` in your project, you can implement it as follows:
```
open Lean.Parser.Tactic in
macro "push_neg" cfg:optConfig loc:(location)? : tactic =>
  `(tactic| push $cfg:optConfig Not $[$loc]?)
```
warning: Theorems/Thm_StickyKakeya4_retained_parameter_cell_source.lean:533:24: try 'simp' instead of 'simpa'

Note: This linter can be disabled with `set_option linter.unnecessarySimpa false`
warning: Theorems/Thm_StickyKakeya4_retained_parameter_cell_source.lean:606:36: try 'simp' instead of 'simpa'

Note: This linter can be disabled with `set_option linter.unnecessarySimpa false`
⚠ [8736/8774] Replayed Theorems.Thm_StickyKakeya4_lossless_edge_flow_carleson
warning: Theorems/Thm_StickyKakeya4_lossless_edge_flow_carleson.lean:24:4: try 'simp' instead of 'simpa'

Note: This linter can be disabled with `set_option linter.unnecessarySimpa false`
warning: Theorems/Thm_StickyKakeya4_lossless_edge_flow_carleson.lean:60:18: try 'simp' instead of 'simpa'

Note: This linter can be disabled with `set_option linter.unnecessarySimpa false`
warning: Theorems/Thm_StickyKakeya4_lossless_edge_flow_carleson.lean:64:37: try 'simp' instead of 'simpa'

Note: This linter can be disabled with `set_option linter.unnecessarySimpa false`
warning: Theorems/Thm_StickyKakeya4_lossless_edge_flow_carleson.lean:99:56: try 'simp' instead of 'simpa'

Note: This linter can be disabled with `set_option linter.unnecessarySimpa false`
warning: Theorems/Thm_StickyKakeya4_lossless_edge_flow_carleson.lean:85:20: This simp argument is unused:
  hp

Hint: Omit it from the simp argument list.
  [apply] simp

Note: This linter can be disabled with `set_option linter.unusedSimpArgs false`
warning: Theorems/Thm_StickyKakeya4_lossless_edge_flow_carleson.lean:86:22: This simp argument is unused:
  hp

Hint: Omit it from the simp argument list.
  [apply] simp

Note: This linter can be disabled with `set_option linter.unusedSimpArgs false`
warning: Theorems/Thm_StickyKakeya4_lossless_edge_flow_carleson.lean:94:40: This simp argument is unused:
  hp

Hint: Omit it from the simp argument list.
  [apply] simp

Note: This linter can be disabled with `set_option linter.unusedSimpArgs false`
warning: Theorems/Thm_StickyKakeya4_lossless_edge_flow_carleson.lean:172:18: try 'simp' instead of 'simpa'

Note: This linter can be disabled with `set_option linter.unnecessarySimpa false`
warning: Theorems/Thm_StickyKakeya4_lossless_edge_flow_carleson.lean:176:37: try 'simp' instead of 'simpa'

Note: This linter can be disabled with `set_option linter.unnecessarySimpa false`
warning: Theorems/Thm_StickyKakeya4_lossless_edge_flow_carleson.lean:211:56: try 'simp' instead of 'simpa'

Note: This linter can be disabled with `set_option linter.unnecessarySimpa false`
warning: Theorems/Thm_StickyKakeya4_lossless_edge_flow_carleson.lean:197:20: This simp argument is unused:
  hp

Hint: Omit it from the simp argument list.
  [apply] simp

Note: This linter can be disabled with `set_option linter.unusedSimpArgs false`
warning: Theorems/Thm_StickyKakeya4_lossless_edge_flow_carleson.lean:198:22: This simp argument is unused:
  hp

Hint: Omit it from the simp argument list.
  [apply] simp

Note: This linter can be disabled with `set_option linter.unusedSimpArgs false`
warning: Theorems/Thm_StickyKakeya4_lossless_edge_flow_carleson.lean:206:40: This simp argument is unused:
  hp

Hint: Omit it from the simp argument list.
  [apply] simp

Note: This linter can be disabled with `set_option linter.unusedSimpArgs false`
⚠ [8737/8774] Replayed Theorems.Thm_StickyKakeya4_contact_symplectic_edge_flow_certificate_existence
warning: Theorems/Thm_StickyKakeya4_contact_symplectic_edge_flow_certificate_existence.lean:43:5: Variable name `hsource` is not explicitly referenced.

Hint: The binding can be removed (if unused) or named `_` (if used implicitly). Alternatively, prefix the name with `_` to silence this warning:
  [apply] _hsource

Note: This linter can be disabled with `set_option linter.unusedVariables false`
warning: Theorems/Thm_StickyKakeya4_contact_symplectic_edge_flow_certificate_existence.lean:43:32: Variable name `hK` is not explicitly referenced.

Hint: The binding can be removed (if unused) or named `_` (if used implicitly). Alternatively, prefix the name with `_` to silence this warning:
  [apply] _hK

Note: This linter can be disabled with `set_option linter.unusedVariables false`
warning: Theorems/Thm_StickyKakeya4_contact_symplectic_edge_flow_certificate_existence.lean:43:45: Variable name `hW` is not explicitly referenced.

Hint: The binding can be removed (if unused) or named `_` (if used implicitly). Alternatively, prefix the name with `_` to silence this warning:
  [apply] _hW

Note: This linter can be disabled with `set_option linter.unusedVariables false`
warning: Theorems/Thm_StickyKakeya4_contact_symplectic_edge_flow_certificate_existence.lean:44:5: Variable name `hnormalLoss` is not explicitly referenced.

Hint: The binding can be removed (if unused) or named `_` (if used implicitly). Alternatively, prefix the name with `_` to silence this warning:
  [apply] _hnormalLoss

Note: This linter can be disabled with `set_option linter.unusedVariables false`
warning: Theorems/Thm_StickyKakeya4_contact_symplectic_edge_flow_certificate_existence.lean:122:2: `push_neg` has been deprecated. Prefer using `push Not` instead.
If you'd rather continue using `push_neg` in your project, you can implement it as follows:
```
open Lean.Parser.Tactic in
macro "push_neg" cfg:optConfig loc:(location)? : tactic =>
  `(tactic| push $cfg:optConfig Not $[$loc]?)
```
warning: Theorems/Thm_StickyKakeya4_contact_symplectic_edge_flow_certificate_existence.lean:508:18: Variable name `hθ` is not explicitly referenced.

Hint: The binding can be removed (if unused) or named `_` (if used implicitly). Alternatively, prefix the name with `_` to silence this warning:
  [apply] _hθ

Note: This linter can be disabled with `set_option linter.unusedVariables false`
warning: Theorems/Thm_StickyKakeya4_contact_symplectic_edge_flow_certificate_existence.lean:508:31: Variable name `hB` is not explicitly referenced.

Hint: The binding can be removed (if unused) or named `_` (if used implicitly). Alternatively, prefix the name with `_` to silence this warning:
  [apply] _hB

Note: This linter can be disabled with `set_option linter.unusedVariables false`
warning: Theorems/Thm_StickyKakeya4_contact_symplectic_edge_flow_certificate_existence.lean:661:5: Variable name `hc₀` is not explicitly referenced.

Hint: The binding can be removed (if unused) or named `_` (if used implicitly). Alternatively, prefix the name with `_` to silence this warning:
  [apply] _hc₀

Note: This linter can be disabled with `set_option linter.unusedVariables false`
warning: Theorems/Thm_StickyKakeya4_contact_symplectic_edge_flow_certificate_existence.lean:661:20: Variable name `hQ` is not explicitly referenced.

Hint: The binding can be removed (if unused) or named `_` (if used implicitly). Alternatively, prefix the name with `_` to silence this warning:
  [apply] _hQ

Note: This linter can be disabled with `set_option linter.unusedVariables false`
warning: Theorems/Thm_StickyKakeya4_contact_symplectic_edge_flow_certificate_existence.lean:1726:4: Try this:
  letI̵

The goal is a proposition, so `let` is preferred over `letI`.
The difference between `let` and `letI` is that `letI` inlines the value.
But this is not relevant for proofs because of proof irrelevance.

Note: This linter can be disabled with `set_option linter.style.haveILetI false`
warning: Theorems/Thm_StickyKakeya4_contact_symplectic_edge_flow_certificate_existence.lean:1906:5: Variable name `hpacking` is not explicitly referenced.

Hint: The binding can be removed (if unused) or named `_` (if used implicitly). Alternatively, prefix the name with `_` to silence this warning:
  [apply] _hpacking

Note: This linter can be disabled with `set_option linter.unusedVariables false`
⚠ [8739/8774] Replayed Theorems.Thm_StickyKakeya4_conditioned_boundary_packet_extension
warning: Theorems/Thm_StickyKakeya4_conditioned_boundary_packet_extension.lean:34:2: Try this:
  letI̵

The goal is a proposition, so `let` is preferred over `letI`.
The difference between `let` and `letI` is that `letI` inlines the value.
But this is not relevant for proofs because of proof irrelevance.

Note: This linter can be disabled with `set_option linter.style.haveILetI false`
warning: Theorems/Thm_StickyKakeya4_conditioned_boundary_packet_extension.lean:53:2: Try this:
  letI̵

The goal is a proposition, so `let` is preferred over `letI`.
The difference between `let` and `letI` is that `letI` inlines the value.
But this is not relevant for proofs because of proof irrelevance.

Note: This linter can be disabled with `set_option linter.style.haveILetI false`
warning: Theorems/Thm_StickyKakeya4_conditioned_boundary_packet_extension.lean:24:5: Variable name `hsourceMeasurable` is not explicitly referenced.

Hint: The binding can be removed (if unused) or named `_` (if used implicitly). Alternatively, prefix the name with `_` to silence this warning:
  [apply] _hsourceMeasurable

Note: This linter can be disabled with `set_option linter.unusedVariables false`
warning: Theorems/Thm_StickyKakeya4_conditioned_boundary_packet_extension.lean:27:32: Variable name `hrhoOne` is not explicitly referenced.

Hint: The binding can be removed (if unused) or named `_` (if used implicitly). Alternatively, prefix the name with `_` to silence this warning:
  [apply] _hrhoOne

Note: This linter can be disabled with `set_option linter.unusedVariables false`
⚠ [8741/8774] Replayed Theorems.Thm_StickyKakeya4_four_probe_boundary_firewall
warning: Theorems/Thm_StickyKakeya4_four_probe_boundary_firewall.lean:99:2: `push_neg` has been deprecated. Prefer using `push Not` instead.
If you'd rather continue using `push_neg` in your project, you can implement it as follows:
```
open Lean.Parser.Tactic in
macro "push_neg" cfg:optConfig loc:(location)? : tactic =>
  `(tactic| push $cfg:optConfig Not $[$loc]?)
```
⚠ [8743/8774] Replayed Theorems.Thm_StickyKakeya4_three_packet_support
warning: Theorems/Thm_StickyKakeya4_three_packet_support.lean:92:4: Try `simp at hprob` instead of `simpa using hprob`

Note: This linter can be disabled with `set_option linter.unnecessarySimpa false`
warning: Theorems/Thm_StickyKakeya4_three_packet_support.lean:100:13: `Set.mem_setOf_eq` has been deprecated: Use `Set.mem_ofPred_eq` instead
⚠ [8744/8774] Replayed Theorems.Thm_StickyKakeya4_four_probe_cauchy_extraction
warning: Theorems/Thm_StickyKakeya4_four_probe_cauchy_extraction.lean:306:4: Unused tactic linter: `change limitA.mulVec (c.ofLp - d.ofLp) = 0` does nothing

Note: This linter can be disabled with `set_option linter.unusedTactic false`
⚠ [8751/8774] Replayed Theorems.Thm_StickyKakeya4_front_fibre_lower_bound
warning: Theorems/Thm_StickyKakeya4_front_fibre_lower_bound.lean:90:5: Variable name `hdelta` is not explicitly referenced.

Hint: The binding can be removed (if unused) or named `_` (if used implicitly). Alternatively, prefix the name with `_` to silence this warning:
  [apply] _hdelta

Note: This linter can be disabled with `set_option linter.unusedVariables false`
⚠ [8752/8774] Replayed Theorems.Thm_StickyKakeya4_vector_center_carleson
warning: Theorems/Thm_StickyKakeya4_vector_center_carleson.lean:69:5: Variable name `hR` is not explicitly referenced.

Hint: The binding can be removed (if unused) or named `_` (if used implicitly). Alternatively, prefix the name with `_` to silence this warning:
  [apply] _hR

Note: This linter can be disabled with `set_option linter.unusedVariables false`
warning: Theorems/Thm_StickyKakeya4_vector_center_carleson.lean:537:5: Variable name `hR` is not explicitly referenced.

Hint: The binding can be removed (if unused) or named `_` (if used implicitly). Alternatively, prefix the name with `_` to silence this warning:
  [apply] _hR

Note: This linter can be disabled with `set_option linter.unusedVariables false`
warning: Theorems/Thm_StickyKakeya4_vector_center_carleson.lean:890:18: Variable name `hR` is not explicitly referenced.

Hint: The binding can be removed (if unused) or named `_` (if used implicitly). Alternatively, prefix the name with `_` to silence this warning:
  [apply] _hR

Note: This linter can be disabled with `set_option linter.unusedVariables false`
warning: Theorems/Thm_StickyKakeya4_vector_center_carleson.lean:891:24: Variable name `hzetaThree` is not explicitly referenced.

Hint: The binding can be removed (if unused) or named `_` (if used implicitly). Alternatively, prefix the name with `_` to silence this warning:
  [apply] _hzetaThree

Note: This linter can be disabled with `set_option linter.unusedVariables false`
⚠ [8753/8774] Replayed Theorems.Thm_StickyKakeya4_wz_common_slab
warning: Theorems/Thm_StickyKakeya4_wz_common_slab.lean:289:18: Variable name `hhNonneg` is not explicitly referenced.

Hint: The binding can be removed (if unused) or named `_` (if used implicitly). Alternatively, prefix the name with `_` to silence this warning:
  [apply] _hhNonneg

Note: This linter can be disabled with `set_option linter.unusedVariables false`
⚠ [8754/8774] Replayed Theorems.Thm_StickyKakeya4_actual_slope_source
warning: Theorems/Thm_StickyKakeya4_actual_slope_source.lean:67:34: `EuclideanSpace.single_apply` has been deprecated: Use `PiLp.single_apply` instead

Note: The updated constant has a different type:
  ∀ (p : ℝ≥0∞) (𝕜 : Type u_1) {ι : Type u_2} [inst : DecidableEq ι] [inst_1 : Zero 𝕜] (i : ι) (a : 𝕜) (j : ι),
    (PiLp.single p i a).ofLp j = if j = i then a else 0
instead of
  ∀ {ι : Type u_1} {𝕜 : Type u_3} [inst : RCLike 𝕜] [inst_1 : DecidableEq ι] (i : ι) (a : 𝕜) (j : ι),
    (EuclideanSpace.single i a).ofLp j = if j = i then a else 0

Note: The updated constant is in a different namespace. Dot notation may need to be changed (e.g., from `x.single_apply` to `PiLp.single_apply x`).
warning: Theorems/Thm_StickyKakeya4_actual_slope_source.lean:206:69: Used `tac1 <;> tac2` where `(tac1; tac2)` would suffice

Note: This linter can be disabled with `set_option linter.unnecessarySeqFocus false`
⚠ [8755/8774] Replayed Theorems.Thm_StickyKakeya4_energy_dimension
warning: Theorems/Thm_StickyKakeya4_energy_dimension.lean:72:0: automatically included section variable(s) unused in theorem `StickyKakeya4.EnergyDimension.restrict_ball_growth_of_bounded_potential`:
  [SecondCountableTopology X]
consider restructuring your `variable` declarations so that the variables are not in scope or explicitly omit them:
  omit [SecondCountableTopology X] in theorem ...

Note: This linter can be disabled with `set_option linter.unusedSectionVars false`
⚠ [8758/8774] Replayed Theorems.Thm_StickyKakeya4_spacetime_collision_energy
warning: Theorems/Thm_StickyKakeya4_spacetime_collision_energy.lean:287:18: Variable name `hq` is not explicitly referenced.

Hint: The binding can be removed (if unused) or named `_` (if used implicitly). Alternatively, prefix the name with `_` to silence this warning:
  [apply] _hq

Note: This linter can be disabled with `set_option linter.unusedVariables false`
⚠ [8764/8774] Replayed Theorems.Thm_StickyKakeya4_four_cycle_contact_frame
warning: Theorems/Thm_StickyKakeya4_four_cycle_contact_frame.lean:67:4: Try `simp at hk` instead of `simpa using hk`

Note: This linter can be disabled with `set_option linter.unnecessarySimpa false`
warning: Theorems/Thm_StickyKakeya4_four_cycle_contact_frame.lean:70:4: Try `simp at hk` instead of `simpa using hk`

Note: This linter can be disabled with `set_option linter.unnecessarySimpa false`
warning: Theorems/Thm_StickyKakeya4_four_cycle_contact_frame.lean:73:4: Try `simp at hk` instead of `simpa using hk`

Note: This linter can be disabled with `set_option linter.unnecessarySimpa false`
warning: Theorems/Thm_StickyKakeya4_four_cycle_contact_frame.lean:76:4: Try `simp at hk` instead of `simpa using hk`

Note: This linter can be disabled with `set_option linter.unnecessarySimpa false`
warning: Theorems/Thm_StickyKakeya4_four_cycle_contact_frame.lean:100:4: this tactic is never executed

Note: This linter can be disabled with `set_option linter.unreachableTactic false`
warning: Theorems/Thm_StickyKakeya4_four_cycle_contact_frame.lean:100:4: Unused tactic linter: `ring` does nothing

Note: This linter can be disabled with `set_option linter.unusedTactic false`
warning: Theorems/Thm_StickyKakeya4_four_cycle_contact_frame.lean:105:39: This simp argument is unused:
  Finset.mul_sum

Hint: Omit it from the simp argument list.
  [apply] simp [matrixVectorE3, Matrix.mulVec, mul_assoc, mul_comm, mul_left_comm]

Note: This linter can be disabled with `set_option linter.unusedSimpArgs false`
warning: Theorems/Thm_StickyKakeya4_four_cycle_contact_frame.lean:105:55: This simp argument is unused:
  mul_assoc

Hint: Omit it from the simp argument list.
  [apply] simp [matrixVectorE3, Matrix.mulVec, Finset.mul_sum, mul_comm, mul_left_comm]

Note: This linter can be disabled with `set_option linter.unusedSimpArgs false`
warning: Theorems/Thm_StickyKakeya4_four_cycle_contact_frame.lean:106:4: This simp argument is unused:
  mul_comm

Hint: Omit it from the simp argument list.
  [apply] simp [matrixVectorE3, Matrix.mulVec, Finset.mul_sum, mul_assoc, mul_left_comm]

Note: This linter can be disabled with `set_option linter.unusedSimpArgs false`
warning: Theorems/Thm_StickyKakeya4_four_cycle_contact_frame.lean:106:14: This simp argument is unused:
  mul_left_comm

Hint: Omit it from the simp argument list.
  [apply] simp [matrixVectorE3, Matrix.mulVec, Finset.mul_sum, mul_assoc, mul_comm]

Note: This linter can be disabled with `set_option linter.unusedSimpArgs false`
⚠ [8765/8774] Replayed Theorems.Thm_StickyKakeya4_dense_relation_marked_four_cycle
warning: Theorems/Thm_StickyKakeya4_dense_relation_marked_four_cycle.lean:59:30: This simp argument is unused:
  Matrix.cons_val_zero

Hint: Omit it from the simp argument list.
  [apply] simp only [toMarkedCycle, Matrix.cons_val_one, Fin.isValue] at hij ⊢

Note: This linter can be disabled with `set_option linter.unusedSimpArgs false`
warning: Theorems/Thm_StickyKakeya4_dense_relation_marked_four_cycle.lean:59:52: This simp argument is unused:
  Matrix.cons_val_one

Hint: Omit it from the simp argument list.
  [apply] simp only [toMarkedCycle, Matrix.cons_val_zero, Fin.isValue] at hij ⊢

Note: This linter can be disabled with `set_option linter.unusedSimpArgs false`
warning: Theorems/Thm_StickyKakeya4_dense_relation_marked_four_cycle.lean:60:6: This simp argument is unused:
  Fin.isValue

Hint: Omit it from the simp argument list.
  [apply] simp only [toMarkedCycle, Matrix.cons_val_zero, Matrix.cons_val_one] at hij ⊢

Note: This linter can be disabled with `set_option linter.unusedSimpArgs false`
warning: Theorems/Thm_StickyKakeya4_dense_relation_marked_four_cycle.lean:87:30: This simp argument is unused:
  Matrix.cons_val_zero

Hint: Omit it from the simp argument list.
  [apply] simp only [toMarkedCycle, Matrix.cons_val_one, Fin.isValue] at hij ⊢

Note: This linter can be disabled with `set_option linter.unusedSimpArgs false`
warning: Theorems/Thm_StickyKakeya4_dense_relation_marked_four_cycle.lean:87:52: This simp argument is unused:
  Matrix.cons_val_one

Hint: Omit it from the simp argument list.
  [apply] simp only [toMarkedCycle, Matrix.cons_val_zero, Fin.isValue] at hij ⊢

Note: This linter can be disabled with `set_option linter.unusedSimpArgs false`
warning: Theorems/Thm_StickyKakeya4_dense_relation_marked_four_cycle.lean:88:6: This simp argument is unused:
  Fin.isValue

Hint: Omit it from the simp argument list.
  [apply] simp only [toMarkedCycle, Matrix.cons_val_zero, Matrix.cons_val_one] at hij ⊢

Note: This linter can be disabled with `set_option linter.unusedSimpArgs false`
⚠ [8766/8774] Replayed Theorems.Thm_StickyKakeya4_separated_collision_relation_packet
warning: Theorems/Thm_StickyKakeya4_separated_collision_relation_packet.lean:52:40: This simp argument is unused:
  Matrix.cons_val_zero

Hint: Omit it from the simp argument list.
  [apply] simp only [markedCycleRelationEdge, Matrix.cons_val_one, Fin.isValue] at hij ⊢

Note: This linter can be disabled with `set_option linter.unusedSimpArgs false`
warning: Theorems/Thm_StickyKakeya4_separated_collision_relation_packet.lean:53:6: This simp argument is unused:
  Matrix.cons_val_one

Hint: Omit it from the simp argument list.
  [apply] simp only [markedCycleRelationEdge, Matrix.cons_val_zero, Fin.isValue] at hij ⊢

Note: This linter can be disabled with `set_option linter.unusedSimpArgs false`
⚠ [8769/8774] Replayed Theorems.Thm_StickyKakeya4_positive_bush_frostman
warning: Theorems/Thm_StickyKakeya4_positive_bush_frostman.lean:212:49: Used `tac1 <;> tac2` where `(tac1; tac2)` would suffice

Note: This linter can be disabled with `set_option linter.unnecessarySeqFocus false`
warning: Theorems/Thm_StickyKakeya4_positive_bush_frostman.lean:389:2: `push_neg` has been deprecated. Prefer using `push Not` instead.
If you'd rather continue using `push_neg` in your project, you can implement it as follows:
```
open Lean.Parser.Tactic in
macro "push_neg" cfg:optConfig loc:(location)? : tactic =>
  `(tactic| push $cfg:optConfig Not $[$loc]?)
```
✔ [8774/8774] Built Theorems.Thm_StickyKakeya4_no_frostman_exact_collision_null (26s)
Build completed successfully (8774 jobs).
EXIT_STATUS: 0
