'StickyKakeya4.NormalizedTargetGrowth.targetDensity_lower' depends on axioms: [propext, Classical.choice, Quot.sound]
'StickyKakeya4.NormalizedTargetGrowth.normalized_measure_le_old_measure' depends on axioms: [propext,
 Classical.choice,
 Quot.sound]
'StickyKakeya4.NormalizedTargetGrowth.normalized_positive_implies_old_positive' depends on axioms: [propext,
 Classical.choice,
 Quot.sound]
'StickyKakeya4.NormalizedTargetGrowth.multiplicity_le_card' depends on axioms: [propext, Classical.choice, Quot.sound]
'StickyKakeya4.NormalizedTargetGrowth.finite_normalized_measure' depends on axioms: [propext,
 Classical.choice,
 Quot.sound]
'StickyKakeya4.NormalizedTargetGrowth.normalized_low_support_growth' depends on axioms: [propext,
 Classical.choice,
 Quot.sound]
'StickyKakeya4.NormalizedTargetGrowth.layer_free_growth_or_positive_old_star' depends on axioms: [propext,
 Classical.choice,
 Quot.sound]
'StickyKakeya4.NormalizedTargetGrowth.stationary_atom_le' depends on axioms: [propext, Classical.choice, Quot.sound]
'StickyKakeya4.NormalizedTargetGrowth.stationary_four_distinct_probability_ge_half' depends on axioms: [propext,
 Classical.choice,
 Quot.sound]
'StickyKakeya4.NormalizedTargetGrowth.stationary_ennreal_four_distinct_probability_ge_half' depends on axioms: [propext,
 Classical.choice,
 Quot.sound]

Command: ELAN_HOME=/workspace/shared/lean-tools/elan PATH=/workspace/shared/lean-tools/elan/bin:$PATH lake env lean -DautoImplicit=false verification/NormalizedTargetGrowthReadback.lean
Exit status: 0 (confirmed)
