'PhysicalRescalingIncidenceTransfer.Data.residual_eq_original' depends on axioms: [propext,
 Classical.choice,
 Quot.sound]
'PhysicalRescalingIncidenceTransfer.Data.cellBin_eq_gridBin' depends on axioms: [propext, Classical.choice, Quot.sound]
'PhysicalRescalingIncidenceTransfer.Data.scale_pos' depends on axioms: [propext, Classical.choice, Quot.sound]
'PhysicalRescalingIncidenceTransfer.Data.K_pos' depends on axioms: [propext, Classical.choice, Quot.sound]
'PhysicalRescalingIncidenceTransfer.Data.incidence_fiber_bound' depends on axioms: [propext,
 Classical.choice,
 Quot.sound]
'PhysicalRescalingIncidenceTransfer.Data.tube_bins_subset_cover' depends on axioms: [propext,
 Classical.choice,
 Quot.sound]
'PhysicalRescalingIncidenceTransfer.Data.tube_bin_bound' depends on axioms: [propext, Classical.choice, Quot.sound]
'PhysicalRescalingIncidenceTransfer.Data.M_mul_scale_le' depends on axioms: [propext, Classical.choice, Quot.sound]
'PhysicalRescalingIncidenceTransfer.Data.m_pos' depends on axioms: [propext, Classical.choice, Quot.sound]
'PhysicalRescalingIncidenceTransfer.Data.m_eq_ceil' depends on axioms: [propext, Classical.choice, Quot.sound]
'PhysicalRescalingIncidenceTransfer.Data.m_sub_one_le' depends on axioms: [propext, Classical.choice, Quot.sound]
'PhysicalRescalingIncidenceTransfer.Data.density_le_threshold' depends on axioms: [propext,
 Classical.choice,
 Quot.sound]
'PhysicalRescalingIncidenceTransfer.Data.m_eq_one_of_small' depends on axioms: [propext, Classical.choice, Quot.sound]
'PhysicalRescalingIncidenceTransfer.Data.half_loss_budget' depends on axioms: [propext, Classical.choice, Quot.sound]
'PhysicalRescalingIncidenceTransfer.Data.half_mass' depends on axioms: [propext, Classical.choice, Quot.sound]
'PhysicalRescalingIncidenceTransfer.Data.retained_old_labels' depends on axioms: [propext, Classical.choice, Quot.sound]
'PhysicalRescalingIncidenceTransfer.Data.retained_whole_fiber' depends on axioms: [propext,
 Classical.choice,
 Quot.sound]
'PhysicalRescalingIncidenceTransfer.Data.retained_weights' depends on axioms: [propext, Classical.choice, Quot.sound]
'PhysicalRescalingIncidenceTransfer.Data.retained_physical_residual' depends on axioms: [propext,
 Classical.choice,
 Quot.sound]
'PhysicalRescalingIncidenceTransfer.Data.retained_eq_original_of_small' depends on axioms: [propext,
 Classical.choice,
 Quot.sound]
'PhysicalRescalingIncidenceTransfer.Data.retained_capacity' depends on axioms: [propext, Classical.choice, Quot.sound]
'PhysicalRescalingIncidenceTransfer.Data.support_gain' depends on axioms: [propext, Classical.choice, Quot.sound]
'PhysicalRescalingIncidenceTransfer.Data.cross_multiplicity' depends on axioms: [propext, Classical.choice, Quot.sound]
'PhysicalRescalingIncidenceTransfer.Data.density_cross_multiplicity' depends on axioms: [propext,
 Classical.choice,
 Quot.sound]
'PhysicalRescalingIncidenceTransfer.Data.supports_nonempty' depends on axioms: [propext, Classical.choice, Quot.sound]
'PhysicalRescalingIncidenceTransfer.Data.multiplicity_bound' depends on axioms: [propext, Classical.choice, Quot.sound]
'PhysicalRescalingIncidenceTransfer.Data.transferConstant_eq' depends on axioms: [propext, Classical.choice, Quot.sound]
'PhysicalRescalingIncidenceTransfer.Data.retained_bins_exact' depends on axioms: [propext, Classical.choice, Quot.sound]
'PhysicalRescalingIncidenceTransfer.Data.newSupport_exact' depends on axioms: [propext, Classical.choice, Quot.sound]
'PhysicalRescalingIncidenceTransfer.Data.multiplicity_bound_explicit' depends on axioms: [propext,
 Classical.choice,
 Quot.sound]
'PhysicalRescalingIncidenceTransfer.Data.physical_rescaling_transfer' depends on axioms: [propext,
 Classical.choice,
 Quot.sound]

Command: /workspace/shared/lean-tools/elan/toolchains/leanprover--lean4---v4.33.1/bin/lean -DautoImplicit=false -DwarningAsError=true verification/PhysicalRescalingIncidenceTransferReadback.lean
LEAN_PATH: project and pinned package .lake/build/lib/lean directories
Confirmed exit code: 0
Source SHA256: d2df9664bee998d4aea3700674485948aed151cbbe117839c4b85bcf614e73c0
