'StickyKakeya4.QualitativeUnionGrowthTermination.densitySupport' depends on axioms: [propext,
 Classical.choice,
 Quot.sound]
'StickyKakeya4.QualitativeUnionGrowthTermination.density_support_sdiff_null' depends on axioms: [propext,
 Classical.choice,
 Quot.sound]
'StickyKakeya4.QualitativeUnionGrowthTermination.density_support_ae_subset' depends on axioms: [propext,
 Classical.choice,
 Quot.sound]
'StickyKakeya4.QualitativeUnionGrowthTermination.density_support_measure_le' depends on axioms: [propext,
 Classical.choice,
 Quot.sound]
'StickyKakeya4.QualitativeUnionGrowthTermination.density_support_real_le' depends on axioms: [propext,
 Classical.choice,
 Quot.sound]
'StickyKakeya4.QualitativeUnionGrowthTermination.submeasure_density_support_sdiff_null' depends on axioms: [propext,
 Classical.choice,
 Quot.sound]
'StickyKakeya4.QualitativeUnionGrowthTermination.withDensity_compl_densitySupport' depends on axioms: [propext,
 Classical.choice,
 Quot.sound]
'StickyKakeya4.QualitativeUnionGrowthTermination.submeasure_endpoint_density_support_sdiff_null' depends on axioms: [propext,
 Classical.choice,
 Quot.sound]
'StickyKakeya4.QualitativeUnionGrowthTermination.reversal_source_eq' depends on axioms: [propext,
 Classical.choice,
 Quot.sound]
'StickyKakeya4.QualitativeUnionGrowthTermination.reversal_target_eq' depends on axioms: [propext,
 Classical.choice,
 Quot.sound]
'StickyKakeya4.QualitativeUnionGrowthTermination.reversed_labeled_source_eq' depends on axioms: [propext,
 Classical.choice,
 Quot.sound]
'StickyKakeya4.QualitativeUnionGrowthTermination.reversed_labeled_submeasure_target_le' depends on axioms: [propext,
 Classical.choice,
 Quot.sound]
'StickyKakeya4.QualitativeUnionGrowthTermination.reversed_labeled_target_support_sdiff_null' depends on axioms: [propext,
 Classical.choice,
 Quot.sound]
'StickyKakeya4.QualitativeUnionGrowthTermination.reversed_labeled_target_support_real_le' depends on axioms: [propext,
 Classical.choice,
 Quot.sound]
'StickyKakeya4.QualitativeUnionGrowthTermination.source_density_support_restrict_eq' depends on axioms: [propext,
 Classical.choice,
 Quot.sound]
'StickyKakeya4.QualitativeUnionGrowthTermination.source_cut_trim_to_density_support' depends on axioms: [propext,
 Classical.choice,
 Quot.sound]
'StickyKakeya4.QualitativeUnionGrowthTermination.exhaustive_source_partition_selector_cover' depends on axioms: [propext,
 Classical.choice,
 Quot.sound]
'StickyKakeya4.QualitativeUnionGrowthTermination.finite_selector_cover_gt_half' depends on axioms: [propext,
 Classical.choice,
 Quot.sound]
'StickyKakeya4.QualitativeUnionGrowthTermination.two_growths_impossible_of_support_bound' depends on axioms: [propext,
 Classical.choice,
 Quot.sound]
'StickyKakeya4.QualitativeUnionGrowthTermination.no_two_whole_support_growths' depends on axioms: [propext,
 Classical.choice,
 Quot.sound]
'StickyKakeya4.QualitativeUnionGrowthTermination.finiteSelectorSupport' depends on axioms: [propext,
 Classical.choice,
 Quot.sound]
'StickyKakeya4.QualitativeUnionGrowthTermination.finite_exhaustive_reversal_blocks_second_growth' depends on axioms: [propext,
 Classical.choice,
 Quot.sound]
'StickyKakeya4.QualitativeUnionGrowthTermination.positive_routing_forces_qualitative_termination' depends on axioms: [propext,
 Classical.choice,
 Quot.sound]
