Using official Lean through a 4-compiler semaphore
⚠ [8712/8723] Replayed Theorems.Thm_StickyKakeya4_frostman_mass_distribution
warning: Theorems/Thm_StickyKakeya4_frostman_mass_distribution.lean:257:2: Try this:
  letI̵

The goal is a proposition, so `let` is preferred over `letI`.
The difference between `let` and `letI` is that `letI` inlines the value.
But this is not relevant for proofs because of proof irrelevance.

Note: This linter can be disabled with `set_option linter.style.haveILetI false`
⚠ [8713/8723] Replayed Theorems.Thm_StickyKakeya4_energy_dimension
warning: Theorems/Thm_StickyKakeya4_energy_dimension.lean:72:0: automatically included section variable(s) unused in theorem `StickyKakeya4.EnergyDimension.restrict_ball_growth_of_bounded_potential`:
  [SecondCountableTopology X]
consider restructuring your `variable` declarations so that the variables are not in scope or explicitly omit them:
  omit [SecondCountableTopology X] in theorem ...

Note: This linter can be disabled with `set_option linter.unusedSectionVars false`
✔ [8718/8723] Built Theorems.Thm_StickyKakeya4_root_tail_moment (3.9s)
✔ [8719/8723] Built Theorems.Thm_StickyKakeya4_rational_feedback_time_window (4.7s)
✔ [8720/8723] Built Theorems.Thm_StickyKakeya4_time_changed_scalar_energy (5.8s)
✔ [8721/8723] Built Theorems.Thm_StickyKakeya4_rank_one_native_potentials (21s)
✔ [8722/8723] Built Theorems.Thm_StickyKakeya4_triangular_root_moment (23s)
✔ [8723/8723] Built Theorems.Thm_StickyKakeya4_rank_one_borel_front_escape (24s)
Build completed successfully (8723 jobs).

Command: STICKY_BUILD_JOBS=4 scripts/build-bounded.sh +Theorems.Thm_StickyKakeya4_rank_one_borel_front_escape +Theorems.Thm_StickyKakeya4_triangular_root_moment
Confirmed exit code: 0
