'StickyKakeya4.ResidualAffineRescaling.physicalSlope' depends on axioms: [propext, Classical.choice, Quot.sound]
'StickyKakeya4.ResidualAffineRescaling.normalizedSlope' depends on axioms: [propext, Classical.choice, Quot.sound]
'StickyKakeya4.ResidualAffineRescaling.normalizedIntercept' depends on axioms: [propext, Classical.choice, Quot.sound]
'StickyKakeya4.ResidualAffineRescaling.physicalSlope_normalizedSlope' depends on axioms: [propext,
 Classical.choice,
 Quot.sound]
'StickyKakeya4.ResidualAffineRescaling.normalizedSlope_physicalSlope' depends on axioms: [propext,
 Classical.choice,
 Quot.sound]
'StickyKakeya4.ResidualAffineRescaling.normalizedSlope_root' depends on axioms: [propext, Classical.choice, Quot.sound]
'StickyKakeya4.ResidualAffineRescaling.normalizedIntercept_zero' depends on axioms: [propext,
 Classical.choice,
 Quot.sound]
'StickyKakeya4.ResidualAffineRescaling.normalized_secants' depends on axioms: [propext, Classical.choice, Quot.sound]
'StickyKakeya4.ResidualAffineRescaling.collisionTime_smul' depends on axioms: [propext, Classical.choice, Quot.sound]
'StickyKakeya4.ResidualAffineRescaling.collisionResidual_smul' depends on axioms: [propext,
 Classical.choice,
 Quot.sound]
'StickyKakeya4.ResidualAffineRescaling.normalized_collisionTime' depends on axioms: [propext,
 Classical.choice,
 Quot.sound]
'StickyKakeya4.ResidualAffineRescaling.normalized_collisionResidual' depends on axioms: [propext,
 Classical.choice,
 Quot.sound]
'StickyKakeya4.ResidualAffineRescaling.normalized_shell_iff' depends on axioms: [propext, Classical.choice, Quot.sound]
'StickyKakeya4.ResidualAffineRescaling.normalized_residual_time_iff' depends on axioms: [propext,
 Classical.choice,
 Quot.sound]
'StickyKakeya4.ResidualAffineRescaling.inverse_secant_weight_rescale' depends on axioms: [propext,
 Classical.choice,
 Quot.sound]
'StickyKakeya4.ResidualAffineRescaling.normalized_residualContentWeight' depends on axioms: [propext,
 Classical.choice,
 Quot.sound]
'StickyKakeya4.ResidualAffineRescaling.weightedResidualContent_rescale' depends on axioms: [propext,
 Classical.choice,
 Quot.sound]
'StickyKakeya4.ResidualAffineRescaling.frontAffineMap' depends on axioms: [propext, Classical.choice, Quot.sound]
'StickyKakeya4.ResidualAffineRescaling.frontUnscale' depends on axioms: [propext, Classical.choice, Quot.sound]
'StickyKakeya4.ResidualAffineRescaling.frontUnscale_leftInverse' depends on axioms: [propext,
 Classical.choice,
 Quot.sound]
'StickyKakeya4.ResidualAffineRescaling.frontUnscale_rightInverse' depends on axioms: [propext,
 Classical.choice,
 Quot.sound]
'StickyKakeya4.ResidualAffineRescaling.frontAffineEquiv' depends on axioms: [propext, Classical.choice, Quot.sound]
'StickyKakeya4.ResidualAffineRescaling.heightCoordinates' depends on axioms: [propext, Classical.choice, Quot.sound]
'StickyKakeya4.ResidualAffineRescaling.frontAffineEquiv4' depends on axioms: [propext, Classical.choice, Quot.sound]
'StickyKakeya4.ResidualAffineRescaling.normalized_frontPoint' depends on axioms: [propext, Classical.choice, Quot.sound]
'StickyKakeya4.ResidualAffineRescaling.normalized_front_spatial' depends on axioms: [propext,
 Classical.choice,
 Quot.sound]
'StickyKakeya4.ResidualAffineRescaling.measurable_normalizedSlope' depends on axioms: [propext,
 Classical.choice,
 Quot.sound]
'StickyKakeya4.ResidualAffineRescaling.measurable_normalizedIntercept' depends on axioms: [propext,
 Classical.choice,
 Quot.sound]
'StickyKakeya4.ResidualAffineRescaling.weightedResidualContent_map_normalized' depends on axioms: [propext,
 Classical.choice,
 Quot.sound]
'StickyKakeya4.ResidualAffineRescaling.map_volume_normalizedSlope' depends on axioms: [propext,
 Classical.choice,
 Quot.sound]
'StickyKakeya4.ResidualAffineRescaling.normalizedSource' depends on axioms: [propext, Classical.choice, Quot.sound]
'StickyKakeya4.ResidualAffineRescaling.normalizedSource_isProbability' depends on axioms: [propext,
 Classical.choice,
 Quot.sound]
'StickyKakeya4.ResidualAffineRescaling.normalizedSource_le_volume' depends on axioms: [propext,
 Classical.choice,
 Quot.sound]
'StickyKakeya4.ResidualAffineRescaling.normalizedSource_eq_real_mass' depends on axioms: [propext,
 Classical.choice,
 Quot.sound]
'StickyKakeya4.ResidualAffineRescaling.normalizedSource_le_real_density' depends on axioms: [propext,
 Classical.choice,
 Quot.sound]
'StickyKakeya4.ResidualAffineRescaling.normalized_frontPoint_mem_image_iff' depends on axioms: [propext,
 Classical.choice,
 Quot.sound]
'StickyKakeya4.ResidualAffineRescaling.normalizedDirectedGraph' depends on axioms: [propext,
 Classical.choice,
 Quot.sound]
'StickyKakeya4.ResidualAffineRescaling.normalizedSource_prod' depends on axioms: [propext, Classical.choice, Quot.sound]
'StickyKakeya4.ResidualAffineRescaling.normalizedDirectedGraph_le_product' depends on axioms: [propext,
 Classical.choice,
 Quot.sound]
'StickyKakeya4.ResidualAffineRescaling.normalizedDirectedGraph_mass' depends on axioms: [propext,
 Classical.choice,
 Quot.sound]
'StickyKakeya4.ResidualAffineRescaling.normalizedDirectedGraph_real_mass' depends on axioms: [propext,
 Classical.choice,
 Quot.sound]
'StickyKakeya4.ResidualAffineRescaling.normalizedDirectedGraph_mass_le_one' depends on axioms: [propext,
 Classical.choice,
 Quot.sound]

# Verified command
ELAN_HOME=/workspace/shared/lean-tools/elan PATH=/workspace/shared/lean-tools/elan/bin:$PATH XDG_CACHE_HOME=/workspace/shared/lean-tools/cache lake env lean -DautoImplicit=false verification/residual-affine-rescaling-readback.lean > verification/residual-affine-rescaling-readback.log 2>&1
# Verified exit status: 0
