'StickyKakeya4.ResidualPhaseLocalization.firstHit' depends on axioms: [propext, Classical.choice, Quot.sound]
'StickyKakeya4.ResidualPhaseLocalization.assignedGraph' depends on axioms: [propext, Classical.choice, Quot.sound]
'StickyKakeya4.ResidualPhaseLocalization.measurableSet_firstHit' depends on axioms: [propext, Classical.choice, Quot.sound]
'StickyKakeya4.ResidualPhaseLocalization.firstHit_subset' depends on axioms: [propext, Classical.choice, Quot.sound]
'StickyKakeya4.ResidualPhaseLocalization.firstHit_pairwiseDisjoint' depends on axioms: [propext, Classical.choice, Quot.sound]
'StickyKakeya4.ResidualPhaseLocalization.iUnion_firstHit' depends on axioms: [propext, Classical.choice, Quot.sound]
'StickyKakeya4.ResidualPhaseLocalization.firstHit_ae_partition' depends on axioms: [propext, Classical.choice, Quot.sound]
'StickyKakeya4.ResidualPhaseLocalization.sum_assignedGraph_mass' depends on axioms: [propext, Classical.choice, Quot.sound]
'StickyKakeya4.ResidualPhaseLocalization.assignedGraph_le_block_product' depends on axioms: [propext, Classical.choice, Quot.sound]
'StickyKakeya4.ResidualPhaseLocalization.assignedGraph_mass_le_sq' depends on axioms: [propext, Classical.choice, Quot.sound]
'StickyKakeya4.ResidualPhaseLocalization.assignedGraph_eq_zero_of_block_null' depends on axioms: [propext, Classical.choice, Quot.sound]
'StickyKakeya4.ResidualPhaseLocalization.sum_assignedGraph_mass_toReal' depends on axioms: [propext, Classical.choice, Quot.sound]
'StickyKakeya4.ResidualPhaseLocalization.exists_weighted_density_ge_average' depends on axioms: [propext, Classical.choice, Quot.sound]
'StickyKakeya4.ResidualPhaseLocalization.sum_block_mass_le' depends on axioms: [propext, Classical.choice, Quot.sound]
'StickyKakeya4.ResidualPhaseLocalization.sum_sq_block_mass_le' depends on axioms: [propext, Classical.choice, Quot.sound]
'StickyKakeya4.ResidualPhaseLocalization.exists_assignedGraph_density_ge_average' depends on axioms: [propext, Classical.choice, Quot.sound]
'StickyKakeya4.ResidualPhaseLocalization.exists_assignedGraph_density_ge_mass_budget' depends on axioms: [propext, Classical.choice, Quot.sound]
'StickyKakeya4.ResidualPhaseLocalization.exists_uniform_expanded_indexed_ball_card_bound' depends on axioms: [propext, Classical.choice, Quot.sound]
'StickyKakeya4.ResidualPhaseLocalization.exists_uniform_expanded_indexed_ball_overlap_bound' depends on axioms: [propext, Classical.choice, Quot.sound]
'StickyKakeya4.ResidualPhaseLocalization.exists_uniform_expanded_fin_ball_overlap_bound' depends on axioms: [propext, Classical.choice, Quot.sound]
'StickyKakeya4.ResidualPhaseLocalization.phaseCover' depends on axioms: [propext, Classical.choice, Quot.sound]
'StickyKakeya4.ResidualPhaseLocalization.phaseBlock' depends on axioms: [propext, Classical.choice, Quot.sound]
'StickyKakeya4.ResidualPhaseLocalization.graphMeasure' depends on axioms: [propext, Classical.choice, Quot.sound]
'StickyKakeya4.ResidualPhaseLocalization.graphMeasure_le_product' depends on axioms: [propext, Classical.choice, Quot.sound]
'StickyKakeya4.ResidualPhaseLocalization.near_phase_endpoints_in_block' depends on axioms: [propext, Classical.choice, Quot.sound]
'StickyKakeya4.ResidualPhaseLocalization.graphMeasure_ae_endpoints_in_block' depends on axioms: [propext, Classical.choice, Quot.sound]
'StickyKakeya4.ResidualPhaseLocalization.LocalizationConclusion' depends on axioms: [propext, Classical.choice, Quot.sound]
'StickyKakeya4.ResidualPhaseLocalization.construct_localization' depends on axioms: [propext, Classical.choice, Quot.sound]
'StickyKakeya4.ResidualPhaseLocalization.exists_uniform_near_phase_graph_localization' depends on axioms: [propext, Classical.choice, Quot.sound]
'StickyKakeya4.ResidualPhaseLocalization.LocalizationConclusion.cells_measurable' depends on axioms: [propext, Classical.choice, Quot.sound]
'StickyKakeya4.ResidualPhaseLocalization.LocalizationConclusion.cells_disjoint' depends on axioms: [propext, Classical.choice, Quot.sound]
'StickyKakeya4.ResidualPhaseLocalization.LocalizationConclusion.cells_partition' depends on axioms: [propext, Classical.choice, Quot.sound]
'StickyKakeya4.ResidualPhaseLocalization.LocalizationConclusion.cells_subordinate' depends on axioms: [propext, Classical.choice, Quot.sound]
'StickyKakeya4.ResidualPhaseLocalization.LocalizationConclusion.blocks_measurable' depends on axioms: [propext, Classical.choice, Quot.sound]
'StickyKakeya4.ResidualPhaseLocalization.LocalizationConclusion.exact_mass_split' depends on axioms: [propext, Classical.choice, Quot.sound]
'StickyKakeya4.ResidualPhaseLocalization.LocalizationConclusion.block_domination' depends on axioms: [propext, Classical.choice, Quot.sound]
'StickyKakeya4.ResidualPhaseLocalization.LocalizationConclusion.bounded_overlap' depends on axioms: [propext, Classical.choice, Quot.sound]
'StickyKakeya4.ResidualPhaseLocalization.LocalizationConclusion.square_mass_budget' depends on axioms: [propext, Classical.choice, Quot.sound]
'StickyKakeya4.ResidualPhaseLocalization.LocalizationConclusion.positive_square_mass' depends on axioms: [propext, Classical.choice, Quot.sound]
'StickyKakeya4.ResidualPhaseLocalization.LocalizationConclusion.selected_block' depends on axioms: [propext, Classical.choice, Quot.sound]

Verified audit: 40 readbacks, every axiom is propext, Classical.choice, or Quot.sound.
Readback command: lake env lean -DautoImplicit=false verification/ResidualPhaseLocalizationReadback.lean > /tmp/residual-phase-localization-readback-rerun.log 2>&1
Verified readback exit code: 0; verified Python axiom-audit exit code: 0
