Imported declaration results extracted from the shared proper-import invocation below.

'RichDirectionalLayers.richRestriction_subset' depends on axioms: [propext, Classical.choice, Quot.sound]
'RichDirectionalLayers.richRestriction_predecessors' depends on axioms: [propext, Classical.choice, Quot.sound]
'RichDirectionalLayers.richRestriction_card_loss' depends on axioms: [propext, Classical.choice, Quot.sound]
'RichDirectionalLayers.richLayers_zero' depends on axioms: [propext, Classical.choice, Quot.sound]
'RichDirectionalLayers.richLayers_succ' depends on axioms: [propext, Classical.choice, Quot.sound]
'RichDirectionalLayers.richLayers_step_subset' depends on axioms: [propext, Classical.choice, Quot.sound]
'RichDirectionalLayers.richLayers_subset_start' depends on axioms: [propext, Classical.choice, Quot.sound]
'RichDirectionalLayers.richLayers_predecessors' depends on axioms: [propext, Classical.choice, Quot.sound]
'RichDirectionalLayers.richLayers_card_loss' depends on axioms: [propext, Classical.choice, Quot.sound]
'RichDirectionalLayers.richLayers_half_of_budget' depends on axioms: [propext, Classical.choice, Quot.sound]
'RichDirectionalLayers.richThreshold_positive' does not depend on any axioms
'RichDirectionalLayers.richThreshold_product_positive' depends on axioms: [propext, Classical.choice, Quot.sound]
'RichDirectionalLayers.richThreshold_budget' depends on axioms: [propext, Classical.choice, Quot.sound]
'RichDirectionalLayers.class_count_mul_le' depends on axioms: [propext, Classical.choice, Quot.sound]
'RichDirectionalLayers.construct_richLayers' depends on axioms: [propext, Classical.choice, Quot.sound]
'RichDirectionalLayers.richThreshold_crossmul' depends on axioms: [propext, Classical.choice, Quot.sound]
'RichDirectionalLayers.richThreshold_density' depends on axioms: [propext, Classical.choice, Quot.sound]
'RichDirectionalLayers.classFiber_eq_affineFiber' depends on axioms: [propext, Classical.choice, Quot.sound]
'RichDirectionalLayers.construct_independent_rich_layers' depends on axioms: [propext, Classical.choice, Quot.sound]

Command: /workspace/shared/lean-tools/elan/toolchains/leanprover--lean4---v4.33.1/bin/lean -j1 -DautoImplicit=false -DwarningAsError=true verification/WZCompatibleGrainsNativeReadback.lean
Confirmed exit code: 0
Source SHA256: 18797e298e99a297d5f4e214856255dcc1e81bc2f63d54c4d9383b4d129b4ab2
