'StickyKakeya4.SubpowerReferenceNets.exists_simultaneous_positive_restriction' depends on axioms: [propext,
 Classical.choice,
 Quot.sound]
'StickyKakeya4.SubpowerReferenceNets.exists_subpower_positive_restriction' depends on axioms: [propext,
 Classical.choice,
 Quot.sound]
'StickyKakeya4.SubpowerReferenceNets.exists_dyadic_subpower_reference_source' depends on axioms: [propext,
 Classical.choice,
 Quot.sound]
'StickyKakeya4.SubpowerReferenceNets.upperMinkowskiDim_le_three_dyadic_cover' depends on axioms: [propext,
 Classical.choice,
 Quot.sound]
'StickyKakeya4.SubpowerReferenceNets.exists_upperMinkowskiDim_le_three_reference_source' depends on axioms: [propext,
 Classical.choice,
 Quot.sound]

--- Reproduction record (successful run) ---
Working directory: /workspace/scratch/5f2524fd4117/4dstickykakeya
Environment: ELAN_HOME=/workspace/shared/lean-tools/elan PATH=/workspace/shared/lean-tools/elan/bin:$PATH XDG_CACHE_HOME=/workspace/shared/lean-tools/cache
Command: lake env lean -DautoImplicit=false verification/SubpowerReferenceNetsReadback.lean
Confirmed exit code: 0
Result: all five declarations checked; each uses only propext, Classical.choice, Quot.sound
