'StickyKakeya4.TriangularHeavyRootPower.exists_small_power_le_one' depends on axioms: [propext,
 Classical.choice,
 Quot.sound]
'StickyKakeya4.TriangularHeavyRootPower.cutoff_threshold_identity' depends on axioms: [propext,
 Classical.choice,
 Quot.sound]
'StickyKakeya4.TriangularHeavyRootPower.measurableSet_triangularHeavySet' depends on axioms: [propext,
 Classical.choice,
 Quot.sound]
'StickyKakeya4.TriangularHeavyRootPower.exists_triangular_original_heavy_root_power' depends on axioms: [propext,
 Classical.choice,
 Quot.sound]
'StickyKakeya4.TriangularHeavyRootPower.tsum_lt_top_of_eventually_le_geometric' depends on axioms: [propext,
 Classical.choice,
 Quot.sound]
'StickyKakeya4.TriangularHeavyRootPower.dyadic_tsum_lt_top_of_small_power_bound' depends on axioms: [propext,
 Classical.choice,
 Quot.sound]
'StickyKakeya4.TriangularHeavyRootPower.triangular_original_heavy_root_dyadic_sum_lt_top' depends on axioms: [propext,
 Classical.choice,
 Quot.sound]

Command: lake env lean -DautoImplicit=false -DwarningAsError=true verification/TriangularHeavyRootPowerReadback.lean
Confirmed exit code: 0
Source SHA256: 8118e6bede5e61c4f9ba9495044a5089da22822455162661f4a28f649aa7fff1
