'StickyKakeya4.WeightedGrowthStarSplit.targetDensity_le_on_low_multiplicity' depends on axioms: [propext,
 Classical.choice,
 Quot.sound]
'StickyKakeya4.WeightedGrowthStarSplit.restricted_density_le_const_smul' depends on axioms: [propext,
 Classical.choice,
 Quot.sound]
'StickyKakeya4.WeightedGrowthStarSplit.low_multiplicity_measure_domination' depends on axioms: [propext,
 Classical.choice,
 Quot.sound]
'StickyKakeya4.WeightedGrowthStarSplit.supported_mass_toReal_le' depends on axioms: [propext,
 Classical.choice,
 Quot.sound]
'StickyKakeya4.WeightedGrowthStarSplit.low_or_high_carries_half' depends on axioms: [propext,
 Classical.choice,
 Quot.sound]
'StickyKakeya4.WeightedGrowthStarSplit.amplified_layer_mass_lower' depends on axioms: [propext,
 Classical.choice,
 Quot.sound]
'StickyKakeya4.WeightedGrowthStarSplit.robust_target_support_growth' depends on axioms: [propext,
 Classical.choice,
 Quot.sound]
'StickyKakeya4.WeightedGrowthStarSplit.measurable_multiplicity' depends on axioms: [propext,
 Classical.choice,
 Quot.sound]
'StickyKakeya4.WeightedGrowthStarSplit.robust_low_multiplicity_support_growth' depends on axioms: [propext,
 Classical.choice,
 Quot.sound]
'StickyKakeya4.WeightedGrowthStarSplit.weighted_growth_or_distinct_source_star' depends on axioms: [propext,
 Classical.choice,
 Quot.sound]
'StickyKakeya4.WeightedGrowthStarSplit.high_branch_linear_star_mass' depends on axioms: [propext,
 Classical.choice,
 Quot.sound]
'StickyKakeya4.WeightedGrowthStarSplit.high_half_branch_retains_quarter' depends on axioms: [propext,
 Classical.choice,
 Quot.sound]

Command: ELAN_HOME=/workspace/shared/lean-tools/elan PATH=/workspace/shared/lean-tools/elan/bin:$PATH lake env lean -DautoImplicit=false verification/WeightedGrowthStarSplitReadback.lean
Exit status: 0 (confirmed)
