'SmallFiberAlignment.same_floor_close' depends on axioms: [propext, Classical.choice, Quot.sound]
'SmallFiberAlignment.same_spatialCell_close' depends on axioms: [propext, Classical.choice, Quot.sound]
'SmallFiberAlignment.mass_le_vertex_cap_mul_card' depends on axioms: [propext, Classical.choice, Quot.sound]
'SmallFiberAlignment.strip_card_le_cells_mul_capacity' depends on axioms: [propext, Classical.choice, Quot.sound]
'SmallFiberAlignment.quotient_card_le_reference_strip' depends on axioms: [propext, Classical.choice, Quot.sound]
'SmallFiberAlignment.spatial_degree_le_quotient_card' depends on axioms: [propext, Classical.choice, Quot.sound]
'SmallFiberAlignment.normal_fiber_eq_singleton' depends on axioms: [propext, Classical.choice, Quot.sound]
'SmallFiberAlignment.construct_singleton_quotient' depends on axioms: [propext, Classical.choice, Quot.sound]
'SmallFiberAlignment.small_fiber_quotient_AD' depends on axioms: [propext, Classical.choice, Quot.sound]
'WholeGridCellExtraction.cell_mul' depends on axioms: [propext, Classical.choice, Quot.sound]
'WholeGridCellExtraction.mem_extract' depends on axioms: [propext, Classical.choice, Quot.sound]
'WholeGridCellExtraction.extract_subset' depends on axioms: [propext, Classical.choice, Quot.sound]
'WholeGridCellExtraction.witness_subset_extract' depends on axioms: [propext, Classical.choice, Quot.sound]
'WholeGridCellExtraction.ancestor_image_eq' depends on axioms: [propext, Classical.choice, Quot.sound]
'WholeGridCellExtraction.fine_image_eq' depends on axioms: [propext, Classical.choice, Quot.sound]
'WholeGridCellExtraction.residual_cell_images_disjoint' depends on axioms: [propext, Classical.choice, Quot.sound]
'WholeGridCellExtraction.same_cell_coordinate_close' depends on axioms: [propext, Classical.choice, Quot.sound]
'WholeGridCellExtraction.extract_has_original_near_witness' depends on axioms: [propext, Classical.choice, Quot.sound]
'FractionalFiberAlignment.card_le_cells_mul_real_capacity' depends on axioms: [propext, Classical.choice, Quot.sound]
'FractionalFiberAlignment.columnTime_card_le' depends on axioms: [propext, Classical.choice, Quot.sound]
'FractionalFiberAlignment.nearby_floors' depends on axioms: [propext, Classical.choice, Quot.sound]
'FractionalFiberAlignment.card_neighborCells' depends on axioms: [propext, Classical.choice, Quot.sound]
'FractionalFiberAlignment.spatialBall_cell_count' depends on axioms: [propext, Classical.choice, Quot.sound]
'FractionalFiberAlignment.spatialBall_upper' depends on axioms: [propext, Classical.choice, Quot.sound]
'FractionalFiberAlignment.fiberBall_upper' depends on axioms: [propext, Classical.choice, Quot.sound]
'FractionalFiberAlignment.spatialBall_le_quotient_times_fiber' depends on axioms: [propext,
 Classical.choice,
 Quot.sound]
'FractionalFiberAlignment.sum_fiber_card_eq_strip' depends on axioms: [propext, Classical.choice, Quot.sound]
'FractionalFiberAlignment.strip_lower_from_fibers' depends on axioms: [propext, Classical.choice, Quot.sound]
'FractionalFiberAlignment.original_mass_le_region' depends on axioms: [propext, Classical.choice, Quot.sound]
'FractionalFiberAlignment.scale_lower' depends on axioms: [propext, Classical.choice, Quot.sound]
'FractionalFiberAlignment.fractional_column_alignment' depends on axioms: [propext, Classical.choice, Quot.sound]
'SpineColumnCounting.shear_close' depends on axioms: [propext, Classical.choice, Quot.sound]
'SpineColumnCounting.floor_error' depends on axioms: [propext, Classical.choice, Quot.sound]
'SpineColumnCounting.grid_shear_error' depends on axioms: [propext, Classical.choice, Quot.sound]
'SpineColumnCounting.same_floor_scaled_close' depends on axioms: [propext, Classical.choice, Quot.sound]
'SpineColumnCounting.same_cell_shear_close' depends on axioms: [propext, Classical.choice, Quot.sound]
'SpineColumnCounting.labels_close_of_shared_cell' depends on axioms: [propext, Classical.choice, Quot.sound]
'SpineColumnCounting.cell_label_count_le' depends on axioms: [propext, Classical.choice, Quot.sound]
'SpineColumnCounting.columns_count_le' depends on axioms: [propext, Classical.choice, Quot.sound]
'SpineColumnCounting.physical_spines_column_count' depends on axioms: [propext, Classical.choice, Quot.sound]
'DisjointProfileEpochs.population_mono' depends on axioms: [propext, Classical.choice, Quot.sound]
'DisjointProfileEpochs.penalty_mono' depends on axioms: [propext, Classical.choice, Quot.sound]
'DisjointProfileEpochs.penalty_delete_cell' depends on axioms: [propext, Classical.choice, Quot.sound]
'DisjointProfileEpochs.mass_nil' depends on axioms: [propext, Quot.sound]
'DisjointProfileEpochs.mass_cons' depends on axioms: [propext, Quot.sound]
'DisjointProfileEpochs.exists_harvest' depends on axioms: [propext, Classical.choice, Quot.sound]
'DisjointProfileEpochs.rank_pos' depends on axioms: [propext, Classical.choice, Quot.sound]
'DisjointProfileEpochs.rank_mono' depends on axioms: [propext, Classical.choice, Quot.sound]
'DisjointProfileEpochs.rank_drop' depends on axioms: [propext, Classical.choice, Quot.sound]
'DisjointProfileEpochs.profileBudget_mono' depends on axioms: [propext, Classical.choice, Quot.sound]
'DisjointProfileEpochs.profileBudget_drop' depends on axioms: [propext, Classical.choice, Quot.sound]
'DisjointProfileEpochs.profileBudget_le' depends on axioms: [propext, Classical.choice, Quot.sound]
'DisjointProfileEpochs.profileBudget_le_of_pow_bound' depends on axioms: [propext, Classical.choice, Quot.sound]
'DisjointProfileEpochs.allPieces_nil' depends on axioms: [propext, Quot.sound]
'DisjointProfileEpochs.allPieces_cons' depends on axioms: [propext, Quot.sound]
'DisjointProfileEpochs.mass_append' depends on axioms: [propext, Quot.sound]
'DisjointProfileEpochs.exists_decomposition' depends on axioms: [propext, Classical.choice, Quot.sound]
'DisjointProfileEpochs.mass_allPieces_le' depends on axioms: [propext, Classical.choice, Quot.sound]
'DisjointProfileEpochs.Decomposition.exists_large_epoch' depends on axioms: [propext, Classical.choice, Quot.sound]
'DisjointProfileEpochs.exists_large_disjoint_epoch' depends on axioms: [propext, Classical.choice, Quot.sound]
'DisjointProfileEpochs.mem_support' depends on axioms: [propext, Classical.choice, Quot.sound]
'DisjointProfileEpochs.support_subset' depends on axioms: [propext, Classical.choice, Quot.sound]
'DisjointProfileEpochs.support_card' depends on axioms: [propext, Classical.choice, Quot.sound]
'DisjointProfileEpochs.wholeCells_subset' depends on axioms: [propext, Classical.choice, Quot.sound]
'DisjointProfileEpochs.inter_subset_wholeCells' depends on axioms: [propext, Classical.choice, Quot.sound]
'DisjointProfileEpochs.wholeCells_nonempty' depends on axioms: [propext, Classical.choice, Quot.sound]
'DisjointProfileEpochs.wholeCells_full' depends on axioms: [propext, Classical.choice, Quot.sound]
'DisjointProfileEpochs.half_real_threshold_le_of_floor_le' depends on axioms: [propext, Classical.choice, Quot.sound]
'DisjointProfileEpochs.Regular.half_real_threshold' depends on axioms: [propext, Classical.choice, Quot.sound]
'DisjointProfileEpochs.penalty_floor_le_real_occupied_budget' depends on axioms: [propext, Classical.choice, Quot.sound]
'DisjointProfileEpochs.penalty_floor_le_real_total_budget' depends on axioms: [propext, Classical.choice, Quot.sound]
'DisjointProfileEpochs.penalty_floor_lt_card_of_real_budget' depends on axioms: [propext, Classical.choice, Quot.sound]
'DisjointProfileEpochs.Decomposition.accounting_real_floor' depends on axioms: [propext, Classical.choice, Quot.sound]
'SeparatedAlignmentPatches.residue_eq_emod' depends on axioms: [propext, Classical.choice, Quot.sound]
'SeparatedAlignmentPatches.integer_residue_spacing' depends on axioms: [propext, Classical.choice, Quot.sound]
'SeparatedAlignmentPatches.real_residue_spacing' depends on axioms: [propext, Classical.choice, Quot.sound]
'SeparatedAlignmentPatches.maximum_weight_color' depends on axioms: [propext, Classical.choice, Quot.sound]
'SeparatedAlignmentPatches.cell_bounds' depends on axioms: [propext, Classical.choice, Quot.sound]
'SeparatedAlignmentPatches.same_cell_dist_lt' depends on axioms: [propext, Classical.choice, Quot.sound]
'SeparatedAlignmentPatches.close_same_color_cell_eq' depends on axioms: [propext, Classical.choice, Quot.sound]
'SeparatedAlignmentPatches.periodic_patch_isolation' depends on axioms: [propext, Classical.choice, Quot.sound]
'SeparatedAlignmentPatches.periodic_patch_at_multiplier' depends on axioms: [propext, Classical.choice, Quot.sound]
'SeparatedAlignmentPatches.floor_movement' depends on axioms: [propext, Classical.choice, Quot.sound]
'SeparatedAlignmentPatches.quantization_coordinate_movement' depends on axioms: [propext, Classical.choice, Quot.sound]
'SeparatedAlignmentPatches.quantization_dist_lt' depends on axioms: [propext, Classical.choice, Quot.sound]
'SeparatedAlignmentPatches.shear_residue_separation' depends on axioms: [propext, Classical.choice, Quot.sound]
'SeparatedAlignmentPatches.weighted_quantized_residue' depends on axioms: [propext, Classical.choice, Quot.sound]
'SeparatedAlignmentPatches.weighted_quantization_at_mesh' depends on axioms: [propext, Classical.choice, Quot.sound]

Command: /workspace/shared/lean-tools/elan/toolchains/leanprover--lean4---v4.33.1/bin/lean -j1 -DautoImplicit=false -DwarningAsError=true verification/WZAlignmentConstructorsReadback.lean
Confirmed exit code: 0
