'CoverProfileStopping.length_nonneg' depends on axioms: [propext, Classical.choice, Quot.sound]
'CoverProfileStopping.nested_valid' does not depend on any axioms
'CoverProfileStopping.nested_length_le' depends on axioms: [propext, Classical.choice, Quot.sound]
'CoverProfileStopping.power_length_lower' depends on axioms: [propext, Classical.choice, Quot.sound]
'CoverProfileStopping.length_recurrence' depends on axioms: [propext, Classical.choice, Quot.sound]
'CoverProfileStopping.improving_score' depends on axioms: [propext, Classical.choice, Quot.sound]
'CoverProfileStopping.exists_log_profile_stopping' depends on axioms: [propext, Classical.choice, Quot.sound]
'CoverProfileStopping.log_two_pos' depends on axioms: [propext, Classical.choice, Quot.sound]
'CoverProfileStopping.logCount_bounds' depends on axioms: [propext, Classical.choice, Quot.sound]
'CoverProfileStopping.slope_eq_log_ratio' depends on axioms: [propext, Classical.choice, Quot.sound]
'CoverProfileStopping.dyadicRatio_rpow' depends on axioms: [propext, Classical.choice, Quot.sound]
'CoverProfileStopping.dyadicRatio_rpow_product' depends on axioms: [propext, Classical.choice, Quot.sound]
'CoverProfileStopping.exists_dyadic_cover_profile' depends on axioms: [propext, Classical.choice, Quot.sound]
'CoverProfileStopping.stepBudget_mul' depends on axioms: [propext, Classical.choice, Quot.sound]
'CoverProfileStopping.separationExponent_pos' depends on axioms: [propext, Classical.choice, Quot.sound]
'CoverProfileStopping.exists_dyadic_cover_profile_canonical' depends on axioms: [propext, Classical.choice, Quot.sound]
'EuclideanAlignmentPatches.coordinate_dist_le' depends on axioms: [propext, Classical.choice, Quot.sound]
'EuclideanAlignmentPatches.sup_dist_le' depends on axioms: [propext, Classical.choice, Quot.sound]
'EuclideanAlignmentPatches.euclidean_dist_le_card_mul' depends on axioms: [propext, Classical.choice, Quot.sound]
'EuclideanAlignmentPatches.same_cell_euclidean_dist_le' depends on axioms: [propext, Classical.choice, Quot.sound]
'EuclideanAlignmentPatches.euclidean_periodic_patch_isolation' depends on axioms: [propext,
 Classical.choice,
 Quot.sound]
'EuclideanAlignmentPatches.euclidean_periodic_patch_at_multiplier' depends on axioms: [propext,
 Classical.choice,
 Quot.sound]
'EuclideanAlignmentPatches.shear_sup_dist_le' depends on axioms: [propext, Classical.choice, Quot.sound]
'EuclideanAlignmentPatches.quantization_euclidean_movement' depends on axioms: [propext, Classical.choice, Quot.sound]
'EuclideanAlignmentPatches.weighted_euclidean_quantization_at_mesh' depends on axioms: [propext,
 Classical.choice,
 Quot.sound]
'AngularMenuStabilization.cell_mass_partition' depends on axioms: [propext, Classical.choice, Quot.sound]
'AngularMenuStabilization.menu_card_le_max' depends on axioms: [propext, Classical.choice, Quot.sound]
'AngularMenuStabilization.maxMenu_pos' depends on axioms: [propext, Classical.choice, Quot.sound]
'AngularMenuStabilization.maxMenu_le_angular_menu' depends on axioms: [propext, Classical.choice, Quot.sound]
'AngularMenuStabilization.maxMenu_mono' depends on axioms: [propext, Classical.choice, Quot.sound]
'AngularMenuStabilization.occupied_menu_card_comparison' depends on axioms: [propext, Classical.choice, Quot.sound]
'AngularMenuStabilization.maxMenu_le_occupied_menu' depends on axioms: [propext, Classical.choice, Quot.sound]
'AngularMenuStabilization.adjacent_growth_step' depends on axioms: [propext, Quot.sound]
'AngularMenuStabilization.stabilize_and_select' depends on axioms: [propext, Classical.choice, Quot.sound]
'FiniteCoverProfileEpochs.coverCount_mono' depends on axioms: [propext, Classical.choice, Quot.sound]
'FiniteCoverProfileEpochs.profile_mono' depends on axioms: [propext, Classical.choice, Quot.sound]
'FiniteCoverProfileEpochs.profile_empty' depends on axioms: [propext, Classical.choice, Quot.sound]
'FiniteCoverProfileEpochs.profile_le_card' depends on axioms: [propext, Classical.choice, Quot.sound]
'FiniteCoverProfileEpochs.profile_positive' depends on axioms: [propext, Classical.choice, Quot.sound]
'FiniteCoverProfileEpochs.exists_maximizing_footprint' depends on axioms: [propext, Classical.choice, Quot.sound]
'FiniteCoverProfileEpochs.mem_wholeCells' depends on axioms: [propext, Classical.choice, Quot.sound]
'FiniteCoverProfileEpochs.wholeCells_image' depends on axioms: [propext, Classical.choice, Quot.sound]
'FiniteCoverProfileEpochs.wholeCells_image_ancestor' depends on axioms: [propext, Classical.choice, Quot.sound]
'FiniteCoverProfileEpochs.wholeCells_filter_eq' depends on axioms: [propext, Classical.choice, Quot.sound]
'FiniteCoverProfileEpochs.card_lt_pow_rank' depends on axioms: [propext, Classical.choice, Quot.sound]
'FiniteCoverProfileEpochs.profile_lt_pow_rank' depends on axioms: [propext, Classical.choice, Quot.sound]
'FiniteCoverProfileEpochs.population_gridCells' depends on axioms: [propext, Classical.choice, Quot.sound]
'FiniteCoverProfileEpochs.wholeCells_card_ge' depends on axioms: [propext, Classical.choice, Quot.sound]
'FiniteCoverProfileEpochs.wholeCells_card_ge_half_real' depends on axioms: [propext, Classical.choice, Quot.sound]
'FiniteCoverProfileEpochs.MaximizingFiber.image_card' depends on axioms: [propext, Classical.choice, Quot.sound]
'FiniteCoverProfileEpochs.MaximizingFiber.full' depends on axioms: [propext, Classical.choice, Quot.sound]
'FiniteCoverProfileEpochs.exists_maximizing_fiber' depends on axioms: [propext, Classical.choice, Quot.sound]
'FiniteCoverProfileEpochs.exists_large_finite_cover_epoch' depends on axioms: [propext, Classical.choice, Quot.sound]
'SlabPlanePullback.graphMap_apply' depends on axioms: [propext, Classical.choice, Quot.sound]
'SlabPlanePullback.graphMap_injective' depends on axioms: [propext, Classical.choice, Quot.sound]
'SlabPlanePullback.graph_mem_plane_iff' depends on axioms: [propext, Classical.choice, Quot.sound]
'SlabPlanePullback.mem_plane_iff' depends on axioms: [propext, Classical.choice, Quot.sound]
'SlabPlanePullback.unit_inner_self' depends on axioms: [propext, Classical.choice, Quot.sound]
'SlabPlanePullback.slabFunctional_ne_zero' depends on axioms: [propext, Classical.choice, Quot.sound]
'SlabPlanePullback.plane_finrank' depends on axioms: [propext, Classical.choice, Quot.sound]
'SlabPlanePullback.corrected_constraint' depends on axioms: [propext, Classical.choice, Quot.sound]
'SlabPlanePullback.correction_dist_eq' depends on axioms: [propext, Classical.choice, Quot.sound]
'SlabPlanePullback.graph_same_height_dist_le' depends on axioms: [propext, Classical.choice, Quot.sound]
'SlabPlanePullback.corrected_witness_mem' depends on axioms: [propext, Classical.choice, Quot.sound]
'SlabPlanePullback.corrected_witness_distance' depends on axioms: [propext, Classical.choice, Quot.sound]
'SlabPlanePullback.slab_pullback' depends on axioms: [propext, Classical.choice, Quot.sound]
'SlabPlanePullback.infDist_plane_le' depends on axioms: [propext, Classical.choice, Quot.sound]
'SlabPlanePullback.graph_direction_norm_ge_one' depends on axioms: [propext, Classical.choice, Quot.sound]
'SlabPlanePullback.unitDirection_norm' depends on axioms: [propext, Classical.choice, Quot.sound]
'SlabPlanePullback.normalized_slab_pullback' depends on axioms: [propext, Classical.choice, Quot.sound]
'SlabPlanePullback.native_four_dimensional_finrank' depends on axioms: [propext, Classical.choice, Quot.sound]
'CoverProfileClipping.clippedSlope_bounds' depends on axioms: [propext, Classical.choice, Quot.sound]
'CoverProfileClipping.clipped_power_bounds' depends on axioms: [propext, Classical.choice, Quot.sound]
'CoverProfileClipping.transport_nested_exponent' depends on axioms: [propext, Classical.choice, Quot.sound]
'CoverProfileClipping.clipped_nested_profile' depends on axioms: [propext, Classical.choice, Quot.sound]
'CoverProfileClipping.dyadicRatio_ge_one' depends on axioms: [propext, Classical.choice, Quot.sound]
'CoverProfileClipping.nested_ratio_le' depends on axioms: [propext, Classical.choice, Quot.sound]
'CoverProfileClipping.profile_power_eq' depends on axioms: [propext, Classical.choice, Quot.sound]
'CoverProfileClipping.exists_clipped_dyadic_cover_profile' depends on axioms: [propext, Classical.choice, Quot.sound]
'GraphTubeGridCover.spatialBox_card' depends on axioms: [propext, Classical.choice, Quot.sound]
'GraphTubeGridCover.timeBins_card_mul_rho_le' depends on axioms: [propext, Classical.choice, Quot.sound]
'GraphTubeGridCover.gridBin_mem_tubeBins' depends on axioms: [propext, Classical.choice, Quot.sound]
'GraphTubeGridCover.tubeBins_card_le' depends on axioms: [propext, Classical.choice, Quot.sound]
'GraphTubeGridCover.occupied_cells_bound' depends on axioms: [propext, Classical.choice, Quot.sound]
'GraphTubeGridCover.integerChart_injective' depends on axioms: [propext, Classical.choice, Quot.sound]
'GraphTubeGridCover.chart_gridBin' depends on axioms: [propext, Classical.choice, Quot.sound]
'GraphTubeGridCover.exists_graph_chart' depends on axioms: [propext, Classical.choice, Quot.sound]
'GraphTubeGridCover.segment_occupied_cells_bound' depends on axioms: [propext, Classical.choice, Quot.sound]

Command: /workspace/shared/lean-tools/elan/toolchains/leanprover--lean4---v4.33.1/bin/lean -j1 -DautoImplicit=false -DwarningAsError=true verification/WZAlignmentEndpointsReadback.lean
Confirmed exit code: 0
