'RichDirectionalLayers.richRestriction_subset' depends on axioms: [propext, Classical.choice, Quot.sound]
'RichDirectionalLayers.richRestriction_predecessors' depends on axioms: [propext, Classical.choice, Quot.sound]
'RichDirectionalLayers.richRestriction_card_loss' depends on axioms: [propext, Classical.choice, Quot.sound]
'RichDirectionalLayers.richLayers_zero' depends on axioms: [propext, Classical.choice, Quot.sound]
'RichDirectionalLayers.richLayers_succ' depends on axioms: [propext, Classical.choice, Quot.sound]
'RichDirectionalLayers.richLayers_step_subset' depends on axioms: [propext, Classical.choice, Quot.sound]
'RichDirectionalLayers.richLayers_subset_start' depends on axioms: [propext, Classical.choice, Quot.sound]
'RichDirectionalLayers.richLayers_predecessors' depends on axioms: [propext, Classical.choice, Quot.sound]
'RichDirectionalLayers.richLayers_card_loss' depends on axioms: [propext, Classical.choice, Quot.sound]
'RichDirectionalLayers.richLayers_half_of_budget' depends on axioms: [propext, Classical.choice, Quot.sound]
'RichDirectionalLayers.richThreshold_positive' does not depend on any axioms
'RichDirectionalLayers.richThreshold_product_positive' depends on axioms: [propext, Classical.choice, Quot.sound]
'RichDirectionalLayers.richThreshold_budget' depends on axioms: [propext, Classical.choice, Quot.sound]
'RichDirectionalLayers.class_count_mul_le' depends on axioms: [propext, Classical.choice, Quot.sound]
'RichDirectionalLayers.construct_richLayers' depends on axioms: [propext, Classical.choice, Quot.sound]
'RichDirectionalLayers.richThreshold_crossmul' depends on axioms: [propext, Classical.choice, Quot.sound]
'RichDirectionalLayers.richThreshold_density' depends on axioms: [propext, Classical.choice, Quot.sound]
'RichDirectionalLayers.classFiber_eq_affineFiber' depends on axioms: [propext, Classical.choice, Quot.sound]
'RichDirectionalLayers.construct_independent_rich_layers' depends on axioms: [propext, Classical.choice, Quot.sound]
'WeightedRichDirectionalLayers.mass_mono' depends on axioms: [propext, Classical.choice, Quot.sound]
'WeightedRichDirectionalLayers.mass_partition' depends on axioms: [propext, Classical.choice, Quot.sound]
'WeightedRichDirectionalLayers.weightedRestriction_subset' depends on axioms: [propext, Classical.choice, Quot.sound]
'WeightedRichDirectionalLayers.weightedRestriction_predecessors' depends on axioms: [propext,
 Classical.choice,
 Quot.sound]
'WeightedRichDirectionalLayers.weightedRestriction_mass_loss' depends on axioms: [propext, Classical.choice, Quot.sound]
'WeightedRichDirectionalLayers.weightedLayers_zero' depends on axioms: [propext, Classical.choice, Quot.sound]
'WeightedRichDirectionalLayers.weightedLayers_succ' depends on axioms: [propext, Classical.choice, Quot.sound]
'WeightedRichDirectionalLayers.weightedLayers_step_subset' depends on axioms: [propext, Classical.choice, Quot.sound]
'WeightedRichDirectionalLayers.weightedLayers_subset_start' depends on axioms: [propext, Classical.choice, Quot.sound]
'WeightedRichDirectionalLayers.weightedLayers_predecessors' depends on axioms: [propext, Classical.choice, Quot.sound]
'WeightedRichDirectionalLayers.weightedLayers_mass_loss' depends on axioms: [propext, Classical.choice, Quot.sound]
'WeightedRichDirectionalLayers.active_column_count' depends on axioms: [propext, Classical.choice, Quot.sound]
'WeightedRichDirectionalLayers.construct_weightedLayers' depends on axioms: [propext, Classical.choice, Quot.sound]
'WeightedRichDirectionalLayers.mass_le_image_card_mul' depends on axioms: [propext, Classical.choice, Quot.sound]
'WeightedRichDirectionalLayers.geometric_classFiber_eq' depends on axioms: [propext, Classical.choice, Quot.sound]
'WeightedRichDirectionalLayers.image_geometric_classFiber' depends on axioms: [propext, Classical.choice, Quot.sound]
'WeightedRichDirectionalLayers.weighted_predecessor_vertices' depends on axioms: [propext, Classical.choice, Quot.sound]
'WeightedRichDirectionalLayers.positive_predecessor_ceiling' depends on axioms: [propext, Classical.choice, Quot.sound]
'WeightedRichDirectionalLayers.construct_weighted_independent_grains' depends on axioms: [propext,
 Classical.choice,
 Quot.sound]
'SelfUniform.partition_richness_of_self_uniform' depends on axioms: [propext, Classical.choice, Quot.sound]
'SelfUniform.weighted_self_uniform_grain_refinement' depends on axioms: [propext, Classical.choice, Quot.sound]
'CompatibleTupleSelection.mass_eq_sum_partition' depends on axioms: [propext, Classical.choice, Quot.sound]
'CompatibleTupleSelection.weighted_fiber_selection' depends on axioms: [propext, Classical.choice, Quot.sound]
'CompatibleTupleSelection.weighted_spatial_selection' depends on axioms: [propext, Classical.choice, Quot.sound]
'CompatibleTupleSelection.weighted_compatible_selection' depends on axioms: [propext, Classical.choice, Quot.sound]
'CompatibleTupleSelection.weighted_original_label_selection' depends on axioms: [propext, Classical.choice, Quot.sound]
'CompatibleTupleSelection.mem_goodPairs' depends on axioms: [propext, Classical.choice, Quot.sound]
'CompatibleTupleSelection.mass_goodPairs' depends on axioms: [propext, Classical.choice, Quot.sound]
'CompatibleTupleSelection.weighted_good_tuple_family_selection' depends on axioms: [propext,
 Classical.choice,
 Quot.sound]
'PaddedPhysicalCellWitness.nearby_floor_eq_quotient' depends on axioms: [propext, Classical.choice, Quot.sound]
'PaddedPhysicalCellWitness.mem_halfOpenCell_bin' depends on axioms: [propext, Classical.choice, Quot.sound]
'PaddedPhysicalCellWitness.nearby_same_bin' depends on axioms: [propext, Classical.choice, Quot.sound]
'PaddedPhysicalCellWitness.nearby_mem_same_halfOpenCell' depends on axioms: [propext, Classical.choice, Quot.sound]
'PaddedPhysicalCellWitness.weighted_physical_cell_witness' depends on axioms: [propext, Classical.choice, Quot.sound]
'PhysicalRescalingIncidenceTransfer.Data.endpoint_density_original_backbone' depends on axioms: [propext,
 Classical.choice,
 Quot.sound]
'PhysicalRescalingIncidenceTransfer.Data.retained_total_density' depends on axioms: [propext,
 Classical.choice,
 Quot.sound]
'StickyKakeya4.NativeGraphMarkedLine.direction_ofGraph' depends on axioms: [propext, Classical.choice, Quot.sound]
'StickyKakeya4.NativeGraphMarkedLine.valid' depends on axioms: [propext, Classical.choice, Quot.sound]
'StickyKakeya4.NativeGraphMarkedLine.direction_castSucc' depends on axioms: [propext, Classical.choice, Quot.sound]
'StickyKakeya4.NativeGraphMarkedLine.direction_fourth' depends on axioms: [propext, Classical.choice, Quot.sound]
'StickyKakeya4.NativeGraphMarkedLine.direction_fourth_pos' depends on axioms: [propext, Classical.choice, Quot.sound]
'StickyKakeya4.NativeGraphMarkedLine.rawFrontParam_eq_center' depends on axioms: [propext, Classical.choice, Quot.sound]
'StickyKakeya4.NativeGraphMarkedLine.center_height' depends on axioms: [propext, Classical.choice, Quot.sound]
'StickyKakeya4.NativeGraphMarkedLine.rawFrontParam_graph' depends on axioms: [propext, Classical.choice, Quot.sound]
'StickyKakeya4.NativeGraphMarkedLine.relative_graph_time' depends on axioms: [propext, Classical.choice, Quot.sound]
'StickyKakeya4.NativeGraphMarkedLine.wzGraphPoint_eq_heightPoint' depends on axioms: [propext,
 Classical.choice,
 Quot.sound]
'StickyKakeya4.NativeGraphMarkedLine.lift_norm_sq_le_four' depends on axioms: [propext, Classical.choice, Quot.sound]
'StickyKakeya4.NativeGraphMarkedLine.lift_norm_le_two' depends on axioms: [propext, Classical.choice, Quot.sound]
'StickyKakeya4.NativeGraphMarkedLine.direction_fourth_ge_half' depends on axioms: [propext,
 Classical.choice,
 Quot.sound]
'StickyKakeya4.NativeGraphMarkedLine.relative_parameter_le_half' depends on axioms: [propext,
 Classical.choice,
 Quot.sound]
'StickyKakeya4.NativeGraphMarkedLine.relative_parameter_le_quarter' depends on axioms: [propext,
 Classical.choice,
 Quot.sound]
'StickyKakeya4.NativeGraphMarkedLine.graphPoint_mem_unitFront' depends on axioms: [propext,
 Classical.choice,
 Quot.sound]
'StickyKakeya4.NativeGraphMarkedLine.graphPoint_has_buffered_parameter' depends on axioms: [propext,
 Classical.choice,
 Quot.sound]
'StickyKakeya4.NativeGraphMarkedLine.contains_height_slab' depends on axioms: [propext, Classical.choice, Quot.sound]
'StickyKakeya4.NativeGraphMarkedLine.family_hasNormalizedWZGraphSlab' depends on axioms: [propext,
 Classical.choice,
 Quot.sound]
'StickyKakeya4.NativeGraphMarkedLine.family_hasFixedWZGraphNormalization' depends on axioms: [propext,
 Classical.choice,
 Quot.sound]

Command: /workspace/shared/lean-tools/elan/toolchains/leanprover--lean4---v4.33.1/bin/lean -j1 -DautoImplicit=false -DwarningAsError=true verification/WZCompatibleGrainsNativeReadback.lean
Confirmed exit code: 0
