Using official Lean through a 3-compiler semaphore
⚠ [8709/8730] Replayed Theorems.Thm_StickyKakeya4_frostman_mass_distribution
warning: Theorems/Thm_StickyKakeya4_frostman_mass_distribution.lean:257:2: Try this:
  letI̵

The goal is a proposition, so `let` is preferred over `letI`.
The difference between `let` and `letI` is that `letI` inlines the value.
But this is not relevant for proofs because of proof irrelevance.

Note: This linter can be disabled with `set_option linter.style.haveILetI false`
✔ [8710/8730] Built Theorems.Thm_StickyKakeya4_measurable_selector_parametrization (73s)
⚠ [8711/8730] Built Theorems.Thm_StickyKakeya4_wz_common_slab (73s)
warning: Theorems/Thm_StickyKakeya4_wz_common_slab.lean:289:18: Variable name `hhNonneg` is not explicitly referenced.

Hint: The binding can be removed (if unused) or named `_` (if used implicitly). Alternatively, prefix the name with `_` to silence this warning:
  [apply] _hhNonneg

Note: This linter can be disabled with `set_option linter.unusedVariables false`
⚠ [8712/8730] Built Theorems.Thm_StickyKakeya4_finite_scale_source_mass (75s)
warning: Theorems/Thm_StickyKakeya4_finite_scale_source_mass.lean:797:4: Try `simp at hx` instead of `simpa using hx`

Note: This linter can be disabled with `set_option linter.unnecessarySimpa false`
warning: Theorems/Thm_StickyKakeya4_finite_scale_source_mass.lean:892:6: Try `simp at hxi` instead of `simpa using hxi`

Note: This linter can be disabled with `set_option linter.unnecessarySimpa false`
✔ [8713/8730] Built Theorems.Thm_StickyKakeya4_maslov_incidence_equivalence (135s)
✔ [8714/8730] Built Theorems.Thm_StickyKakeya4_front_parametrization (61s)
⚠ [8715/8730] Built Theorems.Thm_StickyKakeya4_lossless_edge_flow_carleson (135s)
warning: Theorems/Thm_StickyKakeya4_lossless_edge_flow_carleson.lean:24:4: try 'simp' instead of 'simpa'

Note: This linter can be disabled with `set_option linter.unnecessarySimpa false`
warning: Theorems/Thm_StickyKakeya4_lossless_edge_flow_carleson.lean:60:18: try 'simp' instead of 'simpa'

Note: This linter can be disabled with `set_option linter.unnecessarySimpa false`
warning: Theorems/Thm_StickyKakeya4_lossless_edge_flow_carleson.lean:64:37: try 'simp' instead of 'simpa'

Note: This linter can be disabled with `set_option linter.unnecessarySimpa false`
warning: Theorems/Thm_StickyKakeya4_lossless_edge_flow_carleson.lean:99:56: try 'simp' instead of 'simpa'

Note: This linter can be disabled with `set_option linter.unnecessarySimpa false`
warning: Theorems/Thm_StickyKakeya4_lossless_edge_flow_carleson.lean:85:20: This simp argument is unused:
  hp

Hint: Omit it from the simp argument list.
  [apply] simp

Note: This linter can be disabled with `set_option linter.unusedSimpArgs false`
warning: Theorems/Thm_StickyKakeya4_lossless_edge_flow_carleson.lean:86:22: This simp argument is unused:
  hp

Hint: Omit it from the simp argument list.
  [apply] simp

Note: This linter can be disabled with `set_option linter.unusedSimpArgs false`
warning: Theorems/Thm_StickyKakeya4_lossless_edge_flow_carleson.lean:94:40: This simp argument is unused:
  hp

Hint: Omit it from the simp argument list.
  [apply] simp

Note: This linter can be disabled with `set_option linter.unusedSimpArgs false`
warning: Theorems/Thm_StickyKakeya4_lossless_edge_flow_carleson.lean:172:18: try 'simp' instead of 'simpa'

Note: This linter can be disabled with `set_option linter.unnecessarySimpa false`
warning: Theorems/Thm_StickyKakeya4_lossless_edge_flow_carleson.lean:176:37: try 'simp' instead of 'simpa'

Note: This linter can be disabled with `set_option linter.unnecessarySimpa false`
warning: Theorems/Thm_StickyKakeya4_lossless_edge_flow_carleson.lean:211:56: try 'simp' instead of 'simpa'

Note: This linter can be disabled with `set_option linter.unnecessarySimpa false`
warning: Theorems/Thm_StickyKakeya4_lossless_edge_flow_carleson.lean:197:20: This simp argument is unused:
  hp

Hint: Omit it from the simp argument list.
  [apply] simp

Note: This linter can be disabled with `set_option linter.unusedSimpArgs false`
warning: Theorems/Thm_StickyKakeya4_lossless_edge_flow_carleson.lean:198:22: This simp argument is unused:
  hp

Hint: Omit it from the simp argument list.
  [apply] simp

Note: This linter can be disabled with `set_option linter.unusedSimpArgs false`
warning: Theorems/Thm_StickyKakeya4_lossless_edge_flow_carleson.lean:206:40: This simp argument is unused:
  hp

Hint: Omit it from the simp argument list.
  [apply] simp

Note: This linter can be disabled with `set_option linter.unusedSimpArgs false`
⚠ [8716/8730] Built Theorems.Thm_StickyKakeya4_dimension_witness_extraction (169s)
warning: Theorems/Thm_StickyKakeya4_dimension_witness_extraction.lean:266:2: `push_neg` has been deprecated. Prefer using `push Not` instead.
If you'd rather continue using `push_neg` in your project, you can implement it as follows:
```
open Lean.Parser.Tactic in
macro "push_neg" cfg:optConfig loc:(location)? : tactic =>
  `(tactic| push $cfg:optConfig Not $[$loc]?)
```
⚠ [8717/8730] Built Theorems.Thm_StickyKakeya4_canonical_sphere_measure (37s)
warning: Theorems/Thm_StickyKakeya4_canonical_sphere_measure.lean:18:4: try 'simp' instead of 'simpa'

Note: This linter can be disabled with `set_option linter.unnecessarySimpa false`
warning: Theorems/Thm_StickyKakeya4_canonical_sphere_measure.lean:636:2: `push_neg` has been deprecated. Prefer using `push Not` instead.
If you'd rather continue using `push_neg` in your project, you can implement it as follows:
```
open Lean.Parser.Tactic in
macro "push_neg" cfg:optConfig loc:(location)? : tactic =>
  `(tactic| push $cfg:optConfig Not $[$loc]?)
```
warning: Theorems/Thm_StickyKakeya4_canonical_sphere_measure.lean:957:4: try 'simp' instead of 'simpa'

Note: This linter can be disabled with `set_option linter.unnecessarySimpa false`
warning: Theorems/Thm_StickyKakeya4_canonical_sphere_measure.lean:965:48: Variable name `hr` is not explicitly referenced.

Hint: The binding can be removed (if unused) or named `_` (if used implicitly). Alternatively, prefix the name with `_` to silence this warning:
  [apply] _hr

Note: This linter can be disabled with `set_option linter.unusedVariables false`
⚠ [8718/8730] Built Theorems.Thm_StickyKakeya4_front_parameter_probability (35s)
warning: Theorems/Thm_StickyKakeya4_front_parameter_probability.lean:30:4: Try `simp at this` instead of `simpa using this`

Note: This linter can be disabled with `set_option linter.unnecessarySimpa false`
warning: Theorems/Thm_StickyKakeya4_front_parameter_probability.lean:79:42: Variable name `hdelta` is not explicitly referenced.

Hint: The binding can be removed (if unused) or named `_` (if used implicitly). Alternatively, prefix the name with `_` to silence this warning:
  [apply] _hdelta

Note: This linter can be disabled with `set_option linter.unusedVariables false`
warning: Theorems/Thm_StickyKakeya4_front_parameter_probability.lean:92:49: Used `tac1 <;> tac2` where `(tac1; tac2)` would suffice

Note: This linter can be disabled with `set_option linter.unnecessarySeqFocus false`
info: Theorems/Thm_StickyKakeya4_front_parameter_probability.lean:117:0: Error in Linarith.normalizeDenominatorsLHS: Expr.rewrite may not produce subgoals.
✔ [8719/8730] Built Theorems.Thm_StickyKakeya4_selector_carrier_measure (35s)
⚠ [8720/8730] Built Theorems.Thm_StickyKakeya4_selector_covering_lower_bound (61s)
warning: Theorems/Thm_StickyKakeya4_selector_covering_lower_bound.lean:24:42: Variable name `hr` is not explicitly referenced.

Hint: The binding can be removed (if unused) or named `_` (if used implicitly). Alternatively, prefix the name with `_` to silence this warning:
  [apply] _hr

Note: This linter can be disabled with `set_option linter.unusedVariables false`
✔ [8721/8730] Built Theorems.Thm_StickyKakeya4_positive_carrier_piece (61s)
⚠ [8722/8730] Built Theorems.Thm_StickyKakeya4_contact_symplectic_edge_flow_certificate_existence (63s)
warning: Theorems/Thm_StickyKakeya4_contact_symplectic_edge_flow_certificate_existence.lean:43:5: Variable name `hsource` is not explicitly referenced.

Hint: The binding can be removed (if unused) or named `_` (if used implicitly). Alternatively, prefix the name with `_` to silence this warning:
  [apply] _hsource

Note: This linter can be disabled with `set_option linter.unusedVariables false`
warning: Theorems/Thm_StickyKakeya4_contact_symplectic_edge_flow_certificate_existence.lean:43:32: Variable name `hK` is not explicitly referenced.

Hint: The binding can be removed (if unused) or named `_` (if used implicitly). Alternatively, prefix the name with `_` to silence this warning:
  [apply] _hK

Note: This linter can be disabled with `set_option linter.unusedVariables false`
warning: Theorems/Thm_StickyKakeya4_contact_symplectic_edge_flow_certificate_existence.lean:43:45: Variable name `hW` is not explicitly referenced.

Hint: The binding can be removed (if unused) or named `_` (if used implicitly). Alternatively, prefix the name with `_` to silence this warning:
  [apply] _hW

Note: This linter can be disabled with `set_option linter.unusedVariables false`
warning: Theorems/Thm_StickyKakeya4_contact_symplectic_edge_flow_certificate_existence.lean:44:5: Variable name `hnormalLoss` is not explicitly referenced.

Hint: The binding can be removed (if unused) or named `_` (if used implicitly). Alternatively, prefix the name with `_` to silence this warning:
  [apply] _hnormalLoss

Note: This linter can be disabled with `set_option linter.unusedVariables false`
warning: Theorems/Thm_StickyKakeya4_contact_symplectic_edge_flow_certificate_existence.lean:122:2: `push_neg` has been deprecated. Prefer using `push Not` instead.
If you'd rather continue using `push_neg` in your project, you can implement it as follows:
```
open Lean.Parser.Tactic in
macro "push_neg" cfg:optConfig loc:(location)? : tactic =>
  `(tactic| push $cfg:optConfig Not $[$loc]?)
```
warning: Theorems/Thm_StickyKakeya4_contact_symplectic_edge_flow_certificate_existence.lean:508:18: Variable name `hθ` is not explicitly referenced.

Hint: The binding can be removed (if unused) or named `_` (if used implicitly). Alternatively, prefix the name with `_` to silence this warning:
  [apply] _hθ

Note: This linter can be disabled with `set_option linter.unusedVariables false`
warning: Theorems/Thm_StickyKakeya4_contact_symplectic_edge_flow_certificate_existence.lean:508:31: Variable name `hB` is not explicitly referenced.

Hint: The binding can be removed (if unused) or named `_` (if used implicitly). Alternatively, prefix the name with `_` to silence this warning:
  [apply] _hB

Note: This linter can be disabled with `set_option linter.unusedVariables false`
warning: Theorems/Thm_StickyKakeya4_contact_symplectic_edge_flow_certificate_existence.lean:661:5: Variable name `hc₀` is not explicitly referenced.

Hint: The binding can be removed (if unused) or named `_` (if used implicitly). Alternatively, prefix the name with `_` to silence this warning:
  [apply] _hc₀

Note: This linter can be disabled with `set_option linter.unusedVariables false`
warning: Theorems/Thm_StickyKakeya4_contact_symplectic_edge_flow_certificate_existence.lean:661:20: Variable name `hQ` is not explicitly referenced.

Hint: The binding can be removed (if unused) or named `_` (if used implicitly). Alternatively, prefix the name with `_` to silence this warning:
  [apply] _hQ

Note: This linter can be disabled with `set_option linter.unusedVariables false`
warning: Theorems/Thm_StickyKakeya4_contact_symplectic_edge_flow_certificate_existence.lean:1726:4: Try this:
  letI̵

The goal is a proposition, so `let` is preferred over `letI`.
The difference between `let` and `letI` is that `letI` inlines the value.
But this is not relevant for proofs because of proof irrelevance.

Note: This linter can be disabled with `set_option linter.style.haveILetI false`
warning: Theorems/Thm_StickyKakeya4_contact_symplectic_edge_flow_certificate_existence.lean:1906:5: Variable name `hpacking` is not explicitly referenced.

Hint: The binding can be removed (if unused) or named `_` (if used implicitly). Alternatively, prefix the name with `_` to silence this warning:
  [apply] _hpacking

Note: This linter can be disabled with `set_option linter.unusedVariables false`
⚠ [8723/8730] Built Theorems.Thm_StickyKakeya4_marked_carrier_inverse (103s)
warning: Theorems/Thm_StickyKakeya4_marked_carrier_inverse.lean:37:2: Try this:
  letI̵

The goal is a proposition, so `let` is preferred over `letI`.
The difference between `let` and `letI` is that `letI` inlines the value.
But this is not relevant for proofs because of proof irrelevance.

Note: This linter can be disabled with `set_option linter.style.haveILetI false`
warning: Theorems/Thm_StickyKakeya4_marked_carrier_inverse.lean:53:2: Try this:
  letI̵

The goal is a proposition, so `let` is preferred over `letI`.
The difference between `let` and `letI` is that `letI` inlines the value.
But this is not relevant for proofs because of proof irrelevance.

Note: This linter can be disabled with `set_option linter.style.haveILetI false`
✔ [8724/8730] Built Theorems.Thm_StickyKakeya4_wang_zakharov_finite_interface (41s)
⚠ [8725/8730] Built Theorems.Thm_StickyKakeya4_wz_common_slab_localization (57s)
warning: Theorems/Thm_StickyKakeya4_wz_common_slab_localization.lean:241:27: Used `tac1 <;> tac2` where `(tac1; tac2)` would suffice

Note: This linter can be disabled with `set_option linter.unnecessarySeqFocus false`
✔ [8726/8730] Built Theorems.Thm_StickyKakeya4_carrier_piece_probability (57s)
⚠ [8727/8730] Built Theorems.Thm_StickyKakeya4_wz_readback_bookkeeping (58s)
warning: Theorems/Thm_StickyKakeya4_wz_readback_bookkeeping.lean:285:2: `push_neg` has been deprecated. Prefer using `push Not` instead.
If you'd rather continue using `push_neg` in your project, you can implement it as follows:
```
open Lean.Parser.Tactic in
macro "push_neg" cfg:optConfig loc:(location)? : tactic =>
  `(tactic| push $cfg:optConfig Not $[$loc]?)
```
info: Theorems/Thm_StickyKakeya4_wz_readback_bookkeeping.lean:380:55: Try this:
  [apply] ring_nf

  The `ring` tactic failed to close the goal. Use `ring_nf` to obtain a normal form.

  Note that `ring` works primarily in *commutative* rings. If you have a noncommutative ring, abelian group or module, consider using `noncomm_ring`, `abel` or `module` instead.
warning: Theorems/Thm_StickyKakeya4_wz_readback_bookkeeping.lean:625:4: Try `simp at hpositiveNonempty` instead of `simpa using hpositiveNonempty`

Note: This linter can be disabled with `set_option linter.unnecessarySimpa false`
warning: Theorems/Thm_StickyKakeya4_wz_readback_bookkeeping.lean:678:8: Try `simp at hpositiveNonempty` instead of `simpa using hpositiveNonempty`

Note: This linter can be disabled with `set_option linter.unnecessarySimpa false`
warning: Theorems/Thm_StickyKakeya4_wz_readback_bookkeeping.lean:831:2: Try this:
  letI̵

The goal is a proposition, so `let` is preferred over `letI`.
The difference between `let` and `letI` is that `letI` inlines the value.
But this is not relevant for proofs because of proof irrelevance.

Note: This linter can be disabled with `set_option linter.style.haveILetI false`
warning: Theorems/Thm_StickyKakeya4_wz_readback_bookkeeping.lean:974:4: Try `simp at hnonempty` instead of `simpa using hnonempty`

Note: This linter can be disabled with `set_option linter.unnecessarySimpa false`
warning: Theorems/Thm_StickyKakeya4_wz_readback_bookkeeping.lean:1181:6: Used `tac1 <;> tac2` where `(tac1; tac2)` would suffice

Note: This linter can be disabled with `set_option linter.unnecessarySeqFocus false`
warning: Theorems/Thm_StickyKakeya4_wz_readback_bookkeeping.lean:1182:6: Used `tac1 <;> tac2` where `(tac1; tac2)` would suffice

Note: This linter can be disabled with `set_option linter.unnecessarySeqFocus false`
warning: Theorems/Thm_StickyKakeya4_wz_readback_bookkeeping.lean:1236:4: Unused tactic linter: `change lowerConstant * (ENNReal.ofReal q).rpow theta ≤ mass` does nothing

Note: This linter can be disabled with `set_option linter.unusedTactic false`
✔ [8728/8730] Built Theorems.Thm_StickyKakeya4_wz_boundary_concentration_packet (37s)
⚠ [8729/8730] Built Theorems.Thm_StickyKakeya4_wz_carrier_pruning (49s)
warning: Theorems/Thm_StickyKakeya4_wz_carrier_pruning.lean:1922:5: Variable name `hocc` is not explicitly referenced.

Hint: The binding can be removed (if unused) or named `_` (if used implicitly). Alternatively, prefix the name with `_` to silence this warning:
  [apply] _hocc

Note: This linter can be disabled with `set_option linter.unusedVariables false`
warning: Theorems/Thm_StickyKakeya4_wz_carrier_pruning.lean:2326:31: Variable name `ha` is not explicitly referenced.

Hint: The binding can be removed (if unused) or named `_` (if used implicitly). Alternatively, prefix the name with `_` to silence this warning:
  [apply] _ha

Note: This linter can be disabled with `set_option linter.unusedVariables false`
warning: Theorems/Thm_StickyKakeya4_wz_carrier_pruning.lean:2430:27: This simp argument is unused:
  Nat.cast_ofNat

Hint: Omit it from the simp argument list.
  [apply] simp only [Nat.cast_mul]

Note: This linter can be disabled with `set_option linter.unusedSimpArgs false`
warning: Theorems/Thm_StickyKakeya4_wz_carrier_pruning.lean:2514:8: try 'simp' instead of 'simpa'

Note: This linter can be disabled with `set_option linter.unnecessarySimpa false`
warning: Theorems/Thm_StickyKakeya4_wz_carrier_pruning.lean:2562:5: Variable name `htargetConstant` is not explicitly referenced.

Hint: The binding can be removed (if unused) or named `_` (if used implicitly). Alternatively, prefix the name with `_` to silence this warning:
  [apply] _htargetConstant

Note: This linter can be disabled with `set_option linter.unusedVariables false`
warning: Theorems/Thm_StickyKakeya4_wz_carrier_pruning.lean:2563:26: Variable name `hqTarget` is not explicitly referenced.

Hint: The binding can be removed (if unused) or named `_` (if used implicitly). Alternatively, prefix the name with `_` to silence this warning:
  [apply] _hqTarget

Note: This linter can be disabled with `set_option linter.unusedVariables false`
warning: Theorems/Thm_StickyKakeya4_wz_carrier_pruning.lean:3668:6: try 'simp' instead of 'simpa'

Note: This linter can be disabled with `set_option linter.unnecessarySimpa false`
warning: Theorems/Thm_StickyKakeya4_wz_carrier_pruning.lean:3747:2: Try this:
  letI̵

The goal is a proposition, so `let` is preferred over `letI`.
The difference between `let` and `letI` is that `letI` inlines the value.
But this is not relevant for proofs because of proof irrelevance.

Note: This linter can be disabled with `set_option linter.style.haveILetI false`
warning: Theorems/Thm_StickyKakeya4_wz_carrier_pruning.lean:4089:8: this tactic is never executed

Note: This linter can be disabled with `set_option linter.unreachableTactic false`
warning: Theorems/Thm_StickyKakeya4_wz_carrier_pruning.lean:4089:8: Unused tactic linter: `ring` does nothing

Note: This linter can be disabled with `set_option linter.unusedTactic false`
warning: Theorems/Thm_StickyKakeya4_wz_carrier_pruning.lean:4563:5: Variable name `hdelta` is not explicitly referenced.

Hint: The binding can be removed (if unused) or named `_` (if used implicitly). Alternatively, prefix the name with `_` to silence this warning:
  [apply] _hdelta

Note: This linter can be disabled with `set_option linter.unusedVariables false`
warning: Theorems/Thm_StickyKakeya4_wz_carrier_pruning.lean:4586:24: Used `tac1 <;> tac2` where `(tac1; tac2)` would suffice

Note: This linter can be disabled with `set_option linter.unnecessarySeqFocus false`
warning: Theorems/Thm_StickyKakeya4_wz_carrier_pruning.lean:5864:5: Variable name `hradius` is not explicitly referenced.

Hint: The binding can be removed (if unused) or named `_` (if used implicitly). Alternatively, prefix the name with `_` to silence this warning:
  [apply] _hradius

Note: This linter can be disabled with `set_option linter.unusedVariables false`
warning: Theorems/Thm_StickyKakeya4_wz_carrier_pruning.lean:5931:19: Variable name `ell` is not explicitly referenced.

Hint: The binding can be removed (if unused) or named `_` (if used implicitly). Alternatively, prefix the name with `_` to silence this warning:
  [apply] _ell

Note: This linter can be disabled with `set_option linter.unusedVariables false`
⚠ [8730/8730] Built Theorems.Thm_StickyKakeya4_cover_adapted_wang_zakharov_closure (25s)
warning: Theorems/Thm_StickyKakeya4_cover_adapted_wang_zakharov_closure.lean:24:5: Variable name `ambient` is not explicitly referenced.

Hint: The binding can be removed (if unused) or named `_` (if used implicitly). Alternatively, prefix the name with `_` to silence this warning:
  [apply] _ambient

Note: This linter can be disabled with `set_option linter.unusedVariables false`
warning: Theorems/Thm_StickyKakeya4_cover_adapted_wang_zakharov_closure.lean:24:13: Variable name `selector` is not explicitly referenced.

Hint: The binding can be removed (if unused) or named `_` (if used implicitly). Alternatively, prefix the name with `_` to silence this warning:
  [apply] _selector

Note: This linter can be disabled with `set_option linter.unusedVariables false`
warning: Theorems/Thm_StickyKakeya4_cover_adapted_wang_zakharov_closure.lean:541:37: Variable name `hAZero` is not explicitly referenced.

Hint: The binding can be removed (if unused) or named `_` (if used implicitly). Alternatively, prefix the name with `_` to silence this warning:
  [apply] _hAZero

Note: This linter can be disabled with `set_option linter.unusedVariables false`
warning: Theorems/Thm_StickyKakeya4_cover_adapted_wang_zakharov_closure.lean:585:4: Unused tactic linter: `change M * (2 * y).rpow d ≤ twoPower` does nothing

Note: This linter can be disabled with `set_option linter.unusedTactic false`
warning: Theorems/Thm_StickyKakeya4_cover_adapted_wang_zakharov_closure.lean:1159:2: Try this:
  letI̵

The goal is a proposition, so `let` is preferred over `letI`.
The difference between `let` and `letI` is that `letI` inlines the value.
But this is not relevant for proofs because of proof irrelevance.

Note: This linter can be disabled with `set_option linter.style.haveILetI false`
warning: Theorems/Thm_StickyKakeya4_cover_adapted_wang_zakharov_closure.lean:1244:4: try 'simp' instead of 'simpa'

Note: This linter can be disabled with `set_option linter.unnecessarySimpa false`
warning: Theorems/Thm_StickyKakeya4_cover_adapted_wang_zakharov_closure.lean:1223:49: This simp argument is unused:
  hseedMeasurable

Hint: Omit it from the simp argument list.
  [apply] simp [conditionedFinite, FiniteMeasure.mass]

Note: This linter can be disabled with `set_option linter.unusedSimpArgs false`
info: Theorems/Thm_StickyKakeya4_cover_adapted_wang_zakharov_closure.lean:1799:32: Try this:
  [apply] ring_nf

  The `ring` tactic failed to close the goal. Use `ring_nf` to obtain a normal form.

  Note that `ring` works primarily in *commutative* rings. If you have a noncommutative ring, abelian group or module, consider using `noncomm_ring`, `abel` or `module` instead.
info: Theorems/Thm_StickyKakeya4_cover_adapted_wang_zakharov_closure.lean:1809:35: Try this:
  [apply] ring_nf

  The `ring` tactic failed to close the goal. Use `ring_nf` to obtain a normal form.

  Note that `ring` works primarily in *commutative* rings. If you have a noncommutative ring, abelian group or module, consider using `noncomm_ring`, `abel` or `module` instead.
info: Theorems/Thm_StickyKakeya4_cover_adapted_wang_zakharov_closure.lean:1817:34: Try this:
  [apply] ring_nf

  The `ring` tactic failed to close the goal. Use `ring_nf` to obtain a normal form.

  Note that `ring` works primarily in *commutative* rings. If you have a noncommutative ring, abelian group or module, consider using `noncomm_ring`, `abel` or `module` instead.
warning: Theorems/Thm_StickyKakeya4_cover_adapted_wang_zakharov_closure.lean:1799:28: Used `tac1 <;> tac2` where `(tac1; tac2)` would suffice

Note: This linter can be disabled with `set_option linter.unnecessarySeqFocus false`
warning: Theorems/Thm_StickyKakeya4_cover_adapted_wang_zakharov_closure.lean:1809:31: Used `tac1 <;> tac2` where `(tac1; tac2)` would suffice

Note: This linter can be disabled with `set_option linter.unnecessarySeqFocus false`
warning: Theorems/Thm_StickyKakeya4_cover_adapted_wang_zakharov_closure.lean:1817:30: Used `tac1 <;> tac2` where `(tac1; tac2)` would suffice

Note: This linter can be disabled with `set_option linter.unnecessarySeqFocus false`
warning: Theorems/Thm_StickyKakeya4_cover_adapted_wang_zakharov_closure.lean:2579:37: `Set.mem_setOf_eq` has been deprecated: Use `Set.mem_ofPred_eq` instead
warning: Theorems/Thm_StickyKakeya4_cover_adapted_wang_zakharov_closure.lean:2580:4: This simp argument is unused:
  Prod.fst

Hint: Omit it from the simp argument list.
  [apply] simp only [differenceIncidenceSet, mem_setOf_eq, mem_preimage, mem_prod, Prod.snd]

Note: This linter can be disabled with `set_option linter.unusedSimpArgs false`
warning: Theorems/Thm_StickyKakeya4_cover_adapted_wang_zakharov_closure.lean:2580:14: This simp argument is unused:
  Prod.snd

Hint: Omit it from the simp argument list.
  [apply] simp only [differenceIncidenceSet, mem_setOf_eq, mem_preimage, mem_prod, Prod.fst]

Note: This linter can be disabled with `set_option linter.unusedSimpArgs false`
warning: Theorems/Thm_StickyKakeya4_cover_adapted_wang_zakharov_closure.lean:2933:6: try 'simp' instead of 'simpa'

Note: This linter can be disabled with `set_option linter.unnecessarySimpa false`
info: Theorems/Thm_StickyKakeya4_cover_adapted_wang_zakharov_closure.lean:3215:24: Try this:
  [apply] ring_nf

  The `ring` tactic failed to close the goal. Use `ring_nf` to obtain a normal form.

  Note that `ring` works primarily in *commutative* rings. If you have a noncommutative ring, abelian group or module, consider using `noncomm_ring`, `abel` or `module` instead.
warning: Theorems/Thm_StickyKakeya4_cover_adapted_wang_zakharov_closure.lean:3215:20: Used `tac1 <;> tac2` where `(tac1; tac2)` would suffice

Note: This linter can be disabled with `set_option linter.unnecessarySeqFocus false`
info: Theorems/Thm_StickyKakeya4_cover_adapted_wang_zakharov_closure.lean:3510:60: Try this:
  [apply] ring_nf

  The `ring` tactic failed to close the goal. Use `ring_nf` to obtain a normal form.

  Note that `ring` works primarily in *commutative* rings. If you have a noncommutative ring, abelian group or module, consider using `noncomm_ring`, `abel` or `module` instead.
warning: Theorems/Thm_StickyKakeya4_cover_adapted_wang_zakharov_closure.lean:3510:56: Used `tac1 <;> tac2` where `(tac1; tac2)` would suffice

Note: This linter can be disabled with `set_option linter.unnecessarySeqFocus false`
Build completed successfully (8730 jobs).

Command: STICKY_BUILD_JOBS=3 scripts/build-bounded.sh +Theorems.Thm_StickyKakeya4_cover_adapted_wang_zakharov_closure
Confirmed exit code: 0
