Started UTC: 2026-10-04T05:41:26.896946+00:00
Command: /workspace/scratch/5f2524fd4117/lean-tools/lean-4.33.1-linux/bin/lean -j1 -DautoImplicit=false -DwarningAsError=true verification/CriticalFamilyProjectionReadback.lean
'OriginalGoodGraphCapFraction.original_good_graph_external_cap_charge' depends on axioms: [propext,
 Classical.choice,
 Quot.sound]
'OriginalGoodGraphCapFraction.original_good_graph_cap_fraction' depends on axioms: [propext,
 Classical.choice,
 Quot.sound]
'NativeOriginalCapFractionBudget.exists_native_original_cap_fraction_budget' depends on axioms: [propext,
 Classical.choice,
 Quot.sound]
'NativeA2CriticalTubeFamily.exists_uniform_original_critical_tube_family' depends on axioms: [propext,
 Classical.choice,
 Quot.sound]
'OriginalCriticalCapParameterTransfer.original_critical_cap_population' depends on axioms: [propext,
 Classical.choice,
 Quot.sound]
'OriginalCriticalCapParameterTransfer.original_critical_cap_coarse_exponent' depends on axioms: [propext,
 Classical.choice,
 Quot.sound]
'OriginalTwoProjectionCartesian.same_scalar_code_close' depends on axioms: [propext, Classical.choice, Quot.sound]
'OriginalTwoProjectionCartesian.two_projection_distance' depends on axioms: [propext, Classical.choice, Quot.sound]
'OriginalTwoProjectionCartesian.original_code_fiber_card' depends on axioms: [propext, Classical.choice, Quot.sound]
'OriginalTwoProjectionCartesian.graph_subset_product' depends on axioms: [propext, Classical.choice, Quot.sound]
'OriginalTwoProjectionCartesian.original_graph_witness' depends on axioms: [propext, Classical.choice, Quot.sound]
'OriginalTwoProjectionCartesian.original_query_graph_mass' depends on axioms: [propext, Classical.choice, Quot.sound]
'OriginalTwoProjectionCartesian.small_projections_cartesian_density' depends on axioms: [propext,
 Classical.choice,
 Quot.sound]
'OriginalTwoProjectionCartesian.projection_linear_identity' depends on axioms: [propext, Classical.choice, Quot.sound]
'OriginalTwoProjectionCartesian.synthetic_projection_error' depends on axioms: [propext, Classical.choice, Quot.sound]
'OriginalTwoProjectionCover.perturbed_floor_image_card' depends on axioms: [propext, Classical.choice, Quot.sound]
'OriginalTwoProjectionCover.original_query_synthetic_cover' depends on axioms: [propext, Classical.choice, Quot.sound]
'OriginalTwoProjectionCover.weights_le_of_transverse' depends on axioms: [propext, Classical.choice, Quot.sound]
'OriginalTwoProjectionCover.original_transverse_query_cover' depends on axioms: [propext, Classical.choice, Quot.sound]
'OriginalTwoProjectionRealGraph.realPoint_injective' depends on axioms: [propext, Classical.choice, Quot.sound]
'OriginalTwoProjectionRealGraph.real_graph_card' depends on axioms: [propext, Classical.choice, Quot.sound]
'OriginalTwoProjectionRealGraph.real_alphabet_card' depends on axioms: [propext, Classical.choice, Quot.sound]
'OriginalTwoProjectionRealGraph.real_graph_subset_product' depends on axioms: [propext, Classical.choice, Quot.sound]
'OriginalTwoProjectionRealGraph.real_alphabet_separated' depends on axioms: [propext, Classical.choice, Quot.sound]
'OriginalTwoProjectionRealGraph.real_alphabet_unit_box' depends on axioms: [propext, Classical.choice, Quot.sound]
'OriginalTwoProjectionRealGraph.real_graph_original_witness' depends on axioms: [propext, Classical.choice, Quot.sound]
'OriginalTwoProjectionRealGraph.rounded_linearValue_realPoint' depends on axioms: [propext,
 Classical.choice,
 Quot.sound]
'OriginalTwoProjectionRealGraph.real_query_cover' depends on axioms: [propext, Classical.choice, Quot.sound]
'OriginalTwoProjectionRealGraph.original_query_collision_energy' depends on axioms: [propext,
 Classical.choice,
 Quot.sound]
'OriginalHeightLogBudget.original_height_level_count_log_envelope' depends on axioms: [propext,
 Classical.choice,
 Quot.sound]
'OriginalHeightLogBudget.exists_original_height_budget_cutoff' depends on axioms: [propext,
 Classical.choice,
 Quot.sound]
'OriginalHeightLogBudget.exists_original_source_budget_cutoff' depends on axioms: [propext,
 Classical.choice,
 Quot.sound]

Confirmed exit code: 0
