'ProjectionPairSlopeInterval.horizontal_le_radius_add_vertical' depends on axioms: [propext,
 Classical.choice,
 Quot.sound]
'ProjectionPairSlopeInterval.vertical_ge_half_distance' depends on axioms: [propext, Classical.choice, Quot.sound]
'ProjectionPairSlopeInterval.actual_slope_interval' depends on axioms: [propext, Classical.choice, Quot.sound]
'ProjectionPairSlopeInterval.slope_radius_query_range' depends on axioms: [propext, Classical.choice, Quot.sound]
'ProjectionPairSlopeInterval.bounded_point_pair_slope_interval' depends on axioms: [propext,
 Classical.choice,
 Quot.sound]
'ProjectionPairSlopeInterval.actual_slope_fiber_subset' depends on axioms: [propext, Classical.choice, Quot.sound]
'ProjectionPairSlopeInterval.actual_slope_fiber_card_le' depends on axioms: [propext, Classical.choice, Quot.sound]
'ProjectionAnnulusEnergy.distance_nonneg' depends on axioms: [propext, Classical.choice, Quot.sound]
'ProjectionAnnulusEnergy.distance_comm' depends on axioms: [propext, Classical.choice, Quot.sound]
'ProjectionAnnulusEnergy.distance_le_two' depends on axioms: [propext, Classical.choice, Quot.sound]
'ProjectionAnnulusEnergy.mesh_pos' depends on axioms: [propext, Classical.choice, Quot.sound]
'ProjectionAnnulusEnergy.annulusScale_pos' depends on axioms: [propext, Classical.choice, Quot.sound]
'ProjectionAnnulusEnergy.mesh_le_annulusScale' depends on axioms: [propext, Classical.choice, Quot.sound]
'ProjectionAnnulusEnergy.exists_annulus' depends on axioms: [propext, Classical.choice, Quot.sound]
'ProjectionAnnulusEnergy.point_ball_bound_all' depends on axioms: [propext, Classical.choice, Quot.sound]
'ProjectionAnnulusEnergy.annular_pairs_card_bound' depends on axioms: [propext, Classical.choice, Quot.sound]
'ProjectionAnnulusEnergy.annular_slope_fiber_bound' depends on axioms: [propext, Classical.choice, Quot.sound]
'ProjectionAnnulusEnergy.annular_energy_bound' depends on axioms: [propext, Classical.choice, Quot.sound]
'ProjectionAnnulusEnergy.near_pairs_bound' depends on axioms: [propext, Classical.choice, Quot.sound]
'ProjectionAnnulusEnergy.energy_eq_pair_sum' depends on axioms: [propext, Classical.choice, Quot.sound]
'ProjectionAnnulusEnergy.energy_le_annular_sum' depends on axioms: [propext, Classical.choice, Quot.sound]
'ProjectionAnnulusEnergy.kaufman_pair_energy' depends on axioms: [propext, Classical.choice, Quot.sound]
'ProjectionHeavyCells.heavy_subset' depends on axioms: [propext, Classical.choice, Quot.sound]
'ProjectionHeavyCells.heavy_point_far_population' depends on axioms: [propext, Classical.choice, Quot.sound]
'ProjectionHeavyCells.heavy_mass_le_far_pairs' depends on axioms: [propext, Classical.choice, Quot.sound]
'ProjectionHeavyCells.card_far_pairs_eq_sum' depends on axioms: [propext, Classical.choice, Quot.sound]
'ProjectionHeavyCells.same_floor_difference' depends on axioms: [propext, Classical.choice, Quot.sound]
'ProjectionHeavyCells.projection_heavy_mass_le_far_pairs' depends on axioms: [propext, Classical.choice, Quot.sound]
'ProjectionHeavyCells.badUnion_subset' depends on axioms: [propext, Classical.choice, Quot.sound]
'ProjectionHeavyCells.retained_subset' depends on axioms: [propext, Classical.choice, Quot.sound]
'ProjectionHeavyCells.badUnion_card_le_sum' depends on axioms: [propext, Classical.choice, Quot.sound]
'ProjectionHeavyCells.retained_original_cell_bound' depends on axioms: [propext, Classical.choice, Quot.sound]
'ProjectionHeavyCells.good_slopes_of_bad_budget' depends on axioms: [propext, Classical.choice, Quot.sound]
'ProjectionHeavyCells.retained_card_of_good' depends on axioms: [propext, Classical.choice, Quot.sound]
'ProjectionHeavyCells.floor_two_interval' depends on axioms: [propext, Classical.choice, Quot.sound]
'ProjectionHeavyCells.retained_interval_bound' depends on axioms: [propext, Classical.choice, Quot.sound]
'FiniteKaufmanProjection.scale_ge_mesh' depends on axioms: [propext, Classical.choice, Quot.sound]
'FiniteKaufmanProjection.scales_card_le' depends on axioms: [propext, Classical.choice, Quot.sound]
'FiniteKaufmanProjection.threshold_pos' depends on axioms: [propext, Classical.choice, Quot.sound]
'FiniteKaufmanProjection.threshold_ge_eight' depends on axioms: [propext, Classical.choice, Quot.sound]
'FiniteKaufmanProjection.heavy_row_bound' depends on axioms: [propext, Classical.choice, Quot.sound]
'FiniteKaufmanProjection.actual_bad_budget' depends on axioms: [propext, Classical.choice, Quot.sound]
'FiniteKaufmanProjection.exists_query_scale' depends on axioms: [propext, Classical.choice, Quot.sound]
'FiniteKaufmanProjection.finite_kaufman_projection' depends on axioms: [propext, Classical.choice, Quot.sound]
'NativeDyadicTubeStopping.scale_pos' depends on axioms: [propext, Classical.choice, Quot.sound]
'NativeDyadicTubeStopping.scale_zero' depends on axioms: [propext, Classical.choice, Quot.sound]
'NativeDyadicTubeStopping.scale_mono' depends on axioms: [propext, Classical.choice, Quot.sound]
'NativeDyadicTubeStopping.scale_strictMono' depends on axioms: [propext, Classical.choice, Quot.sound]
'NativeDyadicTubeStopping.scale_le_iff' depends on axioms: [propext, Classical.choice, Quot.sound]
'NativeDyadicTubeStopping.scale_add' depends on axioms: [propext, Classical.choice, Quot.sound]
'NativeDyadicTubeStopping.scale_ratio' depends on axioms: [propext, Classical.choice, Quot.sound]
'NativeDyadicTubeStopping.scale_min' depends on axioms: [propext, Classical.choice, Quot.sound]
'NativeDyadicTubeStopping.adProfileConstant_ge_one' depends on axioms: [propext, Classical.choice, Quot.sound]
'NativeDyadicTubeStopping.exists_stopped_profile' depends on axioms: [propext, Classical.choice, Quot.sound]
'NativeDyadicTubeStopping.mem_pairMenu' depends on axioms: [propext, Classical.choice, Quot.sound]
'NativeDyadicTubeStopping.exists_stopping_selector' depends on axioms: [propext, Classical.choice, Quot.sound]
'NativeDyadicTubeStopping.trace_grid_image' depends on axioms: [propext, Classical.choice, Quot.sound]
'NativeDyadicTubeStopping.traceBound_image_of_profile' depends on axioms: [propext, Classical.choice, Quot.sound]
'NativeDyadicTubeStopping.position_image_profile' depends on axioms: [propext, Classical.choice, Quot.sound]
'NativeDyadicTubeStopping.StoppedProfile.loss_ge_one' depends on axioms: [propext, Classical.choice, Quot.sound]
'NativeDyadicTubeStopping.StoppedProfile.nested_trace_bound' depends on axioms: [propext, Classical.choice, Quot.sound]
'NativeDyadicTubeStopping.StoppedProfile.native_queries' depends on axioms: [propext, Classical.choice, Quot.sound]
'NativeDyadicTubeStopping.native_grid_extent' depends on axioms: [propext, Classical.choice, Quot.sound]
'NativeDyadicTubeStopping.StoppedProfile.native_quantizer_queries' depends on axioms: [propext,
 Classical.choice,
 Quot.sound]
'NativeDyadicTubeEpoch.index_card_pos' depends on axioms: [propext, Classical.choice, Quot.sound]
'NativeDyadicTubeEpoch.index_card_le' depends on axioms: [propext, Classical.choice, Quot.sound]
'NativeDyadicTubeEpoch.spatialConstant_pos' depends on axioms: [propext, Classical.choice, Quot.sound]
'NativeDyadicTubeEpoch.pruningRate_pos' depends on axioms: [propext, Classical.choice, Quot.sound]
'NativeDyadicTubeEpoch.realThreshold_pos' depends on axioms: [propext, Classical.choice, Quot.sound]
'NativeDyadicTubeEpoch.source_card' depends on axioms: [propext, Classical.choice, Quot.sound]
'NativeDyadicTubeEpoch.source_grid_image' depends on axioms: [propext, Classical.choice, Quot.sound]
'NativeDyadicTubeEpoch.original_card_lower' depends on axioms: [propext, Classical.choice, Quot.sound]
'NativeDyadicTubeEpoch.budget_quarter' depends on axioms: [propext, Classical.choice, Quot.sound]
'NativeDyadicTubeEpoch.actual_profile' depends on axioms: [propext, Classical.choice, Quot.sound]
'NativeDyadicTubeEpoch.exists_native_disjoint_epoch' depends on axioms: [propext, Classical.choice, Quot.sound]
'OriginalWWitnessCounts.mem_tubesAt' depends on axioms: [propext, Classical.choice, Quot.sound]
'OriginalWWitnessCounts.mem_pointsAt' depends on axioms: [propext, Classical.choice, Quot.sound]
'OriginalWWitnessCounts.card_biUnion_le_real' depends on axioms: [propext, Classical.choice, Quot.sound]
'OriginalWWitnessCounts.path_mem_backward' depends on axioms: [propext, Classical.choice, Quot.sound]
'OriginalWWitnessCounts.backwardPaths_card_le' depends on axioms: [propext, Classical.choice, Quot.sound]
'OriginalWWitnessCounts.path_mem_forward' depends on axioms: [propext, Classical.choice, Quot.sound]
'OriginalWWitnessCounts.forwardPaths_card_le' depends on axioms: [propext, Classical.choice, Quot.sound]
'OriginalWWitnessCounts.witness_conditions' depends on axioms: [propext, Classical.choice, Quot.sound]
'OriginalWWitnessCounts.allBackward_card_le' depends on axioms: [propext, Classical.choice, Quot.sound]
'OriginalWWitnessCounts.mem_pairedExtensions' depends on axioms: [propext, Classical.choice, Quot.sound]
'OriginalWWitnessCounts.pairedExtensions_card_le' depends on axioms: [propext, Classical.choice, Quot.sound]
'OriginalWWitnessCounts.outgoingTest_subset_extensions' depends on axioms: [propext, Classical.choice, Quot.sound]
'OriginalWWitnessCounts.outgoingTest_card_le' depends on axioms: [propext, Classical.choice, Quot.sound]
'OriginalWWitnessCounts.outgoing_card_le' depends on axioms: [propext, Classical.choice, Quot.sound]
'OriginalWWitnessCounts.menuFiber_subset_extensions' depends on axioms: [propext, Classical.choice, Quot.sound]
'OriginalWWitnessCounts.menuFiber_card_le' depends on axioms: [propext, Classical.choice, Quot.sound]
'FinePointSlabGeometry.exists_unit_annihilator' depends on axioms: [propext, Classical.choice, Quot.sound]
'FinePointSlabGeometry.annihilator_abs_le_infDist' depends on axioms: [propext, Classical.choice, Quot.sound]
'FinePointSlabGeometry.coarse_bad_implies_fine_affine_slab' depends on axioms: [propext, Classical.choice, Quot.sound]
'FinePointSlabGeometry.fine_coarse_error_of_actual_direction' depends on axioms: [propext, Classical.choice, Quot.sound]
'FinePointSlabGeometry.card_le_real_mul_of_fibers' depends on axioms: [propext, Classical.choice, Quot.sound]
'FinePointSlabGeometry.fine_label_population_pullback' depends on axioms: [propext, Classical.choice, Quot.sound]
'FinePointSlabGeometry.tube_degree_of_fine_labels' depends on axioms: [propext, Classical.choice, Quot.sound]
'FinePointSlabGeometry.tube_slab_of_fine_frostman' depends on axioms: [propext, Classical.choice, Quot.sound]
'FinePointSlabGeometry.fine_population_of_realizing_tubes' depends on axioms: [propext, Classical.choice, Quot.sound]
'FinePointSlabGeometry.tube_slab_with_original_degree' depends on axioms: [propext, Classical.choice, Quot.sound]
'OriginalWCoarseEscapeMenus.mem_coreOutgoing' depends on axioms: [propext, Classical.choice, Quot.sound]
'OriginalWCoarseEscapeMenus.coarse_menu_has_original_partner' depends on axioms: [propext, Classical.choice, Quot.sound]
'OriginalWCoarseEscapeMenus.badCoreWitnesses_card_le' depends on axioms: [propext, Classical.choice, Quot.sound]
'OriginalWCoarseEscapeMenus.escapingMenus_card_bound' depends on axioms: [propext, Classical.choice, Quot.sound]
'OriginalWCoarseEscapeMenus.witnesses_nonempty' depends on axioms: [propext, Classical.choice, Quot.sound]
'OriginalWCoarseEscapeMenus.exists_original_rich_core' depends on axioms: [propext, Classical.choice, Quot.sound]
'OriginalWCoarseEscapeMenus.exists_escaping_core_of_point_slabs' depends on axioms: [propext,
 Classical.choice,
 Quot.sound]
'OriginalWCoarseEscapeMenus.exists_escaping_core_of_fine_frostman' depends on axioms: [propext,
 Classical.choice,
 Quot.sound]
'DyadicHeightBoundaryPadding.lower_margin_count' depends on axioms: [propext, Classical.choice, Quot.sound]
'DyadicHeightBoundaryPadding.upper_margin_count' depends on axioms: [propext, Classical.choice, Quot.sound]
'DyadicHeightBoundaryPadding.bad_residue_count' depends on axioms: [propext, Classical.choice, Quot.sound]
'DyadicHeightBoundaryPadding.bad_indices_count_nat' depends on axioms: [propext, Classical.choice, Quot.sound]
'DyadicHeightBoundaryPadding.bad_indices_count' depends on axioms: [propext, Classical.choice, Quot.sound]
'DyadicHeightBoundaryPadding.sum_two_pow_le' depends on axioms: [propext, Classical.choice, Quot.sound]
'DyadicHeightBoundaryPadding.dyadic_reciprocal_sum' depends on axioms: [propext, Classical.choice, Quot.sound]
'DyadicHeightBoundaryPadding.bad_union_count' depends on axioms: [propext, Classical.choice, Quot.sound]
'DyadicHeightBoundaryPadding.bad_union_subset' depends on axioms: [propext, Classical.choice, Quot.sound]
'DyadicHeightBoundaryPadding.padded_subset' depends on axioms: [propext, Classical.choice, Quot.sound]
'DyadicHeightBoundaryPadding.padded_retention' depends on axioms: [propext, Classical.choice, Quot.sound]
'DyadicHeightBoundaryPadding.padded_residue_bounds' depends on axioms: [propext, Classical.choice, Quot.sound]
'DyadicHeightBoundaryPadding.different_cells_separated' depends on axioms: [propext, Classical.choice, Quot.sound]
'DyadicHeightBoundaryPadding.integer_height_separation' depends on axioms: [propext, Classical.choice, Quot.sound]
'DyadicHeightBoundaryPadding.padded_field_bound' depends on axioms: [propext, Classical.choice, Quot.sound]
'DyadicHeightBoundaryPadding.height_difference' depends on axioms: [propext, Classical.choice, Quot.sound]
'DyadicHeightBoundaryPadding.numerical_padding_parameters' depends on axioms: [propext, Classical.choice, Quot.sound]
'DyadicHeightBoundaryPadding.exists_padded_lipschitz' depends on axioms: [propext, Classical.choice, Quot.sound]
'DyadicHeightCutoffSelection.exists_working_cutoff' depends on axioms: [propext, Classical.choice, Quot.sound]
'DyadicHeightCutoffSelection.padded_lipschitz_of_feasible_cutoff' depends on axioms: [propext,
 Classical.choice,
 Quot.sound]
'DyadicHeightCutoffSelection.exists_padded_lipschitz_from_full_grid' depends on axioms: [propext,
 Classical.choice,
 Quot.sound]
'CumulativeMassRounding.massPrefix_succ' depends on axioms: [propext, Classical.choice, Quot.sound]
'CumulativeMassRounding.level_step' depends on axioms: [propext, Classical.choice, Quot.sound]
'CumulativeMassRounding.selected_subset' depends on axioms: [propext, Classical.choice, Quot.sound]
'CumulativeMassRounding.selected_positive_weight' depends on axioms: [propext, Classical.choice, Quot.sound]
'CumulativeMassRounding.selected_card_eq_level' depends on axioms: [propext, Classical.choice, Quot.sound]
'CumulativeMassRounding.selected_mass_bounds' depends on axioms: [propext, Classical.choice, Quot.sound]
'CumulativeMassRounding.mem_window' depends on axioms: [propext, Classical.choice, Quot.sound]
'CumulativeMassRounding.massPrefix_sub' depends on axioms: [propext, Classical.choice, Quot.sound]
'CumulativeMassRounding.window_card' depends on axioms: [propext, Classical.choice, Quot.sound]
'CumulativeMassRounding.window_mass_bounds' depends on axioms: [propext, Classical.choice, Quot.sound]
'CumulativeMassRounding.rich_selected_count' depends on axioms: [propext, Classical.choice, Quot.sound]
'ActualMassRoundedSelection.binMass_nonneg' depends on axioms: [propext, Classical.choice, Quot.sound]
'ActualMassRoundedSelection.total_mass' depends on axioms: [propext, Classical.choice, Quot.sound]
'ActualMassRoundedSelection.exists_original_representatives' depends on axioms: [propext, Classical.choice, Quot.sound]
'ActualMassRoundedSelection.selected_occupied' depends on axioms: [propext, Classical.choice, Quot.sound]
'ActualMassRoundedSelection.rounded_interval_card' depends on axioms: [propext, Classical.choice, Quot.sound]
'ActualMassRoundedSelection.exists_mass_rounded_source' depends on axioms: [propext, Classical.choice, Quot.sound]
'SeparatedRoundedBins.exists_residue_subfamily' depends on axioms: [propext, Classical.choice, Quot.sound]
'SeparatedRoundedBins.actual_position_separation' depends on axioms: [propext, Classical.choice, Quot.sound]
'SeparatedRoundedBins.exists_separated_representatives' depends on axioms: [propext, Classical.choice, Quot.sound]

Command: /workspace/shared/lean-tools/elan/toolchains/leanprover--lean4---v4.33.1/bin/lean -j1 -DautoImplicit=false -DwarningAsError=true verification/WZEpochsKaufmanReadback.lean
Confirmed exit code: 0
