'FinitePlaneProjectionGrid.mesh_pos' depends on axioms: [propext, Classical.choice, Quot.sound]
'FinitePlaneProjectionGrid.slopes_card' depends on axioms: [propext, Classical.choice, Quot.sound]
'FinitePlaneProjectionGrid.mesh_mul_slopes_card' depends on axioms: [propext, Classical.choice, Quot.sound]
'FinitePlaneProjectionGrid.slopes_card_pos' depends on axioms: [propext, Classical.choice, Quot.sound]
'FinitePlaneProjectionGrid.parameters_card' depends on axioms: [propext, Classical.choice, Quot.sound]
'FinitePlaneProjectionGrid.slope_abs_le_one' depends on axioms: [propext, Classical.choice, Quot.sound]
'FinitePlaneProjectionGrid.slope_interval_count' depends on axioms: [propext, Classical.choice, Quot.sound]
'FinitePlaneProjectionGrid.vertical_half_of_collision' depends on axioms: [propext, Classical.choice, Quot.sound]
'FinitePlaneProjectionGrid.residual_slope_interval' depends on axioms: [propext, Classical.choice, Quot.sound]
'FinitePlaneProjectionGrid.collision_count_far' depends on axioms: [propext, Classical.choice, Quot.sound]
'FinitePlaneProjectionGrid.collision_count' depends on axioms: [propext, Classical.choice, Quot.sound]
'FinitePlaneProjectionGrid.product_filter_card_sum' depends on axioms: [propext, Classical.choice, Quot.sound]
'FinitePlaneProjectionGrid.scalar_affine_count' depends on axioms: [propext, Classical.choice, Quot.sound]
'FinitePlaneProjectionGrid.affine_strip_count_second' depends on axioms: [propext, Classical.choice, Quot.sound]
'FinitePlaneProjectionGrid.product_filter_card_sum_right' depends on axioms: [propext, Classical.choice, Quot.sound]
'FinitePlaneProjectionGrid.affine_strip_count_first' depends on axioms: [propext, Classical.choice, Quot.sound]
'FinitePlaneProjectionGrid.constant_bound_of_strip' depends on axioms: [propext, Classical.choice, Quot.sound]
'FinitePlaneProjectionGrid.strip_large_gradient' depends on axioms: [propext, Classical.choice, Quot.sound]
'FinitePlaneProjectionGrid.affine_strip_count' depends on axioms: [propext, Classical.choice, Quot.sound]
'FinitePlaneProjectionGrid.projected_determinant_identity' depends on axioms: [propext, Classical.choice, Quot.sound]
'FinitePlaneProjectionGrid.projected_triangle_count' depends on axioms: [propext, Classical.choice, Quot.sound]
'FinitePlaneProjectionGrid.dist3_eq_norm' depends on axioms: [propext, Classical.choice, Quot.sound]
'FinitePlaneProjectionGrid.pairParameters_iff' depends on axioms: [propext, Classical.choice, Quot.sound]
'FinitePlaneProjectionGrid.exists_shell' depends on axioms: [propext, Classical.choice, Quot.sound]
'FinitePlaneProjectionGrid.two_pow_reciprocal' depends on axioms: [propext, Classical.choice, Quot.sound]
'FinitePlaneProjectionGrid.finite_geometric_le_two' depends on axioms: [propext, Classical.choice, Quot.sound]
'FinitePlaneProjectionGrid.shell_pair_count' depends on axioms: [propext, Classical.choice, Quot.sound]
'FinitePlaneProjectionGrid.shell_energy_bound' depends on axioms: [propext, Classical.choice, Quot.sound]
'FinitePlaneProjectionGrid.sum_le_near_add_shells' depends on axioms: [propext, Classical.choice, Quot.sound]
'FinitePlaneProjectionGrid.point_energy_bound' depends on axioms: [propext, Classical.choice, Quot.sound]
'FinitePlaneProjectionGrid.collision_fubini' depends on axioms: [propext, Classical.choice, Quot.sound]
'FinitePlaneProjectionGrid.actual_KT1_collision_energy' depends on axioms: [propext, Classical.choice, Quot.sound]
'FinitePlaneProjectionGrid.same_floor_close' depends on axioms: [propext, Classical.choice, Quot.sound]
'FinitePlaneProjectionGrid.same_projected_cell_close' depends on axioms: [propext, Classical.choice, Quot.sound]
'FinitePlaneProjectionGrid.projected_cell_energy' depends on axioms: [propext, Classical.choice, Quot.sound]
'FinitePlaneProjectionGrid.parameters_nonempty' depends on axioms: [propext, Classical.choice, Quot.sound]
'FinitePlaneProjectionGrid.exists_le_average' depends on axioms: [propext, Classical.choice, Quot.sound]
'FinitePlaneProjectionGrid.exists_large_projected_image' depends on axioms: [propext, Classical.choice, Quot.sound]
'FinitePlaneProjectionGrid.triples_card' depends on axioms: [propext, Classical.choice, Quot.sound]
'FinitePlaneProjectionGrid.actual_triangle_parameter_count' depends on axioms: [propext, Classical.choice, Quot.sound]
'FinitePlaneProjectionGrid.triangle_fubini' depends on axioms: [propext, Classical.choice, Quot.sound]
'FinitePlaneProjectionGrid.original_triangle_projection_budget' depends on axioms: [propext,
 Classical.choice,
 Quot.sound]
'FinitePlaneProjectionGrid.exists_joint_average' depends on axioms: [propext, Classical.choice, Quot.sound]
'FinitePlaneProjectionGrid.exists_common_projection' depends on axioms: [propext, Classical.choice, Quot.sound]
'FinitePlaneProjectionGrid.determinant_bound_normal' depends on axioms: [propext, Classical.choice, Quot.sound]
'FinitePlaneProjectionGrid.secant_line_residual' depends on axioms: [propext, Classical.choice, Quot.sound]
'FinitePlaneProjectionGrid.triangle_in_line_strip' depends on axioms: [propext, Classical.choice, Quot.sound]
'FinitePlaneProjectionGrid.bounded_projected_point' depends on axioms: [propext, Classical.choice, Quot.sound]
'FinitePlaneProjectionGrid.projected_line_strip_cube' depends on axioms: [propext, Classical.choice, Quot.sound]
'FinitePlaneProjectionGrid.triple_filter_card' depends on axioms: [propext, Classical.choice, Quot.sound]
'FinitePlaneProjectionGrid.original_degenerate_triple_count' depends on axioms: [propext, Classical.choice, Quot.sound]
'FinitePlaneProjectionGrid.exists_common_projection_line_control' depends on axioms: [propext,
 Classical.choice,
 Quot.sound]
'FinitePlaneProjectionGrid.line_strip_fraction_of_cube' depends on axioms: [propext, Classical.choice, Quot.sound]
'FinitePlaneProjectionGrid.exists_three_averages' depends on axioms: [propext, Classical.choice, Quot.sound]
'FinitePlaneProjectionGrid.image_lower_of_collision_bound' depends on axioms: [propext, Classical.choice, Quot.sound]
'FinitePlaneProjectionGrid.exists_common_two_images' depends on axioms: [propext, Classical.choice, Quot.sound]
'FinitePlaneProjectionGrid.exists_cell_representatives' depends on axioms: [propext, Classical.choice, Quot.sound]
'FinitePlaneProjectionGrid.line_fraction_to_original_subset' depends on axioms: [propext, Classical.choice, Quot.sound]
'FinitePlaneProjectionGrid.exists_common_original_subsets' depends on axioms: [propext, Classical.choice, Quot.sound]
'FinitePlaneProjectionGrid.actual_KT1_collision_energy_at_scale' depends on axioms: [propext,
 Classical.choice,
 Quot.sound]
'FinitePlaneProjectionGrid.scaleEnergy_nonneg' depends on axioms: [propext, Classical.choice, Quot.sound]
'FinitePlaneProjectionGrid.scaleEnergy_budget' depends on axioms: [propext, Classical.choice, Quot.sound]
'FinitePlaneProjectionGrid.heavyScale_subset' depends on axioms: [propext, Classical.choice, Quot.sound]
'FinitePlaneProjectionGrid.badScales_subset' depends on axioms: [propext, Classical.choice, Quot.sound]
'FinitePlaneProjectionGrid.retainedScales_subset' depends on axioms: [propext, Classical.choice, Quot.sound]
'FinitePlaneProjectionGrid.heavyScale_mass' depends on axioms: [propext, Classical.choice, Quot.sound]
'FinitePlaneProjectionGrid.badScales_mass' depends on axioms: [propext, Classical.choice, Quot.sound]
'FinitePlaneProjectionGrid.retainedScales_cell_bound' depends on axioms: [propext, Classical.choice, Quot.sound]
'FinitePlaneProjectionGrid.retainedScales_half' depends on axioms: [propext, Classical.choice, Quot.sound]
'FinitePlaneProjectionGrid.retainedScales_ball_bound' depends on axioms: [propext, Classical.choice, Quot.sound]
'FinitePlaneProjectionGrid.base_mem_dyadicScales' depends on axioms: [propext, Classical.choice, Quot.sound]
'FinitePlaneProjectionGrid.dyadicScales_ge_base' depends on axioms: [propext, Classical.choice, Quot.sound]
'FinitePlaneProjectionGrid.dyadicScales_card_bound' depends on axioms: [propext, Classical.choice, Quot.sound]
'FinitePlaneProjectionGrid.exists_dyadicScale' depends on axioms: [propext, Classical.choice, Quot.sound]
'FinitePlaneProjectionGrid.retainedScales_allscale_ball_bound' depends on axioms: [propext,
 Classical.choice,
 Quot.sound]
'FinitePlaneProjectionGrid.retainedScales_representatives' depends on axioms: [propext, Classical.choice, Quot.sound]
'FinitePlaneProjectionGrid.allscaleLoss_pos' depends on axioms: [propext, Classical.choice, Quot.sound]
'FinitePlaneProjectionGrid.allscaleLoss_ge' depends on axioms: [propext, Classical.choice, Quot.sound]
'FinitePlaneProjectionGrid.projectedBall_wide_bound' depends on axioms: [propext, Classical.choice, Quot.sound]
'FinitePlaneProjectionGrid.exists_common_scale_energies' depends on axioms: [propext, Classical.choice, Quot.sound]
'FinitePlaneProjectionGrid.exists_common_allscale_original_subsets' depends on axioms: [propext,
 Classical.choice,
 Quot.sound]
'FinitePlaneProjectionGrid.relative_ball_bound_of_original_density' depends on axioms: [propext,
 Classical.choice,
 Quot.sound]
'FinitePlaneProjectionGrid.projectionLinear_surjective' depends on axioms: [propext, Classical.choice, Quot.sound]
'FinitePlaneProjectionGrid.projectedBall_eq_native_ball' depends on axioms: [propext, Classical.choice, Quot.sound]
'FinitePlaneProjectionGrid.projection_injective_of_cells' depends on axioms: [propext, Classical.choice, Quot.sound]
'FinitePlaneProjectionGrid.projected_original_card' depends on axioms: [propext, Classical.choice, Quot.sound]
'FinitePlaneProjectionGrid.cellColor_mem' depends on axioms: [propext, Classical.choice, Quot.sound]
'FinitePlaneProjectionGrid.nineColors_card' depends on axioms: [propext, Classical.choice, Quot.sound]
'FinitePlaneProjectionGrid.exists_cell_color' depends on axioms: [propext, Classical.choice, Quot.sound]
'FinitePlaneProjectionGrid.same_residue_floor_separation' depends on axioms: [propext, Classical.choice, Quot.sound]
'FinitePlaneProjectionGrid.exists_separated_projection_subset' depends on axioms: [propext,
 Classical.choice,
 Quot.sound]
'FinitePlaneProjectionGrid.projectedBall_mono' depends on axioms: [propext, Classical.choice, Quot.sound]
'FinitePlaneProjectionGrid.exists_common_separated_original_subsets' depends on axioms: [propext,
 Classical.choice,
 Quot.sound]
'FinitePlaneProjectionGrid.relative_native_ball_bound' depends on axioms: [propext, Classical.choice, Quot.sound]
'FinitePlaneProjectionGrid.cross_height_component_bounds' depends on axioms: [propext, Classical.choice, Quot.sound]
'FinitePlaneProjectionGrid.determinant_height_bound' depends on axioms: [propext, Classical.choice, Quot.sound]
'FinitePlaneProjectionGrid.determinant_affine_bound' depends on axioms: [propext, Classical.choice, Quot.sound]
'FinitePlaneProjectionGrid.original_cross_tube_dichotomy' depends on axioms: [propext, Classical.choice, Quot.sound]
'FinitePlaneProjectionGrid.originalCrossTube_card_of_height_affine_caps' depends on axioms: [propext,
 Classical.choice,
 Quot.sound]
'FinitePlaneProjectionGrid.dist3_nonneg' depends on axioms: [propext, Classical.choice, Quot.sound]
'FinitePlaneProjectionGrid.dist3_coordinate_bounds' depends on axioms: [propext, Classical.choice, Quot.sound]
'FinitePlaneProjectionGrid.determinant_point_perturbation' depends on axioms: [propext, Classical.choice, Quot.sound]
'FinitePlaneProjectionGrid.crossSize_point_perturbation' depends on axioms: [propext, Classical.choice, Quot.sound]
'FinitePlaneProjectionGrid.original_cross_tube_point_transport' depends on axioms: [propext,
 Classical.choice,
 Quot.sound]
'FinitePlaneProjectionGrid.originalCrossTube_transport' depends on axioms: [propext, Classical.choice, Quot.sound]

Command: /workspace/scratch/5f2524fd4117/lean-tools/lean-4.33.1-linux/bin/lean -j1 -DautoImplicit=false -DwarningAsError=true verification/WZFiniteProjectionReadback.lean
Confirmed exit code: 0
