Started UTC: 2026-10-04T06:49:42.438029+00:00
Command: /workspace/scratch/5f2524fd4117/lean-tools/lean-4.33.1-linux/bin/lean -j1 -DautoImplicit=false -DwarningAsError=true verification/NativeSourceHeavySlicesReadback.lean
'OriginalThreeDimensionalBandGeometry.root_abs_le_two' depends on axioms: [propext, Classical.choice, Quot.sound]
'OriginalThreeDimensionalBandGeometry.rounded_root_error' depends on axioms: [propext, Classical.choice, Quot.sound]
'OriginalThreeDimensionalBandGeometry.rounded_normal_band' depends on axioms: [propext, Classical.choice, Quot.sound]
'OriginalThreeDimensionalBandGeometry.rounded_normal_in_grid' depends on axioms: [propext, Classical.choice, Quot.sound]
'OriginalThreeDimensionalDirectionGrid.free_grid_value' depends on axioms: [propext, Classical.choice, Quot.sound]
'OriginalThreeDimensionalDirectionGrid.free_grid_mass' depends on axioms: [propext, Classical.choice, Quot.sound]
'OriginalThreeDimensionalDirectionGrid.normal_grid_card' depends on axioms: [propext, Classical.choice, Quot.sound]
'OriginalThreeDimensionalDirectionGrid.original_pair_band_mass' depends on axioms: [propext,
 Classical.choice,
 Quot.sound]
'OriginalThreeDimensionalHeavySlabs.own_slab_contains_band' depends on axioms: [propext, Classical.choice, Quot.sound]
'OriginalThreeDimensionalHeavySlabs.original_nonheavy_partner_bound' depends on axioms: [propext,
 Classical.choice,
 Quot.sound]
'OriginalThreeDimensionalHeavySlabs.original_nonheavy_pair_bound' depends on axioms: [propext,
 Classical.choice,
 Quot.sound]
'OriginalThreeDimensionalHeavySliceGraph.original_bad_incidence_double_count' depends on axioms: [propext,
 Classical.choice,
 Quot.sound]
'OriginalThreeDimensionalHeavySliceGraph.original_bad_incidence_bound' depends on axioms: [propext,
 Classical.choice,
 Quot.sound]
'OriginalThreeDimensionalHeavySliceGraph.original_heavy_slice_graph' depends on axioms: [propext,
 Classical.choice,
 Quot.sound]
'OriginalThreeDimensionalHeavySliceGraph.original_power_heavy_slice_graph' depends on axioms: [propext,
 Classical.choice,
 Quot.sound]
'OriginalThreeDimensionalUnitSlabs.normal_length_one_le' depends on axioms: [propext, Classical.choice, Quot.sound]
'OriginalThreeDimensionalUnitSlabs.original_normal_coefficients_unit' depends on axioms: [propext,
 Classical.choice,
 Quot.sound]
'OriginalThreeDimensionalUnitSlabs.original_slab_in_unit_slab' depends on axioms: [propext,
 Classical.choice,
 Quot.sound]
'OriginalThreeDimensionalUnitSlabs.retained_direction_original_slab' depends on axioms: [propext,
 Classical.choice,
 Quot.sound]
'NativeOriginalChartMetric.carrier_coordinate_le' depends on axioms: [propext, Classical.choice, Quot.sound]
'NativeOriginalChartMetric.slope_sub_le' depends on axioms: [propext, Classical.choice, Quot.sound]
'NativeOriginalChartMetric.shiftedIntercept_sub_le' depends on axioms: [propext, Classical.choice, Quot.sound]
'NativeOriginalParentCount.le_chartReach' depends on axioms: [propext, Classical.choice, Quot.sound]
'NativeOriginalParentCount.neighbours_card' depends on axioms: [propext, Classical.choice, Quot.sound]
'NativeOriginalParentCount.floor_neighbour' depends on axioms: [propext, Classical.choice, Quot.sound]
'NativeOriginalParentCount.parentLabel_mem_neighbours' depends on axioms: [propext, Classical.choice, Quot.sound]
'NativeOriginalParentCount.parent_count' depends on axioms: [propext, Classical.choice, Quot.sound]
'NativeCompactChartReach.height_offset_le_of_mark' depends on axioms: [propext, Classical.choice, Quot.sound]
'NativeCompactChartReach.chartReach_le_of_marks' depends on axioms: [propext, Classical.choice, Quot.sound]
'NativeCompactChartReach.compact_uniform_chartReach' depends on axioms: [propext, Classical.choice, Quot.sound]
'NativeCompactCarrierCount.compact_carrier_card_bound' depends on axioms: [propext, Classical.choice, Quot.sound]
'NativeCompactParentRetention.parent_count_real' depends on axioms: [propext, Classical.choice, Quot.sound]
'NativeCompactParentRetention.parent_bound_of_source_count' depends on axioms: [propext, Classical.choice, Quot.sound]
'NativeCompactParentRetention.compact_parent_bound' depends on axioms: [propext, Classical.choice, Quot.sound]
'NativeDenseOriginalParent.exists_mass_and_density' depends on axioms: [propext, Classical.choice, Quot.sound]
'NativeDenseOriginalParent.sum_parentIncidences' depends on axioms: [propext, Classical.choice, Quot.sound]
'NativeDenseOriginalParent.sum_backbones' depends on axioms: [propext, Classical.choice, Quot.sound]
'NativeDenseOriginalParent.exists_dense_parent' depends on axioms: [propext, Classical.choice, Quot.sound]
'NativeCompactParentExponent.compact_dense_parent_retention' depends on axioms: [propext, Classical.choice, Quot.sound]
'NativeOriginalShadingDensity.source_incidence_density' depends on axioms: [propext, Classical.choice, Quot.sound]
'NativeOriginalShadingDensity.dense_parent_density' depends on axioms: [propext, Classical.choice, Quot.sound]
'NativeOriginalShadingDensity.exists_source_density_cutoff' depends on axioms: [propext, Classical.choice, Quot.sound]
'NativeDenseSourceRefinement.refinement_tube_density' depends on axioms: [propext, Classical.choice, Quot.sound]
'NativeDenseSourceRefinement.original_readback_tubes' depends on axioms: [propext, Classical.choice, Quot.sound]
'NativeDenseSourceRefinement.dense_source_slice_population' depends on axioms: [propext, Classical.choice, Quot.sound]
'OriginalScalarCollisionMass.scalar_terminal_image_bound' depends on axioms: [propext, Classical.choice, Quot.sound]
'OriginalScalarCollisionMass.vertices_eq_original_incidence_image' depends on axioms: [propext,
 Classical.choice,
 Quot.sound]
'OriginalScalarCollisionMass.original_collision_label_card' depends on axioms: [propext, Classical.choice, Quot.sound]
'OriginalScalarCollisionMass.original_eighth_power_count' depends on axioms: [propext, Classical.choice, Quot.sound]
'OriginalScalarCollisionMass.original_incidence_population_collision_mass' depends on axioms: [propext,
 Classical.choice,
 Quot.sound]
'OriginalScalarCollisionMass.scalar_original_collision_mass' depends on axioms: [propext, Classical.choice, Quot.sound]
'OriginalScalarCollisionMass.original_point_degree_fiber_card' depends on axioms: [propext,
 Classical.choice,
 Quot.sound]
'OriginalScalarCollisionMass.original_point_degrees_total' depends on axioms: [propext, Classical.choice, Quot.sound]
'OriginalTerminalScalarCollisionGeometry.scalar_terminal_gap' depends on axioms: [propext, Classical.choice, Quot.sound]
'OriginalTerminalScalarCollisionGeometry.scalar_terminal_fiber_cap' depends on axioms: [propext,
 Classical.choice,
 Quot.sound]
'OriginalTerminalScalarCollisionGeometry.scalar_witness_phase_relation' depends on axioms: [propext,
 Classical.choice,
 Quot.sound]
'OriginalTerminalScalarCollisionGeometry.scalar_witness_grain_drift' depends on axioms: [propext,
 Classical.choice,
 Quot.sound]
'OriginalTerminalScalarCollisionGeometry.scalar_graph_edge_grid_relation' depends on axioms: [propext,
 Classical.choice,
 Quot.sound]
'NativeScalarCollisionWindow.exists_scalar_original_phase_window_graph' depends on axioms: [propext,
 Classical.choice,
 Quot.sound]
'OriginalTripleQueryCounts.query_eq' depends on axioms: [propext, Classical.choice, Quot.sound]
'OriginalTripleQueryCounts.sum_queries_eq_degrees' depends on axioms: [propext, Classical.choice, Quot.sound]
'OriginalTripleQueryCounts.degree_cube' depends on axioms: [propext, Classical.choice, Quot.sound]
'OriginalTripleQueryCounts.sum_triple_queries' depends on axioms: [propext, Classical.choice, Quot.sound]
'OriginalTripleQueryCounts.original_query_cubic_mass' depends on axioms: [propext, Classical.choice, Quot.sound]
'OriginalTransverseQuerySelection.triple_query_card_le' depends on axioms: [propext, Classical.choice, Quot.sound]
'OriginalTransverseQuerySelection.pair_weight_upper' depends on axioms: [propext, Classical.choice, Quot.sound]
'OriginalTransverseQuerySelection.close_pair_weight_bound' depends on axioms: [propext, Classical.choice, Quot.sound]
'OriginalTransverseQuerySelection.exists_transverse_pair_with_common_mass' depends on axioms: [propext,
 Classical.choice,
 Quot.sound]
'OriginalTransverseQuerySelection.triple_query_eq_inter' depends on axioms: [propext, Classical.choice, Quot.sound]
'OriginalTransverseQuerySelection.exists_original_transverse_common_queries' depends on axioms: [propext,
 Classical.choice,
 Quot.sound]
'OriginalNativeTransverseQueries.away_two_card' depends on axioms: [propext, Classical.choice, Quot.sound]
'OriginalNativeTransverseQueries.exists_native_transverse_common_queries' depends on axioms: [propext,
 Classical.choice,
 Quot.sound]
'OriginalNativeTransverseQueries.weights_lower_of_three_transverse' depends on axioms: [propext,
 Classical.choice,
 Quot.sound]
'OriginalCartesianQueryFamily.real_alphabet_mono' depends on axioms: [propext, Classical.choice, Quot.sound]
'OriginalCartesianQueryFamily.real_graph_mono' depends on axioms: [propext, Classical.choice, Quot.sound]
'OriginalCartesianQueryFamily.exists_original_cartesian_query_family' depends on axioms: [propext,
 Classical.choice,
 Quot.sound]
'OriginalGlobalProjectionMultiplicity.selected_fiber_eq' depends on axioms: [propext, Classical.choice, Quot.sound]
'OriginalGlobalProjectionMultiplicity.exists_original_global_projection_multiplicity' depends on axioms: [propext,
 Classical.choice,
 Quot.sound]
'OriginalCriticalPopulationRange.original_query_population_upper' depends on axioms: [propext,
 Classical.choice,
 Quot.sound]
'OriginalCriticalPopulationRange.exists_original_population_upper_cutoff' depends on axioms: [propext,
 Classical.choice,
 Quot.sound]
'OriginalCriticalPopulationRange.original_effective_family_exponent' depends on axioms: [propext,
 Classical.choice,
 Quot.sound]
'NativeOriginalCompactFamilyParameters.exists_original_compact_family_parameter_cutoff' depends on axioms: [propext,
 Classical.choice,
 Quot.sound]
'NativeA2CriticalTubeFamily.exists_uniform_original_critical_tube_family' depends on axioms: [propext,
 Classical.choice,
 Quot.sound]
'NativeOriginalShadingSlack.original_coarse_coefficient_bound' depends on axioms: [propext,
 Classical.choice,
 Quot.sound]
'NativeOriginalShadingSlack.exists_original_coarse_shading_slack' depends on axioms: [propext,
 Classical.choice,
 Quot.sound]
'NativeOriginalShadingSlack.original_coarse_profile_with_slack' depends on axioms: [propext,
 Classical.choice,
 Quot.sound]
'NativeOriginalLengthTwoA3Data.exists_uniform_original_length_two_family' depends on axioms: [propext,
 Classical.choice,
 Quot.sound]
'OriginalHeightVertexDensity.original_height_vertex_fiber' depends on axioms: [propext, Classical.choice, Quot.sound]
'OriginalHeightVertexDensity.incidences_le_height_vertices' depends on axioms: [propext, Classical.choice, Quot.sound]
'OriginalHeightVertexDensity.original_average_height_density' depends on axioms: [propext, Classical.choice, Quot.sound]
'OriginalHeightVertexDensity.boxed_original_height_density' depends on axioms: [propext, Classical.choice, Quot.sound]
'OriginalHeightVertexDensity.interval_original_height_density' depends on axioms: [propext,
 Classical.choice,
 Quot.sound]
'OriginalTerminalCollisionSourceCosts.scalar_label_loss_square' depends on axioms: [propext,
 Classical.choice,
 Quot.sound]
'OriginalTerminalCollisionSourceCosts.source_loss_power' depends on axioms: [propext, Classical.choice, Quot.sound]
'OriginalTerminalCollisionSourceCosts.original_collision_alpha_source_lower' depends on axioms: [propext,
 Classical.choice,
 Quot.sound]
'OriginalTerminalCollisionSourceCosts.scalar_collision_mass_at_source_power' depends on axioms: [propext,
 Classical.choice,
 Quot.sound]
'GKZOriginalRatioGap.original_ratio_mem' depends on axioms: [propext, Classical.choice, Quot.sound]
'GKZOriginalRatioGap.zero_one_mem_of_original_gap' depends on axioms: [propext, Classical.choice, Quot.sound]
'GKZOriginalRatioGap.gap_forces_close_denominator' depends on axioms: [propext, Classical.choice, Quot.sound]
'GKZOriginalRatioGap.grid_collision_forces_close_denominator' depends on axioms: [propext, Classical.choice, Quot.sound]
'GKZOriginalGapEnergy.original_gap_collision_energy' depends on axioms: [propext, Classical.choice, Quot.sound]
'GKZOriginalGapGain.cutoff_ratios_mono' depends on axioms: [propext, Classical.choice, Quot.sound]
'GKZOriginalGapGain.original_gap_image_gain' depends on axioms: [propext, Classical.choice, Quot.sound]
'GKZOriginalGapPopulationGain.original_gap_population_gain' depends on axioms: [propext, Classical.choice, Quot.sound]
'NativeOriginalCompleteBudget.original_exponent_order' depends on axioms: [propext, Classical.choice, Quot.sound]
'NativeOriginalCompleteBudget.original_power_le_budget' depends on axioms: [propext, Classical.choice, Quot.sound]
'NativeOriginalCompleteBudget.original_loss_cube_le_budget' depends on axioms: [propext, Classical.choice, Quot.sound]
'NativeOriginalCompleteBudget.actual_shared_mesh_ratios' depends on axioms: [propext, Classical.choice, Quot.sound]
'NativeOriginalCompleteBudget.exists_original_complete_budget' depends on axioms: [propext,
 Classical.choice,
 Quot.sound]

Confirmed exit code: 0
