'ADGridCoverMenus.netBox_card' depends on axioms: [propext, Classical.choice, Quot.sound]
'ADGridCoverMenus.gridLabel_mem_netBox' depends on axioms: [propext, Classical.choice, Quot.sound]
'ADGridCoverMenus.AD_upper_all_radii' depends on axioms: [propext, Classical.choice, Quot.sound]
'ADGridCoverMenus.owner_mem_three_ball' depends on axioms: [propext, Classical.choice, Quot.sound]
'ADGridCoverMenus.exists_AD_grid_menu' depends on axioms: [propext, Classical.choice, Quot.sound]
'ADGridCoverMenus.occupied_grid_cells_le' depends on axioms: [propext, Classical.choice, Quot.sound]
'ADGridCoverMenus.dimensional_constant' depends on axioms: [propext, Classical.choice, Quot.sound]
'ADGridCoverMenus.exists_AD_grid_menu_dimensional' depends on axioms: [propext, Classical.choice, Quot.sound]
'ADGridCoverMenus.exists_global_AD_grid_menu' depends on axioms: [propext, Classical.choice, Quot.sound]
'ADGridCoverMenus.subset_occupied_grid_cells_le' depends on axioms: [propext, Classical.choice, Quot.sound]
'ADGridCoverMenus.subset_occupied_grid_cells_le_all_radii' depends on axioms: [propext, Classical.choice, Quot.sound]
'ADGridCoverMenus.diameter_subset_occupied_grid_cells_le' depends on axioms: [propext, Classical.choice, Quot.sound]
'ADGridCoverMenus.finite_footprint_profile_AD_bound' depends on axioms: [propext, Classical.choice, Quot.sound]
'OriginalHeightRescaling.mem_timeFiber' depends on axioms: [propext, Classical.choice, Quot.sound]
'OriginalHeightRescaling.card_timeFiber' depends on axioms: [propext, Classical.choice, Quot.sound]
'OriginalHeightRescaling.heightMenu_card_le' depends on axioms: [propext, Classical.choice, Quot.sound]
'OriginalHeightRescaling.chosenHeight_mem' depends on axioms: [propext, Classical.choice, Quot.sound]
'OriginalHeightRescaling.chosenHeight_max' depends on axioms: [propext, Classical.choice, Quot.sound]
'OriginalHeightRescaling.chosenHeight_bin' depends on axioms: [propext, Classical.choice, Quot.sound]
'OriginalHeightRescaling.mem_selected' depends on axioms: [propext, Classical.choice, Quot.sound]
'OriginalHeightRescaling.selected_subset' depends on axioms: [propext, Classical.choice, Quot.sound]
'OriginalHeightRescaling.selected_bin_fiber' depends on axioms: [propext, Classical.choice, Quot.sound]
'OriginalHeightRescaling.selected_bin_image' depends on axioms: [propext, Classical.choice, Quot.sound]
'OriginalHeightRescaling.bin_mass_le_selected_height' depends on axioms: [propext, Classical.choice, Quot.sound]
'OriginalHeightRescaling.weighted_height_retention' depends on axioms: [propext, Classical.choice, Quot.sound]
'OriginalHeightRescaling.height_card_retention' depends on axioms: [propext, Classical.choice, Quot.sound]
'OriginalHeightRescaling.selected_point_fiber' depends on axioms: [propext, Classical.choice, Quot.sound]
'OriginalHeightRescaling.actualBin_fixed_height_injective' depends on axioms: [propext, Classical.choice, Quot.sound]
'OriginalHeightRescaling.actualBin_injective_on_selected' depends on axioms: [propext, Classical.choice, Quot.sound]
'OriginalHeightRescaling.selected_original_height' depends on axioms: [propext, Classical.choice, Quot.sound]
'OriginalHeightRescaling.bins_support_eq' depends on axioms: [propext, Classical.choice, Quot.sound]
'OriginalHeightRescaling.selected_image_cardinalities' depends on axioms: [propext, Classical.choice, Quot.sound]
'OriginalHeightRescaling.usedTubes_bins_eq' depends on axioms: [propext, Classical.choice, Quot.sound]
'OriginalHeightRescaling.selected_multiplicity_eq' depends on axioms: [propext, Classical.choice, Quot.sound]
'OriginalHeightRescaling.density_original_backbone' depends on axioms: [propext, Classical.choice, Quot.sound]
'OriginalHeightRescaling.multiplicity_le_of_cross' depends on axioms: [propext, Classical.choice, Quot.sound]
'OriginalHeightRescaling.point_comparison_cross' depends on axioms: [propext, Classical.choice, Quot.sound]
'OriginalHeightRescaling.point_comparison_multiplicity' depends on axioms: [propext, Classical.choice, Quot.sound]
'OriginalHeightRescaling.physical_original_height_transfer' depends on axioms: [propext, Classical.choice, Quot.sound]
'DyadicAlignmentParameters.level_zero' depends on axioms: [propext]
'DyadicAlignmentParameters.level_endpoint' depends on axioms: [propext]
'DyadicAlignmentParameters.level_monotone' depends on axioms: [propext]
'DyadicAlignmentParameters.level_le_endpoint' depends on axioms: [propext]
'DyadicAlignmentParameters.working_levels_card_le' depends on axioms: [propext, Classical.choice, Quot.sound]
'DyadicAlignmentParameters.level_eq_floor' depends on axioms: [propext, Classical.choice, Quot.sound]
'DyadicAlignmentParameters.le_gap_mul' depends on axioms: [propext, Classical.choice, Quot.sound]
'DyadicAlignmentParameters.adjacent_level_le' depends on axioms: [propext, Classical.choice, Quot.sound]
'DyadicAlignmentParameters.adjacent_gap_le' depends on axioms: [propext, Classical.choice, Quot.sound]
'DyadicAlignmentParameters.exists_bracketing_levels' depends on axioms: [propext, Classical.choice, Quot.sound]
'DyadicAlignmentParameters.exists_dyadic_bracket' depends on axioms: [propext, Classical.choice, Quot.sound]
'DyadicAlignmentParameters.dyadic_gap_factor_le' depends on axioms: [propext, Classical.choice, Quot.sound]
'DyadicAlignmentParameters.powerBase_ge_two' depends on axioms: [propext, Classical.choice, Quot.sound]
'DyadicAlignmentParameters.powerBase_le_two_rpow' depends on axioms: [propext, Classical.choice, Quot.sound]
'DyadicAlignmentParameters.mass_exponent_bound' depends on axioms: [propext, Classical.choice, Quot.sound]
'DyadicAlignmentParameters.polynomial_mass_le_power' depends on axioms: [propext, Classical.choice, Quot.sound]
'DyadicAlignmentParameters.absorptionThreshold_gt_one' depends on axioms: [propext, Classical.choice, Quot.sound]
'DyadicAlignmentParameters.constant_le_rpow_of_threshold' depends on axioms: [propext, Classical.choice, Quot.sound]
'DyadicAlignmentParameters.powerBase_ge_four_of_threshold' depends on axioms: [propext, Classical.choice, Quot.sound]
'DyadicAlignmentParameters.retention_cost_absorption' depends on axioms: [propext, Classical.choice, Quot.sound]
'DyadicAlignmentParameters.fixed_refinement_parameters' depends on axioms: [propext, Classical.choice, Quot.sound]
'DyadicAlignmentParameters.retained_mass_bound' depends on axioms: [propext, Classical.choice, Quot.sound]
'DyadicADInterpolation.scalePower_nonneg' depends on axioms: [propext, Classical.choice, Quot.sound]
'DyadicADInterpolation.scalePower_mono' depends on axioms: [propext, Classical.choice, Quot.sound]
'DyadicADInterpolation.scalePower_add' depends on axioms: [propext, Classical.choice, Quot.sound]
'DyadicADInterpolation.interpolate_working_profile' depends on axioms: [propext, Classical.choice, Quot.sound]
'DyadicADInterpolation.interpolation_factor_le' depends on axioms: [propext, Classical.choice, Quot.sound]
'FiniteCellLabelReduction.cell_mem_labelSet' depends on axioms: [propext, Classical.choice, Quot.sound]
'FiniteCellLabelReduction.reducedCell_val' depends on axioms: [propext, Classical.choice, Quot.sound]
'FiniteCellLabelReduction.label_projection_injective' depends on axioms: [propext, Classical.choice, Quot.sound]
'FiniteCellLabelReduction.image_recover' depends on axioms: [propext, Classical.choice, Quot.sound]
'FiniteCellLabelReduction.image_card_eq' depends on axioms: [propext, Classical.choice, Quot.sound]
'FiniteCellLabelReduction.coverCount_eq' depends on axioms: [propext, Classical.choice, Quot.sound]
'FiniteCellLabelReduction.profile_eq' depends on axioms: [propext, Classical.choice, Quot.sound]
'FiniteCellLabelReduction.wholeCells_eq' depends on axioms: [propext, Classical.choice, Quot.sound]
'FiniteCellLabelReduction.gridCells_eq' depends on axioms: [propext, Classical.choice, Quot.sound]
'FiniteCellLabelReduction.population_eq' depends on axioms: [propext, Classical.choice, Quot.sound]
'FiniteCellLabelReduction.occupied_iff_mem_image' depends on axioms: [propext, Classical.choice, Quot.sound]
'FiniteCellLabelReduction.regular_iff' depends on axioms: [propext, Classical.choice, Quot.sound]
'FiniteCellLabelReduction.finite_penalty_eq' depends on axioms: [propext, Classical.choice, Quot.sound]
'FiniteCellLabelReduction.reduced_penalty_eq' depends on axioms: [propext, Classical.choice, Quot.sound]
'FiniteCellLabelReduction.maximizingFiber_iff' depends on axioms: [propext, Classical.choice, Quot.sound]
'FiniteCellLabelReduction.concreteRule_iff' depends on axioms: [propext, Classical.choice, Quot.sound]
'FiniteCellLabelReduction.validEpoch_iff' depends on axioms: [propext, Classical.choice, Quot.sound]
'FiniteCellLabelReduction.exists_large_raw_label_epoch' depends on axioms: [propext, Classical.choice, Quot.sound]
'ParentwiseAngularSelection.maximum_menu_choice' depends on axioms: [propext, Classical.choice, Quot.sound]
'ParentwiseAngularSelection.child_menu_subset_parent' depends on axioms: [propext, Classical.choice, Quot.sound]
'ParentwiseAngularSelection.select_in_each_parent' depends on axioms: [propext, Classical.choice, Quot.sound]
'ParentwiseAngularSelection.stabilize_and_select_parentwise' depends on axioms: [propext, Classical.choice, Quot.sound]
'ShiftedOriginalHeightRescaling.translated_card' depends on axioms: [propext, Quot.sound]
'ShiftedOriginalHeightRescaling.translated_mass' depends on axioms: [propext, Classical.choice, Quot.sound]
'ShiftedOriginalHeightRescaling.labelShift_tube' depends on axioms: [propext, Quot.sound]
'ShiftedOriginalHeightRescaling.labelShift_time' depends on axioms: [propext, Quot.sound]
'ShiftedOriginalHeightRescaling.mem_selected' depends on axioms: [propext, Classical.choice, Quot.sound]
'ShiftedOriginalHeightRescaling.selected_subset' depends on axioms: [propext, Classical.choice, Quot.sound]
'ShiftedOriginalHeightRescaling.selected_mass' depends on axioms: [propext, Classical.choice, Quot.sound]
'ShiftedOriginalHeightRescaling.weighted_height_retention' depends on axioms: [propext, Classical.choice, Quot.sound]
'ShiftedOriginalHeightRescaling.height_card_retention' depends on axioms: [propext, Classical.choice, Quot.sound]
'ShiftedOriginalHeightRescaling.chosenHeight_bin' depends on axioms: [propext, Classical.choice, Quot.sound]
'ShiftedOriginalHeightRescaling.selected_bin_fiber' depends on axioms: [propext, Classical.choice, Quot.sound]
'ShiftedOriginalHeightRescaling.selected_point_fiber' depends on axioms: [propext, Classical.choice, Quot.sound]
'ShiftedOriginalHeightRescaling.shiftedBin_eq_translated_triangular' depends on axioms: [propext,
 Classical.choice,
 Quot.sound]
'ShiftedOriginalHeightRescaling.shiftedBin_injective_on_selected' depends on axioms: [propext,
 Classical.choice,
 Quot.sound]
'ShiftedOriginalHeightRescaling.selected_image_cardinalities' depends on axioms: [propext, Classical.choice, Quot.sound]
'ShiftedOriginalHeightRescaling.density_original_backbone' depends on axioms: [propext, Classical.choice, Quot.sound]
'ShiftedOriginalHeightRescaling.shifted_nested_time' depends on axioms: [propext, Classical.choice, Quot.sound]
'ShiftedOriginalHeightRescaling.native_coarse_time' depends on axioms: [propext, Classical.choice, Quot.sound]
'ShiftedOriginalHeightRescaling.native_final_height_selection' depends on axioms: [propext,
 Classical.choice,
 Quot.sound]
'ShiftedOriginalHeightRescaling.native_selected_original_height' depends on axioms: [propext,
 Classical.choice,
 Quot.sound]

Command: /workspace/shared/lean-tools/elan/toolchains/leanprover--lean4---v4.33.1/bin/lean -j1 -DautoImplicit=false -DwarningAsError=true verification/WZNativeAlignmentInterfacesReadback.lean
Confirmed exit code: 0
