Command: /workspace/scratch/5f2524fd4117/lean-tools/lean-4.33.1-linux/bin/lean -j1 -DautoImplicit=false -DwarningAsError=true verification/NativePlanarReadback.lean
'ParentAllRealTubeControl.local_moved_tube_le_profile' depends on axioms: [propext, Classical.choice, Quot.sound]
'ParentAllRealTubeControl.stopped_parent_long_tube' depends on axioms: [propext, Classical.choice, Quot.sound]
'ParentAllRealTubeControl.wide_parent_grid_card' depends on axioms: [propext, Classical.choice, Quot.sound]
'ParentAllRealTubeControl.stopped_parent_all_real_tube' depends on axioms: [propext, Classical.choice, Quot.sound]
'ParentAllRealTubeControl.normalized_parent_all_real_tube' depends on axioms: [propext, Classical.choice, Quot.sound]
'ParentAllRealTubeControl.quantized_chart_parent_trace_bound' depends on axioms: [propext, Classical.choice, Quot.sound]
'WorkingScaleProfileBudget.adjacent_gap_lower' depends on axioms: [propext, Quot.sound]
'WorkingScaleProfileBudget.old_length_le_adjacent' depends on axioms: [propext, Quot.sound]
'WorkingScaleProfileBudget.working_ratio' depends on axioms: [propext, Classical.choice, Quot.sound]
'WorkingScaleProfileBudget.working_ratio_lower' depends on axioms: [propext, Classical.choice, Quot.sound]
'WorkingScaleProfileBudget.old_ratio_le_working_ratio' depends on axioms: [propext, Classical.choice, Quot.sound]
'WorkingScaleProfileBudget.old_profile_power_le' depends on axioms: [propext, Classical.choice, Quot.sound]
'WorkingScaleProfileBudget.stopped_loss_le_adjacent' depends on axioms: [propext, Classical.choice, Quot.sound]
'NormalizedQuantizedPatches.affine_eq_smul' depends on axioms: [propext, Classical.choice, Quot.sound]
'NormalizedQuantizedPatches.affine_dist' depends on axioms: [propext, Classical.choice, Quot.sound]
'NormalizedQuantizedPatches.affine_euclidean_dist' depends on axioms: [propext, Classical.choice, Quot.sound]
'NormalizedQuantizedPatches.normalized_quantized_proximity' depends on axioms: [propext, Classical.choice, Quot.sound]
'NormalizedQuantizedPatches.normalized_image_separation' depends on axioms: [propext, Classical.choice, Quot.sound]
'NormalizedQuantizedPatches.exact_normalized_mesh' depends on axioms: [propext, Classical.choice, Quot.sound]
'NormalizedQuantizedPatches.normalized_parent_coordinates' depends on axioms: [propext, Classical.choice, Quot.sound]
'LiteralAffineFiberCoordinates.actual_affine_graph' depends on axioms: [propext, Classical.choice, Quot.sound]
'LiteralAffineFiberCoordinates.timeCoord_dist' depends on axioms: [propext, Classical.choice, Quot.sound]
'LiteralAffineFiberCoordinates.timeCoord_injective' depends on axioms: [propext, Classical.choice, Quot.sound]
'LiteralAffineFiberCoordinates.normalCoord_as_time' depends on axioms: [propext, Classical.choice, Quot.sound]
'LiteralAffineFiberCoordinates.normalCoord_injective' depends on axioms: [propext, Classical.choice, Quot.sound]
'LiteralAffineFiberCoordinates.timeCoord_close_iff' depends on axioms: [propext, Classical.choice, Quot.sound]
'LiteralAffineFiberCoordinates.normalCoord_close_iff' depends on axioms: [propext, Classical.choice, Quot.sound]
'LiteralAffineFiberCoordinates.fiber_time_injOn' depends on axioms: [propext, Classical.choice, Quot.sound]
'LiteralAffineFiberCoordinates.fiberCoordinates_card' depends on axioms: [propext, Classical.choice, Quot.sound]
'LiteralAffineFiberCoordinates.quotientCoordinates_card' depends on axioms: [propext, Classical.choice, Quot.sound]
'LiteralAffineFiberCoordinates.fiberCoordinates_ball_card' depends on axioms: [propext, Classical.choice, Quot.sound]
'LiteralAffineFiberCoordinates.quotientCoordinates_ball_card' depends on axioms: [propext, Classical.choice, Quot.sound]
'LiteralAffineFiberCoordinates.actual_working_ball_bounds' depends on axioms: [propext, Classical.choice, Quot.sound]
'LiteralAffineFiberCoordinates.actual_global_vertex_card' depends on axioms: [propext, Classical.choice, Quot.sound]
'LiteralAffineFiberCoordinates.global_quotient_from_fibers' depends on axioms: [propext, Classical.choice, Quot.sound]
'LiteralAffineFiberCoordinates.fiberAt_normalCoord' depends on axioms: [propext, Classical.choice, Quot.sound]
'LiteralAffineFiberCoordinates.actual_image_eq_graph_fibers' depends on axioms: [propext, Classical.choice, Quot.sound]
'RealScalarADInterpolation.ballCount_mono' depends on axioms: [propext, Classical.choice, Quot.sound]
'RealScalarADInterpolation.ballCount_nonneg' depends on axioms: [propext, Classical.choice, Quot.sound]
'RealScalarADInterpolation.scalePower_eq' depends on axioms: [propext, Classical.choice, Quot.sound]
'RealScalarADInterpolation.real_ball_interpolation' depends on axioms: [propext, Classical.choice, Quot.sound]
'RealScalarADInterpolation.top_scale_extension' depends on axioms: [propext, Classical.choice, Quot.sound]
'ActualScalarADProfiles.parent_time_labels_close' depends on axioms: [propext, Classical.choice, Quot.sound]
'ActualScalarADProfiles.fiberBall_top_eq' depends on axioms: [propext, Classical.choice, Quot.sound]
'ActualScalarADProfiles.fiber_ballCount_eq' depends on axioms: [propext, Classical.choice, Quot.sound]
'ActualScalarADProfiles.quotient_ballCount_eq' depends on axioms: [propext, Classical.choice, Quot.sound]
'ActualScalarADProfiles.normalized_full_ball_interpolation' depends on axioms: [propext, Classical.choice, Quot.sound]
'ActualScalarADProfiles.fiber_real_ball_bounds' depends on axioms: [propext, Classical.choice, Quot.sound]
'ActualScalarADProfiles.quotient_real_ball_bounds' depends on axioms: [propext, Classical.choice, Quot.sound]
'NativeOriginalParentAssembly.chartPosition_injective' depends on axioms: [propext, Classical.choice, Quot.sound]
'NativeOriginalParentAssembly.chartPosition_mem' depends on axioms: [propext, Classical.choice, Quot.sound]
'NativeOriginalParentAssembly.chartPosition_grid_card' depends on axioms: [propext, Classical.choice, Quot.sound]
'NativeOriginalParentAssembly.chartPosition_same_cell' depends on axioms: [propext, Classical.choice, Quot.sound]
'NativeOriginalParentAssembly.parent_subset' depends on axioms: [propext, Classical.choice, Quot.sound]
'NativeOriginalParentAssembly.parent_chart_span' depends on axioms: [propext, Classical.choice, Quot.sound]
'NativeOriginalParentAssembly.parent_chart_diameter' depends on axioms: [propext, Classical.choice, Quot.sound]
'NativeOriginalParentAssembly.parent_image_subset' depends on axioms: [propext, Classical.choice, Quot.sound]
'NativeOriginalParentAssembly.physical_contacts' depends on axioms: [propext, Classical.choice, Quot.sound]
'NativeParentRefinement.quantizer_cap_total' depends on axioms: [propext, Classical.choice, Quot.sound]
'NativeParentRefinement.density_lower_from_parent_mass' depends on axioms: [propext, Classical.choice, Quot.sound]
'NativeParentRefinement.refine_parent' depends on axioms: [propext, Classical.choice, Quot.sound]
'NativeSelectedParentPreparation.exists_original_AD_selection' depends on axioms: [propext,
 Classical.choice,
 Quot.sound]
'NativeAngularCostBound.gap_le_floor_add_one' depends on axioms: [propext, Classical.choice, Quot.sound]
'NativeAngularCostBound.actual_angular_menu_le_extent' depends on axioms: [propext, Classical.choice, Quot.sound]
'NativeAngularCostBound.angularBudget_le_root' depends on axioms: [propext, Classical.choice, Quot.sound]
'NativeAngularCostBound.angularCost_le_extent_root' depends on axioms: [propext, Classical.choice, Quot.sound]
'NativeInterpolationCostBound.real_interpolation_cost_upper' depends on axioms: [propext, Classical.choice, Quot.sound]
'NativeInterpolationCostBound.full_interpolation_cost_upper' depends on axioms: [propext, Classical.choice, Quot.sound]
'NativeParameterConstants.density_cost_expand' depends on axioms: [propext, Classical.choice, Quot.sound]
'NativeParameterConstants.column_cost_expand' depends on axioms: [propext, Classical.choice, Quot.sound]
'NativeParameterConstants.spatial_squared' depends on axioms: [propext, Classical.choice, Quot.sound]
'NativeParameterConstants.spatial_times_K_sq' depends on axioms: [propext, Classical.choice, Quot.sound]
'NativeReferenceCostBounds.spatial_cost_upper' depends on axioms: [propext, Classical.choice, Quot.sound]
'NativeReferenceCostBounds.ad_cost_upper' depends on axioms: [propext, Classical.choice, Quot.sound]
'NativeReferenceCostBounds.column_cost_upper' depends on axioms: [propext, Classical.choice, Quot.sound]
'NativeReferenceCostBounds.density_cost_upper' depends on axioms: [propext, Classical.choice, Quot.sound]
'NativeReferenceCostBounds.stopped_loss_le_output_extent' depends on axioms: [propext, Classical.choice, Quot.sound]
'NativeCommonEnvelope.productBound_eq_envelope' depends on axioms: [propext, Classical.choice, Quot.sound]
'NativeCommonEnvelope.profileCoefficient_ge_one' depends on axioms: [propext, Classical.choice, Quot.sound]
'NativeCommonEnvelope.profileBound_ge_one' depends on axioms: [propext, Classical.choice, Quot.sound]
'NativeCommonEnvelope.ambientBound_ge_one' depends on axioms: [propext, Classical.choice, Quot.sound]
'NativeCommonEnvelope.columnBound_ge_one' depends on axioms: [propext, Classical.choice, Quot.sound]
'NativeCommonEnvelope.tubeBound_ge_one' depends on axioms: [propext, Classical.choice, Quot.sound]
'NativeCommonEnvelope.densityBound_ge_one' depends on axioms: [propext, Classical.choice, Quot.sound]
'NativeCommonEnvelope.interpolationBound_ge_one' depends on axioms: [propext, Classical.choice, Quot.sound]
'NativeCommonEnvelope.comparisonBound_ge_one' depends on axioms: [propext, Classical.choice, Quot.sound]
'NativeCommonEnvelope.refinementCost_ge_one' depends on axioms: [propext, Classical.choice, Quot.sound]
'NativeCommonEnvelope.retentionCost_ge_one' depends on axioms: [propext, Classical.choice, Quot.sound]
'NativeCommonEnvelope.fixedCoefficient_nonneg' depends on axioms: [propext, Classical.choice, Quot.sound]
'NativeCommonEnvelope.actual_cost_bounds' depends on axioms: [propext, Classical.choice, Quot.sound]
'NativeCommonEnvelope.retention_le_comparison_density' depends on axioms: [propext, Classical.choice, Quot.sound]
'NativeCommonEnvelope.product_dominates_comparison_density' depends on axioms: [propext, Classical.choice, Quot.sound]
'NativeCommonEnvelope.product_dominates_tube' depends on axioms: [propext, Classical.choice, Quot.sound]
'NativeAlignmentScaleSeparation.top_bracket_lower' depends on axioms: [propext, Classical.choice, Quot.sound]
'NativeAlignmentScaleSeparation.root_of_nat_power' depends on axioms: [propext, Classical.choice, Quot.sound]
'NativeAlignmentScaleSeparation.original_delta_output_separation' depends on axioms: [propext,
 Classical.choice,
 Quot.sound]
'NativeAlignmentParameterBudget.exists_nat_budget' depends on axioms: [propext, Classical.choice, Quot.sound]
'NativeAlignmentParameterBudget.exists_choice' depends on axioms: [propext, Classical.choice, Quot.sound]
'NativeAlignmentParameterBudget.absorb_common_envelope' depends on axioms: [propext, Classical.choice, Quot.sound]
'NativeEnvelopeGrowth.powers_expand' depends on axioms: [propext, Classical.choice, Quot.sound]
'NativeEnvelopeGrowth.envelope_le_growth' depends on axioms: [propext, Classical.choice, Quot.sound]
'NativeEnvelopeGrowth.output_extent_lower' depends on axioms: [propext, Classical.choice, Quot.sound]
'NativeSourceSizeBounds.inv_delta_le_pow' depends on axioms: [propext, Classical.choice, Quot.sound]
'NativeSourceSizeBounds.source_card_le_inv_cube' depends on axioms: [propext, Classical.choice, Quot.sound]
'NativeSourceSizeBounds.source_card_le_pow' depends on axioms: [propext, Classical.choice, Quot.sound]
'NativeSourceSizeBounds.radix_four_le' depends on axioms: [propext, Classical.choice, Quot.sound]
'NativeSourceSizeBounds.card_le_radix_pow' depends on axioms: [propext, Classical.choice, Quot.sound]
'NativeSourceSizeBounds.radix_le_four_root' depends on axioms: [propext, Classical.choice, Quot.sound]
'NativeSourceSizeBounds.radix_le_dyadic' depends on axioms: [propext, Classical.choice, Quot.sound]
'NativeSourceSizeBounds.K_pow_eighteen_le' depends on axioms: [propext, Classical.choice, Quot.sound]
'NativeSourceSizeBounds.rank_le_linear' depends on axioms: [propext, Classical.choice, Quot.sound]
'NativeSourceSizeBounds.epoch_factor_le' depends on axioms: [propext, Classical.choice, Quot.sound]
'NativeSourceSizeBounds.epoch_factor_real_le' depends on axioms: [propext, Classical.choice, Quot.sound]
'NativeSourceSizeBounds.index_card_real_one_le' depends on axioms: [propext, Classical.choice, Quot.sound]
'NativeSourceSizeBounds.epoch_cost_one_le' depends on axioms: [propext, Classical.choice, Quot.sound]
'NativeSourceSizeBounds.epoch_cost_real_one_le' depends on axioms: [propext, Classical.choice, Quot.sound]
'NativeAbsorbedSourceEnvelope.source_envelope_absorbed' depends on axioms: [propext, Classical.choice, Quot.sound]
'NativeOriginalParentUnion.originalPullback_image' depends on axioms: [propext, Classical.choice, Quot.sound]
'NativeOriginalParentUnion.originalPullback_subset' depends on axioms: [propext, Classical.choice, Quot.sound]
'NativeOriginalParentUnion.originalPullback_card' depends on axioms: [propext, Classical.choice, Quot.sound]
'NativeOriginalParentUnion.glue_parent_subsets' depends on axioms: [propext, Classical.choice, Quot.sound]
'NativeOriginalParentUnion.isolate_labelled_parents' depends on axioms: [propext, Classical.choice, Quot.sound]
'NativeOriginalParentUnion.Selection.retain_original_points' depends on axioms: [propext, Classical.choice, Quot.sound]
'FullNormalizedScalarAD.fiber_normalized_AD' depends on axioms: [propext, Classical.choice, Quot.sound]
'FullNormalizedScalarAD.quotient_normalized_AD' depends on axioms: [propext, Classical.choice, Quot.sound]
'NativeAmbientADGeometry.rawPoint_injective' depends on axioms: [propext, Classical.choice, Quot.sound]
'NativeAmbientADGeometry.rawPoint_close_iff' depends on axioms: [propext, Classical.choice, Quot.sound]
'NativeAmbientADGeometry.actualPoint_injective' depends on axioms: [propext, Classical.choice, Quot.sound]
'NativeAmbientADGeometry.image_ball_card' depends on axioms: [propext, Classical.choice, Quot.sound]
'NativeAmbientADGeometry.rawPoint_ball_card' depends on axioms: [propext, Classical.choice, Quot.sound]
'NativeAmbientADGeometry.raw_close_imp_actual_close' depends on axioms: [propext, Classical.choice, Quot.sound]
'NativeAmbientADGeometry.actual_close_imp_raw_close' depends on axioms: [propext, Classical.choice, Quot.sound]
'FullNormalizedAmbientAD.realInterpolationLoss_ge_one' depends on axioms: [propext, Classical.choice, Quot.sound]
'FullNormalizedAmbientAD.raw_ball_le_actual' depends on axioms: [propext, Classical.choice, Quot.sound]
'FullNormalizedAmbientAD.actual_ball_le_raw' depends on axioms: [propext, Classical.choice, Quot.sound]
'FullNormalizedAmbientAD.raw_real_ball_bounds' depends on axioms: [propext, Classical.choice, Quot.sound]
'FullNormalizedAmbientAD.ambient_normalized_AD' depends on axioms: [propext, Classical.choice, Quot.sound]
'NativeNormalizedParentOutput.refined_parent_all_real_bounds' depends on axioms: [propext, Classical.choice, Quot.sound]
'NativeOriginalAlignmentGeometry.refined_parent_near_graph' depends on axioms: [propext, Classical.choice, Quot.sound]
'NativeOriginalADAlignment.exists_original_AD_near_alignment' depends on axioms: [propext, Classical.choice, Quot.sound]
'NativeLiteralScalarBounds.AllRealBounds.scalar_fibers' depends on axioms: [propext, Classical.choice, Quot.sound]
'NativeLiteralScalarBounds.AllRealBounds.scalar_quotient' depends on axioms: [propext, Classical.choice, Quot.sound]
'NativeUniformOutputBounds.lower_count_absorption' depends on axioms: [propext, Classical.choice, Quot.sound]
'NativeUniformOutputBounds.raw_power_eq' depends on axioms: [propext, Classical.choice, Quot.sound]
'NativeUniformOutputBounds.AllRealBounds.to_uniform' depends on axioms: [propext, Classical.choice, Quot.sound]
'NativeUniformOutputBounds.majorant_products' depends on axioms: [propext, Classical.choice, Quot.sound]
'NativeUniformOutputBounds.AllRealBounds.to_uniform_majorants' depends on axioms: [propext,
 Classical.choice,
 Quot.sound]
'NativeUniformOutputBounds.UniformBounds.mono' depends on axioms: [propext, Classical.choice, Quot.sound]
'NativeTopScaleSelection.exists_top_scale' depends on axioms: [propext, Classical.choice, Quot.sound]
'NativeTopScaleSelection.deltaThreshold_pos' depends on axioms: [propext, Classical.choice, Quot.sound]
'NativeTopScaleSelection.choose_top_scale' depends on axioms: [propext, Classical.choice, Quot.sound]
'NativeTopScaleSelection.exists_delta0' depends on axioms: [propext, Classical.choice, Quot.sound]
'NativeFinalOriginalAlignment.exists_dyadic_original_near_alignment' depends on axioms: [propext,
 Classical.choice,
 Quot.sound]
'NativeFinalOriginalAlignment.exists_original_near_alignment' depends on axioms: [propext, Classical.choice, Quot.sound]
'NativeFinalOriginalAlignment.original_AD_near_alignment' depends on axioms: [propext, Classical.choice, Quot.sound]
'NativePaperAlignmentScales.retained_subset' depends on axioms: [propext, Classical.choice, Quot.sound]
'NativePaperAlignmentScales.retained_card' depends on axioms: [propext, Classical.choice, Quot.sound]
'NativePaperAlignmentScales.retained_nonempty' depends on axioms: [propext, Classical.choice, Quot.sound]
'NativePaperAlignmentScales.originalBall_eq_localBall' depends on axioms: [propext, Classical.choice, Quot.sound]
'NativePaperAlignmentScales.originalBall_nonempty' depends on axioms: [propext, Classical.choice, Quot.sound]
'NativePaperAlignmentScales.normalization_apply' depends on axioms: [propext, Classical.choice, Quot.sound]
'NativePaperAlignmentScales.normalized_localBall' depends on axioms: [propext, Classical.choice, Quot.sound]
'NativePaperAlignmentScales.normalized_localBall_bounded' depends on axioms: [propext, Classical.choice, Quot.sound]
'NativePaperAlignmentScales.output_scale_facts' depends on axioms: [propext, Classical.choice, Quot.sound]
'NativePaperAlignmentScales.output_mesh_identity' depends on axioms: [propext, Classical.choice, Quot.sound]
'NativePaperAlignmentScales.retention_in_output_mesh' depends on axioms: [propext, Classical.choice, Quot.sound]
'NativePaperAlignmentScales.retained_delta_power' depends on axioms: [propext, Classical.choice, Quot.sound]
'NativePaperAlignmentScales.output_scales_dyadic' depends on axioms: [propext, Classical.choice, Quot.sound]
'NativeLiteralAlignedSet.ballCount_eq_carrierBall' depends on axioms: [propext, Classical.choice, Quot.sound]
'NativeLiteralAlignedSet.quotient_fiber_nonempty' depends on axioms: [propext, Classical.choice, Quot.sound]
'NativeLiteralAlignedSet.normalizedImage_eq_vertex_image' depends on axioms: [propext, Classical.choice, Quot.sound]
'NativeLiteralAlignedSet.normalizedImage_euclidean_eq' depends on axioms: [propext, Classical.choice, Quot.sound]
'NativeLiteralAlignedSet.uniform_ambient_AD' depends on axioms: [propext, Classical.choice, Quot.sound]
'NativeLiteralAlignedSet.of_nearGraph_uniform' depends on axioms: [propext, Classical.choice, Quot.sound]
'NativeLiteralAlignedSet.nearGraph_source_bounded' depends on axioms: [propext, Classical.choice, Quot.sound]
'NativeLiteralAlignedSet.nearly_of_nearGraph_uniform' depends on axioms: [propext, Classical.choice, Quot.sound]
'NativePlanarLemma53.nearAlignment_to_original_points' depends on axioms: [propext, Classical.choice, Quot.sound]
'NativePlanarLemma53.native_planar_lemma53' depends on axioms: [propext, Classical.choice, Quot.sound]
'NativePlanarLemma53.quarter_square_diameter' depends on axioms: [propext, Classical.choice, Quot.sound]
'NativePlanarLemma53.native_quarter_square_lemma53' depends on axioms: [propext, Classical.choice, Quot.sound]
'OriginalPhysicalTubeScaleSelection.physical_tube_mono' depends on axioms: [propext, Classical.choice, Quot.sound]
'OriginalPhysicalTubeScaleSelection.original_tube_card_bounds' depends on axioms: [propext,
 Classical.choice,
 Quot.sound]
'OriginalPhysicalTubeScaleSelection.dyadic_radius_cover' depends on axioms: [propext, Classical.choice, Quot.sound]
'OriginalPhysicalTubeScaleSelection.chosen_scale_spec' depends on axioms: [propext, Classical.choice, Quot.sound]
'OriginalPhysicalTubeScaleSelection.exists_original_densest_graph_bin' depends on axioms: [propext,
 Classical.choice,
 Quot.sound]
'OriginalDensestTubeControl.scale_menu_bounds' depends on axioms: [propext, Classical.choice, Quot.sound]
'OriginalDensestTubeControl.original_larger_width_control' depends on axioms: [propext, Classical.choice, Quot.sound]
'OriginalDensestTubeControl.original_violation_forces_large_score' depends on axioms: [propext,
 Classical.choice,
 Quot.sound]
'NativeRadialDensestGraph.exists_original_dyadic_mesh' depends on axioms: [propext, Classical.choice, Quot.sound]
'NativeRadialDensestGraph.exists_native_densest_original_graph' depends on axioms: [propext,
 Classical.choice,
 Quot.sound]
'OriginalRadialNearDiagonal.original_separation_radius' depends on axioms: [propext, Classical.choice, Quot.sound]
'OriginalRadialNearDiagonal.remove_original_near_diagonal' depends on axioms: [propext, Classical.choice, Quot.sound]
'NativeRadialScaleConsequences.selected_scale_upper' depends on axioms: [propext, Classical.choice, Quot.sound]
'NativeRadialScaleConsequences.original_reciprocal_width_control' depends on axioms: [propext,
 Classical.choice,
 Quot.sound]

Confirmed exit code: 0
