'TwoDimensionalTransverseEscape.det_abs_lower_of_max_transverse' depends on axioms: [propext,
 Classical.choice,
 Quot.sound]
'TwoDimensionalTransverseEscape.coefficients_mul_bound_of_det_bound' depends on axioms: [propext,
 Classical.choice,
 Quot.sound]
'TwoDimensionalTransverseEscape.coefficients_bound_of_det_bound' depends on axioms: [propext,
 Classical.choice,
 Quot.sound]
'TwoDimensionalTransverseEscape.coefficient_differences_bound_of_max_transverse' depends on axioms: [propext,
 Classical.choice,
 Quot.sound]
'TwoStepMenuPaths.mem_paths' depends on axioms: [propext, Classical.choice, Quot.sound]
'TwoStepMenuPaths.card_paths' depends on axioms: [propext, Classical.choice, Quot.sound]
'TwoStepMenuPaths.card_paths_lower' depends on axioms: [propext, Classical.choice, Quot.sound]
'TwoStepMenuPaths.mem_frozen' depends on axioms: [propext, Classical.choice, Quot.sound]
'TwoStepMenuPaths.mem_frozen_paths' depends on axioms: [propext, Classical.choice, Quot.sound]
'TwoStepMenuPaths.frozen_subset' depends on axioms: [propext, Classical.choice, Quot.sound]
'TwoStepMenuPaths.frozen_label' depends on axioms: [propext, Classical.choice, Quot.sound]
'TwoStepMenuPaths.exists_frozen' depends on axioms: [propext, Classical.choice, Quot.sound]
'TwoStepMenuPaths.exists_frozen_paths' depends on axioms: [propext, Classical.choice, Quot.sound]
'TwoStepMenuPaths.orderedTimes_injOn_of_fixed_angles' depends on axioms: [propext, Classical.choice, Quot.sound]
'TwoStepMenuPaths.card_orderedTimes_image_of_fixed_angles' depends on axioms: [propext, Classical.choice, Quot.sound]
'TwoStepMenuPaths.orderedTimes_injOn_frozen' depends on axioms: [propext, Classical.choice, Quot.sound]
'TwoStepMenuPaths.card_orderedTimes_image_frozen' depends on axioms: [propext, Classical.choice, Quot.sound]
'TwoStepMenuPaths.orderedTimes_image_lower_frozen' depends on axioms: [propext, Classical.choice, Quot.sound]
'TwoDimensionalTimeFibers.card_le_real_mul_of_fibers' depends on axioms: [propext, Classical.choice, Quot.sound]
'TwoDimensionalTimeFibers.same_floor_abs_sub_le' depends on axioms: [propext, Classical.choice, Quot.sound]
'TwoDimensionalTimeFibers.floor_fiber_card_le' depends on axioms: [propext, Classical.choice, Quot.sound]
'TwoDimensionalTimeFibers.interval_population' depends on axioms: [propext, Classical.choice, Quot.sound]
'TwoDimensionalTimeFibers.linear_combination_control' depends on axioms: [propext, Classical.choice, Quot.sound]
'TwoDimensionalTimeFibers.coefficient_control' depends on axioms: [propext, Classical.choice, Quot.sound]
'TwoDimensionalTimeFibers.firstTimes_fixed_secondTimes_injective' depends on axioms: [propext,
 Classical.choice,
 Quot.sound]
'TwoDimensionalTimeFibers.two_dimensional_endpoint_fiber' depends on axioms: [propext, Classical.choice, Quot.sound]
'TwoDimensionalTimeFibers.two_dimensional_fixed_angle_growth' depends on axioms: [propext, Classical.choice, Quot.sound]
'FiniteTransverseMenuGrowth.card_le_real_mul_of_fibers' depends on axioms: [propext, Classical.choice, Quot.sound]
'FiniteTransverseMenuGrowth.same_floor_abs_sub_le' depends on axioms: [propext, Classical.choice, Quot.sound]
'FiniteTransverseMenuGrowth.floor_fiber_card_le' depends on axioms: [propext, Classical.choice, Quot.sound]
'FiniteTransverseMenuGrowth.interval_population' depends on axioms: [propext, Classical.choice, Quot.sound]
'FiniteTransverseMenuGrowth.scalar_coefficient_control' depends on axioms: [propext, Classical.choice, Quot.sound]
'FiniteTransverseMenuGrowth.first_fixed_second_injective' depends on axioms: [propext, Classical.choice, Quot.sound]
'FiniteTransverseMenuGrowth.scalar_endpoint_fiber' depends on axioms: [propext, Classical.choice, Quot.sound]
'FiniteTransverseMenuGrowth.scalar_fixed_angle_growth' depends on axioms: [propext, Classical.choice, Quot.sound]
'FiniteTransverseMenuGrowth.scalar_menu_growth' depends on axioms: [propext, Classical.choice, Quot.sound]
'FiniteTransverseMenuGrowth.planar_line_ne_top' depends on axioms: [propext, Classical.choice, Quot.sound]
'FiniteTransverseMenuGrowth.planar_line_richness_of_subspaces' depends on axioms: [propext,
 Classical.choice,
 Quot.sound]
'FiniteTransverseMenuGrowth.planar_frozen_paths' depends on axioms: [propext, Classical.choice, Quot.sound]
'FiniteTransverseMenuGrowth.scalar_infDist_bot' depends on axioms: [propext, Classical.choice, Quot.sound]
'FiniteTransverseMenuGrowth.scalar_menu_growth_from_subspaces' depends on axioms: [propext,
 Classical.choice,
 Quot.sound]
'FiniteTransverseMenuGrowth.two_step_coordinate_error' depends on axioms: [propext, Classical.choice, Quot.sound]
'FiniteTransverseMenuGrowth.planar_menu_growth' depends on axioms: [propext, Classical.choice, Quot.sound]
'QuadraticImageCount.time_gap' depends on axioms: [propext, Classical.choice, Quot.sound]
'QuadraticImageCount.near_vertex_card' depends on axioms: [propext, Classical.choice, Quot.sound]
'QuadraticImageCount.select_side' depends on axioms: [propext, Classical.choice, Quot.sound]
'QuadraticImageCount.select_dense_side' depends on axioms: [propext, Classical.choice, Quot.sound]
'QuadraticImageCount.square_difference_lower' depends on axioms: [propext, Classical.choice, Quot.sound]
'QuadraticImageCount.noisy_square_gap' depends on axioms: [propext, Classical.choice, Quot.sound]
'QuadraticImageCount.quadratic_pair_gap' depends on axioms: [propext, Classical.choice, Quot.sound]
'QuadraticImageCount.quadratic_fiber_bound' depends on axioms: [propext, Classical.choice, Quot.sound]
'QuadraticImageCount.quadratic_image_count' depends on axioms: [propext, Classical.choice, Quot.sound]
'QuadraticImageCount.quadratic_fiber_card_bound' depends on axioms: [propext, Classical.choice, Quot.sound]
'QuadraticImageCount.exists_dense_quadratic_image' depends on axioms: [propext, Classical.choice, Quot.sound]
'QuadraticImageCount.dense_quadratic_image_count' depends on axioms: [propext, Classical.choice, Quot.sound]
'QuadraticImageCount.unit_density_quadratic_image_count' depends on axioms: [propext, Classical.choice, Quot.sound]
'QuadraticImageCount.interval_density_le' depends on axioms: [propext, Classical.choice, Quot.sound]
'QuadraticImageCount.interval_quadratic_image_count' depends on axioms: [propext, Classical.choice, Quot.sound]
'GrainJumpAdditiveRelation.Data.endpoint_identity' depends on axioms: [propext, Classical.choice, Quot.sound]
'GrainJumpAdditiveRelation.Data.difference_identity' depends on axioms: [propext, Classical.choice, Quot.sound]
'GrainJumpAdditiveRelation.Data.error_bound' depends on axioms: [propext, Classical.choice, Quot.sound]
'GrainJumpAdditiveRelation.Data.additive_relation_bound' depends on axioms: [propext, Classical.choice, Quot.sound]
'ShearedGridSpineColumns.pairLabel_injective' depends on axioms: [propext, Classical.choice, Quot.sound]
'ShearedGridSpineColumns.pair_cell_image_card' depends on axioms: [propext, Classical.choice, Quot.sound]
'ShearedGridSpineColumns.anchor_spec' depends on axioms: [propext, Classical.choice, Quot.sound]
'ShearedGridSpineColumns.slope_bound' depends on axioms: [propext, Classical.choice, Quot.sound]
'ShearedGridSpineColumns.slope_mul' depends on axioms: [propext, Classical.choice, Quot.sound]
'ShearedGridSpineColumns.tube_pair_residual' depends on axioms: [propext, Classical.choice, Quot.sound]
'ShearedGridSpineColumns.overlap_budget' depends on axioms: [propext, Classical.choice, Quot.sound]
'ShearedGridSpineColumns.columns_from_coarse_spines' depends on axioms: [propext, Classical.choice, Quot.sound]
'ShearedGridSpineColumns.lift_image' depends on axioms: [propext, Classical.choice, Quot.sound]
'ShearedGridSpineColumns.localCapacity_pos' depends on axioms: [propext, Classical.choice, Quot.sound]
'ShearedGridSpineColumns.local_fine_grid_card' depends on axioms: [propext, Classical.choice, Quot.sound]
'ShearedGridSpineColumns.fine_grid_card_le_coarse' depends on axioms: [propext, Classical.choice, Quot.sound]
'ShearedGridSpineColumns.coarse_spine_richness' depends on axioms: [propext, Classical.choice, Quot.sound]
'ShearedGridSpineColumns.columns_from_fine_spines' depends on axioms: [propext, Classical.choice, Quot.sound]
'ShearedGridSpineColumns.richness_div_capacity' depends on axioms: [propext, Classical.choice, Quot.sound]
'ShearedGridSpineColumns.column_power_of_weighted' depends on axioms: [propext, Classical.choice, Quot.sound]
'ShearedGridSpineColumns.columns_card_le_from_AD_fine_spines' depends on axioms: [propext, Classical.choice, Quot.sound]
'NativeFractionalReferenceComposition.exists_native_fractional_refinement' depends on axioms: [propext,
 Classical.choice,
 Quot.sound]
'RichWitnessCore.retained_subset' depends on axioms: [propext, Classical.choice, Quot.sound]
'RichWitnessCore.retained_eq_of_endpoints' depends on axioms: [propext, Classical.choice, Quot.sound]
'RichWitnessCore.swap_mem_retained' depends on axioms: [propext, Classical.choice, Quot.sound]
'RichWitnessCore.outgoing_card_eq_incoming' depends on axioms: [propext, Classical.choice, Quot.sound]
'RichWitnessCore.erase_vertex_loss' depends on axioms: [propext, Classical.choice, Quot.sound]
'RichWitnessCore.exists_rich_core' depends on axioms: [propext, Classical.choice, Quot.sound]
'RichWitnessCore.exists_half_mass_rich_core' depends on axioms: [propext, Classical.choice, Quot.sound]
'RichWitnessCore.collision_swap_mem' depends on axioms: [propext, Classical.choice, Quot.sound]
'RichWitnessCore.exists_collision_rich_core' depends on axioms: [propext, Classical.choice, Quot.sound]
'RichWitnessRealCore.exists_rich_core' depends on axioms: [propext, Classical.choice, Quot.sound]
'RichWitnessRealCore.exists_half_mass_rich_core' depends on axioms: [propext, Classical.choice, Quot.sound]
'RichWitnessRealCore.exists_half_mass_collision_core' depends on axioms: [propext, Classical.choice, Quot.sound]

Command: /workspace/shared/lean-tools/elan/toolchains/leanprover--lean4---v4.33.1/bin/lean -j1 -DautoImplicit=false -DwarningAsError=true verification/WZNativeGeometryReadback.lean
Confirmed exit code: 0
