Started UTC: 2026-10-04T04:58:52.583632+00:00
Command: /workspace/scratch/5f2524fd4117/lean-tools/lean-4.33.1-linux/bin/lean -j1 -DautoImplicit=false -DwarningAsError=true verification/NativeCoarseFamilyReadback.lean
'OriginalShadingCenterProfile.original_shaded_center_ball_count' depends on axioms: [propext,
 Classical.choice,
 Quot.sound]
'OriginalShadingCenterProfile.original_shaded_center_frostman' depends on axioms: [propext,
 Classical.choice,
 Quot.sound]
'OriginalShadingCenterProfile.original_shading_coefficient_one_le' depends on axioms: [propext,
 Classical.choice,
 Quot.sound]
'OriginalShadingBoxProfile.original_common_box_euclidean' depends on axioms: [propext, Classical.choice, Quot.sound]
'OriginalShadingBoxProfile.original_half_box_lift' depends on axioms: [propext, Classical.choice, Quot.sound]
'OriginalShadingBoxProfile.original_half_common_box_euclidean' depends on axioms: [propext,
 Classical.choice,
 Quot.sound]
'OriginalShadingBoxProfile.original_half_box_profile_from_centers' depends on axioms: [propext,
 Classical.choice,
 Quot.sound]
'OriginalProfiledCoarseShadings.original_shading_half_box_frostman' depends on axioms: [propext,
 Classical.choice,
 Quot.sound]
'OriginalProfiledCoarseShadings.exists_original_profiled_coarse_shadings' depends on axioms: [propext,
 Classical.choice,
 Quot.sound]
'NativeOriginalShadingWidthCutoff.exists_native_shading_width_cutoff' depends on axioms: [propext,
 Classical.choice,
 Quot.sound]
'OriginalDenseFamilyCap.original_dense_external_cap' depends on axioms: [propext, Classical.choice, Quot.sound]
'OriginalDenseFamilyCap.normalize_original_dense_cap' depends on axioms: [propext, Classical.choice, Quot.sound]
'NativeOriginalTubeFamilyCaller.exists_native_original_tube_family_threshold' depends on axioms: [propext,
 Classical.choice,
 Quot.sound]
'OriginalDensestFiberRetention.selected_original_fibers_le_population_square' depends on axioms: [propext,
 Classical.choice,
 Quot.sound]
'OriginalDensestFiberRetention.original_pair_mass_after_coarse_selection' depends on axioms: [propext,
 Classical.choice,
 Quot.sound]
'NativeOriginalDensestScaleDecay.original_densest_scale_decay' depends on axioms: [propext,
 Classical.choice,
 Quot.sound]
'NativeOriginalDensestScaleDecay.exists_original_densest_scale_cutoff' depends on axioms: [propext,
 Classical.choice,
 Quot.sound]
'NativeOriginalCoarseTubeFamily.exists_native_original_coarse_family_threshold' depends on axioms: [propext,
 Classical.choice,
 Quot.sound]
'OriginalWindowPhysicalCells.physical_cells_rectangle' depends on axioms: [propext, Classical.choice, Quot.sound]
'OriginalWindowPhysicalCells.same_x_window_physical_cells' depends on axioms: [propext, Classical.choice, Quot.sound]
'OriginalWindowPhysicalCells.original_phase_over_x_cell' depends on axioms: [propext, Classical.choice, Quot.sound]
'OriginalWindowPhysicalCells.original_phase_first_fiber' depends on axioms: [propext, Classical.choice, Quot.sound]
'NativeOriginalWindowKT.actual_window_first_fiber' depends on axioms: [propext, Classical.choice, Quot.sound]
'NativeOriginalWindowKT.actual_window_KT' depends on axioms: [propext, Classical.choice, Quot.sound]
'NativeOriginalWindowKT.actual_window_projection_KT' depends on axioms: [propext, Classical.choice, Quot.sound]
'NativeScheduledScaleSelection.scheduledScale_eq_pow' depends on axioms: [propext, Classical.choice, Quot.sound]
'NativeScheduledScaleSelection.scheduledScale_integer' depends on axioms: [propext, Classical.choice, Quot.sound]
'NativeScheduledScaleSelection.exists_scheduled_scale_above' depends on axioms: [propext, Classical.choice, Quot.sound]
'NativeScheduledScaleSelection.scheduled_law_at_selected' depends on axioms: [propext, Classical.choice, Quot.sound]
'NativeScheduledScaleSelection.exists_scheduled_scale_with_laws' depends on axioms: [propext,
 Classical.choice,
 Quot.sound]
'NativeScheduledHeightPopulation.normalizedGraph_eq_common_scaling' depends on axioms: [propext,
 Classical.choice,
 Quot.sound]
'NativeScheduledHeightPopulation.actual_labels_KT' depends on axioms: [propext, Classical.choice, Quot.sound]
'NativeScheduledHeightPopulation.selected_labels_KT' depends on axioms: [propext, Classical.choice, Quot.sound]
'NativeScheduledHeightPopulation.selected_height_mass_exact' depends on axioms: [propext, Classical.choice, Quot.sound]
'NativeScheduledHeightPopulation.selected_height_mass' depends on axioms: [propext, Classical.choice, Quot.sound]
'NativeScheduledHeightPopulation.scheduled_representative_error' depends on axioms: [propext,
 Classical.choice,
 Quot.sound]
'NativeScheduledHeightPopulation.scheduled_error_ratio' depends on axioms: [propext, Classical.choice, Quot.sound]
'NativeScheduledHeightPopulation.selected_population_at_nearby_mesh' depends on axioms: [propext,
 Classical.choice,
 Quot.sound]
'NativeScheduledHeightPopulation.exists_dyadic_selected_population' depends on axioms: [propext,
 Classical.choice,
 Quot.sound]
'NativeScheduledHeightPopulation.exists_scheduled_actual_B_population' depends on axioms: [propext,
 Classical.choice,
 Quot.sound]
'NativeScheduledHeightPopulation.scheduled_field_error' depends on axioms: [propext, Classical.choice, Quot.sound]
'NativeScheduledHeightPopulation.paper_scheduled_field_error' depends on axioms: [propext, Classical.choice, Quot.sound]
'NativeScheduledHeightPopulation.scheduled_graph_envelope' depends on axioms: [propext, Classical.choice, Quot.sound]
'NativeScheduledHeightPopulation.enclosing_schedule_fits_common_scaling' depends on axioms: [propext,
 Classical.choice,
 Quot.sound]
'NativeScheduledHeightPopulation.selected_scheduled_graph_envelope' depends on axioms: [propext,
 Classical.choice,
 Quot.sound]
'OriginalRobustKaufmanImage.dense_intersection' depends on axioms: [propext, Classical.choice, Quot.sound]
'OriginalRobustKaufmanImage.floor_image_lower' depends on axioms: [propext, Classical.choice, Quot.sound]
'OriginalRobustKaufmanImage.original_robust_kaufman_image' depends on axioms: [propext, Classical.choice, Quot.sound]

Confirmed exit code: 0
