'SymmetrySetDifferenceStep.overlap_subset' depends on axioms: [propext, Classical.choice, Quot.sound]
'SymmetrySetDifferenceStep.overlap_card_le' depends on axioms: [propext, Classical.choice, Quot.sound]
'SymmetrySetDifferenceStep.mem_symmetrySet_iff' depends on axioms: [propext, Classical.choice, Quot.sound]
'SymmetrySetDifferenceStep.incidence_sum' depends on axioms: [propext, Classical.choice, Quot.sound]
'SymmetrySetDifferenceStep.incidence_second_moment' depends on axioms: [propext, Classical.choice, Quot.sound]
'SymmetrySetDifferenceStep.common_witnesses_card_le' depends on axioms: [propext, Classical.choice, Quot.sound]
'SymmetrySetDifferenceStep.second_moment_le_energy' depends on axioms: [propext, Classical.choice, Quot.sound]
'SymmetrySetDifferenceStep.difference_energy_lower' depends on axioms: [propext, Classical.choice, Quot.sound]
'SymmetrySetDifferenceStep.overlap_sum_le_square' depends on axioms: [propext, Classical.choice, Quot.sound]
'SymmetrySetDifferenceStep.symmetry_family_card_bound' depends on axioms: [propext, Classical.choice, Quot.sound]
'SymmetrySetDifferenceStep.symmetrySet_card_bound' depends on axioms: [propext, Classical.choice, Quot.sound]
'SymmetrySetDifferenceStep.difference_energy_upper' depends on axioms: [propext, Classical.choice, Quot.sound]
'SymmetrySetDifferenceStep.good_pairs_lower' depends on axioms: [propext, Classical.choice, Quot.sound]
'SymmetrySetDifferenceStep.good_pairs_difference_image_subset' depends on axioms: [propext,
 Classical.choice,
 Quot.sound]
'SymmetrySetDifferenceStep.symmetrySet_card_mul_bound' depends on axioms: [propext, Classical.choice, Quot.sound]
'SymmetrySetDifferenceStep.good_pairs_lower_of_energy' depends on axioms: [propext, Classical.choice, Quot.sound]
'SymmetrySetDifferenceStep.additive_fiber_card' depends on axioms: [propext, Classical.choice, Quot.sound]
'SymmetrySetDifferenceStep.differenceEnergy_eq_addEnergy' depends on axioms: [propext, Classical.choice, Quot.sound]
'SymmetrySetDifferenceStep.good_pairs_lower_of_addEnergy' depends on axioms: [propext, Classical.choice, Quot.sound]
'DyadicOriginalFiberSelection.fiber_card_pos' depends on axioms: [propext, Classical.choice, Quot.sound]
'DyadicOriginalFiberSelection.fiber_sum' depends on axioms: [propext, Classical.choice, Quot.sound]
'DyadicOriginalFiberSelection.level_lt' depends on axioms: [propext, Classical.choice, Quot.sound]
'DyadicOriginalFiberSelection.bin_saturated' depends on axioms: [propext, Classical.choice, Quot.sound]
'DyadicOriginalFiberSelection.fiber_bin_eq' depends on axioms: [propext, Classical.choice, Quot.sound]
'DyadicOriginalFiberSelection.bin_fiber_bounds' depends on axioms: [propext, Classical.choice, Quot.sound]
'DyadicOriginalFiberSelection.bin_card_sum' depends on axioms: [propext, Classical.choice, Quot.sound]
'DyadicOriginalFiberSelection.exists_dyadic_bin' depends on axioms: [propext, Classical.choice, Quot.sound]
'DyadicOriginalFiberSelection.bin_half_average' depends on axioms: [propext, Classical.choice, Quot.sound]
'DyadicOriginalFiberSelection.exists_original_fiber_refinement' depends on axioms: [propext,
 Classical.choice,
 Quot.sound]
'DyadicOriginalFiberSelection.exists_original_fiber_refinement_real' depends on axioms: [propext,
 Classical.choice,
 Quot.sound]
'DyadicOriginalFiberSelection.levelCount_eq_log2' depends on axioms: [propext, Classical.choice, Quot.sound]
'DyadicOriginalFiberSelection.fiber_eq_of_saturated' depends on axioms: [propext, Classical.choice, Quot.sound]
'DyadicOriginalFiberSelection.exists_refined_good_pairs' depends on axioms: [propext, Classical.choice, Quot.sound]
'DyadicOriginalFiberSelection.exists_refined_symmetry_pairs' depends on axioms: [propext, Classical.choice, Quot.sound]
'DyadicOriginalFiberSelection.exists_refined_pairs_of_addEnergy' depends on axioms: [propext,
 Classical.choice,
 Quot.sound]
'SymmetryDifferenceGrowthChain.threshold_pos' depends on axioms: [propext, Classical.choice, Quot.sound]
'SymmetryDifferenceGrowthChain.threshold_formula' depends on axioms: [propext, Classical.choice, Quot.sound]
'SymmetryDifferenceGrowthChain.exists_step_of_energy' depends on axioms: [propext, Classical.choice, Quot.sound]
'SymmetryDifferenceGrowthChain.exists_step_of_symmetry' depends on axioms: [propext, Classical.choice, Quot.sound]
'SymmetryDifferenceGrowthChain.selectedEdges_spec' depends on axioms: [propext, Classical.choice, Quot.sound]
'SymmetryDifferenceGrowthChain.chainSet_zero' depends on axioms: [propext, Classical.choice, Quot.sound]
'SymmetryDifferenceGrowthChain.chainSet_succ' depends on axioms: [propext, Classical.choice, Quot.sound]
'SymmetryDifferenceGrowthChain.chain_steps' depends on axioms: [propext, Classical.choice, Quot.sound]
'SymmetryDifferenceGrowthChain.chain_nonempty' depends on axioms: [propext, Classical.choice, Quot.sound]
'SymmetryDifferenceGrowthChain.density_pos' depends on axioms: [propext, Classical.choice, Quot.sound]
'SymmetryDifferenceGrowthChain.chain_edge_density' depends on axioms: [propext, Classical.choice, Quot.sound]
'SymmetryDifferenceGrowthChain.difference_fiber_card_le' depends on axioms: [propext, Classical.choice, Quot.sound]
'SymmetryDifferenceGrowthChain.edge_card_le_image_mul' depends on axioms: [propext, Classical.choice, Quot.sound]
'SymmetryDifferenceGrowthChain.chain_growth_lower' depends on axioms: [propext, Classical.choice, Quot.sound]
'SymmetryDifferenceGrowthChain.density_le_one' depends on axioms: [propext, Classical.choice, Quot.sound]
'SymmetryDifferenceGrowthChain.chain_card_upper' depends on axioms: [propext, Classical.choice, Quot.sound]
'SymmetryDifferenceGrowthChain.chain_fiber_lower' depends on axioms: [propext, Classical.choice, Quot.sound]
'SymmetryDifferenceGrowthChain.threshold_le_one_of_energy' depends on axioms: [propext, Classical.choice, Quot.sound]
'SymmetryDifferenceGrowthChain.density_formula' depends on axioms: [propext, Classical.choice, Quot.sound]
'SymmetryDifferenceGrowthChain.positive_ratio_product' depends on axioms: [propext, Classical.choice, Quot.sound]
'SymmetryDifferenceGrowthChain.terminalBound_pos' depends on axioms: [propext, Classical.choice, Quot.sound]
'SymmetryDifferenceGrowthChain.terminal_ratio_bound' depends on axioms: [propext, Classical.choice, Quot.sound]
'SymmetryDifferenceGrowthChain.chain_ratio_product' depends on axioms: [propext, Classical.choice, Quot.sound]
'SymmetryDifferenceGrowthChain.exists_adjacent_ratio_le_root' depends on axioms: [propext, Classical.choice, Quot.sound]
'SymmetryDifferenceGrowthChain.exists_slow_stage' depends on axioms: [propext, Classical.choice, Quot.sound]
'SymmetryDifferenceGrowthChain.one_le_slowFactor' depends on axioms: [propext, Classical.choice, Quot.sound]
'BalancedBSGIterationCore.iterated_differences_of_small_difference' depends on axioms: [propext,
 Classical.choice,
 Quot.sound]
'BalancedBSGIterationCore.balanced_energy_core' depends on axioms: [propext, Classical.choice, Quot.sound]
'BalancedBSGPolynomialLoss.difference_constant_polynomial' depends on axioms: [propext, Classical.choice, Quot.sound]
'BalancedBSGPolynomialLoss.growth_constant_polynomial' depends on axioms: [propext, Classical.choice, Quot.sound]
'BalancedBSGPolynomialLoss.growth_constant_le_div' depends on axioms: [propext, Classical.choice, Quot.sound]
'OriginalDifferenceTranslatePullback.exists_original_translate_pullback' depends on axioms: [propext,
 Classical.choice,
 Quot.sound]
'OriginalDifferenceTranslatePullback.exists_original_translate_pullback_density' depends on axioms: [propext,
 Classical.choice,
 Quot.sound]
'IteratedDifferenceTranslatePullback.pullback_chain' depends on axioms: [propext, Classical.choice, Quot.sound]
'DisjointRichTranslateCover.exists_disjoint_translate_cover' depends on axioms: [propext, Classical.choice, Quot.sound]
'DisjointRichTranslateCover.exists_rich_translate_selection' depends on axioms: [propext, Classical.choice, Quot.sound]
'DisjointRichTranslateCover.exists_rich_translate_selection_quantitative' depends on axioms: [propext,
 Classical.choice,
 Quot.sound]
'SlowSymmetryBalancedCore.difference_collisions_le_energy' depends on axioms: [propext, Classical.choice, Quot.sound]
'SlowSymmetryBalancedCore.original_difference_graph_energy' depends on axioms: [propext, Classical.choice, Quot.sound]
'SlowSymmetryBalancedCore.energy_of_slow_ratio' depends on axioms: [propext, Classical.choice, Quot.sound]
'SlowSymmetryBalancedCore.exists_balanced_chain_core' depends on axioms: [propext, Classical.choice, Quot.sound]
'ChainOriginalCorePullback.pullback_original_subset' depends on axioms: [propext, Classical.choice, Quot.sound]
'DifferenceCoreIteratedCover.difference_core_neg' depends on axioms: [propext, Classical.choice, Quot.sound]
'DifferenceCoreIteratedCover.difference_core_growth' depends on axioms: [propext, Classical.choice, Quot.sound]
'DifferenceCoreIteratedCover.difference_core_difference_growth' depends on axioms: [propext,
 Classical.choice,
 Quot.sound]
'DifferenceCoreIteratedCover.covered_iterated_sum_difference' depends on axioms: [propext, Classical.choice, Quot.sound]
'RichSymmetryTranslateCenters.translate_eq_add_singleton' depends on axioms: [propext, Classical.choice, Quot.sound]
'RichSymmetryTranslateCenters.translate_card' depends on axioms: [propext, Classical.choice, Quot.sound]
'RichSymmetryTranslateCenters.translated_intersection_card_le' depends on axioms: [propext,
 Classical.choice,
 Quot.sound]
'RichSymmetryTranslateCenters.original_incidence_sum_le' depends on axioms: [propext, Classical.choice, Quot.sound]
'RichSymmetryTranslateCenters.symmetry_overlap_sum_lower' depends on axioms: [propext, Classical.choice, Quot.sound]
'RichSymmetryTranslateCenters.overlap_sum_upper' depends on axioms: [propext, Classical.choice, Quot.sound]
'RichSymmetryTranslateCenters.exists_rich_centers' depends on axioms: [propext, Classical.choice, Quot.sound]
'RichSymmetryTranslateCenters.exists_rich_centers_translate' depends on axioms: [propext, Classical.choice, Quot.sound]
'AsymmetricOriginalSubsetAssembly.original_subsets_from_chain_core' depends on axioms: [propext,
 Classical.choice,
 Quot.sound]
'AsymmetricOriginalSubsetAssembly.finite_asymmetric_original_subsets' depends on axioms: [propext,
 Classical.choice,
 Quot.sound]
'SymmetryChainUniformDensity.threshold_antitone' depends on axioms: [propext, Classical.choice, Quot.sound]
'SymmetryChainUniformDensity.chain_card_budget' depends on axioms: [propext, Classical.choice, Quot.sound]
'SymmetryChainUniformDensity.good_pairs_card_budget' depends on axioms: [propext, Classical.choice, Quot.sound]
'SymmetryChainUniformDensity.chain_level_count_budget' depends on axioms: [propext, Classical.choice, Quot.sound]
'SymmetryChainUniformDensity.common_density_lower' depends on axioms: [propext, Classical.choice, Quot.sound]
'SymmetryChainUniformDensity.common_threshold_range' depends on axioms: [propext, Classical.choice, Quot.sound]
'SymmetryChainUniformDensity.source_budget_bounds' depends on axioms: [propext, Classical.choice, Quot.sound]
'SymmetryChainUniformDensity.constructed_common_density' depends on axioms: [propext, Classical.choice, Quot.sound]
'SymmetrySlowFactorBudget.root_factor_le' depends on axioms: [propext, Classical.choice, Quot.sound]
'SymmetrySlowFactorBudget.balanced_density_lower' depends on axioms: [propext, Classical.choice, Quot.sound]
'SymmetrySlowFactorBudget.chain_balanced_density_lower' depends on axioms: [propext, Classical.choice, Quot.sound]
'SymmetrySlowFactorBudget.growth_cost_budget' depends on axioms: [propext, Classical.choice, Quot.sound]
'ShiftedLabelEnergy.population_zero' depends on axioms: [propext, Classical.choice, Quot.sound]
'ShiftedLabelEnergy.shifted_count_by_original_points' depends on axioms: [propext, Classical.choice, Quot.sound]
'ShiftedLabelEnergy.shifted_count_by_labels' depends on axioms: [propext, Classical.choice, Quot.sound]
'ShiftedLabelEnergy.shifted_square_sum_le' depends on axioms: [propext, Classical.choice, Quot.sound]
'ShiftedLabelEnergy.shifted_pairs_le_zero_energy' depends on axioms: [propext, Classical.choice, Quot.sound]
'ShiftedLabelEnergy.five_discrepancies' depends on axioms: [propext, Classical.choice, Quot.sound]
'ShiftedLabelEnergy.near_pairs_le_five_energy' depends on axioms: [propext, Classical.choice, Quot.sound]
'ActualRoundedAdditiveEnergy.round_error' depends on axioms: [propext, Classical.choice, Quot.sound]
'ActualRoundedAdditiveEnergy.rounding_injOn' depends on axioms: [propext, Classical.choice, Quot.sound]
'ActualRoundedAdditiveEnergy.collisions_image_card' depends on axioms: [propext, Classical.choice, Quot.sound]
'ActualRoundedAdditiveEnergy.rounded_product_image' depends on axioms: [propext, Classical.choice, Quot.sound]
'ActualRoundedAdditiveEnergy.rounded_label_energy' depends on axioms: [propext, Classical.choice, Quot.sound]
'ActualRoundedAdditiveEnergy.near_energy_le_five_rounded_energy' depends on axioms: [propext,
 Classical.choice,
 Quot.sound]
'ActualRoundedAdditiveEnergy.rounded_card' depends on axioms: [propext, Classical.choice, Quot.sound]
'ActualRoundedAdditiveEnergy.near_difference_eq_near_sum' depends on axioms: [propext, Classical.choice, Quot.sound]
'ActualRoundedAdditiveEnergy.near_difference_le_five_rounded_energy' depends on axioms: [propext,
 Classical.choice,
 Quot.sound]
'ActualRoundedAdditiveEnergy.rounded_energy_density' depends on axioms: [propext, Classical.choice, Quot.sound]
'RoundedIteratedCoverTransfer.original_preimage' depends on axioms: [propext, Classical.choice, Quot.sound]
'RoundedIteratedCoverTransfer.round_abs_error' depends on axioms: [propext, Classical.choice, Quot.sound]
'RoundedIteratedCoverTransfer.nsmul_rounding_witness' depends on axioms: [propext, Classical.choice, Quot.sound]
'RoundedIteratedCoverTransfer.mixed_rounding_witness' depends on axioms: [propext, Classical.choice, Quot.sound]
'RoundedIteratedCoverTransfer.rounded_label_close' depends on axioms: [propext, Classical.choice, Quot.sound]
'RoundedIteratedCoverTransfer.iterated_grid_cover_bound' depends on axioms: [propext, Classical.choice, Quot.sound]
'OriginalRealAsymmetricConstruction.original_real_subsets' depends on axioms: [propext, Classical.choice, Quot.sound]
'NativeAsymmetricScaleBudget.ceil_inverse_bound' depends on axioms: [propext, Classical.choice, Quot.sound]
'NativeAsymmetricScaleBudget.budget_linear_bound' depends on axioms: [propext, Classical.choice, Quot.sound]
'NativeAsymmetricScaleBudget.threshold_native' depends on axioms: [propext, Classical.choice, Quot.sound]
'NativeAsymmetricScaleBudget.density_native_lower' depends on axioms: [propext, Classical.choice, Quot.sound]
'NativeAsymmetricScaleBudget.inverse_le_binary_ceil' depends on axioms: [propext, Classical.choice, Quot.sound]
'NativeAsymmetricScaleBudget.native_card_budget' depends on axioms: [propext, Classical.choice, Quot.sound]
'NativeAsymmetricPolynomialRetention.retained_product_lower' depends on axioms: [propext, Classical.choice, Quot.sound]
'NativeAsymmetricPolynomialRetention.original_x_retention' depends on axioms: [propext, Classical.choice, Quot.sound]
'NativeAsymmetricPolynomialRetention.growth_power_budget' depends on axioms: [propext, Classical.choice, Quot.sound]
'NativeAsymmetricPolynomialRetention.original_y_retention' depends on axioms: [propext, Classical.choice, Quot.sound]
'NativeAsymmetricPolynomialRetention.iterated_cost_budget' depends on axioms: [propext, Classical.choice, Quot.sound]
'SeparatedDyadicCardinality.original_rounded_label_bounds' depends on axioms: [propext, Classical.choice, Quot.sound]
'SeparatedDyadicCardinality.original_cardinality_bound' depends on axioms: [propext, Classical.choice, Quot.sound]
'PartitionedCollisionEnergy.histogram_partition' depends on axioms: [propext, Classical.choice, Quot.sound]
'PartitionedCollisionEnergy.collision_energy_on_original_menu' depends on axioms: [propext,
 Classical.choice,
 Quot.sound]
'PartitionedCollisionEnergy.partition_collision_energy' depends on axioms: [propext, Classical.choice, Quot.sound]
'PartitionedCollisionEnergy.translated_pair_energy_cap' depends on axioms: [propext, Classical.choice, Quot.sound]
'AsymmetricDyadicAbsorption.polynomial_absorption' depends on axioms: [propext, Classical.choice, Quot.sound]
'AsymmetricDyadicAbsorption.slow_factor_absorption' depends on axioms: [propext, Classical.choice, Quot.sound]
'AsymmetricDyadicAbsorption.polynomial_retention_absorption' depends on axioms: [propext, Classical.choice, Quot.sound]
'AsymmetricDyadicAbsorption.polynomial_cost_absorption' depends on axioms: [propext, Classical.choice, Quot.sound]
'AsymmetricDyadicAbsorption.real_floor_cover_factor' depends on axioms: [propext, Classical.choice, Quot.sound]
'AsymmetricDyadicAbsorption.densityCoefficient_pos' depends on axioms: [propext, Classical.choice, Quot.sound]
'AsymmetricDyadicAbsorption.nativeDensity_lower' depends on axioms: [propext, Classical.choice, Quot.sound]
'AsymmetricDyadicAbsorption.choose_depth' depends on axioms: [propext, Classical.choice, Quot.sound]
'AsymmetricDyadicAbsorption.native_absorption' depends on axioms: [propext, Classical.choice, Quot.sound]
'AsymmetricDyadicAbsorption.dyadic_mesh_rpow' depends on axioms: [propext, Classical.choice, Quot.sound]
'AsymmetricDyadicAbsorption.native_dyadic_absorption' depends on axioms: [propext, Classical.choice, Quot.sound]
'AsymmetricDyadicAbsorption.original_real_dyadic_bsg' depends on axioms: [propext, Classical.choice, Quot.sound]

Command: /workspace/shared/lean-tools/elan/toolchains/leanprover--lean4---v4.33.1/bin/lean -j1 -DautoImplicit=false -DwarningAsError=true verification/WZOriginalAsymmetricReadback.lean
Confirmed exit code: 0
