Started UTC: 2026-10-04T10:07:49.605162+00:00
Command: /workspace/scratch/5f2524fd4117/lean-tools/lean-4.33.1-linux/bin/lean -j1 -DautoImplicit=false -DwarningAsError=true verification/OriginalGeometricHairbrushReadback.lean
FIFO compiler ticket: 01791108469628494568-9993520ee4fe48849149ee638d07ac5e.request
FIFO compiler acquired UTC: 2026-10-04T10:09:37.684889+00:00
'OriginalThreeDimensionalTransverseWedgeGeometry.original_endpoint_graph' depends on axioms: [propext,
 Classical.choice,
 Quot.sound]
'OriginalThreeDimensionalTransverseWedgeGeometry.original_parallel_wedge_neighbor_mem' depends on axioms: [propext,
 Classical.choice,
 Quot.sound]
'OriginalThreeDimensionalTransverseWedgeGeometry.original_bad_wedge_neighbors_card' depends on axioms: [propext,
 Classical.choice,
 Quot.sound]
'OriginalThreeDimensionalTransverseWedgeGeometry.original_transverse_parameter_transfer' depends on axioms: [propext,
 Classical.choice,
 Quot.sound]
'OriginalThreeDimensionalTransverseWedgeGeometry.original_transverse_intersection_diameter' depends on axioms: [propext,
 Classical.choice,
 Quot.sound]
'OriginalThreeDimensionalTransverseWedgeGeometry.original_transverse_intersection_card' depends on axioms: [propext,
 Classical.choice,
 Quot.sound]
'OriginalThreeDimensionalDenseWedgeCount.original_graph_row_card' depends on axioms: [propext,
 Classical.choice,
 Quot.sound]
'OriginalThreeDimensionalDenseWedgeCount.original_graph_row_sum' depends on axioms: [propext,
 Classical.choice,
 Quot.sound]
'OriginalThreeDimensionalDenseWedgeCount.original_row_bad_wedge_count' depends on axioms: [propext,
 Classical.choice,
 Quot.sound]
'OriginalThreeDimensionalDenseWedgeCount.original_dense_good_wedge_count' depends on axioms: [propext,
 Classical.choice,
 Quot.sound]
'OriginalThreeDimensionalRepresentativeWedges.exists_original_cell_preserving_chart_map' depends on axioms: [propext,
 Classical.choice,
 Quot.sound]
'OriginalThreeDimensionalRepresentativeWedges.original_good_wedge_representatives_mem' depends on axioms: [propext,
 Classical.choice,
 Quot.sound]
'OriginalThreeDimensionalRepresentativeWedges.original_representative_row_card' depends on axioms: [propext,
 Classical.choice,
 Quot.sound]
'OriginalThreeDimensionalRepresentativeWedges.original_good_wedge_representative_fiber' depends on axioms: [propext,
 Classical.choice,
 Quot.sound]
'OriginalThreeDimensionalTransverseHairbrush.original_transverse_pairs_lower_count' depends on axioms: [propext,
 Classical.choice,
 Quot.sound]
'OriginalThreeDimensionalTransverseHairbrush.original_brush_pair_fiber_card' depends on axioms: [propext,
 Classical.choice,
 Quot.sound]
'OriginalThreeDimensionalTransverseHairbrush.exists_original_largest_transverse_brush' depends on axioms: [propext,
 Classical.choice,
 Quot.sound]
'OriginalThreeDimensionalTransverseHairbrush.original_rich_family_scaled_upper' depends on axioms: [propext,
 Classical.choice,
 Quot.sound]
'OriginalThreeDimensionalTransverseHairbrush.exists_original_transverse_hairbrush' depends on axioms: [propext,
 Classical.choice,
 Quot.sound]
'OriginalThreeDimensionalSourceHairbrush.exists_original_dense_graph_hairbrush' depends on axioms: [propext,
 Classical.choice,
 Quot.sound]
'NativeNormalizedParentCarrierMetric.euclidean_three_norm_le_two' depends on axioms: [propext,
 Classical.choice,
 Quot.sound]
'NativeNormalizedParentCarrierMetric.heightPoint_zero_norm' depends on axioms: [propext, Classical.choice, Quot.sound]
'NativeNormalizedParentCarrierMetric.heightPoint_zero_sub_norm' depends on axioms: [propext,
 Classical.choice,
 Quot.sound]
'NativeNormalizedParentCarrierMetric.graph_direction_dist_le' depends on axioms: [propext, Classical.choice, Quot.sound]
'NativeNormalizedParentCarrierMetric.orthogonal_offset_dist_le' depends on axioms: [propext,
 Classical.choice,
 Quot.sound]
'NativeNormalizedParentCarrierMetric.graph_carrier_dist_le_sixteen' depends on axioms: [propext,
 Classical.choice,
 Quot.sound]
'NativeNormalizedParentCarrierMetric.normalized_intercept_norm_le_one' depends on axioms: [propext,
 Classical.choice,
 Quot.sound]
'NativeNormalizedParentCarrierMetric.contractLine_carrier_dist_le' depends on axioms: [propext,
 Classical.choice,
 Quot.sound]
'NativeNormalizedParentCarrierMetric.normalized_parent_carrier_dist_le' depends on axioms: [propext,
 Classical.choice,
 Quot.sound]
'NativeNormalizedParentCarrierMetric.same_floor_mul_close' depends on axioms: [propext, Classical.choice, Quot.sound]
'NativeNormalizedParentCarrierMetric.same_parent_cell_carrier_dist_le' depends on axioms: [propext,
 Classical.choice,
 Quot.sound]
'NativeContractedUnitParent.direction_contractLine' depends on axioms: [propext, Classical.choice, Quot.sound]
'NativeContractedUnitParent.contractLine_valid' depends on axioms: [propext, Classical.choice, Quot.sound]
'NativeContractedUnitParent.contractLine_rawFront' depends on axioms: [propext, Classical.choice, Quot.sound]
'NativeContractedUnitParent.contracted_parameter_mem' depends on axioms: [propext, Classical.choice, Quot.sound]
'NativeContractedUnitParent.contract_front' depends on axioms: [propext, Classical.choice, Quot.sound]
'NativeContractedUnitParent.contract_dist' depends on axioms: [propext, Classical.choice, Quot.sound]
'NativeContractedUnitParent.contract_tube' depends on axioms: [propext, Classical.choice, Quot.sound]
'NativeContractedUnitParent.contractLine_norm_le' depends on axioms: [propext, Classical.choice, Quot.sound]
'NativeContractedUnitParent.contractLine_center_height' depends on axioms: [propext, Classical.choice, Quot.sound]
'NativeContractedUnitParent.original_tube_maps_into_contracted' depends on axioms: [propext,
 Classical.choice,
 Quot.sound]
'NativeContractedUnitParent.contracted_direction_separation' depends on axioms: [propext, Classical.choice, Quot.sound]
'NativeContractedUnitParent.contracted_line_compact' depends on axioms: [propext, Classical.choice, Quot.sound]
'NativeContractedUnitParent.contracted_line_common_slab' depends on axioms: [propext, Classical.choice, Quot.sound]
'NativeOriginalPaddedCells.frontPoint_mem_front' depends on axioms: [propext, Classical.choice, Quot.sound]
'NativeOriginalPaddedCells.cells_meet_front' depends on axioms: [propext, Classical.choice, Quot.sound]
'NativeOriginalPaddedCells.cell_shading_subset_contracted_tube' depends on axioms: [propext,
 Classical.choice,
 Quot.sound]
'NativeOriginalPaddedCells.frontPoint_height' depends on axioms: [propext, Classical.choice, Quot.sound]
'NativeOriginalPaddedCells.cellLabel_height' depends on axioms: [propext, Classical.choice, Quot.sound]
'NativePaddedCellUnionBound.frontPoint_coordinate_error' depends on axioms: [propext, Classical.choice, Quot.sound]
'NativePaddedCellUnionBound.physicalCell_height' depends on axioms: [propext, Classical.choice, Quot.sound]
'NativePaddedCellUnionBound.frontPoint_near_physicalCell' depends on axioms: [propext, Classical.choice, Quot.sound]
'NativePaddedCellUnionBound.neighborBox_card' depends on axioms: [propext, Classical.choice, Quot.sound]
'NativePaddedCellUnionBound.cellIndex_mem_neighborBox' depends on axioms: [propext, Classical.choice, Quot.sound]
'NativePaddedCellUnionBound.original_cell_output_menu' depends on axioms: [propext, Classical.choice, Quot.sound]
'NativePaddedCellUnionBound.output_support_card_le' depends on axioms: [propext, Classical.choice, Quot.sound]
'NativePaddedCellUnionBound.union_cellShading_eq' depends on axioms: [propext, Classical.choice, Quot.sound]
'NativePaddedCellUnionBound.volume_cell_union' depends on axioms: [propext, Classical.choice, Quot.sound]
'NativePaddedCellUnionBound.output_union_volume_le' depends on axioms: [propext, Classical.choice, Quot.sound]
'NativePaddedCellFiberCount.original_row_card_le' depends on axioms: [propext, Classical.choice, Quot.sound]
'NativePaddedCellFiberCount.output_cell_fiber_card_le' depends on axioms: [propext, Classical.choice, Quot.sound]
'NativePaddedCellFiberCount.original_card_le_output_card' depends on axioms: [propext, Classical.choice, Quot.sound]
'NativePaddedCellFiberCount.original_shading_volume_le' depends on axioms: [propext, Classical.choice, Quot.sound]
'NativePaddedCellSource.originalLabel_mem' depends on axioms: [propext, Classical.choice, Quot.sound]
'NativePaddedCellSource.originalLabel_injective' depends on axioms: [propext, Classical.choice, Quot.sound]
'NativePaddedCellSource.originalLabel_range' depends on axioms: [propext, Classical.choice, Quot.sound]
'NativePaddedCellSource.source_thickness' depends on axioms: [propext, Classical.choice, Quot.sound]
'NativePaddedCellSource.source_line' depends on axioms: [propext, Classical.choice, Quot.sound]
'NativePaddedCellSource.source_shading' depends on axioms: [propext, Classical.choice, Quot.sound]
'NativePaddedCellSource.source_weights' depends on axioms: [propext, Classical.choice, Quot.sound]
'NativePaddedCellSource.dyadic_div_power' depends on axioms: [propext, Classical.choice, Quot.sound]
'NativePaddedCellSource.source_geometric_fields' depends on axioms: [propext, Classical.choice, Quot.sound]
'OriginalThreeDimensionalLargeSlicePopulation.original_common_radius_annular_population' depends on axioms: [propext,
 Classical.choice,
 Quot.sound]
'OriginalThreeDimensionalLargeSlicePopulation.original_large_common_slice_population' depends on axioms: [propext,
 Classical.choice,
 Quot.sound]
'OriginalThreeDimensionalCommonSliceRadius.chosen_slice_index_spec' depends on axioms: [propext,
 Classical.choice,
 Quot.sound]
'OriginalThreeDimensionalCommonSliceRadius.exists_original_common_slice_radius' depends on axioms: [propext,
 Classical.choice,
 Quot.sound]
'OriginalThreeDimensionalCommonSliceRadius.exists_original_concentrated_direction_radius' depends on axioms: [propext,
 Classical.choice,
 Quot.sound]
'OriginalThreeDimensionalCommonPairRadius.exists_original_common_rich_pair_radius' depends on axioms: [propext,
 Classical.choice,
 Quot.sound]
'NativeOriginalConcentratedPairGraph.chosen_heavy_slab_code_spec' depends on axioms: [propext,
 Classical.choice,
 Quot.sound]
'NativeOriginalConcentratedPairGraph.original_selected_concentrated_radius_upper' depends on axioms: [propext,
 Classical.choice,
 Quot.sound]
'NativeOriginalConcentratedPairGraph.original_concentrated_graph_rich_radius' depends on axioms: [propext,
 Classical.choice,
 Quot.sound]
'NativeOriginalConcentratedPairGraph.retained_unconcentrated_direction_population' depends on axioms: [propext,
 Classical.choice,
 Quot.sound]
'OriginalBourgainGraphTransfer.floor_translation_pair' depends on axioms: [propext, Classical.choice, Quot.sound]
'OriginalBourgainGraphTransfer.original_integer_graph_transfer' depends on axioms: [propext,
 Classical.choice,
 Quot.sound]
'OriginalSharedFiberPruning.rich_subset' depends on axioms: [propext, Classical.choice, Quot.sound]
'OriginalSharedFiberPruning.original_light_fiber_budget' depends on axioms: [propext, Classical.choice, Quot.sound]
'OriginalSharedFiberPruning.original_rich_label_charge' depends on axioms: [propext, Classical.choice, Quot.sound]
'OriginalSharedFiberPruning.original_rich_window_charge' depends on axioms: [propext, Classical.choice, Quot.sound]
'OriginalSharedFiberPruning.original_two_fiber_query_retention' depends on axioms: [propext,
 Classical.choice,
 Quot.sound]
'OriginalRichAlphabetProfile.realAlphabet_eq_image' depends on axioms: [propext, Classical.choice, Quot.sound]
'OriginalRichAlphabetProfile.original_scalar_ball_lift' depends on axioms: [propext, Classical.choice, Quot.sound]
'OriginalRichAlphabetProfile.original_weighted_scalar_cap' depends on axioms: [propext, Classical.choice, Quot.sound]
'OriginalRichAlphabetProfile.original_rich_alphabet_profile' depends on axioms: [propext, Classical.choice, Quot.sound]
'OriginalWeakAlphabetSelection.balanceLoss_mul_threshold' depends on axioms: [propext, Classical.choice, Quot.sound]
'OriginalWeakAlphabetSelection.alphabet_balance' depends on axioms: [propext, Classical.choice, Quot.sound]
'OriginalWeakAlphabetSelection.exists_original_weak_alphabets' depends on axioms: [propext,
 Classical.choice,
 Quot.sound]
'OriginalKaufmanSharedHost.original_intersection_loss' depends on axioms: [propext, Classical.choice, Quot.sound]
'OriginalKaufmanSharedHost.exists_original_shared_profile_host' depends on axioms: [propext,
 Classical.choice,
 Quot.sound]
'OriginalProfiledThirdQueryFamily.original_slope_profile_restrict' depends on axioms: [propext,
 Classical.choice,
 Quot.sound]
'OriginalProfiledThirdQueryFamily.exists_original_profiled_third_queries' depends on axioms: [propext,
 Classical.choice,
 Quot.sound]
'OriginalWeightedMacroSelection.sum_original_local_points' depends on axioms: [propext, Classical.choice, Quot.sound]
'OriginalWeightedMacroSelection.local_heights_pair_fiber' depends on axioms: [propext, Classical.choice, Quot.sound]
'OriginalWeightedMacroSelection.sum_local_heights_eq_pairs' depends on axioms: [propext, Classical.choice, Quot.sound]
'OriginalWeightedMacroSelection.sum_local_heights_eq_height_cells' depends on axioms: [propext,
 Classical.choice,
 Quot.sound]
'OriginalWeightedMacroSelection.weighted_denominator_of_height_cells' depends on axioms: [propext,
 Classical.choice,
 Quot.sound]
'OriginalWeightedMacroSelection.exists_original_weighted_macro' depends on axioms: [propext,
 Classical.choice,
 Quot.sound]
'OriginalWeightedMacroSelection.exists_physical_weighted_macro' depends on axioms: [propext,
 Classical.choice,
 Quot.sound]
'OriginalMacroSliceCellCount.original_slice_physical_cells' depends on axioms: [propext, Classical.choice, Quot.sound]
'OriginalMacroSliceCellCount.original_macro_denominator' depends on axioms: [propext, Classical.choice, Quot.sound]
'OriginalPlanarADGridPopulation.original_planar_total_mass' depends on axioms: [propext, Classical.choice, Quot.sound]
'OriginalPlanarADGridPopulation.original_planar_grid_mass' depends on axioms: [propext, Classical.choice, Quot.sound]
'OriginalMacroGrainReadback.grains_nonempty' depends on axioms: [propext, Classical.choice, Quot.sound]
'OriginalMacroGrainReadback.grain_grid_readback' depends on axioms: [propext, Classical.choice, Quot.sound]
'OriginalRepresentativeGridComparison.neighbors_card' depends on axioms: [propext, Classical.choice, Quot.sound]
'OriginalRepresentativeGridComparison.original_coarse_grid_comparison' depends on axioms: [propext,
 Classical.choice,
 Quot.sound]
'OriginalRepresentativeGridComparison.point_AD_isometric_image' depends on axioms: [propext,
 Classical.choice,
 Quot.sound]
'OriginalRepresentativeGridComparison.pair_image_readback' depends on axioms: [propext, Classical.choice, Quot.sound]
'OriginalRepresentativeGridComparison.pair_grid_image' depends on axioms: [propext, Classical.choice, Quot.sound]
'OriginalRepresentativeGridComparison.pair_grid_card' depends on axioms: [propext, Classical.choice, Quot.sound]
'OriginalRepresentativeGridComparison.pair_representative_readback' depends on axioms: [propext,
 Classical.choice,
 Quot.sound]
'OriginalLiteralGrainProfiles.original_grain_mass_lower' depends on axioms: [propext, Classical.choice, Quot.sound]
'OriginalLiteralGrainProfiles.exists_original_grain_representatives' depends on axioms: [propext,
 Classical.choice,
 Quot.sound]
'OriginalLiteralGrainProfiles.original_literal_grain_grid_mass' depends on axioms: [propext,
 Classical.choice,
 Quot.sound]
'OriginalLiteralGrainProfiles.original_literal_own_scale_grid_mass' depends on axioms: [propext,
 Classical.choice,
 Quot.sound]
'OriginalLiteralMacroDensity.matrix_entry_operator_bound' depends on axioms: [propext, Classical.choice, Quot.sound]
'OriginalLiteralMacroDensity.original_literal_global_point_mass' depends on axioms: [propext,
 Classical.choice,
 Quot.sound]
'OriginalLiteralMacroDensity.original_literal_Y_macro_denominator' depends on axioms: [propext,
 Classical.choice,
 Quot.sound]
'OriginalLiteralMacroDensity.exists_literal_dense_macro_of_slope_bound' depends on axioms: [propext,
 Classical.choice,
 Quot.sound]
'OriginalLiteralMacroDensity.exists_literal_source_dense_macro' depends on axioms: [propext,
 Classical.choice,
 Quot.sound]
'NativeDyadicCoarseNormalization.coordinates_between_scales' depends on axioms: [propext, Classical.choice, Quot.sound]
'NativeDyadicCoarseNormalization.larger_normalization_box' depends on axioms: [propext, Classical.choice, Quot.sound]
'NativeDyadicCoarseNormalization.larger_normalization_residual' depends on axioms: [propext,
 Classical.choice,
 Quot.sound]
'NativeDyadicCoarseNormalization.native_dyadic_scale' depends on axioms: [propext, Classical.choice, Quot.sound]
'NativeDyadicCoarseNormalization.dyadic_mesh_readback' depends on axioms: [propext, Classical.choice, Quot.sound]
'NativeDyadicCoarseNormalization.exists_actual_dyadic_coarse_family' depends on axioms: [propext,
 Classical.choice,
 Quot.sound]
'OriginalScalarLiteralCoverCount.cover_count_readback' depends on axioms: [propext, Classical.choice, Quot.sound]
'OriginalScalarLiteralCoverCount.diameter_grid_upper' depends on axioms: [propext, Classical.choice, Quot.sound]
'OriginalScalarLiteralCoverCount.boxed_cover_grid_upper' depends on axioms: [propext, Classical.choice, Quot.sound]
'OriginalScalarLiteralCoverCount.boxed_cover_allcenter' depends on axioms: [propext, Classical.choice, Quot.sound]
'OriginalScalarLiteralCoverCount.separated_card_eq_grid' depends on axioms: [propext, Classical.choice, Quot.sound]
'OriginalLiteralCommonAlphabet.original_net_upper' depends on axioms: [propext, Classical.choice, Quot.sound]
'OriginalLiteralCommonAlphabet.original_net_lower' depends on axioms: [propext, Classical.choice, Quot.sound]
'OriginalLiteralCommonAlphabet.exists_actual_common_alphabet' depends on axioms: [propext, Classical.choice, Quot.sound]
'OriginalLiteralCommonAlphabet.exists_actual_fine_alphabet' depends on axioms: [propext, Classical.choice, Quot.sound]
'OriginalLiteralAngularReadback.cover_exponent_lt_two' depends on axioms: [propext, Classical.choice, Quot.sound]
'OriginalLiteralAngularReadback.original_tube_reference_error' depends on axioms: [propext,
 Classical.choice,
 Quot.sound]
'OriginalLiteralAngularBudget.point_AD_budget_mono' depends on axioms: [propext, Classical.choice, Quot.sound]
'OriginalLiteralAngularBudget.literal_angular_cost_absorption' depends on axioms: [propext,
 Classical.choice,
 Quot.sound]
'OriginalLiteralAngularBudget.exists_literal_angular_power_cutoff' depends on axioms: [propext,
 Classical.choice,
 Quot.sound]
'OriginalLiteralAngularBudget.fourfold_schedule_readback' depends on axioms: [propext, Classical.choice, Quot.sound]
'OriginalLiteralAngularBudget.fourfold_scheduled_law' depends on axioms: [propext, Classical.choice, Quot.sound]
'OriginalThreeDimensionalPencilGeometry.original_transverse_coordinates' depends on axioms: [propext,
 Classical.choice,
 Quot.sound]
'OriginalThreeDimensionalPencilGeometry.original_pencil_scalar_spec' depends on axioms: [propext,
 Classical.choice,
 Quot.sound]
'OriginalThreeDimensionalPencilGeometry.original_pencil_band_support' depends on axioms: [propext,
 Classical.choice,
 Quot.sound]
'OriginalThreeDimensionalPencilGeometry.original_bounded_stem_residual' depends on axioms: [propext,
 Classical.choice,
 Quot.sound]
'OriginalThreeDimensionalPencilGeometry.original_pencil_bin_transfer' depends on axioms: [propext,
 Classical.choice,
 Quot.sound]
'OriginalThreeDimensionalPencilOverlap.original_outside_stem_residual' depends on axioms: [propext,
 Classical.choice,
 Quot.sound]
'OriginalThreeDimensionalPencilOverlap.original_scalar_pencil_overlap' depends on axioms: [propext,
 Classical.choice,
 Quot.sound]
'OriginalThreeDimensionalPencilOverlap.original_pencil_band_overlap' depends on axioms: [propext,
 Classical.choice,
 Quot.sound]
'OriginalThreeDimensionalPencilPartition.exists_original_pencil_representatives' depends on axioms: [propext,
 Classical.choice,
 Quot.sound]
'OriginalThreeDimensionalPencilPartition.original_pencil_group_full_population' depends on axioms: [propext,
 Classical.choice,
 Quot.sound]
'OriginalThreeDimensionalPencilPartition.original_pencil_shade_union_budget' depends on axioms: [propext,
 Classical.choice,
 Quot.sound]
'OriginalThreeDimensionalPencilUnitSlabs.original_pencil_affine_identity' depends on axioms: [propext,
 Classical.choice,
 Quot.sound]
'OriginalThreeDimensionalPencilUnitSlabs.original_pencil_normal_length' depends on axioms: [propext,
 Classical.choice,
 Quot.sound]
'OriginalThreeDimensionalPencilUnitSlabs.original_pencil_contains_stem' depends on axioms: [propext,
 Classical.choice,
 Quot.sound]
'OriginalThreeDimensionalPencilUnitSlabs.original_pencil_unit_slab' depends on axioms: [propext,
 Classical.choice,
 Quot.sound]
'OriginalThreeDimensionalPencilBrushGroups.exists_original_pencil_brush_groups' depends on axioms: [propext,
 Classical.choice,
 Quot.sound]
'OriginalThreeDimensionalShadeLocalCount.original_shade_interval_count' depends on axioms: [propext,
 Classical.choice,
 Quot.sound]
'OriginalThreeDimensionalShadeLocalCount.original_shade_ball_count' depends on axioms: [propext,
 Classical.choice,
 Quot.sound]
'OriginalThreeDimensionalShadeLocalCount.original_shade_far_pairs' depends on axioms: [propext,
 Classical.choice,
 Quot.sound]
'OriginalThreeDimensionalFiniteShadeUnion.original_finite_shade_union' depends on axioms: [propext,
 Classical.choice,
 Quot.sound]
'OriginalThreeDimensionalLocalizedEnergy.original_localized_pair_energy' depends on axioms: [propext,
 Classical.choice,
 Quot.sound]
'OriginalThreeDimensionalLocalizedEnergy.original_localized_tube_square_energy' depends on axioms: [propext,
 Classical.choice,
 Quot.sound]
'OriginalThreeDimensionalLocalizedEnergy.original_supported_tube_square_energy' depends on axioms: [propext,
 Classical.choice,
 Quot.sound]
'OriginalThreeDimensionalNearStemShade.original_shade_near_stem_count' depends on axioms: [propext,
 Classical.choice,
 Quot.sound]
'OriginalThreeDimensionalNearStemShade.original_shade_outside_stem_mass' depends on axioms: [propext,
 Classical.choice,
 Quot.sound]
'OriginalThreeDimensionalShadeGroupConcentration.exists_original_dense_shade_group' depends on axioms: [propext,
 Classical.choice,
 Quot.sound]
'OriginalThreeDimensionalGroupSourceMass.original_dense_group_source_mass' depends on axioms: [propext,
 Classical.choice,
 Quot.sound]
'OriginalThreeDimensionalGroupSourceMass.exists_original_shaded_group_source_mass' depends on axioms: [propext,
 Classical.choice,
 Quot.sound]
'OriginalThreeDimensionalShadedBrushSlab.exists_original_shaded_brush_slab' depends on axioms: [propext,
 Classical.choice,
 Quot.sound]

Confirmed exit code: 0
