Started UTC: 2026-10-04T04:41:49.109158+00:00
Command: /workspace/scratch/5f2524fd4117/lean-tools/lean-4.33.1-linux/bin/lean -j1 -DautoImplicit=false -DwarningAsError=true verification/OriginalSourceGrowthReadback.lean
'OriginalUnitLineParameters.original_unit_normal_trigonometric' depends on axioms: [propext,
 Classical.choice,
 Quot.sound]
'OriginalUnitLineParameters.original_unit_normal_square' depends on axioms: [propext, Classical.choice, Quot.sound]
'OriginalUnitLineParameters.original_line_point_parameter' depends on axioms: [propext, Classical.choice, Quot.sound]
'OriginalUnitLineParameters.original_unit_parameter_swap' depends on axioms: [propext, Classical.choice, Quot.sound]
'OriginalUnitLineParameters.original_same_root_parameter_close' depends on axioms: [propext,
 Classical.choice,
 Quot.sound]
'OriginalUnitLineParameters.original_class_hops_parameter_close' depends on axioms: [propext,
 Classical.choice,
 Quot.sound]
'OriginalUnitLineGrid.neighboring_cells_card' depends on axioms: [propext, Classical.choice, Quot.sound]
'OriginalUnitLineGrid.original_two_hop_cell_localization' depends on axioms: [propext, Classical.choice, Quot.sound]
'OriginalUnitLineGrid.exists_original_line_cell_representatives' depends on axioms: [propext,
 Classical.choice,
 Quot.sound]
'OriginalUnitLineGrid.original_two_hop_representative_multiplicity' depends on axioms: [propext,
 Classical.choice,
 Quot.sound]
'OriginalLineRepresentativeCharge.original_representative_pair_charge' depends on axioms: [propext,
 Classical.choice,
 Quot.sound]
'OriginalLineRepresentativeCharge.localized_original_representative_pair_charge' depends on axioms: [propext,
 Classical.choice,
 Quot.sound]
'OriginalLineRepresentativeCharge.exists_charged_original_line_representatives' depends on axioms: [propext,
 Classical.choice,
 Quot.sound]
'OriginalUnitParameterPhysical.original_unit_strip_residual_identity' depends on axioms: [propext,
 Classical.choice,
 Quot.sound]
'OriginalUnitParameterPhysical.original_unit_residual_physical' depends on axioms: [propext,
 Classical.choice,
 Quot.sound]
'OriginalUnitParameterPhysical.original_physical_unit_residual' depends on axioms: [propext,
 Classical.choice,
 Quot.sound]
'OriginalUnitParameterPhysical.original_parameter_residual_compare' depends on axioms: [propext,
 Classical.choice,
 Quot.sound]
'OriginalUnitParameterPhysical.original_parameter_support_transfer' depends on axioms: [propext,
 Classical.choice,
 Quot.sound]
'OriginalUnitParameterPhysical.original_parameter_close_endpoints' depends on axioms: [propext,
 Classical.choice,
 Quot.sound]
'OriginalLocalizedLineCellCharge.original_local_two_hop_physical_endpoints' depends on axioms: [propext,
 Classical.choice,
 Quot.sound]
'OriginalLocalizedLineCellCharge.original_local_line_cell_charge' depends on axioms: [propext,
 Classical.choice,
 Quot.sound]
'OriginalLineCellPhysicalCover.original_same_cell_parameter_close' depends on axioms: [propext,
 Classical.choice,
 Quot.sound]
'OriginalLineCellPhysicalCover.original_same_cell_physical_cover' depends on axioms: [propext,
 Classical.choice,
 Quot.sound]
'OriginalLineCellPhysicalCover.exists_charged_original_physical_cover' depends on axioms: [propext,
 Classical.choice,
 Quot.sound]
'OriginalRepresentativeShading.original_representative_shading_lower' depends on axioms: [propext,
 Classical.choice,
 Quot.sound]
'OriginalRepresentativeShading.original_representative_shading_support' depends on axioms: [propext,
 Classical.choice,
 Quot.sound]
'OriginalRepresentativeShading.original_shading_center_tube_witness' depends on axioms: [propext,
 Classical.choice,
 Quot.sound]
'OriginalLineCellSourceMass.original_line_cell_fiber_mass' depends on axioms: [propext, Classical.choice, Quot.sound]
'OriginalLineCellSourceMass.original_line_representative_fiber_partition' depends on axioms: [propext,
 Classical.choice,
 Quot.sound]
'OriginalLineCellSourceMass.original_line_representative_source_mass' depends on axioms: [propext,
 Classical.choice,
 Quot.sound]
'OriginalClippedUnitTube.original_unit_coordinate_bounds' depends on axioms: [propext, Classical.choice, Quot.sound]
'OriginalClippedUnitTube.original_normal_chart_valid' depends on axioms: [propext, Classical.choice, Quot.sound]
'OriginalClippedUnitTube.original_same_chart_sum_square' depends on axioms: [propext, Classical.choice, Quot.sound]
'OriginalClippedUnitTube.original_core_point_coordinates' depends on axioms: [propext, Classical.choice, Quot.sound]
'OriginalClippedUnitTube.original_core_point_mem' depends on axioms: [propext, Classical.choice, Quot.sound]
'OriginalClippedUnitTube.original_shading_half_mem_clipped' depends on axioms: [propext, Classical.choice, Quot.sound]
'OriginalClippedTubeParameterInverse.original_same_chart_determinant_normal_close' depends on axioms: [propext,
 Classical.choice,
 Quot.sound]
'OriginalClippedTubeParameterInverse.original_bounded_unit_offset' depends on axioms: [propext,
 Classical.choice,
 Quot.sound]
'OriginalClippedTubeParameterInverse.original_clipped_containment_parameter_close' depends on axioms: [propext,
 Classical.choice,
 Quot.sound]
'OriginalLineResidueSeparation.line_colors_card' depends on axioms: [propext, Classical.choice, Quot.sound]
'OriginalLineResidueSeparation.original_line_color_mem' depends on axioms: [propext, Classical.choice, Quot.sound]
'OriginalLineResidueSeparation.original_same_color_close_cell' depends on axioms: [propext,
 Classical.choice,
 Quot.sound]
'OriginalLineResidueSeparation.original_same_color_clipped_distinct' depends on axioms: [propext,
 Classical.choice,
 Quot.sound]
'OriginalWeightedLineColorSelection.original_selected_cell_graph_card' depends on axioms: [propext,
 Classical.choice,
 Quot.sound]
'OriginalWeightedLineColorSelection.exists_original_weighted_line_color' depends on axioms: [propext,
 Classical.choice,
 Quot.sound]
'OriginalWeightedLineColorSelection.exists_weighted_clipped_original_family' depends on axioms: [propext,
 Classical.choice,
 Quot.sound]
'OriginalExternalTubeCapGeometry.original_unit_dot_det_square' depends on axioms: [propext,
 Classical.choice,
 Quot.sound]
'OriginalExternalTubeCapGeometry.original_clipped_strip_moments' depends on axioms: [propext,
 Classical.choice,
 Quot.sound]
'OriginalExternalTubeCapGeometry.original_common_external_strip_parameter_close' depends on axioms: [propext,
 Classical.choice,
 Quot.sound]
'OriginalClippedTubeCapCharge.original_clipped_cap_pair_charge' depends on axioms: [propext,
 Classical.choice,
 Quot.sound]
'OriginalClippedTubeRepresentation.original_clipped_rectangle_representation' depends on axioms: [propext,
 Classical.choice,
 Quot.sound]
'OriginalClippedTubeRepresentation.original_half_point_injective' depends on axioms: [propext,
 Classical.choice,
 Quot.sound]
'OriginalClippedTubeRepresentation.original_half_shading_card' depends on axioms: [propext,
 Classical.choice,
 Quot.sound]
'OriginalArbitraryStripCapCharge.external_unit_line_representation' depends on axioms: [propext,
 Classical.choice,
 Quot.sound]
'OriginalArbitraryStripCapCharge.original_arbitrary_strip_cap_pair_charge' depends on axioms: [propext,
 Classical.choice,
 Quot.sound]
'OriginalAdmissibleShadedFamily.exists_original_admissible_shaded_family' depends on axioms: [propext,
 Classical.choice,
 Quot.sound]
'OriginalThickeningColorBudget.original_thickening_color_budget' depends on axioms: [propext,
 Classical.choice,
 Quot.sound]
'NativeOriginalStep3Caller.off_root_le_endpoint_counts' depends on axioms: [propext, Classical.choice, Quot.sound]
'NativeOriginalStep3Caller.exists_native_original_step3_threshold' depends on axioms: [propext,
 Classical.choice,
 Quot.sound]
'NativeSelectedPhysicalMultiplicity.refinementLoss_pos' depends on axioms: [propext, Classical.choice, Quot.sound]
'NativeSelectedPhysicalMultiplicity.eq_pullback_of_whole_fibers' depends on axioms: [propext,
 Classical.choice,
 Quot.sound]
'NativeSelectedPhysicalMultiplicity.selected_capacity' depends on axioms: [propext, Classical.choice, Quot.sound]
'NativeSelectedPhysicalMultiplicity.selected_support_gain' depends on axioms: [propext, Classical.choice, Quot.sound]
'NativeSelectedPhysicalMultiplicity.selected_cross_multiplicity' depends on axioms: [propext,
 Classical.choice,
 Quot.sound]
'NativeSelectedPhysicalMultiplicity.selected_density_cross_multiplicity' depends on axioms: [propext,
 Classical.choice,
 Quot.sound]
'NativeSelectedPhysicalMultiplicity.selected_density_multiplicity' depends on axioms: [propext,
 Classical.choice,
 Quot.sound]
'NativeSelectedPhysicalMultiplicity.source_count_lower_multiplicity' depends on axioms: [propext,
 Classical.choice,
 Quot.sound]
'NativeOriginalSliceMultiplicity.original_slice_population_with_multiplicity' depends on axioms: [propext,
 Classical.choice,
 Quot.sound]
'NativeFiniteKakeyaCounts.input_mono' depends on axioms: [propext, Classical.choice, Quot.sound]
'NativeFiniteKakeyaCounts.total_shading_le_card_mul_union' depends on axioms: [propext, Classical.choice, Quot.sound]
'NativeFiniteKakeyaCounts.carrier_count_lower' depends on axioms: [propext, Classical.choice, Quot.sound]
'NativeFiniteKakeyaCounts.total_tube_lower' depends on axioms: [propext, Classical.choice, Quot.sound]
'NativeFiniteKakeyaCounts.total_shading_lower' depends on axioms: [propext, Classical.choice, Quot.sound]
'NativeFiniteKakeyaCounts.union_volume_lower' depends on axioms: [propext, Classical.choice, Quot.sound]
'NativeFiniteKakeyaExponent.bound_mono' depends on axioms: [propext, Classical.choice, Quot.sound]
'NativeFiniteKakeyaExponent.bound_three' depends on axioms: [propext, Classical.choice, Quot.sound]
'NativeFiniteKakeyaExponent.exponents_nonempty' depends on axioms: [propext, Classical.choice, Quot.sound]
'NativeFiniteKakeyaExponent.exponents_bddBelow' depends on axioms: [propext, Classical.choice, Quot.sound]
'NativeFiniteKakeyaExponent.extremalExponent_nonneg' depends on axioms: [propext, Classical.choice, Quot.sound]
'NativeFiniteKakeyaExponent.extremalExponent_le_three' depends on axioms: [propext, Classical.choice, Quot.sound]
'NativeFiniteKakeyaExponent.bound_extremal' depends on axioms: [propext, Classical.choice, Quot.sound]
'NativeFiniteKakeyaExponent.not_bound_below_extremal' depends on axioms: [propext, Classical.choice, Quot.sound]
'NativeFiniteKakeyaExponent.counterexample_of_not_bound' depends on axioms: [propext, Classical.choice, Quot.sound]
'NativeFiniteKakeyaExponent.exists_near_extremizer' depends on axioms: [propext, Classical.choice, Quot.sound]
'NativeFiniteKakeyaExponent.finite_volume_of_bound_zero' depends on axioms: [propext, Classical.choice, Quot.sound]
'NativeKakeyaVolumeInterface.bound_zero_of_finite_volume' depends on axioms: [propext, Classical.choice, Quot.sound]
'NativeKakeyaVolumeInterface.bound_zero_iff_finite_volume' depends on axioms: [propext, Classical.choice, Quot.sound]
'NativeKakeyaVolumeInterface.extremal_zero_iff_finite_volume' depends on axioms: [propext, Classical.choice, Quot.sound]
'NativeKakeyaVolumeInterface.finite_volume_or_positive_extremal' depends on axioms: [propext,
 Classical.choice,
 Quot.sound]
'NativeCommonCubicalMesh.mem_halfChildren' depends on axioms: [propext, Classical.choice, Quot.sound]
'NativeCommonCubicalMesh.cell_eq_half_children' depends on axioms: [propext, Classical.choice, Quot.sound]
'NativeCommonCubicalMesh.cubical_at_half' depends on axioms: [propext, Classical.choice, Quot.sound]
'NativeCommonCubicalMesh.comparable_dyadic_cases' depends on axioms: [propext, Classical.choice, Quot.sound]
'NativeCommonCubicalMesh.input_exists_common_cells' depends on axioms: [propext, Classical.choice, Quot.sound]
'NativeCubicalIncidenceCounts.mem_incidences' depends on axioms: [propext, Classical.choice, Quot.sound]
'NativeCubicalIncidenceCounts.support_eq_image' depends on axioms: [propext, Classical.choice, Quot.sound]
'NativeCubicalIncidenceCounts.card_incidences' depends on axioms: [propext, Classical.choice, Quot.sound]
'NativeCubicalIncidenceCounts.sourceUnion_eq_support_cells' depends on axioms: [propext, Classical.choice, Quot.sound]
'NativeCubicalIncidenceCounts.total_shading_eq_incidence_volume' depends on axioms: [propext,
 Classical.choice,
 Quot.sound]
'NativeCubicalIncidenceCounts.union_eq_support_volume' depends on axioms: [propext, Classical.choice, Quot.sound]
'NativeCubicalIncidenceCounts.multiplicity_eq_card_ratio' depends on axioms: [propext, Classical.choice, Quot.sound]
'NativeCubicalIncidenceCounts.input_exists_incidence_counts' depends on axioms: [propext, Classical.choice, Quot.sound]
'NativeCubicalIncidenceCounts.exists_near_extremal_incidence_counts' depends on axioms: [propext,
 Classical.choice,
 Quot.sound]
'NativeABCOriginalLossBudget.graphLoss_le_fourth' depends on axioms: [propext, Classical.choice, Quot.sound]
'NativeABCOriginalLossBudget.graphMassLoss_le_ninth' depends on axioms: [propext, Classical.choice, Quot.sound]
'NativeABCOriginalLossBudget.actual_constructor_loss_budget' depends on axioms: [propext, Classical.choice, Quot.sound]
'NativeABCOriginalLossBudget.native_sixteenth_budget' depends on axioms: [propext, Classical.choice, Quot.sound]
'NativeOriginalLogBudget.exists_logarithmic_budget_cutoff' depends on axioms: [propext, Classical.choice, Quot.sound]
'NativeOriginalLogBudget.projection_menu_log_envelope' depends on axioms: [propext, Classical.choice, Quot.sound]
'NativeOriginalLogBudget.exists_projection_menu_budget_cutoff' depends on axioms: [propext,
 Classical.choice,
 Quot.sound]
'NativeUniformABCInput.exists_uniform_ABC_input' depends on axioms: [propext, Classical.choice, Quot.sound]
'NativeABCEuclideanStrip.actual_euclidean_strip_bound' depends on axioms: [propext, Classical.choice, Quot.sound]
'OriginalCommonScalarFibers.commonFiber_subset' depends on axioms: [propext, Classical.choice, Quot.sound]
'OriginalCommonScalarFibers.commonFiber_card_le' depends on axioms: [propext, Classical.choice, Quot.sound]
'OriginalCommonScalarFibers.commonFiber_eq_collision_fiber' depends on axioms: [propext, Classical.choice, Quot.sound]
'OriginalCommonScalarFibers.sum_commonFiber_eq_collisions' depends on axioms: [propext, Classical.choice, Quot.sound]
'OriginalCommonScalarFibers.commonFiber_second_moment' depends on axioms: [propext, Classical.choice, Quot.sound]
'OriginalCommonScalarFibers.richPairs_subset' depends on axioms: [propext, Classical.choice, Quot.sound]
'OriginalCommonScalarFibers.richPairs_common_lower' depends on axioms: [propext, Classical.choice, Quot.sound]
'OriginalCommonScalarFibers.commonFiber_sum_upper' depends on axioms: [propext, Classical.choice, Quot.sound]
'OriginalCommonScalarFibers.richPairs_card_lower' depends on axioms: [propext, Classical.choice, Quot.sound]
'OriginalCommonScalarFibers.richPairs_inter_card_lower' depends on axioms: [propext, Classical.choice, Quot.sound]
'OriginalSeparatedPacking.scalar_ball_card' depends on axioms: [propext, Classical.choice, Quot.sound]
'OriginalSeparatedPacking.planar_ball_card' depends on axioms: [propext, Classical.choice, Quot.sound]
'OriginalSeparatedPacking.card_le_real_mul_image' depends on axioms: [propext, Classical.choice, Quot.sound]
'OriginalScalarLineCover.common_lineOutput_subset' depends on axioms: [propext, Classical.choice, Quot.sound]
'OriginalScalarLineCover.common_line_grid_cover' depends on axioms: [propext, Classical.choice, Quot.sound]
'OriginalScalarLineCover.line_cover_collision_energy' depends on axioms: [propext, Classical.choice, Quot.sound]
'OriginalScalarLineCover.common_line_collision_energy' depends on axioms: [propext, Classical.choice, Quot.sound]
'OriginalScalarCollisionGeometry.same_grid_norm_le' depends on axioms: [propext, Classical.choice, Quot.sound]
'OriginalScalarCollisionGeometry.original_collision_separation' depends on axioms: [propext,
 Classical.choice,
 Quot.sound]
'OriginalScalarCollisionGeometry.original_collision_det' depends on axioms: [propext, Classical.choice, Quot.sound]
'OriginalScalarCollisionGeometry.det_two_near_directions' depends on axioms: [propext, Classical.choice, Quot.sound]
'OriginalScalarAffinePacking.scalar_affine_card' depends on axioms: [propext, Classical.choice, Quot.sound]
'OriginalScalarAffinePacking.planar_affine_card' depends on axioms: [propext, Classical.choice, Quot.sound]
'OriginalScalarCollisionCounts.collision_fiber_le_ball' depends on axioms: [propext, Classical.choice, Quot.sound]
'OriginalScalarCollisionCounts.close_scalar_collision_card' depends on axioms: [propext, Classical.choice, Quot.sound]
'OriginalLineCollisionCollapse.fixed_points_scalar_fiber_card' depends on axioms: [propext,
 Classical.choice,
 Quot.sound]
'OriginalLineCollisionCollapse.original_A_pair_collision_bound' depends on axioms: [propext,
 Classical.choice,
 Quot.sound]
'OriginalCommonFiberProjection.original_line_projected_pairs' depends on axioms: [propext, Classical.choice, Quot.sound]
'OriginalCommonFiberProjection.common_fiber_projected_pairs' depends on axioms: [propext, Classical.choice, Quot.sound]
'OriginalDirectionPairCount.original_residual_det' depends on axioms: [propext, Classical.choice, Quot.sound]
'OriginalDirectionPairCount.near_directions_mem_physical' depends on axioms: [propext, Classical.choice, Quot.sound]
'OriginalDirectionPairCount.directionPairs_card' depends on axioms: [propext, Classical.choice, Quot.sound]
'OriginalCommonRadialPairs.closePairs_card' depends on axioms: [propext, Classical.choice, Quot.sound]
'OriginalCommonRadialPairs.farPairs_complement_card' depends on axioms: [propext, Classical.choice, Quot.sound]
'OriginalCommonRadialPairs.exists_common_radial_pairs' depends on axioms: [propext, Classical.choice, Quot.sound]
'OriginalDirectionalDoubleCount.sum_projectedPairs_eq' depends on axioms: [propext, Classical.choice, Quot.sound]
'OriginalDirectionalDoubleCount.projectedPairs_sum_upper' depends on axioms: [propext, Classical.choice, Quot.sound]
'OriginalDirectionalDoubleCount.original_pair_double_count_growth' depends on axioms: [propext,
 Classical.choice,
 Quot.sound]
'OriginalCommonScalarGrowth.original_common_scalar_growth' depends on axioms: [propext, Classical.choice, Quot.sound]
'OriginalGraphRadialGrowth.original_graph_growth_of_original_radial_cap' depends on axioms: [propext,
 Classical.choice,
 Quot.sound]

Confirmed exit code: 0
