Started UTC: 2026-10-04T08:03:26.971436+00:00
Command: /workspace/scratch/5f2524fd4117/lean-tools/lean-4.33.1-linux/bin/lean -j1 -DautoImplicit=false -DwarningAsError=true verification/OriginalAncestorGeometryReadback.lean
'GKZFiniteHalvingNet.original_unit_interval_approximation' depends on axioms: [propext, Classical.choice, Quot.sound]
'GKZFiniteHalvingNet.gridPoint_left' depends on axioms: [propext, Classical.choice, Quot.sound]
'GKZFiniteHalvingNet.gridPoint_right' depends on axioms: [propext, Classical.choice, Quot.sound]
'GKZFiniteHalvingNet.original_dyadic_net' depends on axioms: [propext, Classical.choice, Quot.sound]
'GKZFiniteGapDichotomy.original_net_floor_count' depends on axioms: [propext, Classical.choice, Quot.sound]
'GKZFiniteGapDichotomy.original_gap_or_dense' depends on axioms: [propext, Classical.choice, Quot.sound]
'GKZOriginalRatioDichotomy.original_distant_pair' depends on axioms: [propext, Classical.choice, Quot.sound]
'GKZOriginalRatioDichotomy.original_ratio_gap_or_dense' depends on axioms: [propext, Classical.choice, Quot.sound]
'GKZOriginalDenseRatioSelection.exists_original_light_window' depends on axioms: [propext, Classical.choice, Quot.sound]
'GKZOriginalDenseRatioSelection.exists_original_light_ratio' depends on axioms: [propext, Classical.choice, Quot.sound]
'GKZOriginalShortDenominatorEnergy.original_short_denominator_energy' depends on axioms: [propext,
 Classical.choice,
 Quot.sound]
'GKZOriginalLargeDenominatorEnergy.original_collision_ratio_close' depends on axioms: [propext,
 Classical.choice,
 Quot.sound]
'GKZOriginalLargeDenominatorEnergy.original_large_denominator_energy' depends on axioms: [propext,
 Classical.choice,
 Quot.sound]
'GKZOriginalDenseEnergy.exists_original_dense_energy' depends on axioms: [propext, Classical.choice, Quot.sound]
'GKZOriginalDenseGain.exists_original_dense_image_gain' depends on axioms: [propext, Classical.choice, Quot.sound]
'GKZOriginalBoundedGapCoefficients.original_bounded_ratio_gap_or_dense' depends on axioms: [propext,
 Classical.choice,
 Quot.sound]
'GKZOriginalLinearExpansion.original_linear_expansion_alternative' depends on axioms: [propext,
 Classical.choice,
 Quot.sound]
'NativeOriginalHeightVertices.mem_pointTube' depends on axioms: [propext, Classical.choice, Quot.sound]
'NativeOriginalHeightVertices.pointTube_card' depends on axioms: [propext, Classical.choice, Quot.sound]
'NativeOriginalHeightVertices.pointTube_tubes' depends on axioms: [propext, Classical.choice, Quot.sound]
'NativeOriginalHeightVertices.height_index_eq' depends on axioms: [propext, Classical.choice, Quot.sound]
'NativeOriginalHeightVertices.floor_height' depends on axioms: [propext, Classical.choice, Quot.sound]
'NativeOriginalHeightVertices.pointsAt_bound' depends on axioms: [propext, Classical.choice, Quot.sound]
'NativeOriginalHeightVertices.heights_bound' depends on axioms: [propext, Classical.choice, Quot.sound]
'NativeOriginalHeightVertices.original_height_vertex_density' depends on axioms: [propext, Classical.choice, Quot.sound]
'NativeSourceHeightDensity.actual_source_height_vertex_density' depends on axioms: [propext,
 Classical.choice,
 Quot.sound]
'NativeScheduledQuarterGeometry.scheduled_quarter_bounds' depends on axioms: [propext, Classical.choice, Quot.sound]
'NativeScheduledQuarterGeometry.scheduled_quarter_balanced_bounds' depends on axioms: [propext,
 Classical.choice,
 Quot.sound]
'NativeScheduledQuarterGeometry.exists_scheduled_quarter_dyadic_cutoff' depends on axioms: [propext,
 Classical.choice,
 Quot.sound]
'NativeScheduledQuarterGeometry.scheduled_angular_exponent_lt_two' depends on axioms: [propext,
 Classical.choice,
 Quot.sound]
'OriginalIncidenceHeightPopulation.original_vertices_subset_product' depends on axioms: [propext,
 Classical.choice,
 Quot.sound]
'OriginalIncidenceHeightPopulation.original_incidence_height_product' depends on axioms: [propext,
 Classical.choice,
 Quot.sound]
'OriginalIncidenceHeightPopulation.original_fine_height_mass' depends on axioms: [propext, Classical.choice, Quot.sound]
'OriginalIncidenceHeightPopulation.original_fine_height_mass_of_global_density' depends on axioms: [propext,
 Classical.choice,
 Quot.sound]
'NativeScheduledUniformABCInput.exists_scheduled_source_uniform_ABC' depends on axioms: [propext,
 Classical.choice,
 Quot.sound]
'OriginalRetainedIncidenceDegree.retained_original_aggregate_degree' depends on axioms: [propext,
 Classical.choice,
 Quot.sound]
'OriginalRetainedIncidenceDegree.scalar_collision_mass_with_degree_retention' depends on axioms: [propext,
 Classical.choice,
 Quot.sound]
'OriginalRetainedIncidenceDegree.collision_source_exponent_with_degree_retention' depends on axioms: [propext,
 Classical.choice,
 Quot.sound]
'OriginalRetainedIncidenceDegree.scalar_collision_source_power_after_refinement' depends on axioms: [propext,
 Classical.choice,
 Quot.sound]
'NativeOriginalAncestorPruning.original_parent_pruning' depends on axioms: [propext, Classical.choice, Quot.sound]
'NativeCompactAncestorBudget.active_scale_budget' depends on axioms: [propext, Classical.choice, Quot.sound]
'NativeCompactAncestorBudget.cell_target_charge' depends on axioms: [propext, Classical.choice, Quot.sound]
'NativeCompactAncestorBudget.compact_original_ancestor_pruning' depends on axioms: [propext,
 Classical.choice,
 Quot.sound]
'NativeOriginalPrunedMass.volumeConstant_pos' depends on axioms: [propext, Classical.choice, Quot.sound]
'NativeOriginalPrunedMass.tube_volume_upper' depends on axioms: [propext, Classical.choice, Quot.sound]
'NativeOriginalPrunedMass.shadingMass_upper' depends on axioms: [propext, Classical.choice, Quot.sound]
'NativeOriginalPrunedMass.shadingMass_ne_top' depends on axioms: [propext, Classical.choice, Quot.sound]
'NativeOriginalPrunedMass.shadingMass_partition' depends on axioms: [propext, Classical.choice, Quot.sound]
'NativeOriginalPrunedMass.tubeMass_le_total' depends on axioms: [propext, Classical.choice, Quot.sound]
'NativeOriginalPrunedMass.retained_shading_density' depends on axioms: [propext, Classical.choice, Quot.sound]
'NativeOriginalPrunedMass.retained_convexWolff' depends on axioms: [propext, Classical.choice, Quot.sound]
'NativePruningMassBudget.deleted_card_le' depends on axioms: [propext, Classical.choice, Quot.sound]
'NativePruningMassBudget.source_tube_density_lower' depends on axioms: [propext, Classical.choice, Quot.sound]
'NativePruningMassBudget.removed_mass_small' depends on axioms: [propext, Classical.choice, Quot.sound]
'NativePruningMassBudget.half_card_of_loss_budget' depends on axioms: [propext, Classical.choice, Quot.sound]
'NativeDyadicPruningCutoff.dyadic_depth_log' depends on axioms: [propext, Classical.choice, Quot.sound]
'NativeDyadicPruningCutoff.exists_dyadic_pruning_cutoff' depends on axioms: [propext, Classical.choice, Quot.sound]
'NativePrunedPowerConstants.exponent_coefficient' depends on axioms: [propext, Classical.choice, Quot.sound]
'NativePrunedPowerConstants.retained_density_power' depends on axioms: [propext, Classical.choice, Quot.sound]
'NativePrunedPowerConstants.retained_CW_power' depends on axioms: [propext, Classical.choice, Quot.sound]
'NativeCompactDyadicSource.compact_original_dyadic_source' depends on axioms: [propext, Classical.choice, Quot.sound]
'NativeCompactPrunedParameters.compact_pruned_parameter_source' depends on axioms: [propext,
 Classical.choice,
 Quot.sound]
'NativeCompactAncestorRegularity.dyadic_parent_scale' depends on axioms: [propext, Classical.choice, Quot.sound]
'NativeCompactAncestorRegularity.compact_original_ancestor_regularization' depends on axioms: [propext,
 Classical.choice,
 Quot.sound]
'NativeDyadicParentCells.floor_dyadic_ancestor' depends on axioms: [propext, Classical.choice, Quot.sound]
'NativeDyadicParentCells.parent_ancestor_eq' depends on axioms: [propext, Classical.choice, Quot.sound]
'NativeDyadicParentCells.image_parent_fiber_eq_descendants' depends on axioms: [propext, Classical.choice, Quot.sound]
'NativeDyadicParentCells.dyadic_fine_scale' depends on axioms: [propext, Classical.choice, Quot.sound]
'NativeDyadicParentCells.finest_cell_occupancy' depends on axioms: [propext, Classical.choice, Quot.sound]
'NativeDyadicParentCells.descendants_card_comparison' depends on axioms: [propext, Classical.choice, Quot.sound]
'NativeCompactOccupiedAncestors.compact_original_occupied_ancestors' depends on axioms: [propext,
 Classical.choice,
 Quot.sound]
'NativeOriginalSlopeCubePacking.original_slope_eq_north' depends on axioms: [propext, Classical.choice, Quot.sound]
'NativeOriginalSlopeCubePacking.normalize_original_slope' depends on axioms: [propext, Classical.choice, Quot.sound]
'NativeOriginalSlopeCubePacking.direction_dist_le_eight_slope_dist' depends on axioms: [propext,
 Classical.choice,
 Quot.sound]
'NativeOriginalSlopeCubePacking.direction_dist_le_eight_slope_norm' depends on axioms: [propext,
 Classical.choice,
 Quot.sound]
'NativeOriginalSlopeCubePacking.slopeGrid_injOn' depends on axioms: [propext, Classical.choice, Quot.sound]
'NativeOriginalSlopeCubePacking.slopeGrid_mem_gridBox' depends on axioms: [propext, Classical.choice, Quot.sound]
'NativeOriginalSlopeCubePacking.gridBox_card_le' depends on axioms: [propext, Classical.choice, Quot.sound]
'NativeOriginalSlopeCubePacking.original_cube_card_le' depends on axioms: [propext, Classical.choice, Quot.sound]
'NativeOriginalSlopeCubePacking.original_cube_card_le_add_one' depends on axioms: [propext,
 Classical.choice,
 Quot.sound]
'NativeOriginalSlopeCubePacking.original_cube_card_le_ratio' depends on axioms: [propext, Classical.choice, Quot.sound]
'NativeOriginalSlopeCubePacking.native_cube_card_le_ratio' depends on axioms: [propext, Classical.choice, Quot.sound]
'NativeOriginalSlopeCubePacking.backbone_slope_cube' depends on axioms: [propext, Classical.choice, Quot.sound]
'NativeOriginalSlopeCubePacking.native_backbone_card_le' depends on axioms: [propext, Classical.choice, Quot.sound]
'NativeOriginalSlopeCubePacking.native_retained_parent_card_le' depends on axioms: [propext,
 Classical.choice,
 Quot.sound]
'OriginalThreeDimensionalUnitNormals.original_unit_normal_square' depends on axioms: [propext,
 Classical.choice,
 Quot.sound]
'OriginalThreeDimensionalUnitNormals.original_unit_normal_dot' depends on axioms: [propext,
 Classical.choice,
 Quot.sound]
'OriginalThreeDimensionalUnitNormals.unit_normal_chart_injective' depends on axioms: [propext,
 Classical.choice,
 Quot.sound]
'OriginalThreeDimensionalUnitNormals.original_normal_label_count' depends on axioms: [propext,
 Classical.choice,
 Quot.sound]
'OriginalThreeDimensionalUnitNormals.retained_actual_unit_normals' depends on axioms: [propext,
 Classical.choice,
 Quot.sound]
'OriginalThreeDimensionalUnitNormals.original_unit_normal_heavy_witness' depends on axioms: [propext,
 Classical.choice,
 Quot.sound]
'OriginalThreeDimensionalCapCoordinates.actual_grid_coefficients' depends on axioms: [propext,
 Classical.choice,
 Quot.sound]
'OriginalThreeDimensionalCapCoordinates.actual_normal_length_le_five' depends on axioms: [propext,
 Classical.choice,
 Quot.sound]
'OriginalThreeDimensionalCapCoordinates.original_normal_cap_coordinates' depends on axioms: [propext,
 Classical.choice,
 Quot.sound]
'OriginalThreeDimensionalTubeSlab.original_coordinate_le_distance' depends on axioms: [propext,
 Classical.choice,
 Quot.sound]
'OriginalThreeDimensionalTubeSlab.exists_original_large_coordinate' depends on axioms: [propext,
 Classical.choice,
 Quot.sound]
'OriginalThreeDimensionalTubeSlab.original_affine_parameter_bound' depends on axioms: [propext,
 Classical.choice,
 Quot.sound]
'OriginalThreeDimensionalTubeSlab.original_physical_tube_in_unit_slab' depends on axioms: [propext,
 Classical.choice,
 Quot.sound]
'OriginalThreeDimensionalTubeSlab.retained_heavy_slab_contains_original_tube' depends on axioms: [propext,
 Classical.choice,
 Quot.sound]
'OriginalThreeDimensionalSliceMaximizer.original_physical_tube3_mono' depends on axioms: [propext,
 Classical.choice,
 Quot.sound]
'OriginalThreeDimensionalSliceMaximizer.original_slice_annular_half_mass' depends on axioms: [propext,
 Classical.choice,
 Quot.sound]
'OriginalThreeDimensionalSliceMaximizer.exists_original_slice_maximizer_with_boundary' depends on axioms: [propext,
 Classical.choice,
 Quot.sound]
'OriginalThreeDimensionalTubeCover.original_tube_coordinate_fiber_diameter' depends on axioms: [propext,
 Classical.choice,
 Quot.sound]
'OriginalThreeDimensionalTubeCover.exists_original_tube_ball_centers' depends on axioms: [propext,
 Classical.choice,
 Quot.sound]
'OriginalThreeDimensionalTubeFrostman.original_tube_two_frostman_count' depends on axioms: [propext,
 Classical.choice,
 Quot.sound]
'OriginalThreeDimensionalTubeFrostman.original_rich_tube_scale_bound' depends on axioms: [propext,
 Classical.choice,
 Quot.sound]
'OriginalThreeDimensionalTubeFrostman.exists_original_rich_tube_scale_cutoff' depends on axioms: [propext,
 Classical.choice,
 Quot.sound]
'OriginalThreeDimensionalSmallSliceBranch.exists_original_concentrated_slice_radius' depends on axioms: [propext,
 Classical.choice,
 Quot.sound]
'NativeThreeDimensionalSmallSlice.exists_uniform_original_slice_contraction' depends on axioms: [propext,
 Classical.choice,
 Quot.sound]
'NativeThreeDimensionalSmallSlice.exists_native_original_small_slice_threshold' depends on axioms: [propext,
 Classical.choice,
 Quot.sound]

Confirmed exit code: 0
