'AdaptedBoxVolume.box_eq_preimage' depends on axioms: [propext, Classical.choice, Quot.sound]
'AdaptedBoxVolume.residualCoordinates_measurePreserving' depends on axioms: [propext, Classical.choice, Quot.sound]
'AdaptedBoxVolume.volume_box_product' depends on axioms: [propext, Classical.choice, Quot.sound]
'AdaptedBoxVolume.convex_box' depends on axioms: [propext, Classical.choice, Quot.sound]
'AdaptedBoxVolume.volume_closedBall_real_pair' depends on axioms: [propext, Classical.choice, Quot.sound]
'AdaptedBoxVolume.volume_box_a1' depends on axioms: [propext, Classical.choice, Quot.sound]
'AdaptedBoxVolume.volume_box_a2' depends on axioms: [propext, Classical.choice, Quot.sound]
'AdaptedBoxVolume.volume_box_a1_pos_finite' depends on axioms: [propext, Classical.choice, Quot.sound]
'AdaptedBoxVolume.volume_box_a2_pos_finite' depends on axioms: [propext, Classical.choice, Quot.sound]
'OriginalWAdaptedBoxes.original_data_bounds' depends on axioms: [propext, Classical.choice, Quot.sound]
'OriginalWAdaptedBoxes.original_witness_box_comparison' depends on axioms: [propext, Classical.choice, Quot.sound]
'OriginalWAdaptedBoxes.constructed_successor_box_comparison' depends on axioms: [propext, Classical.choice, Quot.sound]
'NativeTangentGridCoarsening.scalar_interval_grid_card' depends on axioms: [propext, Classical.choice, Quot.sound]
'NativeTangentGridCoarsening.scalar_filtered_interval_grid_card' depends on axioms: [propext,
 Classical.choice,
 Quot.sound]
'NativeTangentGridCoarsening.planar_rectangle_grid_card' depends on axioms: [propext, Classical.choice, Quot.sound]
'NativeTangentGridCoarsening.planar_filtered_rectangle_grid_card' depends on axioms: [propext,
 Classical.choice,
 Quot.sound]
'NativeTangentGridCoarsening.coarse_floor_interval' depends on axioms: [propext, Classical.choice, Quot.sound]
'NativeTangentGridCoarsening.scalar_coarse_fiber_card' depends on axioms: [propext, Classical.choice, Quot.sound]
'NativeTangentGridCoarsening.planar_coarse_fiber_card' depends on axioms: [propext, Classical.choice, Quot.sound]
'NativeTangentGridCoarsening.image_card_le_real_mul_of_fiber_images' depends on axioms: [propext,
 Classical.choice,
 Quot.sound]
'NativeTangentGridCoarsening.scalar_grid_coarsening_add_two' depends on axioms: [propext, Classical.choice, Quot.sound]
'NativeTangentGridCoarsening.planar_grid_coarsening_add_two' depends on axioms: [propext, Classical.choice, Quot.sound]
'NativeTangentGridCoarsening.ratio_add_two_le_three' depends on axioms: [propext, Classical.choice, Quot.sound]
'NativeTangentGridCoarsening.scalar_grid_coarsening_chain' depends on axioms: [propext, Classical.choice, Quot.sound]
'NativeTangentGridCoarsening.planar_grid_coarsening_chain' depends on axioms: [propext, Classical.choice, Quot.sound]
'NativeTangentGridCoarsening.scalar_grid_coarsening' depends on axioms: [propext, Classical.choice, Quot.sound]
'NativeTangentGridCoarsening.planar_grid_coarsening' depends on axioms: [propext, Classical.choice, Quot.sound]
'NativeTangentGridCoarsening.scalar_centered_grid_card' depends on axioms: [propext, Classical.choice, Quot.sound]
'NativeTangentGridCoarsening.planar_centered_grid_card' depends on axioms: [propext, Classical.choice, Quot.sound]
'NativeTangentGridCoarsening.scalar_injective_grid_centered_card' depends on axioms: [propext,
 Classical.choice,
 Quot.sound]
'NativeTangentGridCoarsening.planar_injective_grid_centered_card' depends on axioms: [propext,
 Classical.choice,
 Quot.sound]
'OriginalTubeAncestorSaturation.ancestor_incidence_residual' depends on axioms: [propext, Classical.choice, Quot.sound]
'OriginalTubeAncestorSaturation.same_point_normal_direction' depends on axioms: [propext, Classical.choice, Quot.sound]
'OriginalTubeAncestorSaturation.ancestor_fiber_inside_adapted_box' depends on axioms: [propext,
 Classical.choice,
 Quot.sound]
'OriginalTubeAncestorSaturation.scalar_same_parameter_cell' depends on axioms: [propext, Classical.choice, Quot.sound]
'OriginalTubeAncestorSaturation.planar_same_parameter_cell' depends on axioms: [propext, Classical.choice, Quot.sound]
'OriginalTubeAncestorSaturation.scalar_parameter_ancestor_gaps' depends on axioms: [propext,
 Classical.choice,
 Quot.sound]
'OriginalTubeAncestorSaturation.planar_parameter_ancestor_gaps' depends on axioms: [propext,
 Classical.choice,
 Quot.sound]
'OriginalTubeAncestorSaturation.fine_label_realizer_tangent_gap' depends on axioms: [propext,
 Classical.choice,
 Quot.sound]
'OriginalAncestorCounting.exists_original_cell_representatives' depends on axioms: [propext,
 Classical.choice,
 Quot.sound]
'OriginalAncestorCounting.original_pair_ancestor_count' depends on axioms: [propext, Classical.choice, Quot.sound]
'OriginalAncestorCounting.fine_label_in_ancestor_ball' depends on axioms: [propext, Classical.choice, Quot.sound]
'OriginalAncestorCounting.same_ancestor_fixed_height_ball' depends on axioms: [propext, Classical.choice, Quot.sound]
'OriginalAncestorCounting.original_carrier_saturation_count' depends on axioms: [propext, Classical.choice, Quot.sound]
'OriginalAncestorCounting.original_carrier_convex_count' depends on axioms: [propext, Classical.choice, Quot.sound]
'OriginalAncestorFiberGeometry.occupied_ancestor_has_original_realizer' depends on axioms: [propext,
 Classical.choice,
 Quot.sound]
'OriginalAncestorFiberGeometry.original_direction_fiber_bound' depends on axioms: [propext,
 Classical.choice,
 Quot.sound]
'OriginalAncestorFiberGeometry.active_points_in_ancestor_ball' depends on axioms: [propext,
 Classical.choice,
 Quot.sound]
'NativeOriginalAncestorCounts.scalar_original_ancestor_count' depends on axioms: [propext, Classical.choice, Quot.sound]
'NativeOriginalAncestorCounts.planar_original_ancestor_count' depends on axioms: [propext, Classical.choice, Quot.sound]
'OriginalCWScaleCancellation.original_count_scale_cancellation' depends on axioms: [propext,
 Classical.choice,
 Quot.sound]
'OriginalCWScaleCancellation.carrier_global_normalization' depends on axioms: [propext, Classical.choice, Quot.sound]
'OriginalCWScaleCancellation.original_fine_AD_ratio' depends on axioms: [propext, Classical.choice, Quot.sound]
'OriginalCWScaleCancellation.original_CW_ratio_lower' depends on axioms: [propext, Classical.choice, Quot.sound]
'OriginalCarrierImageCount.occupied_ancestors_mem_reference' depends on axioms: [propext, Classical.choice, Quot.sound]
'OriginalCarrierImageCount.labelwise_containment_covers_full_saturation' depends on axioms: [propext,
 Classical.choice,
 Quot.sound]
'OriginalCarrierImageCount.original_realizer_carrier_CW_count' depends on axioms: [propext,
 Classical.choice,
 Quot.sound]
'OriginalCoreEndpointLifting.one_state_height' depends on axioms: [propext, Classical.choice, Quot.sound]
'OriginalCoreEndpointLifting.two_state_height' depends on axioms: [propext, Classical.choice, Quot.sound]
'OriginalCoreEndpointLifting.select_original_endpoint_points' depends on axioms: [propext, Classical.choice, Quot.sound]
'OriginalCoreEndpointLifting.selected_core_points_are_original' depends on axioms: [propext,
 Classical.choice,
 Quot.sound]
'OriginalCoreEndpointLifting.scalar_cells_eq_endpoint_image' depends on axioms: [propext, Classical.choice, Quot.sound]
'OriginalCoreEndpointLifting.planar_cells_eq_endpoint_image' depends on axioms: [propext, Classical.choice, Quot.sound]
'OriginalCoreEndpointLifting.exists_scalar_original_endpoint_points' depends on axioms: [propext,
 Classical.choice,
 Quot.sound]
'OriginalCoreEndpointLifting.exists_planar_original_endpoint_points' depends on axioms: [propext,
 Classical.choice,
 Quot.sound]
'OriginalCoreBoxPaths.box_mono' depends on axioms: [propext, Classical.choice, Quot.sound]
'OriginalCoreBoxPaths.coreBox_mono' depends on axioms: [propext, Classical.choice, Quot.sound]
'OriginalCoreBoxPaths.oneStates_box_comparison' depends on axioms: [propext, Classical.choice, Quot.sound]
'OriginalCoreBoxPaths.twoStates_box_comparison' depends on axioms: [propext, Classical.choice, Quot.sound]
'NativeOriginalScalarCW.adapted_box_measurable' depends on axioms: [propext, Classical.choice, Quot.sound]
'NativeOriginalScalarCW.scalar_original_CW_concentration' depends on axioms: [propext, Classical.choice, Quot.sound]
'NativeOriginalPlanarCW.adapted_box_measurable' depends on axioms: [propext, Classical.choice, Quot.sound]
'NativeOriginalPlanarCW.planar_original_CW_concentration' depends on axioms: [propext, Classical.choice, Quot.sound]
'OriginalWJointPhase.offset_identity' depends on axioms: [propext, Classical.choice, Quot.sound]
'OriginalWJointPhase.offset_error_bound' depends on axioms: [propext, Classical.choice, Quot.sound]
'OriginalWJointPhase.original_witness_offset_remainder' depends on axioms: [propext, Classical.choice, Quot.sound]
'OriginalWJointPhase.original_coarse_offset_displacement' depends on axioms: [propext, Classical.choice, Quot.sound]
'OriginalWJointPhase.scalar_native_joint_displacement' depends on axioms: [propext, Classical.choice, Quot.sound]
'AbelianShiftedLabelEnergy.shifted_pairs_le_zero_energy' depends on axioms: [propext, Classical.choice, Quot.sound]
'AbelianShiftedLabelEnergy.pair_set_le_menu_energy' depends on axioms: [propext, Classical.choice, Quot.sound]
'PlanarShiftedNearEnergy.seven_discrepancies' depends on axioms: [propext, Classical.choice, Quot.sound]
'PlanarShiftedNearEnergy.near_pairs_le_fortynine_energy' depends on axioms: [propext, Classical.choice, Quot.sound]
'PlanarShiftedNearEnergy.original_labelled_planar_rounding' depends on axioms: [propext, Classical.choice, Quot.sound]
'ActualPlanarRoundedEnergy.planar_rounding_injOn' depends on axioms: [propext, Classical.choice, Quot.sound]
'ActualPlanarRoundedEnergy.planar_rounded_card' depends on axioms: [propext, Classical.choice, Quot.sound]
'ActualPlanarRoundedEnergy.rounded_planar_product_image' depends on axioms: [propext, Classical.choice, Quot.sound]
'ActualPlanarRoundedEnergy.rounded_planar_label_energy' depends on axioms: [propext, Classical.choice, Quot.sound]
'ActualPlanarRoundedEnergy.original_planar_near_energy' depends on axioms: [propext, Classical.choice, Quot.sound]
'ActualPlanarRoundedEnergy.max_norm_separation_of_euclidean_squared' depends on axioms: [propext,
 Classical.choice,
 Quot.sound]
'ActualPlanarRoundedEnergy.original_euclidean_planar_near_energy' depends on axioms: [propext,
 Classical.choice,
 Quot.sound]
'PlanarRoundedSumsetCover.point_rounding_error' depends on axioms: [propext, Classical.choice, Quot.sound]
'PlanarRoundedSumsetCover.actual_planar_iterated_cover' depends on axioms: [propext, Classical.choice, Quot.sound]
'PlanarDyadicNumerics.polynomial_absorption' depends on axioms: [propext, Classical.choice, Quot.sound]
'PlanarDyadicNumerics.slow_factor_absorption' depends on axioms: [propext, Classical.choice, Quot.sound]
'PlanarDyadicNumerics.polynomial_retention_absorption' depends on axioms: [propext, Classical.choice, Quot.sound]
'PlanarDyadicNumerics.polynomial_cost_absorption' depends on axioms: [propext, Classical.choice, Quot.sound]
'PlanarDyadicNumerics.real_floor_cover_factor' depends on axioms: [propext, Classical.choice, Quot.sound]
'PlanarDyadicNumerics.planar_floor_cover_factor' depends on axioms: [propext, Classical.choice, Quot.sound]
'PlanarDyadicNumerics.densityCoefficient_pos' depends on axioms: [propext, Classical.choice, Quot.sound]
'PlanarDyadicNumerics.nativeDensity_lower' depends on axioms: [propext, Classical.choice, Quot.sound]
'PlanarDyadicNumerics.choose_depth' depends on axioms: [propext, Classical.choice, Quot.sound]
'PlanarDyadicNumerics.native_absorption' depends on axioms: [propext, Classical.choice, Quot.sound]
'PlanarDyadicNumerics.dyadic_mesh_rpow' depends on axioms: [propext, Classical.choice, Quot.sound]
'PlanarDyadicNumerics.native_dyadic_absorption' depends on axioms: [propext, Classical.choice, Quot.sound]
'PlanarOriginalSubsetConstruction.half_mesh' depends on axioms: [propext, Classical.choice, Quot.sound]
'PlanarOriginalSubsetConstruction.rounded_cardinality_bound' depends on axioms: [propext, Classical.choice, Quot.sound]
'PlanarOriginalSubsetConstruction.original_preimage' depends on axioms: [propext, Classical.choice, Quot.sound]
'PlanarOriginalSubsetConstruction.original_planar_subsets' depends on axioms: [propext, Classical.choice, Quot.sound]
'PlanarOriginalDyadicBSG.coordinate_planar_dyadic_bsg' depends on axioms: [propext, Classical.choice, Quot.sound]
'PlanarOriginalDyadicBSG.euclidean_near_energy_le_coordinate' depends on axioms: [propext, Classical.choice, Quot.sound]
'PlanarOriginalDyadicBSG.original_planar_dyadic_bsg' depends on axioms: [propext, Classical.choice, Quot.sound]
'OriginalWNormalizedPhase.scalar_operator_apply' depends on axioms: [propext, Classical.choice, Quot.sound]
'OriginalWNormalizedPhase.phase_error_identity' depends on axioms: [propext, Classical.choice, Quot.sound]
'OriginalWNormalizedPhase.scaled_scalar_error' depends on axioms: [propext, Classical.choice, Quot.sound]
'OriginalWNormalizedPhase.scaled_normal_error' depends on axioms: [propext, Classical.choice, Quot.sound]
'OriginalWNormalizedPhase.normalized_phase_error' depends on axioms: [propext, Classical.choice, Quot.sound]
'OriginalWNormalizedPhase.scalar_original_normalized_phase' depends on axioms: [propext, Classical.choice, Quot.sound]

Command: /workspace/shared/lean-tools/elan/toolchains/leanprover--lean4---v4.33.1/bin/lean -j1 -DautoImplicit=false -DwarningAsError=true verification/WZOriginalCWReadback.lean
Confirmed exit code: 0
