Started UTC: 2026-10-04T10:18:18.714154+00:00
Command: /workspace/scratch/5f2524fd4117/lean-tools/lean-4.33.1-linux/bin/lean -j1 -DautoImplicit=false -DwarningAsError=true verification/OriginalSourceHairbrushReadback.lean
FIFO compiler ticket: 01791109098740109335-c48a2f1daa934162a5dfc8097848b237.request
FIFO compiler acquired UTC: 2026-10-04T10:19:04.317522+00:00
'OriginalThreeDimensionalHairbrushParameters.parameter_bounds' depends on axioms: [propext,
 Classical.choice,
 Quot.sound]
'OriginalThreeDimensionalHairbrushParameters.exact_parameter_budgets' depends on axioms: [propext,
 Classical.choice,
 Quot.sound]
'OriginalThreeDimensionalHairbrushParameters.small_radius_conditions' depends on axioms: [propext,
 Classical.choice,
 Quot.sound]
'OriginalThreeDimensionalHairbrushParameters.slab_width_ge_hundred' depends on axioms: [propext,
 Classical.choice,
 Quot.sound]
'OriginalThreeDimensionalHairbrushParameters.large_radius_slab_width' depends on axioms: [propext,
 Classical.choice,
 Quot.sound]
'OriginalThreeDimensionalHairbrushParameters.source_mass_constant_conversion' depends on axioms: [propext,
 Classical.choice,
 Quot.sound]
'OriginalThreeDimensionalHairbrushParameters.trivial_mass_constant' depends on axioms: [propext,
 Classical.choice,
 Quot.sound]
'OriginalThreeDimensionalSourceHairbrushSlab.exists_original_source_hairbrush_slab' depends on axioms: [propext,
 Classical.choice,
 Quot.sound]
'OriginalThreeDimensionalLiteralSlabCover.exists_original_normal_frame' depends on axioms: [propext,
 Classical.choice,
 Quot.sound]
'OriginalThreeDimensionalLiteralSlabCover.original_frame_coordinate_bound' depends on axioms: [propext,
 Classical.choice,
 Quot.sound]
'OriginalThreeDimensionalLiteralSlabCover.original_unit_slab_from_literal_rectangles' depends on axioms: [propext,
 Classical.choice,
 Quot.sound]

Confirmed exit code: 0
