Started UTC: 2026-10-04T13:36:23.284929+00:00
Command: /workspace/scratch/5f2524fd4117/lean-tools/lean-4.33.1-linux/bin/lean -j1 -DautoImplicit=false -DwarningAsError=true verification/OriginalOwnerPolynomialReadback.lean
FIFO compiler ticket: 01791120983314683229-b8045c948f94401fad517aa0ad5e39fd.request
FIFO compiler acquired UTC: 2026-10-04T13:36:56.624794+00:00
'OriginalThreeDimensionalOwnerTubeGeometry.original_distance_triangle' depends on axioms: [propext,
 Classical.choice,
 Quot.sound]
'OriginalThreeDimensionalOwnerTubeGeometry.original_coordinate_box_distance' depends on axioms: [propext,
 Classical.choice,
 Quot.sound]
'OriginalThreeDimensionalOwnerTubeGeometry.original_pair_owner_tube_perturbation' depends on axioms: [propext,
 Classical.choice,
 Quot.sound]
'OriginalThreeDimensionalOwnerTubeGeometry.original_delta_owner_tube' depends on axioms: [propext,
 Classical.choice,
 Quot.sound]
'OriginalThreeDimensionalOwnerQueryTube.original_query_tube_movement' depends on axioms: [propext,
 Classical.choice,
 Quot.sound]
'OriginalThreeDimensionalOwnerQueryTube.original_three_owner_tube' depends on axioms: [propext,
 Classical.choice,
 Quot.sound]
'OriginalThreeDimensionalOwnerQueryTube.original_owner_pair_separation' depends on axioms: [propext,
 Classical.choice,
 Quot.sound]
'OriginalThreeDimensionalFiberSlabGeometry.original_frame_coordinate_lipschitz' depends on axioms: [propext,
 Classical.choice,
 Quot.sound]
'OriginalThreeDimensionalFiberSlabGeometry.original_full_fiber_in_expanded_slab' depends on axioms: [propext,
 Classical.choice,
 Quot.sound]
'OriginalThreeDimensionalFiberSlabGeometry.original_raw_net_projected_separation' depends on axioms: [propext,
 Classical.choice,
 Quot.sound]
'OriginalThreeDimensionalProjectedQueryLift.original_euclidean_pair_strip' depends on axioms: [propext,
 Classical.choice,
 Quot.sound]
'OriginalThreeDimensionalProjectedQueryLift.original_projected_query_tube_lifts' depends on axioms: [propext,
 Classical.choice,
 Quot.sound]
'OriginalBalancedOwnerCounts.original_owner_mass_bounds' depends on axioms: [propext, Classical.choice, Quot.sound]
'OriginalBalancedOwnerCounts.original_dense_carrier_mass' depends on axioms: [propext, Classical.choice, Quot.sound]
'OriginalBalancedOwnerCounts.original_unweighted_owner_graph' depends on axioms: [propext, Classical.choice, Quot.sound]
'OriginalBalancedOwnerCounts.original_owner_rich_image' depends on axioms: [propext, Classical.choice, Quot.sound]
'OriginalBalancedOwnerCounts.original_owner_region_count' depends on axioms: [propext, Classical.choice, Quot.sound]
'OriginalThreeDimensionalRawOwnerNet.exists_original_raw_owner_net' depends on axioms: [propext,
 Classical.choice,
 Quot.sound]
'OriginalDenseCoefficientCounts.original_collision_b_count' depends on axioms: [propext, Classical.choice, Quot.sound]
'OriginalDenseCoefficientCounts.original_far_coefficient_count' depends on axioms: [propext,
 Classical.choice,
 Quot.sound]
'OriginalDenseCoefficientCounts.original_collision_near_far_partition' depends on axioms: [propext,
 Classical.choice,
 Quot.sound]
'OriginalDenseCoefficientEnergy.original_near_collision_count' depends on axioms: [propext,
 Classical.choice,
 Quot.sound]
'OriginalDenseCoefficientEnergy.original_far_collision_energy' depends on axioms: [propext,
 Classical.choice,
 Quot.sound]
'OriginalDenseCoefficientEnergy.original_dense_coefficient_collision_energy' depends on axioms: [propext,
 Classical.choice,
 Quot.sound]
'OriginalDenseCoefficientProjection.original_sum_cover_energy' depends on axioms: [propext,
 Classical.choice,
 Quot.sound]
'OriginalDenseCoefficientProjection.exists_original_coefficient_projection_bound' depends on axioms: [propext,
 Classical.choice,
 Quot.sound]
'OriginalDenseCoefficientProjection.original_common_small_sum_obstruction' depends on axioms: [propext,
 Classical.choice,
 Quot.sound]
'OriginalThreeDimensionalCoverBallUniformity.original_cardinal_mesh_cover_bounds' depends on axioms: [propext,
 Classical.choice,
 Quot.sound]
'OriginalThreeDimensionalCoverBallUniformity.original_cover_uniform_cardinal_ball_comparison' depends on axioms: [propext,
 Classical.choice,
 Quot.sound]
'OriginalThreeDimensionalUniformBallCover.original_uniform_outer_ball_population' depends on axioms: [propext,
 Classical.choice,
 Quot.sound]
'OriginalThreeDimensionalGridUniformity.original_grid_cell_capacity' depends on axioms: [propext,
 Classical.choice,
 Quot.sound]
'OriginalThreeDimensionalGridUniformity.original_cardinal_grid_cover_bounds' depends on axioms: [propext,
 Classical.choice,
 Quot.sound]
'OriginalThreeDimensionalGridUniformity.original_grid_uniform_implies_cover_uniform' depends on axioms: [propext,
 Classical.choice,
 Quot.sound]
'OriginalThreeDimensionalVoronoiFibers.original_owner_mem' depends on axioms: [propext, Classical.choice, Quot.sound]
'OriginalThreeDimensionalVoronoiFibers.original_owner_min' depends on axioms: [propext, Classical.choice, Quot.sound]
'OriginalThreeDimensionalVoronoiFibers.exists_original_euclidean_owner_net' depends on axioms: [propext,
 Classical.choice,
 Quot.sound]
'OriginalThreeDimensionalVoronoiFibers.original_full_fiber_ball_sandwich' depends on axioms: [propext,
 Classical.choice,
 Quot.sound]
'OriginalThreeDimensionalVoronoiFibers.original_full_fiber_partition' depends on axioms: [propext,
 Classical.choice,
 Quot.sound]
'OriginalThreeDimensionalVoronoiFibers.original_uniform_full_fiber_population' depends on axioms: [propext,
 Classical.choice,
 Quot.sound]
'OriginalThreeDimensionalVoronoiFibers.exists_original_common_fiber_population' depends on axioms: [propext,
 Classical.choice,
 Quot.sound]
'OriginalThreeDimensionalGridBalancedFibers.exists_original_grid_balanced_fibers' depends on axioms: [propext,
 Classical.choice,
 Quot.sound]
'NativeCoarseAncestorCounts.fiber_in_ancestor_eq' depends on axioms: [propext, Classical.choice, Quot.sound]
'NativeCoarseAncestorCounts.descendant_fiber_sum' depends on axioms: [propext, Classical.choice, Quot.sound]
'NativeCoarseAncestorCounts.descendant_counts_cross' depends on axioms: [propext, Classical.choice, Quot.sound]
'NativeCoarseAncestorCounts.scale_ratio' depends on axioms: [propext, Classical.choice, Quot.sound]
'NativeCoarseAncestorCounts.coarse_ancestor_AD' depends on axioms: [propext, Classical.choice, Quot.sound]
'NativeCoarseAncestorCounts.compact_original_coarse_ancestor_counts' depends on axioms: [propext,
 Classical.choice,
 Quot.sound]
'NativeCoarseColorSelection.rank_lt' depends on axioms: [propext, Classical.choice, Quot.sound]
'NativeCoarseColorSelection.same_slope_rank_injective' depends on axioms: [propext, Classical.choice, Quot.sound]
'NativeCoarseColorSelection.same_slope_color_injective' depends on axioms: [propext, Classical.choice, Quot.sound]
'NativeCoarseColorSelection.palette_card' depends on axioms: [propext, Classical.choice, Quot.sound]
'NativeCoarseColorSelection.color_mem_palette' depends on axioms: [propext, Classical.choice, Quot.sound]
'NativeCoarseColorSelection.image_color_card_le' depends on axioms: [propext, Classical.choice, Quot.sound]
'NativeCoarseColorSelection.exists_dense_color' depends on axioms: [propext, Classical.choice, Quot.sound]
'NativeCoarseColorSelection.equal_floor_of_same_residue_close' depends on axioms: [propext,
 Classical.choice,
 Quot.sound]
'NativeCoarseDirectionThinning.representative_spec' depends on axioms: [propext, Classical.choice, Quot.sound]
'NativeCoarseDirectionThinning.same_color_direction_separation' depends on axioms: [propext,
 Classical.choice,
 Quot.sound]
'NativeCoarseDirectionThinning.original_rank_budget' depends on axioms: [propext, Classical.choice, Quot.sound]
'NativeCoarseDirectionThinning.exists_dense_direction_thinning' depends on axioms: [propext,
 Classical.choice,
 Quot.sound]
'OriginalCoefficientRadius.mesh_le_radius' depends on axioms: [propext, Classical.choice, Quot.sound]
'OriginalCoefficientRadius.pair_le_radius' depends on axioms: [propext, Classical.choice, Quot.sound]
'OriginalCoefficientRadius.radius_le' depends on axioms: [propext, Classical.choice, Quot.sound]
'OriginalCoefficientRadius.radius_mono' depends on axioms: [propext, Classical.choice, Quot.sound]
'OriginalCoefficientRadius.exists_original_maximal_density' depends on axioms: [propext, Classical.choice, Quot.sound]
'OriginalCoefficientRadius.original_radius_packing' depends on axioms: [propext, Classical.choice, Quot.sound]
'OriginalCoefficientDensityProfile.original_maximal_window' depends on axioms: [propext, Classical.choice, Quot.sound]
'OriginalCoefficientDensityProfile.original_normalization_injective' depends on axioms: [propext,
 Classical.choice,
 Quot.sound]
'OriginalCoefficientDensityProfile.original_normalized_profile' depends on axioms: [propext,
 Classical.choice,
 Quot.sound]
'OriginalCoefficientDensityProfile.original_retained_mass' depends on axioms: [propext, Classical.choice, Quot.sound]
'OriginalCoefficientDensityProfile.original_radius_lower' depends on axioms: [propext, Classical.choice, Quot.sound]
'OriginalCoefficientNormalization.original_normalized_mesh_bound' depends on axioms: [propext,
 Classical.choice,
 Quot.sound]
'OriginalCoefficientNormalization.exists_original_normalized_coefficients' depends on axioms: [propext,
 Classical.choice,
 Quot.sound]
'OriginalCoefficientNormalization.exists_original_profile_separated_pair' depends on axioms: [propext,
 Classical.choice,
 Quot.sound]
'OriginalCoefficientNormalization.original_coarse_profile_cardinality' depends on axioms: [propext,
 Classical.choice,
 Quot.sound]
'OriginalCoefficientNormalization.absolute_diameter_threshold' depends on axioms: [propext,
 Classical.choice,
 Quot.sound]
'OriginalCoefficientProfileRadius.original_available_profile_radius' depends on axioms: [propext,
 Classical.choice,
 Quot.sound]
'OriginalCoefficientProfileRadius.original_full_profile_radius' depends on axioms: [propext,
 Classical.choice,
 Quot.sound]
'OriginalFullCoefficientNormalization.exists_original_full_profile_normalization' depends on axioms: [propext,
 Classical.choice,
 Quot.sound]
'OriginalFullCoefficientNormalization.original_full_radius_power' depends on axioms: [propext,
 Classical.choice,
 Quot.sound]
'OriginalFullCoefficientNormalization.original_final_polynomial_mesh' depends on axioms: [propext,
 Classical.choice,
 Quot.sound]
'OriginalRoundedRuzsaCover.sum_cells_product' depends on axioms: [propext, Classical.choice, Quot.sound]
'OriginalRoundedRuzsaCover.sub_cells_product' depends on axioms: [propext, Classical.choice, Quot.sound]
'OriginalRoundedRuzsaCover.sum_rounding_comparison' depends on axioms: [propext, Classical.choice, Quot.sound]
'OriginalRoundedRuzsaCover.sub_rounding_comparison' depends on axioms: [propext, Classical.choice, Quot.sound]
'OriginalRoundedRuzsaCover.original_rounded_sum_triangle' depends on axioms: [propext, Classical.choice, Quot.sound]
'OriginalRoundedRuzsaCover.original_rounded_sub_sum_triangle' depends on axioms: [propext, Classical.choice, Quot.sound]
'OriginalRoundedRingProduct.dilate_sum' depends on axioms: [propext, Classical.choice, Quot.sound]
'OriginalRoundedRingProduct.dilate_product' depends on axioms: [propext, Classical.choice, Quot.sound]
'OriginalRoundedRingProduct.dilate_inverse' depends on axioms: [propext, Classical.choice, Quot.sound]
'OriginalRoundedRingProduct.original_dilation_cover' depends on axioms: [propext, Classical.choice, Quot.sound]
'OriginalRoundedRingProduct.original_inverse_dilation_cover' depends on axioms: [propext, Classical.choice, Quot.sound]
'OriginalRoundedRingProduct.original_product_coefficient_cover' depends on axioms: [propext,
 Classical.choice,
 Quot.sound]
'OriginalRoundedRingProduct.original_product_small_cover' depends on axioms: [propext, Classical.choice, Quot.sound]
'OriginalMonomialSmallCover.original_product_factor_bound' depends on axioms: [propext, Classical.choice, Quot.sound]
'OriginalMonomialSmallCover.original_monomial_small_cover' depends on axioms: [propext, Classical.choice, Quot.sound]
'OriginalSignedCoefficientCover.original_self_sum_cover' depends on axioms: [propext, Classical.choice, Quot.sound]
'OriginalSignedCoefficientCover.original_self_sum_small_cover' depends on axioms: [propext,
 Classical.choice,
 Quot.sound]
'OriginalSignedCoefficientCover.original_negative_dilate_identity' depends on axioms: [propext,
 Classical.choice,
 Quot.sound]
'OriginalSignedCoefficientCover.original_negative_small_cover' depends on axioms: [propext,
 Classical.choice,
 Quot.sound]
'OriginalSelectedWordCover.original_selected_word_cover' depends on axioms: [propext, Classical.choice, Quot.sound]
'OriginalPolynomialRingCover.original_signed_monomial_covers' depends on axioms: [propext, Classical.choice, Quot.sound]
'OriginalPolynomialRingCover.original_polynomial_word_cover' depends on axioms: [propext, Classical.choice, Quot.sound]
'OriginalPolynomialMeshTransfer.exists_original_coarser_dyadic_mesh' depends on axioms: [propext,
 Classical.choice,
 Quot.sound]
'OriginalPolynomialMeshTransfer.original_coarse_cover_le' depends on axioms: [propext, Classical.choice, Quot.sound]
'OriginalPolynomialMeshTransfer.original_homogeneous_mesh' depends on axioms: [propext, Classical.choice, Quot.sound]
'OriginalPolynomialMeshTransfer.original_homogeneous_cover_transfer' depends on axioms: [propext,
 Classical.choice,
 Quot.sound]
'OriginalCoefficientZeroRemoval.original_remove_zero_mass' depends on axioms: [propext, Classical.choice, Quot.sound]
'OriginalCoefficientZeroRemoval.original_remove_zero_profile' depends on axioms: [propext, Classical.choice, Quot.sound]
'OriginalCoefficientCoverNet.exists_original_separated_coefficient_net' depends on axioms: [propext,
 Classical.choice,
 Quot.sound]
'OriginalCoefficientCoverNet.exists_original_dense_coefficient_net' depends on axioms: [propext,
 Classical.choice,
 Quot.sound]
'OriginalPolynomialWordLength.signed_monomial_zero' depends on axioms: [propext, Classical.choice, Quot.sound]
'OriginalPolynomialWordLength.original_atom_mem' depends on axioms: [propext, Classical.choice, Quot.sound]
'OriginalPolynomialWordLength.signed_monomial_neg' depends on axioms: [propext, Classical.choice, Quot.sound]
'OriginalPolynomialWordLength.signed_monomial_mul' depends on axioms: [propext, Classical.choice, Quot.sound]
'OriginalPolynomialWordLength.finite_mul_word_subset' depends on axioms: [propext, Classical.choice, Quot.sound]
'OriginalPolynomialWordLength.finite_word_mul_word_subset' depends on axioms: [propext, Classical.choice, Quot.sound]
'OriginalPolynomialWordLength.polynomial_word_neg' depends on axioms: [propext, Classical.choice, Quot.sound]
'OriginalPolynomialWordLength.polynomial_word_product' depends on axioms: [propext, Classical.choice, Quot.sound]
'OriginalPolynomialWordLength.original_quadratic_word_complexity' depends on axioms: [propext,
 Classical.choice,
 Quot.sound]
'OriginalPolynomialWordLength.exists_signed_monomial_witness' depends on axioms: [propext, Classical.choice, Quot.sound]
'OriginalPolynomialWordLength.exists_polynomial_word_witnesses' depends on axioms: [propext,
 Classical.choice,
 Quot.sound]
'OriginalUniformQuadraticStep.uniform_word_count_two_le' depends on axioms: [propext, Classical.choice, Quot.sound]
'OriginalUniformQuadraticStep.uniform_step_positive' depends on axioms: [propext, Classical.choice, Quot.sound]
'OriginalUniformQuadraticStep.uniform_slab_radius_bound' depends on axioms: [propext, Classical.choice, Quot.sound]
'OriginalUniformQuadraticStep.uniform_word_count_bound' depends on axioms: [propext, Classical.choice, Quot.sound]
'OriginalUniformQuadraticStep.uniform_coefficient_bound' depends on axioms: [propext, Classical.choice, Quot.sound]
'OriginalUniformQuadraticStep.exists_uniform_original_quadratic_step' depends on axioms: [propext,
 Classical.choice,
 Quot.sound]
'OriginalUniformPolynomialIteration.uniform_cover_constant_pos' depends on axioms: [propext,
 Classical.choice,
 Quot.sound]
'OriginalUniformPolynomialIteration.uniform_monomial_count_pos' depends on axioms: [propext,
 Classical.choice,
 Quot.sound]
'OriginalUniformPolynomialIteration.original_iteration_word_complexity' depends on axioms: [propext,
 Classical.choice,
 Quot.sound]
'OriginalUniformPolynomialIteration.original_tensor_one_cover' depends on axioms: [propext,
 Classical.choice,
 Quot.sound]
'OriginalUniformPolynomialIteration.original_uniform_iteration_cover' depends on axioms: [propext,
 Classical.choice,
 Quot.sound]
'OriginalUniformPolynomialIteration.exists_fixed_original_polynomial_word_cover' depends on axioms: [propext,
 Classical.choice,
 Quot.sound]
'OriginalNormalizedPolynomialCover.exists_fixed_polynomial_cover_of_normalized_profile' depends on axioms: [propext,
 Classical.choice,
 Quot.sound]
'OriginalNormalizedPolynomialCover.exists_original_profile_interval_endpoints' depends on axioms: [propext,
 Classical.choice,
 Quot.sound]
'OriginalNormalizedPolynomialCover.exists_fixed_polynomial_cover_of_absolute_profile' depends on axioms: [propext,
 Classical.choice,
 Quot.sound]
'OriginalPolynomialWordHomogeneity.polynomial_word_zero' depends on axioms: [propext, Classical.choice, Quot.sound]
'OriginalPolynomialWordHomogeneity.centered_original_atom_word' depends on axioms: [propext,
 Classical.choice,
 Quot.sound]
'OriginalPolynomialWordHomogeneity.normalized_monomial_homogeneity' depends on axioms: [propext,
 Classical.choice,
 Quot.sound]
'OriginalPolynomialWordHomogeneity.normalized_signed_monomial_homogeneity' depends on axioms: [propext,
 Classical.choice,
 Quot.sound]
'OriginalPolynomialWordHomogeneity.original_polynomial_word_homogeneity' depends on axioms: [propext,
 Classical.choice,
 Quot.sound]
'OriginalProjectedOwnerProfile.original_normalized_project_distance' depends on axioms: [propext,
 Classical.choice,
 Quot.sound]
'OriginalProjectedOwnerProfile.original_normalized_project_box' depends on axioms: [propext,
 Classical.choice,
 Quot.sound]
'OriginalProjectedOwnerProfile.original_normalized_owner_separation' depends on axioms: [propext,
 Classical.choice,
 Quot.sound]
'OriginalProjectedOwnerProfile.original_normalized_owner_injective' depends on axioms: [propext,
 Classical.choice,
 Quot.sound]
'OriginalProjectedOwnerProfile.original_normalized_owner_card' depends on axioms: [propext,
 Classical.choice,
 Quot.sound]
'OriginalProjectedOwnerProfile.original_normalized_region_readback' depends on axioms: [propext,
 Classical.choice,
 Quot.sound]
'OriginalProjectedOwnerProfile.original_owner_region_in_original_ball' depends on axioms: [propext,
 Classical.choice,
 Quot.sound]
'OriginalProjectedOwnerProfile.original_owner_region_original_mass' depends on axioms: [propext,
 Classical.choice,
 Quot.sound]
'OriginalProjectedOwnerProfile.original_normalized_owner_profile' depends on axioms: [propext,
 Classical.choice,
 Quot.sound]
'OriginalProjectedOwnerProfile.original_projected_owner_point_profile' depends on axioms: [propext,
 Classical.choice,
 Quot.sound]
'OriginalProjectedOwnerProfile.original_dense_graph_projected_owner_profile' depends on axioms: [propext,
 Classical.choice,
 Quot.sound]
'OriginalNormalizedOwnerQuery.original_normalized_linePoint' depends on axioms: [propext, Classical.choice, Quot.sound]
'OriginalNormalizedOwnerQuery.original_normalized_chart_linePoint' depends on axioms: [propext,
 Classical.choice,
 Quot.sound]
'OriginalNormalizedOwnerQuery.original_normalized_chart_distance' depends on axioms: [propext,
 Classical.choice,
 Quot.sound]
'OriginalNormalizedOwnerQuery.original_chart_euclidean_pair_tube_iff' depends on axioms: [propext,
 Classical.choice,
 Quot.sound]
'OriginalNormalizedOwnerQuery.original_normalized_chart_query_iff' depends on axioms: [propext,
 Classical.choice,
 Quot.sound]
'OriginalNormalizedOwnerQuery.original_normalized_query_iff' depends on axioms: [propext, Classical.choice, Quot.sound]
'OriginalNormalizedOwnerQuery.original_normalized_query_subset_readback' depends on axioms: [propext,
 Classical.choice,
 Quot.sound]
'OriginalNormalizedOwnerQuery.original_normalized_query_card_readback' depends on axioms: [propext,
 Classical.choice,
 Quot.sound]
'OriginalThreeDimensionalOwnerScaleCutoff.exists_original_owner_scale_cutoff' depends on axioms: [propext,
 Classical.choice,
 Quot.sound]
'OriginalThreeDimensionalOwnerTubeCap.original_reverse_owner_tube' depends on axioms: [propext,
 Classical.choice,
 Quot.sound]
'OriginalThreeDimensionalOwnerTubeCap.original_owner_tube_preimage' depends on axioms: [propext,
 Classical.choice,
 Quot.sound]
'OriginalThreeDimensionalOwnerTubeCap.original_unweighted_owner_tube_cap' depends on axioms: [propext,
 Classical.choice,
 Quot.sound]
'OriginalThreeDimensionalProjectedOwnerCap.original_projected_owner_preimage_tube' depends on axioms: [propext,
 Classical.choice,
 Quot.sound]
'OriginalThreeDimensionalProjectedOwnerCap.original_projected_owner_tube_cap' depends on axioms: [propext,
 Classical.choice,
 Quot.sound]
'OriginalNormalizedOwnerPhysicalBridge.original_distance2_eq_a1_euclidean' depends on axioms: [propext,
 Classical.choice,
 Quot.sound]
'OriginalNormalizedOwnerPhysicalBridge.original_distance2_eq_a1_euclidean_reverse' depends on axioms: [propext,
 Classical.choice,
 Quot.sound]
'OriginalNormalizedOwnerPhysicalBridge.original_a1_physical_pair_tube_iff' depends on axioms: [propext,
 Classical.choice,
 Quot.sound]
'OriginalNormalizedOwnerPhysicalBridge.original_physical_tube_normalizes' depends on axioms: [propext,
 Classical.choice,
 Quot.sound]
'OriginalNormalizedOwnerPhysicalBridge.original_physical_tube_normalized_membership' depends on axioms: [propext,
 Classical.choice,
 Quot.sound]
'NativeCoarseShadingCapacity.projectedLabel_height' depends on axioms: [propext, Classical.choice, Quot.sound]
'NativeCoarseShadingCapacity.projected_fiber_card_le' depends on axioms: [propext, Classical.choice, Quot.sound]
'NativeCoarseShadingCapacity.joint_fiber_card_le' depends on axioms: [propext, Classical.choice, Quot.sound]
'NativeCoarseShadingCapacity.total_incidence_capacity' depends on axioms: [propext, Classical.choice, Quot.sound]
'NativeCoarseShadingCapacity.cell_mass_scale_cancellation' depends on axioms: [propext, Classical.choice, Quot.sound]
'NativeCoarseShadingCapacity.retained_spec' depends on axioms: [propext, Classical.choice, Quot.sound]
'NativeCoarseShadingCapacity.retained_card' depends on axioms: [propext, Classical.choice, Quot.sound]
'NativeCoarseShadingCapacity.coarse_card_sum_rows' depends on axioms: [propext, Classical.choice, Quot.sound]
'NativeCoarseShadingCapacity.retained_shading_real' depends on axioms: [propext, Classical.choice, Quot.sound]
'NativeCoarseShadingCapacity.coarse_shading_real' depends on axioms: [propext, Classical.choice, Quot.sound]
'NativeCoarseShadingCapacity.actual_aggregate_shading_transfer' depends on axioms: [propext,
 Classical.choice,
 Quot.sound]
'NativeCoarseRepresentativeGeometry.direction_zero_parent' depends on axioms: [propext, Classical.choice, Quot.sound]
'NativeCoarseRepresentativeGeometry.zero_parent_valid_slab' depends on axioms: [propext, Classical.choice, Quot.sound]
'NativeCoarseRepresentativeGeometry.projected_point_mem_front' depends on axioms: [propext,
 Classical.choice,
 Quot.sound]
'NativeCoarseRepresentativeGeometry.projected_rows_meet_front' depends on axioms: [propext,
 Classical.choice,
 Quot.sound]
'NativeCoarseRepresentativeGeometry.projected_shading_subset_tube' depends on axioms: [propext,
 Classical.choice,
 Quot.sound]
'NativeCoarseRepresentativeGeometry.compact_mark_offset' depends on axioms: [propext, Classical.choice, Quot.sound]
'NativeCoarseRepresentativeGeometry.zero_intercept_bound' depends on axioms: [propext, Classical.choice, Quot.sound]
'NativeCoarseRepresentativeGeometry.zero_parent_mem_fixedCompactClass' depends on axioms: [propext,
 Classical.choice,
 Quot.sound]
'NativeCoarseDyadicShading.block_pos' depends on axioms: [propext, Classical.choice, Quot.sound]
'NativeCoarseDyadicShading.block_scale' depends on axioms: [propext, Classical.choice, Quot.sound]
'NativeCoarseDyadicShading.block_mesh' depends on axioms: [propext, Classical.choice, Quot.sound]
'NativeCoarseDyadicShading.block_thickness' depends on axioms: [propext, Classical.choice, Quot.sound]
'NativeCoarseDyadicShading.block_thickness_dyadic' depends on axioms: [propext, Classical.choice, Quot.sound]
'NativeCoarseDyadicShading.original_dyadic_shading_transfer' depends on axioms: [propext, Classical.choice, Quot.sound]
'NativeCoarseWeightedPruning.ancestor_pruning' depends on axioms: [propext, Classical.choice, Quot.sound]
'NativeCoarseWeightedPruning.weighted_loss' depends on axioms: [propext, Classical.choice, Quot.sound]
'NativeCoarseWeightedPruning.ancestor_menu_subset' depends on axioms: [propext, Classical.choice, Quot.sound]
'NativeCoarseWeightedPruning.original_color_weighted_pruning' depends on axioms: [propext, Classical.choice, Quot.sound]
'NativeCoarsePruningBudget.original_occupied_count' depends on axioms: [propext, Classical.choice, Quot.sound]
'NativeCoarsePruningBudget.occupied_threshold_charge' depends on axioms: [propext, Classical.choice, Quot.sound]
'NativeCoarsePruningBudget.weighted_pruning_power_budget' depends on axioms: [propext, Classical.choice, Quot.sound]
'NativeCoarsePhysicalContainment.graphPoint_mem_front' depends on axioms: [propext, Classical.choice, Quot.sound]
'NativeCoarsePhysicalContainment.graphPoint_same_cell_dist' depends on axioms: [propext, Classical.choice, Quot.sound]
'NativeCoarsePhysicalContainment.physicalMap_dist_zero' depends on axioms: [propext, Classical.choice, Quot.sound]
'NativeCoarsePhysicalContainment.original_front_height_bound' depends on axioms: [propext, Classical.choice, Quot.sound]
'NativeCoarsePhysicalContainment.original_tube_in_representative' depends on axioms: [propext,
 Classical.choice,
 Quot.sound]
'NativeCoarseCellSource.parentIndex_mem' depends on axioms: [propext, Classical.choice, Quot.sound]
'NativeCoarseCellSource.parentIndex_injective' depends on axioms: [propext, Classical.choice, Quot.sound]
'NativeCoarseCellSource.parentIndex_range' depends on axioms: [propext, Classical.choice, Quot.sound]
'NativeCoarseCellSource.source_thickness' depends on axioms: [propext, Classical.choice, Quot.sound]
'NativeCoarseCellSource.source_line' depends on axioms: [propext, Classical.choice, Quot.sound]
'NativeCoarseCellSource.source_shading' depends on axioms: [propext, Classical.choice, Quot.sound]
'NativeCoarseCellSource.source_geometric_fields' depends on axioms: [propext, Classical.choice, Quot.sound]
'NativeCoarseShadingPruning.coarse_thickness_le_one' depends on axioms: [propext, Classical.choice, Quot.sound]
'NativeCoarseShadingPruning.actual_weight_upper' depends on axioms: [propext, Classical.choice, Quot.sound]
'NativeCoarseShadingPruning.actual_shading_pruning' depends on axioms: [propext, Classical.choice, Quot.sound]
'NativeCoarseCarrierGeometry.parameter_error_carrier_dist' depends on axioms: [propext, Classical.choice, Quot.sound]
'NativeCoarseCarrierGeometry.same_parameter_cell_carrier_dist' depends on axioms: [propext,
 Classical.choice,
 Quot.sound]
'NativeCoarseCarrierGeometry.pruned_carrier_lower' depends on axioms: [propext, Classical.choice, Quot.sound]
'OriginalMacroDirectionCells.direction_cells_box_bound' depends on axioms: [propext, Classical.choice, Quot.sound]
'OriginalMacroDirectionCells.original_reference_cell_count' depends on axioms: [propext, Classical.choice, Quot.sound]
'OriginalMacroDirectionCells.literal_original_direction_mass' depends on axioms: [propext, Classical.choice, Quot.sound]
'OriginalMacroDirectionCells.direction_cell_gap' depends on axioms: [propext, Classical.choice, Quot.sound]
'OriginalMacroDirectionCells.full_direction_collision' depends on axioms: [propext, Classical.choice, Quot.sound]
'OriginalMacroDirectionSource.original_direction_reference_cover' depends on axioms: [propext,
 Classical.choice,
 Quot.sound]
'OriginalMacroDirectionSource.original_full_terminal_population' depends on axioms: [propext,
 Classical.choice,
 Quot.sound]
'OriginalMacroPrintedW.original_full_witness_conditions' depends on axioms: [propext, Classical.choice, Quot.sound]
'OriginalMacroPrintedW.original_full_terminal_fiber_cap' depends on axioms: [propext, Classical.choice, Quot.sound]
'NativeOriginalMacroTubeCount.direction_vector_readback' depends on axioms: [propext, Classical.choice, Quot.sound]
'NativeOriginalMacroTubeCount.native_terminal_fiber_card' depends on axioms: [propext, Classical.choice, Quot.sound]
'NativeOriginalMacroTubeCount.native_tubes_le_terminal_cells' depends on axioms: [propext, Classical.choice, Quot.sound]
'NativeOriginalMacroTubeCount.native_original_macro_tube_population' depends on axioms: [propext,
 Classical.choice,
 Quot.sound]
'NativeRescaledMacroTubeCount.actual_slope_readback' depends on axioms: [propext, Classical.choice, Quot.sound]
'NativeRescaledMacroTubeCount.actual_mesh_le_source_scale' depends on axioms: [propext, Classical.choice, Quot.sound]
'NativeRescaledMacroTubeCount.rescaled_terminal_fiber_card' depends on axioms: [propext, Classical.choice, Quot.sound]
'NativeRescaledMacroTubeCount.rescaled_tubes_le_terminal_cells' depends on axioms: [propext,
 Classical.choice,
 Quot.sound]
'NativeRescaledMacroTubeCount.rescaled_original_macro_tube_population' depends on axioms: [propext,
 Classical.choice,
 Quot.sound]
'OriginalMacroHeightIncidenceDensity.original_degree_power_mass' depends on axioms: [propext,
 Classical.choice,
 Quot.sound]
'OriginalMacroHeightIncidenceDensity.original_height_density_from_source_counts' depends on axioms: [propext,
 Classical.choice,
 Quot.sound]
'OriginalSelectedFullDirection.selected_joint_direction_realization' depends on axioms: [propext,
 Classical.choice,
 Quot.sound]
'OriginalSelectedFullDirection.coarse_reference_error_at_double_scale' depends on axioms: [propext,
 Classical.choice,
 Quot.sound]
'OriginalMacroWTupleReadback.original_nine_tuple_readback' depends on axioms: [propext, Classical.choice, Quot.sound]

Confirmed exit code: 0
