'OriginalCoreMenuDensity.all_menus_card_bound' depends on axioms: [propext, Classical.choice, Quot.sound]
'OriginalCoreMenuDensity.exists_original_menu_rich_core' depends on axioms: [propext, Classical.choice, Quot.sound]
'OriginalCoreMenuDensity.normalize_phase_menu_degree' depends on axioms: [propext, Classical.choice, Quot.sound]
'FinitePhaseFieldImages.original_field_cell_phase_image' depends on axioms: [propext, Classical.choice, Quot.sound]
'FinitePhaseFieldImages.original_field_phase_image' depends on axioms: [propext, Classical.choice, Quot.sound]
'FinitePhaseFieldImages.phase_card_of_fixed_tangent_cell' depends on axioms: [propext, Classical.choice, Quot.sound]
'OriginalWGrainDrift.original_witness_grain_drift' depends on axioms: [propext, Classical.choice, Quot.sound]
'OriginalWGrainDrift.scalar_constructed_successor_grain_drift' depends on axioms: [propext,
 Classical.choice,
 Quot.sound]
'OriginalPhaseCellPopulation.physical_cells_in_rectangle' depends on axioms: [propext, Classical.choice, Quot.sound]
'OriginalPhaseCellPopulation.same_x_and_grain_window_physical_cells' depends on axioms: [propext,
 Classical.choice,
 Quot.sound]
'OriginalPhaseCellPopulation.original_phase_cells_over_x_cell' depends on axioms: [propext,
 Classical.choice,
 Quot.sound]
'OriginalPhaseCellPopulation.phase_cap_of_working_scale_ratio' depends on axioms: [propext,
 Classical.choice,
 Quot.sound]
'OriginalPhaseGridPopulation.gridPoint_injective' depends on axioms: [propext, Classical.choice, Quot.sound]
'OriginalPhaseGridPopulation.first_interval_population' depends on axioms: [propext, Classical.choice, Quot.sound]
'OriginalPhaseGridPopulation.grid_ball_population' depends on axioms: [propext, Classical.choice, Quot.sound]
'OriginalPhaseGridPopulation.grid_ball_population_large_radius' depends on axioms: [propext,
 Classical.choice,
 Quot.sound]
'OriginalPhaseGridPopulation.phase_filter_first_image' depends on axioms: [propext, Classical.choice, Quot.sound]
'OriginalPhaseGridPopulation.original_phase_first_fiber_cap' depends on axioms: [propext, Classical.choice, Quot.sound]
'OriginalPhaseGridPopulation.original_phase_ball_population' depends on axioms: [propext, Classical.choice, Quot.sound]
'OriginalPhaseWindowGraph.neighborCells_card' depends on axioms: [propext, Classical.choice, Quot.sound]
'OriginalPhaseWindowGraph.self_mem_neighborCells' depends on axioms: [propext, Classical.choice, Quot.sound]
'OriginalPhaseWindowGraph.grainCell_neighbor' depends on axioms: [propext, Classical.choice, Quot.sound]
'OriginalPhaseWindowGraph.mem_menuGraph' depends on axioms: [propext, Classical.choice, Quot.sound]
'OriginalPhaseWindowGraph.menuGraph_card' depends on axioms: [propext, Classical.choice, Quot.sound]
'OriginalPhaseWindowGraph.exists_maximal_occupied' depends on axioms: [propext, Classical.choice, Quot.sound]
'OriginalPhaseWindowGraph.exists_maximal_window_graph' depends on axioms: [propext, Classical.choice, Quot.sound]
'NativeOriginalPhaseWindowGraph.exists_original_phase_window_graph' depends on axioms: [propext,
 Classical.choice,
 Quot.sound]
'NativeOriginalPhaseWindowPopulation.expanded_eq_phase_image' depends on axioms: [propext, Classical.choice, Quot.sound]
'NativeOriginalPhaseWindowPopulation.neighbor_grain_window' depends on axioms: [propext, Classical.choice, Quot.sound]
'NativeOriginalPhaseWindowPopulation.original_enlarged_phase_ball_population' depends on axioms: [propext,
 Classical.choice,
 Quot.sound]
'NativeOriginalPhaseWindowEdges.graph_edge_original_witness' depends on axioms: [propext, Classical.choice, Quot.sound]
'NativeOriginalPhaseWindowEdges.graph_edge_normalized_phase_error' depends on axioms: [propext,
 Classical.choice,
 Quot.sound]
'OriginalPhaseGridError.scalar_floor_error' depends on axioms: [propext, Classical.choice, Quot.sound]
'OriginalPhaseGridError.grid_floor_error' depends on axioms: [propext, Classical.choice, Quot.sound]
'OriginalPhaseGridError.original_phase_label_identity' depends on axioms: [propext, Classical.choice, Quot.sound]
'OriginalPhaseGridError.original_phase_grid_error' depends on axioms: [propext, Classical.choice, Quot.sound]
'OriginalPhaseGridError.rounded_phase_relation' depends on axioms: [propext, Classical.choice, Quot.sound]
'OriginalPhaseWindowDensity.window_graph_relative_density' depends on axioms: [propext, Classical.choice, Quot.sound]
'OriginalPhaseWindowDensity.original_alphabet_degree_lower' depends on axioms: [propext, Classical.choice, Quot.sound]
'NativeOriginalPhaseGridEdges.graph_edge_grid_phase_error' depends on axioms: [propext, Classical.choice, Quot.sound]
'HeavyEnergyBinSelection.exists_heavy_energy_index' depends on axioms: [propext, Classical.choice, Quot.sound]
'HeavyEnergyBinSelection.product_partition_piece' depends on axioms: [propext, Classical.choice, Quot.sound]
'HeavyEnergyBinSelection.exists_original_energy_bin' depends on axioms: [propext, Classical.choice, Quot.sound]
'OriginalFiberEnergyCollapse.translated_histogram_card' depends on axioms: [propext, Classical.choice, Quot.sound]
'OriginalFiberEnergyCollapse.original_filter_fiber_bound' depends on axioms: [propext, Classical.choice, Quot.sound]
'OriginalFiberEnergyCollapse.translated_histogram_bound' depends on axioms: [propext, Classical.choice, Quot.sound]
'OriginalFiberEnergyCollapse.translated_output_image' depends on axioms: [propext, Classical.choice, Quot.sound]
'OriginalFiberEnergyCollapse.labelled_sum_energy_le' depends on axioms: [propext, Classical.choice, Quot.sound]
'EnergyPreservingOriginalFiberBin.exists_energy_preserving_bin' depends on axioms: [propext,
 Classical.choice,
 Quot.sound]
'LabelledRealEnergyBin.labelled_near_energy_le_five' depends on axioms: [propext, Classical.choice, Quot.sound]
'LabelledRealEnergyBin.labelled_near_energy_cap' depends on axioms: [propext, Classical.choice, Quot.sound]
'LabelledRealEnergyBin.exists_real_energy_preserving_bin' depends on axioms: [propext, Classical.choice, Quot.sound]
'IntegerBinRealNearEnergy.real_grid_injective' depends on axioms: [propext, Classical.choice, Quot.sound]
'IntegerBinRealNearEnergy.real_grid_card' depends on axioms: [propext, Classical.choice, Quot.sound]
'IntegerBinRealNearEnergy.real_grid_separated' depends on axioms: [propext, Classical.choice, Quot.sound]
'IntegerBinRealNearEnergy.integer_energy_le_original_near' depends on axioms: [propext, Classical.choice, Quot.sound]
'OriginalRealEnergyBinCaller.exists_original_real_bsg_bin' depends on axioms: [propext, Classical.choice, Quot.sound]
'OriginalBinLabelLift.original_bin_lift' depends on axioms: [propext, Classical.choice, Quot.sound]
'OriginalBinLabelLift.original_bin_lift_density' depends on axioms: [propext, Classical.choice, Quot.sound]
'NativeA2DilatedParameters.dilated_geometric_scales' depends on axioms: [propext, Classical.choice, Quot.sound]
'NativeA2DilatedParameters.transverse_constant_power_identity' depends on axioms: [propext,
 Classical.choice,
 Quot.sound]
'NativeA2DilatedParameters.dilated_power_budget' depends on axioms: [propext, Classical.choice, Quot.sound]
'NativeA2DilatedParameters.exists_dilated_native_threshold' depends on axioms: [propext, Classical.choice, Quot.sound]
'NativeA2DilatedCaller.dilated_native_weak_radial_graph' depends on axioms: [propext, Classical.choice, Quot.sound]
'NativeA2DilatedCaller.exists_uniform_dilated_native_weak_radial_graph_threshold' depends on axioms: [propext,
 Classical.choice,
 Quot.sound]
'NativeA1InitialRadialGraph.exists_original_eta_dilated_radial_threshold' depends on axioms: [propext,
 Classical.choice,
 Quot.sound]

Command: /workspace/scratch/5f2524fd4117/lean-tools/lean-4.33.1-linux/bin/lean -j1 -DautoImplicit=false -DwarningAsError=true verification/WZPhaseBinsReadback.lean
Confirmed exit code: 0
