'NativeParentSpines.owner_spec' depends on axioms: [propext, Classical.choice, Quot.sound]
'NativeParentSpines.mem_pairedMenu_of' depends on axioms: [propext, Classical.choice, Quot.sound]
'NativeParentSpines.pair_label_image_subset' depends on axioms: [propext, Classical.choice, Quot.sound]
'NativeParentSpines.pairedMenu_card_le' depends on axioms: [propext, Classical.choice, Quot.sound]
'NativeParentSpines.pair_label_menu_le' depends on axioms: [propext, Classical.choice, Quot.sound]
'NativeParentSpines.support_card_lower' depends on axioms: [propext, Classical.choice, Quot.sound]
'NativeParentSpines.original_cell_card_le' depends on axioms: [propext, Classical.choice, Quot.sound]
'NativeParentSpines.mass_le_original_grid_cells' depends on axioms: [propext, Classical.choice, Quot.sound]
'NativeParentSpines.fiber_parent_menu_le' depends on axioms: [propext, Classical.choice, Quot.sound]
'NativeParentSpines.unit_degree_eq_card' depends on axioms: [propext, Classical.choice, Quot.sound]
'NativeParentSpines.exists_uniform_parent_core' depends on axioms: [propext, Classical.choice, Quot.sound]
'NativeParentSpines.parentSpine_anchor' depends on axioms: [propext, Classical.choice, Quot.sound]
'NativeParentSpines.parentSpine_subset_owner' depends on axioms: [propext, Classical.choice, Quot.sound]
'NativeParentSpines.parentSpine_same_cell' depends on axioms: [propext, Classical.choice, Quot.sound]
'NativeParentSpines.parentSpine_point_richness' depends on axioms: [propext, Classical.choice, Quot.sound]
'NativeParentSpines.spine_power_cancellation' depends on axioms: [propext, Classical.choice, Quot.sound]
'NativeParentSpines.parent_power_cancellation' depends on axioms: [propext, Classical.choice, Quot.sound]
'NativeParentSpines.exists_parent_core' depends on axioms: [propext, Classical.choice, Quot.sound]
'NativeParentSpines.exists_native_parent_preparation' depends on axioms: [propext, Classical.choice, Quot.sound]
'NativeContactSpineColumns.same_cell_graph_residual' depends on axioms: [propext, Classical.choice, Quot.sound]
'NativeContactSpineColumns.tube_contact_residual' depends on axioms: [propext, Classical.choice, Quot.sound]
'NativeContactSpineColumns.contact_overlap_budget' depends on axioms: [propext, Classical.choice, Quot.sound]
'NativeContactSpineColumns.columns_from_coarse_contact_spines' depends on axioms: [propext,
 Classical.choice,
 Quot.sound]
'NativeContactSpineColumns.columns_from_fine_contact_spines' depends on axioms: [propext, Classical.choice, Quot.sound]
'NativeContactSpineColumns.columns_card_le_from_AD_contact_spines' depends on axioms: [propext,
 Classical.choice,
 Quot.sound]
'NativeContactFractionalComposition.exists_native_contact_fractional_refinement' depends on axioms: [propext,
 Classical.choice,
 Quot.sound]
'NativeAngularChartSelection.chart_unit' depends on axioms: [propext, Classical.choice, Quot.sound]
'NativeAngularChartSelection.chartPoint_zero' depends on axioms: [propext, Classical.choice, Quot.sound]
'NativeAngularChartSelection.chartPoint_involutive' depends on axioms: [propext, Classical.choice, Quot.sound]
'NativeAngularChartSelection.chartTube_involutive' depends on axioms: [propext, Classical.choice, Quot.sound]
'NativeAngularChartSelection.chartTube_unit_zero' depends on axioms: [propext, Classical.choice, Quot.sound]
'NativeAngularChartSelection.chartPoint_injective' depends on axioms: [propext, Classical.choice, Quot.sound]
'NativeAngularChartSelection.chartPoint_dist' depends on axioms: [propext, Classical.choice, Quot.sound]
'NativeAngularChartSelection.chart_carrierBall' depends on axioms: [propext, Classical.choice, Quot.sound]
'NativeAngularChartSelection.chart_AD' depends on axioms: [propext, Classical.choice, Quot.sound]
'NativeAngularChartSelection.chart_inTube_iff' depends on axioms: [propext, Classical.choice, Quot.sound]
'NativeAngularChartSelection.chart_grid' depends on axioms: [propext, Classical.choice, Quot.sound]
'NativeAngularChartSelection.chart_grid_card' depends on axioms: [propext, Classical.choice, Quot.sound]
'NativeAngularChartSelection.chart_trace' depends on axioms: [propext, Classical.choice, Quot.sound]
'NativeAngularChartSelection.chart_trace_inverse' depends on axioms: [propext, Classical.choice, Quot.sound]
'NativeAngularChartSelection.chart_footprints' depends on axioms: [propext, Classical.choice, Quot.sound]
'NativeAngularChartSelection.chart_profile' depends on axioms: [propext, Classical.choice, Quot.sound]
'NativeAngularChartSelection.chartSlope_bound' depends on axioms: [propext, Classical.choice, Quot.sound]
'NativeAngularChartSelection.exists_heavy_chart' depends on axioms: [propext, Classical.choice, Quot.sound]
'NativeAngularChartSelection.angleLabel_bounds' depends on axioms: [propext, Classical.choice, Quot.sound]
'NativeAngularChartSelection.angle_menu_card' depends on axioms: [propext, Classical.choice, Quot.sound]
'NativeAngularChartSelection.angularBudget_power' depends on axioms: [propext, Classical.choice, Quot.sound]
'NativeAngularChartSelection.angularResolution_pos' depends on axioms: [propext, Classical.choice, Quot.sound]
'NativeAngularChartSelection.workingLevel_mono' depends on axioms: [propext]
'NativeAngularChartSelection.workingLevel_bounds' depends on axioms: [propext, Classical.choice, Quot.sound]
'NativeAngularChartSelection.workingLevel_angle_scale' depends on axioms: [propext, Classical.choice, Quot.sound]
'NativeAngularChartSelection.selectedSlope_bound' depends on axioms: [propext, Classical.choice, Quot.sound]
'NativeAngularChartSelection.angleLabel_close' depends on axioms: [propext, Classical.choice, Quot.sound]
'NativeAngularChartSelection.grid_scale_ancestor' depends on axioms: [propext, Classical.choice, Quot.sound]
'NativeAngularChartSelection.grid_scale_nested' depends on axioms: [propext, Classical.choice, Quot.sound]
'NativeAngularChartSelection.uniform_cell_card' depends on axioms: [propext, Classical.choice, Quot.sound]
'NativeAngularChartSelection.uniform_joint_card' depends on axioms: [propext, Classical.choice, Quot.sound]
'NativeAngularChartSelection.select_parent_core_angles' depends on axioms: [propext, Classical.choice, Quot.sound]
'NativeAngularChartSelection.exists_native_chart_parent_preparation' depends on axioms: [propext,
 Classical.choice,
 Quot.sound]
'NativeSeparatedFractionalPatches.pairPoint_dist' depends on axioms: [propext, Classical.choice, Quot.sound]
'NativeSeparatedFractionalPatches.pairPoint_injective' depends on axioms: [propext, Classical.choice, Quot.sound]
'NativeSeparatedFractionalPatches.pairPoint_realized' depends on axioms: [propext, Classical.choice, Quot.sound]
'NativeSeparatedFractionalPatches.pairPoint_quantized' depends on axioms: [propext, Classical.choice, Quot.sound]
'NativeSeparatedFractionalPatches.quantized_coordinate_movement' depends on axioms: [propext,
 Classical.choice,
 Quot.sound]
'NativeSeparatedFractionalPatches.quantized_euclidean_movement' depends on axioms: [propext,
 Classical.choice,
 Quot.sound]
'NativeSeparatedFractionalPatches.exists_separated_source_residue' depends on axioms: [propext,
 Classical.choice,
 Quot.sound]
'NativeSeparatedFractionalPatches.quantized_image_proximity' depends on axioms: [propext, Classical.choice, Quot.sound]
'NativeSeparatedFractionalPatches.isolate_original_parent_patches' depends on axioms: [propext,
 Classical.choice,
 Quot.sound]
'NativeSeparatedFractionalPatches.exists_native_separated_fractional_refinement' depends on axioms: [propext,
 Classical.choice,
 Quot.sound]
'RealScaleTubeProfileTransfer.comparisonBox_card' depends on axioms: [propext, Classical.choice, Quot.sound]
'RealScaleTubeProfileTransfer.grid_mem_comparisonBox' depends on axioms: [propext, Classical.choice, Quot.sound]
'RealScaleTubeProfileTransfer.grid_card_comparison' depends on axioms: [propext, Classical.choice, Quot.sound]
'RealScaleTubeProfileTransfer.inTube_mono' depends on axioms: [propext, Classical.choice, Quot.sound]
'RealScaleTubeProfileTransfer.moved_real_tube_le_profile' depends on axioms: [propext, Classical.choice, Quot.sound]
'RealScaleTubeProfileTransfer.exists_minimal_upper_level' depends on axioms: [propext, Classical.choice, Quot.sound]
'RealScaleTubeProfileTransfer.exists_nested_upper_levels' depends on axioms: [propext, Classical.choice, Quot.sound]
'RealScaleTubeProfileTransfer.stopped_moved_real_tube' depends on axioms: [propext, Classical.choice, Quot.sound]
'RealScaleTubeProfileTransfer.shiftedBox_card' depends on axioms: [propext, Classical.choice, Quot.sound]
'RealScaleTubeProfileTransfer.shifted_grid_mem' depends on axioms: [propext, Classical.choice, Quot.sound]
'RealScaleTubeProfileTransfer.shifted_grid_card_le' depends on axioms: [propext, Classical.choice, Quot.sound]
'RealScaleTubeProfileTransfer.normalized_grid' depends on axioms: [propext, Classical.choice, Quot.sound]
'RealScaleTubeProfileTransfer.normalized_inTube' depends on axioms: [propext, Classical.choice, Quot.sound]
'RealScaleTubeProfileTransfer.normalized_stopped_moved_real_tube' depends on axioms: [propext,
 Classical.choice,
 Quot.sound]
'OriginalWSuccessorSelection.vertex_has_original_terminal_point' depends on axioms: [propext,
 Classical.choice,
 Quot.sound]
'OriginalWSuccessorSelection.exists_deterministic_original_successors' depends on axioms: [propext,
 Classical.choice,
 Quot.sound]
'OriginalWCoreDynamics.core_nonempty' depends on axioms: [propext, Classical.choice, Quot.sound]
'OriginalWCoreDynamics.rep_spec' depends on axioms: [propext, Classical.choice, Quot.sound]
'OriginalWCoreDynamics.originalNext_spec' depends on axioms: [propext, Classical.choice, Quot.sound]
'OriginalWCoreDynamics.next_eq_self_of_not_mem' depends on axioms: [propext, Classical.choice, Quot.sound]
'OriginalWCoreDynamics.next_spec' depends on axioms: [propext, Classical.choice, Quot.sound]
'OriginalWCoreDynamics.next_preserves_height' depends on axioms: [propext, Classical.choice, Quot.sound]
'OriginalWCoreDynamics.angles_nonempty' depends on axioms: [propext, Classical.choice, Quot.sound]
'OriginalWCoreDynamics.witness_menu_mem_alphabet' depends on axioms: [propext, Classical.choice, Quot.sound]
'OriginalWCoreDynamics.M_subset_alphabet' depends on axioms: [propext, Classical.choice, Quot.sound]
'OriginalWCoreDynamics.exists_original_core_dynamics' depends on axioms: [propext, Classical.choice, Quot.sound]
'OriginalWCoreDynamics.exists_original_total_core_dynamics' depends on axioms: [propext, Classical.choice, Quot.sound]
'NativePlanarSlabNormConversion.apply_eq_coordinates' depends on axioms: [propext, Classical.choice, Quot.sound]
'NativePlanarSlabNormConversion.opNorm_le_abs_coefficients' depends on axioms: [propext, Classical.choice, Quot.sound]
'NativePlanarSlabNormConversion.coefficientLength_ge_half' depends on axioms: [propext, Classical.choice, Quot.sound]
'NativePlanarSlabNormConversion.normalized_coefficients_unit' depends on axioms: [propext, Classical.choice, Quot.sound]
'NativePlanarSlabNormConversion.functional_slab_subset' depends on axioms: [propext, Classical.choice, Quot.sound]
'NativePlanarSlabNormConversion.slab_law_conversion' depends on axioms: [propext, Classical.choice, Quot.sound]
'NativePlanarSlabNormConversion.coefficientLength_pos' depends on axioms: [propext, Classical.choice, Quot.sound]
'OriginalHeightIntervalCap.floor_original_mesh' depends on axioms: [propext, Classical.choice, Quot.sound]
'OriginalHeightIntervalCap.original_floor_injective' depends on axioms: [propext, Classical.choice, Quot.sound]
'OriginalHeightIntervalCap.floor_interval_card' depends on axioms: [propext, Classical.choice, Quot.sound]
'OriginalHeightIntervalCap.original_interval_cap_add_two' depends on axioms: [propext, Classical.choice, Quot.sound]
'OriginalHeightIntervalCap.original_interval_cap' depends on axioms: [propext, Classical.choice, Quot.sound]
'OriginalHeightIntervalCap.density_ratio' depends on axioms: [propext, Classical.choice, Quot.sound]
'OriginalHeightIntervalCap.original_height_cap_and_ratio' depends on axioms: [propext, Classical.choice, Quot.sound]
'OriginalWPhysicalDisplacement.incidence_chord_error' depends on axioms: [propext, Classical.choice, Quot.sound]
'OriginalWPhysicalDisplacement.path_residual_bound' depends on axioms: [propext, Classical.choice, Quot.sound]
'OriginalWPhysicalDisplacement.witness_two_leg_residual' depends on axioms: [propext, Classical.choice, Quot.sound]
'OriginalWPhysicalDisplacement.difference_approximation_bound' depends on axioms: [propext,
 Classical.choice,
 Quot.sound]
'OriginalWPhysicalDisplacement.witness_coarse_displacement' depends on axioms: [propext, Classical.choice, Quot.sound]
'OriginalWPhysicalDisplacement.same_tube_same_height_error' depends on axioms: [propext, Classical.choice, Quot.sound]
'OriginalWPhysicalDisplacement.fixed_representative_displacement' depends on axioms: [propext,
 Classical.choice,
 Quot.sound]
'OriginalWPhysicalDisplacement.floor_approximation' depends on axioms: [propext, Classical.choice, Quot.sound]
'OriginalWPhysicalDisplacement.scalar_grid_approximation' depends on axioms: [propext, Classical.choice, Quot.sound]
'OriginalWPhysicalDisplacement.planar_grid_approximation' depends on axioms: [propext, Classical.choice, Quot.sound]
'OriginalWPhysicalDisplacement.terminal_grid_component_gap' depends on axioms: [propext, Classical.choice, Quot.sound]
'OriginalWPhysicalDisplacement.scalar_terminal_grid_gap' depends on axioms: [propext, Classical.choice, Quot.sound]
'OriginalWPhysicalDisplacement.planar_terminal_grid_gap' depends on axioms: [propext, Classical.choice, Quot.sound]
'OriginalWPhysicalDisplacement.witness_time_gaps' depends on axioms: [propext, Classical.choice, Quot.sound]
'OriginalWPhysicalDisplacement.scalar_native_witness_displacement' depends on axioms: [propext,
 Classical.choice,
 Quot.sound]
'OriginalWPhysicalDisplacement.planar_native_witness_displacement' depends on axioms: [propext,
 Classical.choice,
 Quot.sound]
'OriginalWPhysicalGrowth.scalar_constructed_step_displacement' depends on axioms: [propext,
 Classical.choice,
 Quot.sound]
'OriginalWPhysicalGrowth.planar_constructed_step_displacement' depends on axioms: [propext,
 Classical.choice,
 Quot.sound]
'OriginalWPhysicalGrowth.original_heights_nonempty' depends on axioms: [propext, Classical.choice, Quot.sound]
'OriginalWPhysicalGrowth.scalar_growth_of_constructed_core' depends on axioms: [propext, Classical.choice, Quot.sound]
'OriginalWPhysicalGrowth.planar_decoded_alphabet_bound' depends on axioms: [propext, Classical.choice, Quot.sound]
'OriginalWPhysicalGrowth.planar_growth_of_constructed_core' depends on axioms: [propext, Classical.choice, Quot.sound]
'OriginalWPhysicalGrowth.normalize_original_escape' depends on axioms: [propext, Classical.choice, Quot.sound]
'NativeOriginalWEndToEnd.scalar_unit_functional_slab' depends on axioms: [propext, Classical.choice, Quot.sound]
'NativeOriginalWEndToEnd.scalar_original_w_growth' depends on axioms: [propext, Classical.choice, Quot.sound]
'NativeOriginalWEndToEnd.planar_original_w_growth' depends on axioms: [propext, Classical.choice, Quot.sound]
'RetainedHeightGrowthNormalization.scalar_normalized_growth' depends on axioms: [propext, Classical.choice, Quot.sound]
'RetainedHeightGrowthNormalization.scalar_output_lower_bound' depends on axioms: [propext, Classical.choice, Quot.sound]
'RetainedHeightGrowthNormalization.planar_normalized_growth' depends on axioms: [propext, Classical.choice, Quot.sound]
'RetainedHeightGrowthNormalization.planar_output_lower_bound' depends on axioms: [propext, Classical.choice, Quot.sound]

Command: /workspace/shared/lean-tools/elan/toolchains/leanprover--lean4---v4.33.1/bin/lean -j1 -DautoImplicit=false -DwarningAsError=true verification/WZPhysicalNativeReadback.lean
Confirmed exit code: 0
