'InjectiveSliceQuantization.label_bijective' depends on axioms: [propext, Classical.choice, Quot.sound]
'InjectiveSliceQuantization.center_floor_formula' depends on axioms: [propext, Classical.choice, Quot.sound]
'InjectiveSliceQuantization.unchanged_x_time' depends on axioms: [propext, Classical.choice, Quot.sound]
'InjectiveSliceQuantization.quantize_y_formula' depends on axioms: [propext, Classical.choice, Quot.sound]
'InjectiveSliceQuantization.quotient_coordinate_in_grid' depends on axioms: [propext, Classical.choice, Quot.sound]
'InjectiveSliceQuantization.rounding_error' depends on axioms: [propext, Classical.choice, Quot.sound]
'InjectiveSliceQuantization.coordinate_error' depends on axioms: [propext, Classical.choice, Quot.sound]
'InjectiveSliceQuantization.pairwise_coordinate_distortion' depends on axioms: [propext, Classical.choice, Quot.sound]
'InjectiveSliceQuantization.deformedPoint_injective' depends on axioms: [propext, Classical.choice, Quot.sound]
'InjectiveSliceQuantization.quantize_injective' depends on axioms: [propext, Classical.choice, Quot.sound]
'InjectiveSliceQuantization.label_image_card' depends on axioms: [propext, Classical.choice, Quot.sound]
'InjectiveSliceQuantization.quantize_image_card' depends on axioms: [propext, Classical.choice, Quot.sound]
'InjectiveSliceQuantization.original_label_pullback' depends on axioms: [propext, Classical.choice, Quot.sound]
'GridQuotientAD.mem_box_iff' depends on axioms: [propext, Classical.choice, Quot.sound]
'GridQuotientAD.box_card' depends on axioms: [propext, Classical.choice, Quot.sound]
'GridQuotientAD.ambientBox_card_le_fiber_capacity' depends on axioms: [propext, Classical.choice, Quot.sound]
'GridQuotientAD.slab_card_eq_sum_fibers' depends on axioms: [propext, Classical.choice, Quot.sound]
'GridQuotientAD.dense_fibers_le_slab' depends on axioms: [propext, Classical.choice, Quot.sound]
'GridQuotientAD.cellKeys_card' depends on axioms: [propext, Classical.choice, Quot.sound]
'GridQuotientAD.cellKey_mem' depends on axioms: [propext, Classical.choice, Quot.sound]
'GridQuotientAD.same_cell_close' depends on axioms: [propext, Classical.choice, Quot.sound]
'GridQuotientAD.box_same_center_pair' depends on axioms: [propext, Classical.choice, Quot.sound]
'GridQuotientAD.box_mono' depends on axioms: [propext, Classical.choice, Quot.sound]
'GridQuotientAD.slab_card_le_cells_mul' depends on axioms: [propext, Classical.choice, Quot.sound]
'GridQuotientAD.cell_count_scaled_le' depends on axioms: [propext, Classical.choice, Quot.sound]
'GridQuotientAD.quotient_lower' depends on axioms: [propext, Classical.choice, Quot.sound]
'GridQuotientAD.quotient_upper' depends on axioms: [propext, Classical.choice, Quot.sound]
'GridQuotientAD.quotient_AD' depends on axioms: [propext, Classical.choice, Quot.sound]
'GridRichNeighborQuotient.mem_richRestriction' depends on axioms: [propext, Classical.choice, Quot.sound]
'GridRichNeighborQuotient.richRestriction_subset' depends on axioms: [propext, Classical.choice, Quot.sound]
'GridRichNeighborQuotient.mem_rich_image_iff' depends on axioms: [propext, Classical.choice, Quot.sound]
'GridRichNeighborQuotient.fiber_richRestriction' depends on axioms: [propext, Classical.choice, Quot.sound]
'GridRichNeighborQuotient.richRestriction_dense' depends on axioms: [propext, Classical.choice, Quot.sound]
'GridRichNeighborQuotient.ambientBox_mono' depends on axioms: [propext, Classical.choice, Quot.sound]
'GridRichNeighborQuotient.slab_mono' depends on axioms: [propext, Classical.choice, Quot.sound]
'GridRichNeighborQuotient.richRestriction_ambient_upper' depends on axioms: [propext, Classical.choice, Quot.sound]
'GridRichNeighborQuotient.box_symmetric' depends on axioms: [propext, Classical.choice, Quot.sound]
'GridRichNeighborQuotient.box_triangle' depends on axioms: [propext, Classical.choice, Quot.sound]
'GridRichNeighborQuotient.exists_rich_neighbor_map' depends on axioms: [propext, Classical.choice, Quot.sound]
'GridRichNeighborQuotient.neighbor_map_fiber_card_le' depends on axioms: [propext, Classical.choice, Quot.sound]
'GridRichNeighborQuotient.quotient_card_le_rich_neighbors' depends on axioms: [propext, Classical.choice, Quot.sound]
'GridRichNeighborQuotient.quotient_mass_le_slab' depends on axioms: [propext, Classical.choice, Quot.sound]
'GridRichNeighborQuotient.quotient_mass_le_cells' depends on axioms: [propext, Classical.choice, Quot.sound]
'GridRichNeighborQuotient.setBox_mono_radius' depends on axioms: [propext, Classical.choice, Quot.sound]
'GridRichNeighborQuotient.setBox_card_le_of_near_map' depends on axioms: [propext, Classical.choice, Quot.sound]
'GridRichNeighborQuotient.exists_near_map' depends on axioms: [propext, Classical.choice, Quot.sound]
'GridRichNeighborQuotient.setBox_card_le_rich_neighbors' depends on axioms: [propext, Classical.choice, Quot.sound]
'GridRichNeighborQuotient.setBox_mass_le_slab' depends on axioms: [propext, Classical.choice, Quot.sound]
'GridRichNeighborQuotient.setBox_mass_le_cells' depends on axioms: [propext, Classical.choice, Quot.sound]
'GridRichNeighborQuotient.full_quotient_card_le_setBox' depends on axioms: [propext, Classical.choice, Quot.sound]
'GridRichNeighborQuotient.ambient_lower_le_setBox' depends on axioms: [propext, Classical.choice, Quot.sound]
'GridRichNeighborQuotient.cell_count_scaled_le_four' depends on axioms: [propext, Classical.choice, Quot.sound]
'GridRichNeighborQuotient.setBox_upper_shifted' depends on axioms: [propext, Classical.choice, Quot.sound]
'GridRichNeighborQuotient.setBox_upper_AD' depends on axioms: [propext, Classical.choice, Quot.sound]
'GridRichNeighborQuotient.original_quotient_AD' depends on axioms: [propext, Classical.choice, Quot.sound]
'GridRichNeighborQuotient.setBox_lower_large' depends on axioms: [propext, Classical.choice, Quot.sound]
'GridRichNeighborQuotient.setBox_lower_AD' depends on axioms: [propext, Classical.choice, Quot.sound]
'GridRichNeighborQuotient.nearby_lower_constant_pos' depends on axioms: [propext, Classical.choice, Quot.sound]
'GridRichNeighborQuotient.nearby_quotient_AD' depends on axioms: [propext, Classical.choice, Quot.sound]
'FiniteVoronoiPopulation.exists_separated_net' depends on axioms: [propext, Classical.choice, Quot.sound]
'FiniteVoronoiPopulation.owner_mem' depends on axioms: [propext, Classical.choice, Quot.sound]
'FiniteVoronoiPopulation.owner_min' depends on axioms: [propext, Classical.choice, Quot.sound]
'FiniteVoronoiPopulation.mem_cluster' depends on axioms: [propext, Classical.choice, Quot.sound]
'FiniteVoronoiPopulation.mem_carrierBall' depends on axioms: [propext, Classical.choice, Quot.sound]
'FiniteVoronoiPopulation.carrierBall_coe' depends on axioms: [propext, Classical.choice, Quot.sound]
'FiniteVoronoiPopulation.clusters_disjoint' depends on axioms: [propext, Classical.choice, Quot.sound]
'FiniteVoronoiPopulation.clusters_biUnion' depends on axioms: [propext, Classical.choice, Quot.sound]
'FiniteVoronoiPopulation.sum_cluster_card' depends on axioms: [propext, Classical.choice, Quot.sound]
'FiniteVoronoiPopulation.owner_dist_lt' depends on axioms: [propext, Classical.choice, Quot.sound]
'FiniteVoronoiPopulation.carrierBall_third_subset_cluster' depends on axioms: [propext, Classical.choice, Quot.sound]
'FiniteVoronoiPopulation.cluster_subset_carrierBall' depends on axioms: [propext, Classical.choice, Quot.sound]
'FiniteVoronoiPopulation.cluster_card_sandwich' depends on axioms: [propext, Classical.choice, Quot.sound]
'FiniteVoronoiPopulation.center_mem_cluster' depends on axioms: [propext, Classical.choice, Quot.sound]
'FiniteVoronoiPopulation.exists_voronoi_partition' depends on axioms: [propext, Classical.choice, Quot.sound]
'FiniteVoronoiPopulation.card_centers_mul_le_of_cluster_lower' depends on axioms: [propext,
 Classical.choice,
 Quot.sound]
'FiniteVoronoiPopulation.card_centers_mul_le_of_ball_lower' depends on axioms: [propext, Classical.choice, Quot.sound]
'FiniteVoronoiPopulation.cluster_set_sandwich' depends on axioms: [propext, Classical.choice, Quot.sound]
'FiniteVoronoiPopulation.cluster_population_bounds' depends on axioms: [propext, Classical.choice, Quot.sound]
'FiniteVoronoiPopulation.one_le_cluster_card' depends on axioms: [propext, Classical.choice, Quot.sound]
'FiniteVoronoiPopulation.card_separated_family_mul_le' depends on axioms: [propext, Classical.choice, Quot.sound]
'FiniteVoronoiPopulation.sum_cluster_card_real' depends on axioms: [propext, Classical.choice, Quot.sound]
'FiniteVoronoiPopulation.card_centers_mul_le_of_cluster_lower_real' depends on axioms: [propext,
 Classical.choice,
 Quot.sound]
'FiniteVoronoiPopulation.card_separated_family_mul_le_real' depends on axioms: [propext, Classical.choice, Quot.sound]
'FiniteVoronoiADCoarsening.scaled_bounds_of_ADBounds' depends on axioms: [propext, Classical.choice, Quot.sound]
'FiniteVoronoiADCoarsening.ADBounds_of_scaled_bounds' depends on axioms: [propext, Classical.choice, Quot.sound]
'FiniteVoronoiADCoarsening.cube_le_cube' depends on axioms: [propext, Classical.choice, Quot.sound]
'FiniteVoronoiADCoarsening.sum_cluster_card_subfamily' depends on axioms: [propext, Classical.choice, Quot.sound]
'FiniteVoronoiADCoarsening.cluster_union_subset' depends on axioms: [propext, Classical.choice, Quot.sound]
'FiniteVoronoiADCoarsening.sum_cluster_card_subfamily_le_total' depends on axioms: [propext,
 Classical.choice,
 Quot.sound]
'FiniteVoronoiADCoarsening.nearby_cluster_union_subset_ball' depends on axioms: [propext, Classical.choice, Quot.sound]
'FiniteVoronoiADCoarsening.half_ball_subset_nearby_cluster_union' depends on axioms: [propext,
 Classical.choice,
 Quot.sound]
'FiniteVoronoiADCoarsening.sum_nearby_cluster_card_le_ball' depends on axioms: [propext, Classical.choice, Quot.sound]
'FiniteVoronoiADCoarsening.half_ball_card_le_sum_nearby_clusters' depends on axioms: [propext,
 Classical.choice,
 Quot.sound]
'FiniteVoronoiADCoarsening.cluster_scaled_population_bounds' depends on axioms: [propext, Classical.choice, Quot.sound]
'FiniteVoronoiADCoarsening.cluster_population_bounds' depends on axioms: [propext, Classical.choice, Quot.sound]
'FiniteVoronoiADCoarsening.subfamily_scaled_population_bounds' depends on axioms: [propext,
 Classical.choice,
 Quot.sound]
'FiniteVoronoiADCoarsening.carrierBall_one_eq' depends on axioms: [propext, Classical.choice, Quot.sound]
'FiniteVoronoiADCoarsening.global_scaled_card_le' depends on axioms: [propext, Classical.choice, Quot.sound]
'FiniteVoronoiADCoarsening.coarse_scaled_ball_bounds' depends on axioms: [propext, Classical.choice, Quot.sound]
'FiniteVoronoiADCoarsening.coarse_ADBounds' depends on axioms: [propext, Classical.choice, Quot.sound]
'FiniteVoronoiADCoarsening.exists_AD_coarsening' depends on axioms: [propext, Classical.choice, Quot.sound]
'FiniteVoronoiRealADCoarsening.scaled_bounds_of_ADBounds' depends on axioms: [propext, Classical.choice, Quot.sound]
'FiniteVoronoiRealADCoarsening.ADBounds_of_scaled_bounds' depends on axioms: [propext, Classical.choice, Quot.sound]
'FiniteVoronoiRealADCoarsening.cluster_scaled_population_bounds' depends on axioms: [propext,
 Classical.choice,
 Quot.sound]
'FiniteVoronoiRealADCoarsening.cluster_population_bounds' depends on axioms: [propext, Classical.choice, Quot.sound]
'FiniteVoronoiRealADCoarsening.subfamily_scaled_population_bounds' depends on axioms: [propext,
 Classical.choice,
 Quot.sound]
'FiniteVoronoiRealADCoarsening.global_scaled_card_le' depends on axioms: [propext, Classical.choice, Quot.sound]
'FiniteVoronoiRealADCoarsening.coarse_scaled_ball_bounds' depends on axioms: [propext, Classical.choice, Quot.sound]
'FiniteVoronoiRealADCoarsening.coarse_ADBounds' depends on axioms: [propext, Classical.choice, Quot.sound]
'FiniteVoronoiRealADCoarsening.exists_AD_coarsening' depends on axioms: [propext, Classical.choice, Quot.sound]
'PhysicalRescalingIncidenceTransfer.Data.hypotheses_of_full_backbone_density' depends on axioms: [propext,
 Classical.choice,
 Quot.sound]
'PhysicalRescalingIncidenceTransfer.Data.endpoint_densities_full_backbone' depends on axioms: [propext,
 Classical.choice,
 Quot.sound]
'TwoTubePathCollisionCount.mem_paths' depends on axioms: [propext, Classical.choice, Quot.sound]
'TwoTubePathCollisionCount.tubeDegree_eq_fiber_card' depends on axioms: [propext, Classical.choice, Quot.sound]
'TwoTubePathCollisionCount.card_incidence_eq_sum_tubeDegree' depends on axioms: [propext, Classical.choice, Quot.sound]
'TwoTubePathCollisionCount.sum_fiber_card_eq_sum_sq' depends on axioms: [propext, Classical.choice, Quot.sound]
'TwoTubePathCollisionCount.sum_halfPaths_eq_sum_tubeDegree_sq' depends on axioms: [propext,
 Classical.choice,
 Quot.sound]
'TwoTubePathCollisionCount.card_paths_eq_sum_halfPaths_sq' depends on axioms: [propext, Classical.choice, Quot.sound]
'TwoTubePathCollisionCount.nat_sum_sq_le_card_mul_sum_sq' depends on axioms: [propext, Classical.choice, Quot.sound]
'TwoTubePathCollisionCount.fourth_power_walk_bound' depends on axioms: [propext, Classical.choice, Quot.sound]
'TwoTubePathCollisionCount.fourth_power_walk_bound_of_subset' depends on axioms: [propext, Classical.choice, Quot.sound]
'TwoTubePathCollisionCount.mem_collisions' depends on axioms: [propext, Classical.choice, Quot.sound]
'TwoTubePathCollisionCount.card_collisions_eq_sum_fiber_sq' depends on axioms: [propext, Classical.choice, Quot.sound]
'TwoTubePathCollisionCount.square_card_le_image_mul_collisions' depends on axioms: [propext,
 Classical.choice,
 Quot.sound]
'TwoTubePathCollisionCount.eighth_power_collision_bound' depends on axioms: [propext, Classical.choice, Quot.sound]
'StickyKakeya4.PaddedRescalingCubicalSource.decode_encode' depends on axioms: [propext, Classical.choice, Quot.sound]
'StickyKakeya4.PaddedRescalingCubicalSource.encode_injective' depends on axioms: [propext, Classical.choice, Quot.sound]
'StickyKakeya4.PaddedRescalingCubicalSource.fine_apply' depends on axioms: [propext, Classical.choice, Quot.sound]
'StickyKakeya4.PaddedRescalingCubicalSource.retained_subset' depends on axioms: [propext, Classical.choice, Quot.sound]
'StickyKakeya4.PaddedRescalingCubicalSource.exists_padding' depends on axioms: [propext, Classical.choice, Quot.sound]
'StickyKakeya4.PaddedRescalingCubicalSource.ofGraph_parameters_injective' depends on axioms: [propext,
 Classical.choice,
 Quot.sound]
'StickyKakeya4.PaddedRescalingCubicalSource.line_injective' depends on axioms: [propext, Classical.choice, Quot.sound]
'StickyKakeya4.PaddedRescalingCubicalSource.mesh_pos' depends on axioms: [propext, Classical.choice, Quot.sound]
'StickyKakeya4.PaddedRescalingCubicalSource.axis_near' depends on axioms: [propext, Classical.choice, Quot.sound]
'StickyKakeya4.PaddedRescalingCubicalSource.contract_axis_eq_graph' depends on axioms: [propext,
 Classical.choice,
 Quot.sound]
'StickyKakeya4.PaddedRescalingCubicalSource.contract_time_buffer' depends on axioms: [propext,
 Classical.choice,
 Quot.sound]
'StickyKakeya4.PaddedRescalingCubicalSource.coarse_near_mem' depends on axioms: [propext, Classical.choice, Quot.sound]
'StickyKakeya4.PaddedRescalingCubicalSource.coarse_axis_mem' depends on axioms: [propext, Classical.choice, Quot.sound]
'StickyKakeya4.PaddedRescalingCubicalSource.coarse_point_mem' depends on axioms: [propext, Classical.choice, Quot.sound]
'StickyKakeya4.PaddedRescalingCubicalSource.cell_has_marked_witness' depends on axioms: [propext,
 Classical.choice,
 Quot.sound]
'StickyKakeya4.PaddedRescalingCubicalSource.source_cubical_measurable' depends on axioms: [propext,
 Classical.choice,
 Quot.sound]
'StickyKakeya4.PaddedRescalingCubicalSource.source_shading_subset' depends on axioms: [propext,
 Classical.choice,
 Quot.sound]
'StickyKakeya4.PaddedRescalingCubicalSource.source_normalization' depends on axioms: [propext,
 Classical.choice,
 Quot.sound]
'StickyKakeya4.PaddedRescalingCubicalSource.card_indexBox' depends on axioms: [propext, Classical.choice, Quot.sound]
'StickyKakeya4.PaddedRescalingCubicalSource.mem_indexBox_of_quotient' depends on axioms: [propext,
 Classical.choice,
 Quot.sound]
'StickyKakeya4.PaddedRescalingCubicalSource.coarse_incidence_capacity' depends on axioms: [propext,
 Classical.choice,
 Quot.sound]
'StickyKakeya4.PaddedRescalingCubicalSource.retained_card_le_newPairs' depends on axioms: [propext,
 Classical.choice,
 Quot.sound]
'StickyKakeya4.PaddedRescalingCubicalSource.card_newPairs_eq_sum_cells' depends on axioms: [propext,
 Classical.choice,
 Quot.sound]
'StickyKakeya4.PaddedRescalingCubicalSource.source_total_shading_volume' depends on axioms: [propext,
 Classical.choice,
 Quot.sound]
'StickyKakeya4.PaddedRescalingCubicalSource.source_covers_retained_centers' depends on axioms: [propext,
 Classical.choice,
 Quot.sound]
'StickyKakeya4.PaddedRescalingCubicalSource.retained_fine_fiber_eq' depends on axioms: [propext,
 Classical.choice,
 Quot.sound]
'StickyKakeya4.PaddedRescalingCubicalSource.source_comparable_cubical' depends on axioms: [propext,
 Classical.choice,
 Quot.sound]
'StickyKakeya4.PaddedRescalingCubicalSource.exists_actual_padded_cubical_source' depends on axioms: [propext,
 Classical.choice,
 Quot.sound]

Command: /workspace/shared/lean-tools/elan/toolchains/leanprover--lean4---v4.33.1/bin/lean -j1 -DautoImplicit=false -DwarningAsError=true verification/WZStep6GeometricCallersReadback.lean
Confirmed exit code: 0
