Started UTC: 2026-10-04T03:35:53.770545+00:00
Command: /workspace/scratch/5f2524fd4117/lean-tools/lean-4.33.1-linux/bin/lean -j1 -DautoImplicit=false -DwarningAsError=true verification/SourceAdaptersReadback.lean
'FinitePlaneProjectionGraph.goodEdges_subset' depends on axioms: [propext, Classical.choice, Quot.sound]
'FinitePlaneProjectionGraph.goodEdges_product' depends on axioms: [propext, Classical.choice, Quot.sound]
'FinitePlaneProjectionGraph.deleted_edge_bound' depends on axioms: [propext, Classical.choice, Quot.sound]
'FinitePlaneProjectionGraph.goodEdges_half_of_density' depends on axioms: [propext, Classical.choice, Quot.sound]
'FinitePlaneProjectionGraph.goodEdges_three_quarters_of_density' depends on axioms: [propext,
 Classical.choice,
 Quot.sound]
'FinitePlaneProjectionGraph.quotientEdges_product' depends on axioms: [propext, Classical.choice, Quot.sound]
'FinitePlaneProjectionGraph.quotient_fiber_bound' depends on axioms: [propext, Classical.choice, Quot.sound]
'FinitePlaneProjectionGraph.quotientEdges_card_bound' depends on axioms: [propext, Classical.choice, Quot.sound]
'FinitePlaneProjectionGraph.exists_edge_color' depends on axioms: [propext, Classical.choice, Quot.sound]
'FinitePlaneProjectionGraph.graphLoss_pos' depends on axioms: [propext, Classical.choice, Quot.sound]
'FinitePlaneProjectionGraph.graphLoss_ge' depends on axioms: [propext, Classical.choice, Quot.sound]
'FinitePlaneProjectionGraph.graphRetained_subset' depends on axioms: [propext, Classical.choice, Quot.sound]
'FinitePlaneProjectionGraph.graphRetained_deleted_mass' depends on axioms: [propext, Classical.choice, Quot.sound]
'FinitePlaneProjectionGraph.graphRetained_cell_bound' depends on axioms: [propext, Classical.choice, Quot.sound]
'FinitePlaneProjectionGraph.graphRetained_ball_bound' depends on axioms: [propext, Classical.choice, Quot.sound]
'FinitePlaneProjectionGraph.exists_dense_colored_quotient' depends on axioms: [propext, Classical.choice, Quot.sound]
'FinitePlaneProjectionGraph.original_density_le_one' depends on axioms: [propext, Classical.choice, Quot.sound]
'FinitePlaneProjectionGraph.original_vertex_retention_from_graph_mass' depends on axioms: [propext,
 Classical.choice,
 Quot.sound]
'FinitePlaneProjectionGraph.reciprocal_population_bound' depends on axioms: [propext, Classical.choice, Quot.sound]
'FinitePlaneProjectionGraph.exists_selected_representatives' depends on axioms: [propext, Classical.choice, Quot.sound]
'FinitePlaneProjectionGraph.selectedEdges_subset_product' depends on axioms: [propext, Classical.choice, Quot.sound]
'FinitePlaneProjectionGraph.selectedEdges_card_le' depends on axioms: [propext, Classical.choice, Quot.sound]
'FinitePlaneProjectionGraph.selectedEdges_image' depends on axioms: [propext, Classical.choice, Quot.sound]
'FinitePlaneProjectionGraph.quotientEdge_injOn_product' depends on axioms: [propext, Classical.choice, Quot.sound]
'FinitePlaneProjectionGraph.selectedEdges_card' depends on axioms: [propext, Classical.choice, Quot.sound]
'FinitePlaneProjectionGraph.selectedEdges_original_witness' depends on axioms: [propext, Classical.choice, Quot.sound]
'FinitePlaneProjectionGraph.selectedEdges_support_left' depends on axioms: [propext, Classical.choice, Quot.sound]
'FinitePlaneProjectionGraph.selectedEdges_support_right' depends on axioms: [propext, Classical.choice, Quot.sound]
'FinitePlaneProjectionGraph.exists_selected_graph_lift' depends on axioms: [propext, Classical.choice, Quot.sound]
'FinitePlaneProjectionGraph.selected_graph_lift_colors' depends on axioms: [propext, Classical.choice, Quot.sound]
'FinitePlaneProjectionGraph.fixed_color_projection_separation' depends on axioms: [propext,
 Classical.choice,
 Quot.sound]
'FinitePlaneProjectionGrid.projectionLinear_norm_le_of_abs' depends on axioms: [propext, Classical.choice, Quot.sound]
'FinitePlaneProjectionGrid.projectionLinear_norm_le' depends on axioms: [propext, Classical.choice, Quot.sound]
'FinitePlaneProjectionGrid.projectionLinear_sub_norm_le' depends on axioms: [propext, Classical.choice, Quot.sound]
'FinitePlaneProjectionGrid.projectionLinear_lipschitz' depends on axioms: [propext, Classical.choice, Quot.sound]
'FinitePlaneProjectionGrid.same_projected_cell_norm_le' depends on axioms: [propext, Classical.choice, Quot.sound]
'FinitePlaneProjectionGrid.original_edge_projected_error' depends on axioms: [propext, Classical.choice, Quot.sound]
'FinitePlaneProjectionGrid.original_edge_same_cell_transport' depends on axioms: [propext, Classical.choice, Quot.sound]
'FinitePlaneProjectionGrid.original_edge_same_cell_target_transport' depends on axioms: [propext,
 Classical.choice,
 Quot.sound]
'FinitePlaneProjectionGraph.graphMassLoss_pos' depends on axioms: [propext, Classical.choice, Quot.sound]
'FinitePlaneProjectionGraph.exists_graph_aware_projection' depends on axioms: [propext, Classical.choice, Quot.sound]
'FinitePlaneProjectionGraph.retained_edges_original_error' depends on axioms: [propext, Classical.choice, Quot.sound]
'OriginalMenuSection.section_card' depends on axioms: [propext, Classical.choice, Quot.sound]
'OriginalMenuSection.section_subset' depends on axioms: [propext, Classical.choice, Quot.sound]
'OriginalMenuSection.exists_large_original_section' depends on axioms: [propext, Classical.choice, Quot.sound]
'OriginalMenuSection.section_relative_density' depends on axioms: [propext, Classical.choice, Quot.sound]
'OriginalHeightGraphCoarsening.edgeBin_subset' depends on axioms: [propext, Classical.choice, Quot.sound]
'OriginalHeightGraphCoarsening.edgeBin_card_sum' depends on axioms: [propext, Classical.choice, Quot.sound]
'OriginalHeightGraphCoarsening.exists_edge_mass_bin' depends on axioms: [propext, Classical.choice, Quot.sound]
'OriginalHeightGraphCoarsening.quotient_fiber_cap' depends on axioms: [propext, Classical.choice, Quot.sound]
'OriginalHeightGraphCoarsening.coarseGraph_subset' depends on axioms: [propext, Classical.choice, Quot.sound]
'OriginalHeightGraphCoarsening.dyadic_label_mass_bounds' depends on axioms: [propext, Classical.choice, Quot.sound]
'OriginalHeightGraphCoarsening.edgeBin_coarse_card' depends on axioms: [propext, Classical.choice, Quot.sound]
'OriginalHeightGraphCoarsening.exists_original_graph_coarsening' depends on axioms: [propext,
 Classical.choice,
 Quot.sound]
'OriginalHeightGraphDensity.exists_dense_original_coarsening' depends on axioms: [propext, Classical.choice, Quot.sound]
'OriginalHeightGraphDensity.bad_coarse_labels_count' depends on axioms: [propext, Classical.choice, Quot.sound]
'OriginalHeightGraphDensity.coarse_bad_fraction' depends on axioms: [propext, Classical.choice, Quot.sound]
'OriginalSeparatedHeightCap.floor_injective_of_separated' depends on axioms: [propext, Classical.choice, Quot.sound]
'OriginalSeparatedHeightCap.separated_interval_cap' depends on axioms: [propext, Classical.choice, Quot.sound]
'OriginalSeparatedHeightCap.original_coarse_height_fiber_cap' depends on axioms: [propext, Classical.choice, Quot.sound]
'OriginalCoarseHeightCurve.representative_spec' depends on axioms: [propext, Classical.choice, Quot.sound]
'OriginalCoarseHeightCurve.sampled_height_interval_cap' depends on axioms: [propext, Classical.choice, Quot.sound]
'OriginalCoarseHeightCurve.sampled_curve_ball_cap' depends on axioms: [propext, Classical.choice, Quot.sound]
'OriginalCoarseHeightCurve.original_coarse_curve_KT1' depends on axioms: [propext, Classical.choice, Quot.sound]
'OriginalCoarseHeightCurve.same_cell_graph_error' depends on axioms: [propext, Classical.choice, Quot.sound]
'OriginalCoarseHeightTubeTransfer.coarse_cross_tube_original_charge' depends on axioms: [propext,
 Classical.choice,
 Quot.sound]
'OriginalCoarseHeightTubeTransfer.coarse_cross_tube_fraction' depends on axioms: [propext, Classical.choice, Quot.sound]
'OriginalSlopeGraphNonconcentration.original_affine_avoidance_normalized' depends on axioms: [propext,
 Classical.choice,
 Quot.sound]
'OriginalSlopeGraphNonconcentration.original_normalized_height_cap' depends on axioms: [propext,
 Classical.choice,
 Quot.sound]
'OriginalSlopeGraphNonconcentration.original_slope_graph_cross_tube_bound' depends on axioms: [propext,
 Classical.choice,
 Quot.sound]
'OriginalMenuBCGraph.section_original_witness' depends on axioms: [propext, Classical.choice, Quot.sound]
'OriginalMenuBCGraph.coarse_section_original_witness' depends on axioms: [propext, Classical.choice, Quot.sound]
'OriginalMenuBCGraph.exists_actual_BC_graph' depends on axioms: [propext, Classical.choice, Quot.sound]
'NativeOriginalPhaseBounds.original_macro_phase_bound' depends on axioms: [propext, Classical.choice, Quot.sound]
'NativeOriginalPhaseBounds.enlarged_original_phase_grid_bound' depends on axioms: [propext,
 Classical.choice,
 Quot.sound]
'NativeOriginalPhaseBounds.gridPoint_rescale' depends on axioms: [propext, Classical.choice, Quot.sound]
'NativeOriginalPhaseBounds.common_rescaling_relation' depends on axioms: [propext, Classical.choice, Quot.sound]
'OriginalAngularAlphabetTranslation.subtract_injective' depends on axioms: [propext, Classical.choice, Quot.sound]
'OriginalAngularAlphabetTranslation.shifted_card' depends on axioms: [propext, Classical.choice, Quot.sound]
'OriginalAngularAlphabetTranslation.shifted_ball' depends on axioms: [propext, Classical.choice, Quot.sound]
'OriginalAngularAlphabetTranslation.shifted_ball_card' depends on axioms: [propext, Classical.choice, Quot.sound]
'OriginalAngularAlphabetTranslation.shifted_ADBounds' depends on axioms: [propext, Classical.choice, Quot.sound]
'OriginalAngularAlphabetTranslation.shifted_separated' depends on axioms: [propext, Classical.choice, Quot.sound]
'OriginalAngularAlphabetTranslation.shifted_box' depends on axioms: [propext, Classical.choice, Quot.sound]
'OriginalAngularAlphabetTranslation.shifted_mesh' depends on axioms: [propext, Classical.choice, Quot.sound]
'OriginalAngularAlphabetTranslation.shifted_card_lower' depends on axioms: [propext, Classical.choice, Quot.sound]
'OriginalAngularAlphabetTranslation.original_angles_subset' depends on axioms: [propext, Classical.choice, Quot.sound]
'ActualPlanarTargetCover.actual_target_grid_cover' depends on axioms: [propext, Classical.choice, Quot.sound]
'ActualPlanarTargetCover.retained_target_cover' depends on axioms: [propext, Classical.choice, Quot.sound]
'OriginalReferenceAngleSelection.source_common_angle_near' depends on axioms: [propext, Classical.choice, Quot.sound]
'OriginalReferenceAngleSelection.angle_spec' depends on axioms: [propext, Classical.choice, Quot.sound]
'OriginalReferenceAngleSelection.angle_fiber_cap' depends on axioms: [propext, Classical.choice, Quot.sound]
'OriginalReferenceAngleSelection.exists_full_reference_rich_core' depends on axioms: [propext,
 Classical.choice,
 Quot.sound]
'OriginalReferenceAngleGeometry.constructed_reference_grain_drift' depends on axioms: [propext,
 Classical.choice,
 Quot.sound]
'OriginalReferenceAngleGeometry.reference_original_normalized_phase' depends on axioms: [propext,
 Classical.choice,
 Quot.sound]
'OriginalAngularFrostman.AD_relative_point_bound' depends on axioms: [propext, Classical.choice, Quot.sound]
'OriginalAngularFrostman.AD_relative_allcenter' depends on axioms: [propext, Classical.choice, Quot.sound]
'OriginalAngularFrostman.shifted_finer_mesh_frostman' depends on axioms: [propext, Classical.choice, Quot.sound]
'NativeReferencePhaseWindowGraph.exists_reference_phase_window_graph' depends on axioms: [propext,
 Classical.choice,
 Quot.sound]
'PlanarABCBalancedNormalization.product_identity' depends on axioms: [propext, Classical.choice, Quot.sound]
'PlanarABCBalancedNormalization.residual_identity' depends on axioms: [propext, Classical.choice, Quot.sound]
'PlanarABCBalancedNormalization.balanced_error' depends on axioms: [propext, Classical.choice, Quot.sound]
'PlanarABCBalancedNormalization.source_box' depends on axioms: [propext, Classical.choice, Quot.sound]
'PlanarABCBalancedNormalization.direction_box' depends on axioms: [propext, Classical.choice, Quot.sound]
'PlanarABCBalancedNormalization.scalar_box' depends on axioms: [propext, Classical.choice, Quot.sound]
'PlanarABCBalancedNormalization.source_injective' depends on axioms: [propext, Classical.choice, Quot.sound]
'PlanarABCBalancedNormalization.direction_injective' depends on axioms: [propext, Classical.choice, Quot.sound]
'PlanarABCBalancedNormalization.scalar_injective' depends on axioms: [propext, Classical.choice, Quot.sound]
'PlanarABCBalancedNormalization.projected_balanced_error' depends on axioms: [propext, Classical.choice, Quot.sound]
'PlanarABCBalancedNormalization.normalized_cover_factor' depends on axioms: [propext, Classical.choice, Quot.sound]
'OriginalAngularGraphTranslation.translateEdge_injective' depends on axioms: [propext, Classical.choice, Quot.sound]
'OriginalAngularGraphTranslation.translatedGraph_card' depends on axioms: [propext, Classical.choice, Quot.sound]
'OriginalAngularGraphTranslation.translatedGraph_subset' depends on axioms: [propext, Classical.choice, Quot.sound]
'OriginalAngularGraphTranslation.translatedGraph_original_edge' depends on axioms: [propext,
 Classical.choice,
 Quot.sound]
'OriginalAngularGraphTranslation.translatedGraph_density' depends on axioms: [propext, Classical.choice, Quot.sound]
'OriginalAngularBalancedFrostman.balancedC_card' depends on axioms: [propext, Classical.choice, Quot.sound]
'OriginalAngularBalancedFrostman.balancedC_box' depends on axioms: [propext, Classical.choice, Quot.sound]
'OriginalAngularBalancedFrostman.balancedC_separated' depends on axioms: [propext, Classical.choice, Quot.sound]
'OriginalAngularBalancedFrostman.balancedC_ball_card' depends on axioms: [propext, Classical.choice, Quot.sound]
'OriginalAngularBalancedFrostman.balancedC_frostman' depends on axioms: [propext, Classical.choice, Quot.sound]
'OriginalAngularBalancedFrostman.weaken_upper_exponent' depends on axioms: [propext, Classical.choice, Quot.sound]
'ActualABCImageAssembly.embedEdge_injOn' depends on axioms: [propext, Classical.choice, Quot.sound]
'ActualABCImageAssembly.imageGraph_card' depends on axioms: [propext, Classical.choice, Quot.sound]
'ActualABCImageAssembly.imageGraph_subset' depends on axioms: [propext, Classical.choice, Quot.sound]
'ActualABCImageAssembly.imageGraph_density' depends on axioms: [propext, Classical.choice, Quot.sound]
'ActualABCImageAssembly.imageGraph_output_cells' depends on axioms: [propext, Classical.choice, Quot.sound]
'ActualABCImageAssembly.actual_ABC_sumset_cover' depends on axioms: [propext, Classical.choice, Quot.sound]
'ActualABCImageAssembly.filtered_image_card' depends on axioms: [propext, Classical.choice, Quot.sound]
'PlanarABCProjectedProfiles.source_injOn' depends on axioms: [propext, Classical.choice, Quot.sound]
'PlanarABCProjectedProfiles.direction_injOn' depends on axioms: [propext, Classical.choice, Quot.sound]
'PlanarABCProjectedProfiles.source_image_separated' depends on axioms: [propext, Classical.choice, Quot.sound]
'PlanarABCProjectedProfiles.direction_image_separated' depends on axioms: [propext, Classical.choice, Quot.sound]
'PlanarABCProjectedProfiles.direction_image_ball_bound' depends on axioms: [propext, Classical.choice, Quot.sound]
'PlanarABCProjectedProfiles.direction_image_strip_bound' depends on axioms: [propext, Classical.choice, Quot.sound]
'OriginalPopulationRelative.ball_from_original_mass' depends on axioms: [propext, Classical.choice, Quot.sound]
'OriginalCoarseHeightPopulationRatio.selected_height_card_upper' depends on axioms: [propext,
 Classical.choice,
 Quot.sound]
'OriginalCoarseHeightPopulationRatio.original_coarse_height_mass' depends on axioms: [propext,
 Classical.choice,
 Quot.sound]
'NativePlanarABCInput.exists_actual_planar_ABC_input' depends on axioms: [propext, Classical.choice, Quot.sound]
'NativeRadialClassPruning.retained_oriented_labels' depends on axioms: [propext, Classical.choice, Quot.sound]
'NativeRadialClassPruning.oriented_degree_counts' depends on axioms: [propext, Classical.choice, Quot.sound]
'NativeRadialClassPruning.exists_original_radial_class_core' depends on axioms: [propext, Classical.choice, Quot.sound]
'NativeRadialClassGeometry.forward_class_geometry' depends on axioms: [propext, Classical.choice, Quot.sound]
'NativeRadialClassGeometry.reverse_class_geometry' depends on axioms: [propext, Classical.choice, Quot.sound]
'OriginalPairStripPhysicalBridge.original_axis_line_witness' depends on axioms: [propext, Classical.choice, Quot.sound]
'OriginalPairStripPhysicalBridge.original_strip_subset_physical' depends on axioms: [propext,
 Classical.choice,
 Quot.sound]
'OriginalDisjointSupportSelection.exists_maximal_disjoint_original_supports' depends on axioms: [propext,
 Classical.choice,
 Quot.sound]
'OriginalDisjointSupportSelection.exists_rich_disjoint_original_supports' depends on axioms: [propext,
 Classical.choice,
 Quot.sound]
'RootedSharedAnnularTubeTransfer.rooted_original_shared_point_transfer' depends on axioms: [propext,
 Classical.choice,
 Quot.sound]
'OriginalAnnularRowCover.exists_original_annular_row_cover' depends on axioms: [propext, Classical.choice, Quot.sound]
'OriginalDensestWideExtension.original_all_larger_width_control' depends on axioms: [propext,
 Classical.choice,
 Quot.sound]
'OriginalDensestWideExtension.original_source_density_of_native_gain' depends on axioms: [propext,
 Classical.choice,
 Quot.sound]
'OriginalAnnularRowCharge.original_annular_row_charge' depends on axioms: [propext, Classical.choice, Quot.sound]
'OriginalAnnularRowCharge.original_annular_row_frostman_charge' depends on axioms: [propext,
 Classical.choice,
 Quot.sound]
'NativeOriginalAnnularRowBound.annular_power_identity' depends on axioms: [propext, Classical.choice, Quot.sound]
'NativeOriginalAnnularRowBound.native_original_annular_bad_row' depends on axioms: [propext,
 Classical.choice,
 Quot.sound]
'NativeOriginalRadialReduction.exists_original_densest_graph_with_annular_control' depends on axioms: [propext,
 Classical.choice,
 Quot.sound]
'OriginalShadingCellSelection.original_cell_charge' depends on axioms: [propext, Classical.choice, Quot.sound]
'OriginalShadingCellSelection.original_union_cell_charge' depends on axioms: [propext, Classical.choice, Quot.sound]
'OriginalShadingCellSelection.levelCount_mono' depends on axioms: [propext, Classical.choice, Quot.sound]
'OriginalShadingCellSelection.exists_shading_bin_label' depends on axioms: [propext, Classical.choice, Quot.sound]
'OriginalShadingCellSelection.exists_uniform_original_shading_bins' depends on axioms: [propext,
 Classical.choice,
 Quot.sound]
'OriginalShadingCellMass.bin_card_le_twice_occupancy' depends on axioms: [propext, Classical.choice, Quot.sound]
'OriginalShadingCellMass.original_mass_le_four_log_occupancy_cells' depends on axioms: [propext,
 Classical.choice,
 Quot.sound]
'OriginalShadingCellMass.selected_cells_original_charge' depends on axioms: [propext, Classical.choice, Quot.sound]
'OriginalShadingCellMass.coarse_fraction_from_original_points' depends on axioms: [propext,
 Classical.choice,
 Quot.sound]
'OriginalShadingGridGeometry.point_in_own_cell' depends on axioms: [propext, Classical.choice, Quot.sound]
'OriginalShadingGridGeometry.InBox.trans' depends on axioms: [propext, Classical.choice, Quot.sound]
'OriginalShadingGridGeometry.InBox.mono' depends on axioms: [propext, Classical.choice, Quot.sound]
'OriginalShadingGridGeometry.coarse_box_original_preimage' depends on axioms: [propext, Classical.choice, Quot.sound]
'OriginalShadingGridGeometry.coarse_box_preimage_subset' depends on axioms: [propext, Classical.choice, Quot.sound]
'OriginalShadingCoarseFrostman.coarse_grid_frostman' depends on axioms: [propext, Classical.choice, Quot.sound]
'OriginalShadingRepresentatives.same_cell_close' depends on axioms: [propext, Classical.choice, Quot.sound]
'OriginalShadingRepresentatives.exists_separated_original_representatives' depends on axioms: [propext,
 Classical.choice,
 Quot.sound]
'OriginalShadingRepresentatives.representative_ball_original_preimage' depends on axioms: [propext,
 Classical.choice,
 Quot.sound]
'OriginalShadingRepresentativeFrostman.original_representative_frostman' depends on axioms: [propext,
 Classical.choice,
 Quot.sound]
'OriginalCoarseShadingPreparation.exists_original_coarse_shadings' depends on axioms: [propext,
 Classical.choice,
 Quot.sound]

Confirmed exit code: 0
