'ActualTubeFootprintProfiles.axisDirection_unit' depends on axioms: [propext, Classical.choice, Quot.sound]
'ActualTubeFootprintProfiles.InTube_center' depends on axioms: [propext, Classical.choice, Quot.sound]
'ActualTubeFootprintProfiles.mem_trace' depends on axioms: [propext, Classical.choice, Quot.sound]
'ActualTubeFootprintProfiles.mem_footprints' depends on axioms: [propext, Classical.choice, Quot.sound]
'ActualTubeFootprintProfiles.trace_mem_footprints' depends on axioms: [propext, Classical.choice, Quot.sound]
'ActualTubeFootprintProfiles.footprints_nonempty' depends on axioms: [propext, Classical.choice, Quot.sound]
'ActualTubeFootprintProfiles.witness_trace' depends on axioms: [propext, Classical.choice, Quot.sound]
'ActualTubeFootprintProfiles.point_covered' depends on axioms: [propext, Classical.choice, Quot.sound]
'ActualTubeFootprintProfiles.parameter_spec' depends on axioms: [propext, Classical.choice, Quot.sound]
'ActualTubeFootprintProfiles.inTube_diameter' depends on axioms: [propext, Classical.choice, Quot.sound]
'ActualTubeFootprintProfiles.footprint_diameter' depends on axioms: [propext, Classical.choice, Quot.sound]
'ActualTubeFootprintProfiles.coverProfile_mono' depends on axioms: [propext, Classical.choice, Quot.sound]
'ActualTubeFootprintProfiles.coverProfile_empty' depends on axioms: [propext, Classical.choice, Quot.sound]
'ActualTubeFootprintProfiles.coverProfile_positive' depends on axioms: [propext, Classical.choice, Quot.sound]
'ActualTubeFootprintProfiles.finiteProfile_eq' depends on axioms: [propext, Classical.choice, Quot.sound]
'ActualTubeFootprintProfiles.coverProfile_le_card' depends on axioms: [propext, Classical.choice, Quot.sound]
'ActualTubeFootprintProfiles.exists_maximizing_tube' depends on axioms: [propext, Classical.choice, Quot.sound]
'ActualTubeFootprintProfiles.exists_nonempty_maximizing_tube' depends on axioms: [propext, Classical.choice, Quot.sound]
'ActualTubeFootprintProfiles.footprint_linear_bound' depends on axioms: [propext, Classical.choice, Quot.sound]
'ActualTubeFootprintProfiles.coverProfile_linear_bound' depends on axioms: [propext, Classical.choice, Quot.sound]
'ActualTubeFootprintProfiles.floor_equal_close' depends on axioms: [propext, Classical.choice, Quot.sound]
'ActualTubeFootprintProfiles.same_grid_close' depends on axioms: [propext, Classical.choice, Quot.sound]
'ActualTubeFootprintProfiles.wholeCells_in_double_width' depends on axioms: [propext, Classical.choice, Quot.sound]
'ActualTubeFootprintProfiles.wholeCells_footprint_in_double_width' depends on axioms: [propext,
 Classical.choice,
 Quot.sound]
'ActualTubeFootprintProfiles.footprint_AD_bound' depends on axioms: [propext, Classical.choice, Quot.sound]
'ActualTubeFootprintProfiles.coverProfile_AD_bound' depends on axioms: [propext, Classical.choice, Quot.sound]
'TubeExpansionCover.offsets_card' depends on axioms: [propext, Classical.choice, Quot.sound]
'TubeExpansionCover.floor_error_in_menu' depends on axioms: [propext, Classical.choice, Quot.sound]
'TubeExpansionCover.in_expanded_tube_exists_shift' depends on axioms: [propext, Classical.choice, Quot.sound]
'TubeExpansionCover.expanded_tube_coverCount_le' depends on axioms: [propext, Classical.choice, Quot.sound]
'TubeExpansionCover.expanded_tube_le_actual_profile' depends on axioms: [propext, Classical.choice, Quot.sound]
'TubeExpansionCover.centered_parameter_rounding' depends on axioms: [propext, Classical.choice, Quot.sound]
'TubeExpansionCover.in_long_tube_exists_shift' depends on axioms: [propext, Classical.choice, Quot.sound]
'TubeExpansionCover.alongMenu_card' depends on axioms: [propext, Classical.choice, Quot.sound]
'TubeExpansionCover.long_tube_coverCount_le' depends on axioms: [propext, Classical.choice, Quot.sound]
'TubeExpansionCover.expanded_long_tube_le_actual_profile' depends on axioms: [propext, Classical.choice, Quot.sound]
'TubeExpansionCover.parameters_close' depends on axioms: [propext, Classical.choice, Quot.sound]
'TubeExpansionCover.local_tube_containment' depends on axioms: [propext, Classical.choice, Quot.sound]
'TubeExpansionCover.local_tube_fixed_length' depends on axioms: [propext, Classical.choice, Quot.sound]
'TubeExpansionCover.local_cell_image_le_actual_profile' depends on axioms: [propext, Classical.choice, Quot.sound]
'NoisyAffineImageCount.same_floor_difference' depends on axioms: [propext, Classical.choice, Quot.sound]
'NoisyAffineImageCount.noisy_pair_gap' depends on axioms: [propext, Classical.choice, Quot.sound]
'NoisyAffineImageCount.integer_card_le_span' depends on axioms: [propext, Classical.choice, Quot.sound]
'NoisyAffineImageCount.integer_card_bound' depends on axioms: [propext, Classical.choice, Quot.sound]
'NoisyAffineImageCount.noisy_fiber_bound' depends on axioms: [propext, Classical.choice, Quot.sound]
'NoisyAffineImageCount.noisy_image_count' depends on axioms: [propext, Classical.choice, Quot.sound]
'NoisyAffineImageCount.delta_fiber_bound' depends on axioms: [propext, Classical.choice, Quot.sound]
'NoisyAffineImageCount.delta_image_count' depends on axioms: [propext, Classical.choice, Quot.sound]
'NoisyAffineImageCount.labelled_noisy_fiber_bound' depends on axioms: [propext, Classical.choice, Quot.sound]
'NoisyAffineImageCount.labelled_noisy_image_count' depends on axioms: [propext, Classical.choice, Quot.sound]
'NoisyAffineImageCount.coordinate_fiber_image_count' depends on axioms: [propext, Classical.choice, Quot.sound]
'NoisyAffineImageCount.coarse_noisy_image_count' depends on axioms: [propext, Classical.choice, Quot.sound]
'ScalarKatzTaoSlopeBound.four_scale_power' depends on axioms: [propext, Classical.choice, Quot.sound]
'ScalarKatzTaoSlopeBound.global_cells_bound' depends on axioms: [propext, Classical.choice, Quot.sound]
'ScalarKatzTaoSlopeBound.noisy_witness_interval' depends on axioms: [propext, Classical.choice, Quot.sound]
'ScalarKatzTaoSlopeBound.noisy_cells_upper' depends on axioms: [propext, Classical.choice, Quot.sound]
'ScalarKatzTaoSlopeBound.density_cells_lower' depends on axioms: [propext, Classical.choice, Quot.sound]
'ScalarKatzTaoSlopeBound.ratio_power_bound' depends on axioms: [propext, Classical.choice, Quot.sound]
'ScalarKatzTaoSlopeBound.noisy_slope_power' depends on axioms: [propext, Classical.choice, Quot.sound]
'ScalarKatzTaoSlopeBound.scalar_slope_bound' depends on axioms: [propext, Classical.choice, Quot.sound]
'NestedPlaneQuantization.inverse_H' depends on axioms: [propext, Classical.choice, Quot.sound]
'NestedPlaneQuantization.H_inverse' depends on axioms: [propext, Classical.choice, Quot.sound]
'NestedPlaneQuantization.H_injective' depends on axioms: [propext, Classical.choice, Quot.sound]
'NestedPlaneQuantization.lower_representation' depends on axioms: [propext, Classical.choice, Quot.sound]
'NestedPlaneQuantization.higher_representation' depends on axioms: [propext, Classical.choice, Quot.sound]
'NestedPlaneQuantization.correction_difference' depends on axioms: [propext, Classical.choice, Quot.sound]
'NestedPlaneQuantization.correction_distance' depends on axioms: [propext, Classical.choice, Quot.sound]
'NestedPlaneQuantization.coefficientCost_nonneg' depends on axioms: [propext, Classical.choice, Quot.sound]
'NestedPlaneQuantization.H_dist_le' depends on axioms: [propext, Classical.choice, Quot.sound]
'NestedPlaneQuantization.snap_dist_lt' depends on axioms: [propext, Classical.choice, Quot.sound]
'NestedPlaneQuantization.quantized_movement' depends on axioms: [propext, Classical.choice, Quot.sound]
'NestedPlaneQuantization.coefficientCost_le_five' depends on axioms: [propext, Classical.choice, Quot.sound]
'NestedPlaneQuantization.quantized_movement_bounded' depends on axioms: [propext, Classical.choice, Quot.sound]
'NestedPlaneQuantization.quantized_representations' depends on axioms: [propext, Classical.choice, Quot.sound]
'NestedPlaneQuantization.constant_grain_labels' depends on axioms: [propext, Classical.choice, Quot.sound]
'NestedPlaneQuantization.quantizePoint_movement' depends on axioms: [propext, Classical.choice, Quot.sound]
'NestedPlaneQuantization.quantizePoint_higher_quotient' depends on axioms: [propext, Classical.choice, Quot.sound]
'NestedPlaneQuantization.quantizePoint_quotient_witness' depends on axioms: [propext, Classical.choice, Quot.sound]
'NestedPlaneQuantization.constant_quotient_difference' depends on axioms: [propext, Classical.choice, Quot.sound]
'NestedPlaneQuantization.constant_quotient_error' depends on axioms: [propext, Classical.choice, Quot.sound]
'NestedPlaneQuantization.noisy_constant_grain_movement' depends on axioms: [propext, Classical.choice, Quot.sound]
'NestedPlaneQuantization.residue_separation' depends on axioms: [propext, Classical.choice, Quot.sound]
'NestedPlaneQuantization.weighted_quantized_selection' depends on axioms: [propext, Classical.choice, Quot.sound]
'NestedPlaneQuantization.bottomHalf_injective' depends on axioms: [propext, Classical.choice, Quot.sound]
'NestedPlaneQuantization.bottomHalf_H' depends on axioms: [propext, Classical.choice, Quot.sound]
'NestedPlaneQuantization.correctedSlope_half' depends on axioms: [propext, Classical.choice, Quot.sound]
'NestedPlaneQuantization.bottomHalf_oldPoint' depends on axioms: [propext, Classical.choice, Quot.sound]
'NestedPlaneQuantization.normalized_coefficients' depends on axioms: [propext, Classical.choice, Quot.sound]
'NestedPlaneQuantization.bottomHalf_dist_le' depends on axioms: [propext, Classical.choice, Quot.sound]
'NestedPlaneQuantization.dist_le_two_bottomHalf' depends on axioms: [propext, Classical.choice, Quot.sound]
'NestedPlaneQuantization.contracted_quantized_movement' depends on axioms: [propext, Classical.choice, Quot.sound]
'NestedPlaneQuantization.constant_quantized_quotient_witness' depends on axioms: [propext, Classical.choice, Quot.sound]
'NestedPlaneQuantization.quantizePoint_representations' depends on axioms: [propext, Classical.choice, Quot.sound]

Command: /workspace/shared/lean-tools/elan/toolchains/leanprover--lean4---v4.33.1/bin/lean -j1 -DautoImplicit=false -DwarningAsError=true verification/WZTubeSlopeReadbackReadback.lean
Confirmed exit code: 0
