Started UTC: 2026-10-04T05:12:43.764626+00:00
Command: /workspace/scratch/5f2524fd4117/lean-tools/lean-4.33.1-linux/bin/lean -j1 -DautoImplicit=false -DwarningAsError=true verification/UniformOriginalFamilyReadback.lean
'OriginalSeparatedPointPacking.original_separated_floor_injective' depends on axioms: [propext,
 Classical.choice,
 Quot.sound]
'OriginalSeparatedPointPacking.original_separated_square_packing' depends on axioms: [propext,
 Classical.choice,
 Quot.sound]
'OriginalSourceLogBudgets.original_level_count_le_menu' depends on axioms: [propext, Classical.choice, Quot.sound]
'OriginalSourceLogBudgets.exists_original_logarithmic_power_cutoff' depends on axioms: [propext,
 Classical.choice,
 Quot.sound]
'OriginalCriticalWidthBound.original_family_critical_width_bound' depends on axioms: [propext,
 Classical.choice,
 Quot.sound]
'OriginalCriticalWidthBound.original_family_native_critical_width_bound' depends on axioms: [propext,
 Classical.choice,
 Quot.sound]
'NativeOriginalCriticalQueryRange.minimal_thickening_modulus' depends on axioms: [propext, Classical.choice, Quot.sound]
'NativeOriginalCriticalQueryRange.original_critical_width_ge_base' depends on axioms: [propext,
 Classical.choice,
 Quot.sound]
'NativeOriginalCriticalQueryRange.original_A1_critical_exponent_margin' depends on axioms: [propext,
 Classical.choice,
 Quot.sound]
'NativeOriginalCriticalQueryRange.exists_original_critical_query_threshold' depends on axioms: [propext,
 Classical.choice,
 Quot.sound]
'NativeOriginalPruningLoss.original_annular_exponent_ge' depends on axioms: [propext, Classical.choice, Quot.sound]
'NativeOriginalPruningLoss.exists_original_pruning_loss_cutoff' depends on axioms: [propext,
 Classical.choice,
 Quot.sound]
'NativeOriginalPruningLoss.original_retained_graph_half' depends on axioms: [propext, Classical.choice, Quot.sound]
'NativeOriginalNonemptyCoarseFamily.exists_native_original_nonempty_coarse_family_threshold' depends on axioms: [propext,
 Classical.choice,
 Quot.sound]
'NativeUniformOriginalCoarseFamily.exists_uniform_original_nonempty_coarse_family' depends on axioms: [propext,
 Classical.choice,
 Quot.sound]
'OriginalAngularSourcePopulation.unit_diameter_card' depends on axioms: [propext, Classical.choice, Quot.sound]
'OriginalAngularSourcePopulation.boxed_AD_card' depends on axioms: [propext, Classical.choice, Quot.sound]
'OriginalAngularSourcePopulation.boxed_AD_allcenter' depends on axioms: [propext, Classical.choice, Quot.sound]
'OriginalAngularSourcePopulation.selected_ball_cap_general' depends on axioms: [propext, Classical.choice, Quot.sound]
'OriginalAngularSourcePopulation.source_label_fiber_cap' depends on axioms: [propext, Classical.choice, Quot.sound]
'OriginalAngularSourcePopulation.selected_degree_lower' depends on axioms: [propext, Classical.choice, Quot.sound]
'OriginalAngularSourcePopulation.selected_ball_cap' depends on axioms: [propext, Classical.choice, Quot.sound]
'OriginalAngularSourcePopulation.selected_reference_ball_cap' depends on axioms: [propext, Classical.choice, Quot.sound]
'OriginalAngularSourcePopulation.degree_pos' depends on axioms: [propext, Classical.choice, Quot.sound]
'OriginalAngularSourcePopulation.ballCap_pos' depends on axioms: [propext, Classical.choice, Quot.sound]
'OriginalAngularSourcePopulation.ballCap_double_error_le' depends on axioms: [propext, Classical.choice, Quot.sound]
'OriginalAngularSourcePopulation.population_ratio_from_card' depends on axioms: [propext, Classical.choice, Quot.sound]
'OriginalAngularSourcePopulation.original_population_ratio' depends on axioms: [propext, Classical.choice, Quot.sound]
'OriginalAngularSourcePopulation.original_reference_population_ratio' depends on axioms: [propext,
 Classical.choice,
 Quot.sound]
'OriginalSelectedAngularIncidences.mem_incidences' depends on axioms: [propext, Classical.choice, Quot.sound]
'OriginalSelectedAngularIncidences.tubesAt_eq_selected' depends on axioms: [propext, Classical.choice, Quot.sound]
'OriginalSelectedAngularIncidences.tubesAt_eq_empty' depends on axioms: [propext, Classical.choice, Quot.sound]
'OriginalSelectedAngularIncidences.incidences_subset_source' depends on axioms: [propext, Classical.choice, Quot.sound]
'OriginalSelectedAngularIncidences.incidences_nonempty' depends on axioms: [propext, Classical.choice, Quot.sound]
'OriginalSelectedAngularIncidences.points_eq' depends on axioms: [propext, Classical.choice, Quot.sound]
'OriginalSelectedAngularIncidences.incidence_realization' depends on axioms: [propext, Classical.choice, Quot.sound]
'OriginalSelectedAngularIncidences.selected_populations' depends on axioms: [propext, Classical.choice, Quot.sound]
'OriginalSelectedAngularIncidences.reference_ball_cap' depends on axioms: [propext, Classical.choice, Quot.sound]
'OriginalSelectedAngularIncidences.common_angle_near' depends on axioms: [propext, Classical.choice, Quot.sound]
'OriginalSelectedAngularIncidences.chooseSource_spec' depends on axioms: [propext, Classical.choice, Quot.sound]
'OriginalSelectedAngularIncidences.exists_selected_source_populations' depends on axioms: [propext,
 Classical.choice,
 Quot.sound]
'OriginalSelectedAngularIncidences.exists_original_angular_population_supplier' depends on axioms: [propext,
 Classical.choice,
 Quot.sound]
'NativeOriginalPhaseSourceCosts.scalar_matrix_operator_bound' depends on axioms: [propext, Classical.choice, Quot.sound]
'NativeOriginalPhaseSourceCosts.original_grain_coefficient_bound' depends on axioms: [propext,
 Classical.choice,
 Quot.sound]
'NativeOriginalPhaseSourceCosts.source_window_KT_coefficient' depends on axioms: [propext, Classical.choice, Quot.sound]
'NativeOriginalPhaseSourceCosts.source_window_KT_power' depends on axioms: [propext, Classical.choice, Quot.sound]
'NativeOriginalPhaseSourceKT.exists_original_field' depends on axioms: [propext, Classical.choice, Quot.sound]
'NativeOriginalPhaseSourceKT.exists_scheduled_original_field' depends on axioms: [propext, Classical.choice, Quot.sound]
'NativeOriginalPhaseSourceKT.actual_window_source_power_KT' depends on axioms: [propext, Classical.choice, Quot.sound]
'NativeOriginalMacroPhaseBox.same_physical_cell_x_gap' depends on axioms: [propext, Classical.choice, Quot.sound]
'NativeOriginalMacroPhaseBox.original_macro_phase_bound' depends on axioms: [propext, Classical.choice, Quot.sound]
'NativeOriginalMacroPhaseBox.actual_window_source_box' depends on axioms: [propext, Classical.choice, Quot.sound]
'NativeOriginalGraphDensityCosts.menuBeta_pos' depends on axioms: [propext, Classical.choice, Quot.sound]
'NativeOriginalGraphDensityCosts.windowBeta_pos' depends on axioms: [propext, Classical.choice, Quot.sound]
'NativeOriginalGraphDensityCosts.bcBeta_pos' depends on axioms: [propext, Classical.choice, Quot.sound]
'NativeOriginalGraphDensityCosts.heightMass_pos' depends on axioms: [propext, Classical.choice, Quot.sound]
'NativeOriginalGraphDensityCosts.menu_scale_eq' depends on axioms: [propext, Classical.choice, Quot.sound]
'NativeOriginalGraphDensityCosts.bcBeta_eq' depends on axioms: [propext, Classical.choice, Quot.sound]
'NativeOriginalGraphDensityCosts.heightMass_nearby_eq' depends on axioms: [propext, Classical.choice, Quot.sound]
'NativeOriginalGraphDensityCosts.bcBeta_inverse_eq' depends on axioms: [propext, Classical.choice, Quot.sound]
'NativeOriginalGraphDensityCosts.heightMass_inverse_eq' depends on axioms: [propext, Classical.choice, Quot.sound]
'NativeOriginalGraphDensityCosts.original_reference_ratio_six' depends on axioms: [propext,
 Classical.choice,
 Quot.sound]
'NativeOriginalGraphDensityCosts.original_reference_ratio_seven' depends on axioms: [propext,
 Classical.choice,
 Quot.sound]
'NativeOriginalGraphDensityCosts.bcBeta_inverse_le' depends on axioms: [propext, Classical.choice, Quot.sound]
'NativeOriginalGraphDensityCosts.heightMass_inverse_le' depends on axioms: [propext, Classical.choice, Quot.sound]
'NativeOriginalGraphDensityCosts.original_power_quotient' depends on axioms: [propext, Classical.choice, Quot.sound]
'NativeOriginalGraphDensityCosts.original_two_power_quotient' depends on axioms: [propext, Classical.choice, Quot.sound]
'NativeOriginalGraphDensityCosts.original_source_coefficients' depends on axioms: [propext,
 Classical.choice,
 Quot.sound]
'NativeOriginalGraphDensityCosts.windowBeta_eq' depends on axioms: [propext, Classical.choice, Quot.sound]
'NativeOriginalGraphDensityCosts.chosen_BC_graph_density' depends on axioms: [propext, Classical.choice, Quot.sound]
'NativeOriginalGraphDensityCosts.chosen_actual_B_mass' depends on axioms: [propext, Classical.choice, Quot.sound]

Confirmed exit code: 0
