'ShearedGridADReference.coordinate_movement' depends on axioms: [propext, Classical.choice, Quot.sound]
'ShearedGridADReference.quantization_dist_lt' depends on axioms: [propext, Classical.choice, Quot.sound]
'ShearedGridADReference.realized_coordinate_bounds' depends on axioms: [propext, Classical.choice, Quot.sound]
'ShearedGridADReference.realized_dist_le' depends on axioms: [propext, Classical.choice, Quot.sound]
'ShearedGridADReference.same_spatialCell_source_dist' depends on axioms: [propext, Classical.choice, Quot.sound]
'ShearedGridADReference.nearby_integer_divisions' depends on axioms: [propext, Classical.choice, Quot.sound]
'ShearedGridADReference.coarse_vertex_close' depends on axioms: [propext, Classical.choice, Quot.sound]
'ShearedGridADReference.coarseBox_card' depends on axioms: [propext, Classical.choice, Quot.sound]
'ShearedGridADReference.coarse_image_card_le' depends on axioms: [propext, Classical.choice, Quot.sound]
'ShearedGridADReference.image_card_le_reference_mul' depends on axioms: [propext, Classical.choice, Quot.sound]
'ShearedGridADReference.coarse_menu_card_le_grid' depends on axioms: [propext, Classical.choice, Quot.sound]
'ShearedGridADReference.vertex_image_card_le_grid' depends on axioms: [propext, Classical.choice, Quot.sound]
'ShearedGridADReference.cellPreimage_image' depends on axioms: [propext, Classical.choice, Quot.sound]
'ShearedGridADReference.cellPreimage_subset' depends on axioms: [propext, Classical.choice, Quot.sound]
'ShearedGridADReference.cellPreimage_diameter' depends on axioms: [propext, Classical.choice, Quot.sound]
'ShearedGridADReference.vertex_preimage_card_le' depends on axioms: [propext, Classical.choice, Quot.sound]
'ShearedGridADReference.referenceFactor_le_constant' depends on axioms: [propext, Classical.choice, Quot.sound]
'ShearedGridADReference.spatial_menu_card_le' depends on axioms: [propext, Classical.choice, Quot.sound]
'ShearedGridADReference.spatial_cell_card_le' depends on axioms: [propext, Classical.choice, Quot.sound]
'ShearedGridADReference.exists_integer_vertex_cap' depends on axioms: [propext, Classical.choice, Quot.sound]
'TubePerturbationGridTransfer.close_floor_labels' depends on axioms: [propext, Classical.choice, Quot.sound]
'TubePerturbationGridTransfer.moved_grid_in_box' depends on axioms: [propext, Classical.choice, Quot.sound]
'TubePerturbationGridTransfer.moved_grid_card_le' depends on axioms: [propext, Classical.choice, Quot.sound]
'TubePerturbationGridTransfer.moved_tube_pullback' depends on axioms: [propext, Classical.choice, Quot.sound]
'TubePerturbationGridTransfer.moved_tube_le_original_profile' depends on axioms: [propext, Classical.choice, Quot.sound]
'RichWitnessCore.retained_subset' depends on axioms: [propext, Classical.choice, Quot.sound]
'RichWitnessCore.retained_eq_of_endpoints' depends on axioms: [propext, Classical.choice, Quot.sound]
'RichWitnessCore.swap_mem_retained' depends on axioms: [propext, Classical.choice, Quot.sound]
'RichWitnessCore.outgoing_card_eq_incoming' depends on axioms: [propext, Classical.choice, Quot.sound]
'RichWitnessCore.erase_vertex_loss' depends on axioms: [propext, Classical.choice, Quot.sound]
'RichWitnessCore.exists_rich_core' depends on axioms: [propext, Classical.choice, Quot.sound]
'RichWitnessCore.exists_half_mass_rich_core' depends on axioms: [propext, Classical.choice, Quot.sound]
'RichWitnessCore.collision_swap_mem' depends on axioms: [propext, Classical.choice, Quot.sound]
'RichWitnessCore.exists_collision_rich_core' depends on axioms: [propext, Classical.choice, Quot.sound]
'RichWitnessRealCore.exists_rich_core' depends on axioms: [propext, Classical.choice, Quot.sound]
'RichWitnessRealCore.exists_half_mass_rich_core' depends on axioms: [propext, Classical.choice, Quot.sound]
'RichWitnessRealCore.exists_half_mass_collision_core' depends on axioms: [propext, Classical.choice, Quot.sound]
'TwoWalkBoxComparison.Data.initialDu_bound' depends on axioms: [propext, Classical.choice, Quot.sound]
'TwoWalkBoxComparison.Data.initial_normal_identity' depends on axioms: [propext, Classical.choice, Quot.sound]
'TwoWalkBoxComparison.Data.terminal_normal_identity' depends on axioms: [propext, Classical.choice, Quot.sound]
'TwoWalkBoxComparison.Data.path_x_identity' depends on axioms: [propext, Classical.choice, Quot.sound]
'TwoWalkBoxComparison.Data.path_y_identity' depends on axioms: [propext, Classical.choice, Quot.sound]
'TwoWalkBoxComparison.Data.path_normal_identity' depends on axioms: [propext, Classical.choice, Quot.sound]
'TwoWalkBoxComparison.Data.residual_difference_bound' depends on axioms: [propext, Classical.choice, Quot.sound]
'TwoWalkBoxComparison.Data.initial_normal_bound' depends on axioms: [propext, Classical.choice, Quot.sound]
'TwoWalkBoxComparison.Data.terminal_normal_bound' depends on axioms: [propext, Classical.choice, Quot.sound]
'TwoWalkBoxComparison.Data.errorX_bound' depends on axioms: [propext, Classical.choice, Quot.sound]
'TwoWalkBoxComparison.Data.errorY_bound' depends on axioms: [propext, Classical.choice, Quot.sound]
'TwoWalkBoxComparison.Data.terminal_tangential_bound' depends on axioms: [propext, Classical.choice, Quot.sound]
'TwoWalkBoxComparison.Data.terminal_point_normal_bound' depends on axioms: [propext, Classical.choice, Quot.sound]
'TwoWalkBoxComparison.gaps_of_common_interval' depends on axioms: [propext, Classical.choice, Quot.sound]
'TwoWalkBoxComparison.sharp_normal_point_bound' depends on axioms: [propext, Classical.choice, Quot.sound]
'TwoWalkBoxComparison.normalized_gap_bounds' depends on axioms: [propext, Classical.choice, Quot.sound]
'TwoWalkBoxComparison.tangentResidual_change' depends on axioms: [propext, Classical.choice, Quot.sound]
'TwoWalkBoxComparison.normalResidual_change' depends on axioms: [propext, Classical.choice, Quot.sound]
'TwoWalkBoxComparison.box_subset_of_gaps' depends on axioms: [propext, Classical.choice, Quot.sound]
'TwoWalkBoxComparison.normal_gap_reverse' depends on axioms: [propext, Classical.choice, Quot.sound]
'TwoWalkBoxComparison.two_walk_box_comparison' depends on axioms: [propext, Classical.choice, Quot.sound]
'ShearedGridTubeReference.traceBound_of_actual_profile' depends on axioms: [propext, Classical.choice, Quot.sound]
'ShearedGridTubeReference.in_graphTube_of_bounds' depends on axioms: [propext, Classical.choice, Quot.sound]
'ShearedGridTubeReference.normal_error' depends on axioms: [propext, Classical.choice, Quot.sound]
'ShearedGridTubeReference.strip_normal_error' depends on axioms: [propext, Classical.choice, Quot.sound]
'ShearedGridTubeReference.parent_time_bound' depends on axioms: [propext, Classical.choice, Quot.sound]
'ShearedGridTubeReference.mem_preimage' depends on axioms: [propext, Classical.choice, Quot.sound]
'ShearedGridTubeReference.preimage_image' depends on axioms: [propext, Classical.choice, Quot.sound]
'ShearedGridTubeReference.grid_card_le_traceBound' depends on axioms: [propext, Classical.choice, Quot.sound]
'ShearedGridTubeReference.strip_preimage_in_tube' depends on axioms: [propext, Classical.choice, Quot.sound]
'ShearedGridTubeReference.strip_card_le_query' depends on axioms: [propext, Classical.choice, Quot.sound]
'ShearedGridTubeReference.segment_preimage_in_tube' depends on axioms: [propext, Classical.choice, Quot.sound]
'ShearedGridTubeReference.segment_card_le_query' depends on axioms: [propext, Classical.choice, Quot.sound]
'ShearedGridTubeReference.strip_card_le_constant' depends on axioms: [propext, Classical.choice, Quot.sound]
'ShearedGridTubeReference.profile_query_eligibility' depends on axioms: [propext, Classical.choice, Quot.sound]
'ShearedGridTubeReference.strip_card_le_power' depends on axioms: [propext, Classical.choice, Quot.sound]
'ShearedGridTubeReference.segment_card_le_power' depends on axioms: [propext, Classical.choice, Quot.sound]
'ShearedGridTubeReference.timeBins_card_le_strip_cells' depends on axioms: [propext, Classical.choice, Quot.sound]
'ShearedGridTubeReference.timeBins_card_le_power' depends on axioms: [propext, Classical.choice, Quot.sound]
'ShearedGridTubeReference.three_profile_reference_bounds' depends on axioms: [propext, Classical.choice, Quot.sound]
'GrainJumpArmCount.mem_halfArms' depends on axioms: [propext, Classical.choice, Quot.sound]
'GrainJumpArmCount.mem_arms' depends on axioms: [propext, Classical.choice, Quot.sound]
'GrainJumpArmCount.halfArms_card' depends on axioms: [propext, Classical.choice, Quot.sound]
'GrainJumpArmCount.arm_labels_subset' depends on axioms: [propext, Classical.choice, Quot.sound]
'GrainJumpArmCount.grain_menu_mass_bound' depends on axioms: [propext, Classical.choice, Quot.sound]
'GrainJumpArmCount.arms_card_eq_sum_grain_sq' depends on axioms: [propext, Classical.choice, Quot.sound]
'GrainJumpArmCount.grain_fourth_power_arm_bound' depends on axioms: [propext, Classical.choice, Quot.sound]
'GrainJumpArmCount.grain_eighth_power_collision_bound' depends on axioms: [propext, Classical.choice, Quot.sound]

Command: /workspace/shared/lean-tools/elan/toolchains/leanprover--lean4---v4.33.1/bin/lean -j1 -DautoImplicit=false -DwarningAsError=true verification/WZWitnessGeometryReadback.lean
Confirmed exit code: 0
