COMMAND ["flock", "/workspace/shared/sticky-recovery-20261006/global-lean-locks/8f1fbb83971ff625ebf16b9f7d234b1c9bd9929e45dc96a894afaa6f33d02d2f.lock", "flock", "/workspace/shared/sticky-recovery-20261006/global-lean-locks/2.lock", "/workspace/scratch/5f2524fd4117/lean-tools/lean-4.33.1-linux/bin/lean", "-j1", "-DautoImplicit=false", "-DwarningAsError=true", "-R", "/workspace/shared/sticky-recovery-20261006/live", "-o", "/workspace/shared/sticky-recovery-20261006/olean/Theorems/Thm_StickyKakeya4_native_same_reference_chart_bounds.olean", "/workspace/shared/sticky-recovery-20261006/live/Theorems/Thm_StickyKakeya4_native_same_reference_chart_bounds.lean"]
SOURCE_SHA256 95235ab7287834c9f1cc2f7e13d6c1696ca5c0b7c43a14af045f053f6ee38df5
/workspace/shared/sticky-recovery-20261006/live/Theorems/Thm_StickyKakeya4_native_same_reference_chart_bounds.lean:87:17: error: don't know how to synthesize implicit argument `a`
  @source_scale_guard n D eta ?m.471 h R Eref level m b p HB.right.left hmb
context:
n : ℕ
D : FiniteScaleSource n
eta localEta a zeta e : ℝ
h : IsWangZakharovNativeFiniteInput D eta
he : 0 ≤ e
original : Fin n → Finset Index
R : Finset (Fin n)
level : ℕ
HB : HasOriginalBackbone D original R a level zeta
Eref : Finset (Fin n × Index)
m b : ℕ
hmb : m + b ≤ level
p : Parent
hReferenceNative : IsWangZakharovNativeFiniteInput (source h R Eref a m p) localEta
hbudget : 64 ^ 3 * (source h R Eref a m p).thickness ^ e ≤ D.thickness ^ zeta
selected : Finset (Fin #(parentLabels D R a (2 ^ m) p) × Index)
O : E4 ≃ₗᵢ[ℝ] E4
c : E4
hc : ‖c‖ ≤ 1 / 2
S : FiniteScaleSource #(parentLabels D R a (2 ^ m) p) := ⋯
F : FiniteScaleSource #(image (parentLabel (source h R Eref a m p) 0 (2 ^ b)) univ) := ⋯
C : FiniteScaleSource #(image (parentLabel (source h R Eref a m p) 0 (2 ^ b)) univ) := ⋯
H :
  have S := source h R Eref a m p;
  ∀ (j : Fin (b + 1)) (q : Parent),
    {i | parentLabel S 0 (2 ^ ↑j) i = q}.Nonempty →
      S.thickness ^ e * (1 / ↑(2 ^ ↑j) / S.thickness) ^ 3 ≤ ↑(#{i | parentLabel S 0 (2 ^ ↑j) i = q}) ∧
        ↑(#{i | parentLabel S 0 (2 ^ ↑j) i = q}) ≤ S.thickness ^ (-e) * (1 / ↑(2 ^ ↑j) / S.thickness) ^ 3
⊢ ℝ
/workspace/shared/sticky-recovery-20261006/live/Theorems/Thm_StickyKakeya4_native_same_reference_chart_bounds.lean:87:7: error: failed to infer `have` declaration type
/workspace/shared/sticky-recovery-20261006/live/Theorems/Thm_StickyKakeya4_native_same_reference_chart_bounds.lean:84:48: error: unsolved goals
n : ℕ
D : FiniteScaleSource n
eta localEta a zeta e : ℝ
h : IsWangZakharovNativeFiniteInput D eta
he : 0 ≤ e
original : Fin n → Finset Index
R : Finset (Fin n)
level : ℕ
HB : HasOriginalBackbone D original R a level zeta
Eref : Finset (Fin n × Index)
m b : ℕ
hmb : m + b ≤ level
p : Parent
hReferenceNative : IsWangZakharovNativeFiniteInput (source h R Eref a m p) localEta
hbudget : 64 ^ 3 * (source h R Eref a m p).thickness ^ e ≤ D.thickness ^ zeta
selected : Finset (Fin #(parentLabels D R a (2 ^ m) p) × Index)
O : E4 ≃ₗᵢ[ℝ] E4
c : E4
hc : ‖c‖ ≤ 1 / 2
S : FiniteScaleSource #(parentLabels D R a (2 ^ m) p) := source h R Eref a m p
F : FiniteScaleSource #(image (parentLabel (source h R Eref a m p) 0 (2 ^ b)) univ) :=
  fullSource hReferenceNative univ 0 (level - m + 6) b selected
C : FiniteScaleSource #(image (parentLabel (source h R Eref a m p) 0 (2 ^ b)) univ) :=
  MarkedIsometricFiniteTransport.source F O c
H :
  have S := source h R Eref a m p;
  ∀ (j : Fin (b + 1)) (q : Parent),
    {i | parentLabel S 0 (2 ^ ↑j) i = q}.Nonempty →
      S.thickness ^ e * (1 / ↑(2 ^ ↑j) / S.thickness) ^ 3 ≤ ↑(#{i | parentLabel S 0 (2 ^ ↑j) i = q}) ∧
        ↑(#{i | parentLabel S 0 (2 ^ ↑j) i = q}) ≤ S.thickness ^ (-e) * (1 / ↑(2 ^ ↑j) / S.thickness) ^ 3
⊢ (∀ (i : Fin #(image (parentLabel (source h R Eref a m p) 0 (2 ^ b)) univ)) (r : ℝ),
      C.thickness ≤ r →
        r ≤ 1 →
          S.thickness ^ (2 * e) / 8 * (r / C.thickness) ^ 3 ≤ ↑(wzCarrierBallCount C i r) ∧
            ↑(wzCarrierBallCount C i r) ≤ 8 * (5832 * 770 ^ 3) * S.thickness ^ (-e) * (r / C.thickness) ^ 3) ∧
    ∀ (U : Set E4),
      Convex ℝ U →
        ↑(wzContainedTubeCount C U) ≤
          373248 * 512 ^ 4 * (ENNReal.ofReal S.thickness).rpow (-localEta - 3 * e) * volume U *
            ↑(#(image (parentLabel S 0 (2 ^ b)) univ))

EXIT_CODE=1
