COMMAND ["flock", "/workspace/scratch/5f2524fd4117/4dstickykakeya/.lake/staging-lean.lock", "python3", "/workspace/shared/sticky-recovery-20261005/staging_third_slot.py", "--lock-file", "/workspace/scratch/5f2524fd4117/4dstickykakeya/.lake/global-lean-locks/3.lock", "--", "/workspace/scratch/5f2524fd4117/lean-tools/lean-4.33.1-linux/bin/lean", "-j1", "-DautoImplicit=false", "-DwarningAsError=true", "-R", "/workspace/shared/sticky-recovery-20261005/verification/axiom-batch-20261005T160017276020", "/workspace/shared/sticky-recovery-20261005/verification/axiom-batch-20261005T160017276020/AggregateReadback.lean"]
READBACK_SHA256 a9fa7bbf9381226e6010882cd0a575b19adf51919a11a7dc9d0a9ea373c91357
Dedicated staging slot 3 acquired UTC: 2026-10-05T16:00:18.159421+00:00
Memory at admission: MemTotal:       10206508 kB; MemAvailable:    8758688 kB
'NativeActivePhasePopulation.activePhases' depends on axioms: [propext, Classical.choice, Quot.sound]
'NativeActivePhasePopulation.activePhases_subset' depends on axioms: [propext, Classical.choice, Quot.sound]
'NativeActivePhasePopulation.active_phase_population' depends on axioms: [propext, Classical.choice, Quot.sound]
'NativeActivePhasePopulation.parent_incidence_capacity' depends on axioms: [propext, Classical.choice, Quot.sound]
'NativeActivePhasePopulation.parent_retained_eq' depends on axioms: [propext, Classical.choice, Quot.sound]
'NativeActivePhasePopulation.retained_incidence_capacity' depends on axioms: [propext, Classical.choice, Quot.sound]
'NativeActivePhasePopulation.rowConstant' depends on axioms: [propext, Classical.choice, Quot.sound]
'NativeActivePhasePopulation.rowConstant_pos' depends on axioms: [propext, Classical.choice, Quot.sound]
'NativeAnisotropicSliceLabels.caller_column_uniformities' depends on axioms: [propext, Classical.choice, Quot.sound]
'NativeAnisotropicSliceLabels.columnLabel_horizontalCoarsen' depends on axioms: [propext, Classical.choice, Quot.sound]
'NativeAnisotropicSliceLabels.horizontalCoarsen' depends on axioms: [propext]
'NativeAnisotropicSliceLabels.horizontalCoarsen_height' depends on axioms: [propext]
'NativeAnisotropicSliceLabels.sliceClass' depends on axioms: [propext]
'NativeAnisotropicSliceLabels.sliceClass_height' depends on axioms: [propext]
'NativeAnisotropicSliceLabels.sliceClass_point_eq_column' depends on axioms: [propext, Classical.choice, Quot.sound]
'NativeAnisotropicSliceLabels.slicePoint' depends on axioms: [propext, Classical.choice, Quot.sound]
'NativeAnisotropicSliceLabels.sliceRelations' depends on axioms: [propext, Classical.choice, Quot.sound]
'NativeAnisotropicSliceLabels.sliceRelations_refl' depends on axioms: [propext, Classical.choice, Quot.sound]
'NativeAnisotropicSliceLabels.sliceRelations_symm' depends on axioms: [propext, Classical.choice, Quot.sound]
'NativeCombinedParentProfiles.HasParentProfiles' depends on axioms: [propext, Classical.choice, Quot.sound]
'NativeCombinedParentProfiles.horizontal_window' depends on axioms: [propext, Classical.choice, Quot.sound]
'NativeCombinedParentProfiles.source_parent_profiles' depends on axioms: [propext, Classical.choice, Quot.sound]
'NativeGrainQuotientFibers.density_transfer' depends on axioms: [propext, Classical.choice, Quot.sound]
'NativeGrainQuotientFibers.diameter_div_physicalMesh' depends on axioms: [propext, Classical.choice, Quot.sound]
'NativeGrainQuotientFibers.exists_mixed_dense_fiber' depends on axioms: [propext, Classical.choice, Quot.sound]
'NativeGrainQuotientFibers.fiber' depends on axioms: [propext, Classical.choice, Quot.sound]
'NativeGrainQuotientFibers.mixed_height_count' depends on axioms: [propext, Classical.choice, Quot.sound]
'NativeGrainQuotientFibers.phase_diameter_div_physicalMesh' depends on axioms: [propext, Classical.choice, Quot.sound]
'NativeGrainQuotientFibers.physicalMesh' depends on axioms: [propext, Classical.choice, Quot.sound]
'NativeGrainQuotientFibers.physicalMesh_pos' depends on axioms: [propext, Classical.choice, Quot.sound]

EXIT_CODE=0
