COMMAND ["python", "/workspace/shared/sticky-recovery-20261006/run_locked_lean.py", "/workspace/shared/sticky-recovery-20261006/global-lean-locks/12f6ce1d1ac2871584e5ca17322985eba317ce9236bbf905562fe1f0915ff7c5.lock", "/workspace/shared/sticky-recovery-20261006/global-lean-locks/2.lock", "/workspace/scratch/5f2524fd4117/lean-tools/lean-4.33.1-linux/bin/lean", "-j1", "-DautoImplicit=false", "-DwarningAsError=true", "-R", "/workspace/shared/sticky-recovery-20261006/verification/nested_plane_quantization-attempt01", "/workspace/shared/sticky-recovery-20261006/verification/nested_plane_quantization-attempt01/Readback.lean"]
SOURCE_SHA256 30b4d84bd0ecaff9009cbf5163cd022a69371a565c60bc08c76e3a22e1c9e45a
LOCK_ACQUIRED_UTC 2026-10-06T09:35:49.632827+00:00
SHARED_SLOT 2
LEAN_PID 190
'NestedPlaneQuantization.H' depends on axioms: [propext, Classical.choice, Quot.sound]
'NestedPlaneQuantization.inverse' depends on axioms: [propext, Classical.choice, Quot.sound]
'NestedPlaneQuantization.inverse_H' depends on axioms: [propext, Classical.choice, Quot.sound]
'NestedPlaneQuantization.H_inverse' depends on axioms: [propext, Classical.choice, Quot.sound]
'NestedPlaneQuantization.coordinateEquiv' depends on axioms: [propext, Classical.choice, Quot.sound]
'NestedPlaneQuantization.H_injective' depends on axioms: [propext, Classical.choice, Quot.sound]
'NestedPlaneQuantization.correctedSlope' depends on axioms: [propext, Classical.choice, Quot.sound]
'NestedPlaneQuantization.oldPoint' depends on axioms: [propext, Classical.choice, Quot.sound]
'NestedPlaneQuantization.parameters' depends on axioms: [propext, Classical.choice, Quot.sound]
'NestedPlaneQuantization.lower_representation' depends on axioms: [propext, Classical.choice, Quot.sound]
'NestedPlaneQuantization.higher_representation' depends on axioms: [propext, Classical.choice, Quot.sound]
'NestedPlaneQuantization.correction_difference' depends on axioms: [propext, Classical.choice, Quot.sound]
'NestedPlaneQuantization.correction_distance' depends on axioms: [propext, Classical.choice, Quot.sound]
'NestedPlaneQuantization.coefficientCost' depends on axioms: [propext, Classical.choice, Quot.sound]
'NestedPlaneQuantization.coefficientCost_nonneg' depends on axioms: [propext, Classical.choice, Quot.sound]
'NestedPlaneQuantization.H_dist_le' depends on axioms: [propext, Classical.choice, Quot.sound]
'NestedPlaneQuantization.realize' depends on axioms: [propext, Classical.choice, Quot.sound]
'NestedPlaneQuantization.quantizedIndex' depends on axioms: [propext, Classical.choice, Quot.sound]
'NestedPlaneQuantization.snap' depends on axioms: [propext, Classical.choice, Quot.sound]
'NestedPlaneQuantization.quantized' depends on axioms: [propext, Classical.choice, Quot.sound]
'NestedPlaneQuantization.snap_dist_lt' depends on axioms: [propext, Classical.choice, Quot.sound]
'NestedPlaneQuantization.quantized_movement' depends on axioms: [propext, Classical.choice, Quot.sound]
'NestedPlaneQuantization.coefficientCost_le_five' depends on axioms: [propext, Classical.choice, Quot.sound]
'NestedPlaneQuantization.quantized_movement_bounded' depends on axioms: [propext, Classical.choice, Quot.sound]
'NestedPlaneQuantization.quantized_representations' depends on axioms: [propext, Classical.choice, Quot.sound]
'NestedPlaneQuantization.constant_grain_labels' depends on axioms: [propext, Classical.choice, Quot.sound]
'NestedPlaneQuantization.quantizePoint' depends on axioms: [propext, Classical.choice, Quot.sound]
'NestedPlaneQuantization.quantizePoint_movement' depends on axioms: [propext, Classical.choice, Quot.sound]
'NestedPlaneQuantization.quantizePoint_higher_quotient' depends on axioms: [propext, Classical.choice, Quot.sound]
'NestedPlaneQuantization.quantizePoint_quotient_witness' depends on axioms: [propext, Classical.choice, Quot.sound]
'NestedPlaneQuantization.constant_quotient_difference' depends on axioms: [propext, Classical.choice, Quot.sound]
'NestedPlaneQuantization.constant_quotient_error' depends on axioms: [propext, Classical.choice, Quot.sound]
'NestedPlaneQuantization.noisy_constant_grain_movement' depends on axioms: [propext, Classical.choice, Quot.sound]
'NestedPlaneQuantization.residue_separation' depends on axioms: [propext, Classical.choice, Quot.sound]
'NestedPlaneQuantization.weighted_quantized_selection' depends on axioms: [propext, Classical.choice, Quot.sound]
'NestedPlaneQuantization.bottomHalf' depends on axioms: [propext, Classical.choice, Quot.sound]
'NestedPlaneQuantization.bottomHalf_injective' depends on axioms: [propext, Classical.choice, Quot.sound]
'NestedPlaneQuantization.bottomHalf_H' depends on axioms: [propext, Classical.choice, Quot.sound]
'NestedPlaneQuantization.correctedSlope_half' depends on axioms: [propext, Classical.choice, Quot.sound]
'NestedPlaneQuantization.bottomHalf_oldPoint' depends on axioms: [propext, Classical.choice, Quot.sound]
'NestedPlaneQuantization.normalized_coefficients' depends on axioms: [propext, Classical.choice, Quot.sound]
'NestedPlaneQuantization.bottomHalf_dist_le' depends on axioms: [propext, Classical.choice, Quot.sound]
'NestedPlaneQuantization.dist_le_two_bottomHalf' depends on axioms: [propext, Classical.choice, Quot.sound]
'NestedPlaneQuantization.contracted_quantized_movement' depends on axioms: [propext, Classical.choice, Quot.sound]
'NestedPlaneQuantization.constant_quantized_quotient_witness' depends on axioms: [propext, Classical.choice, Quot.sound]
'NestedPlaneQuantization.quantizePoint_representations' depends on axioms: [propext, Classical.choice, Quot.sound]
LEAN_FINISHED_UTC 2026-10-06T09:36:12.439363+00:00 EXIT_CODE=0

EXIT_CODE=0
