COMMAND ["python", "/workspace/shared/sticky-recovery-20261006/run_locked_lean.py", "/workspace/shared/sticky-recovery-20261006/global-lean-locks/ff403d6445325d9934388ecf850a9c349b5f57b3ac334bff13cdc69b87f0602d.lock", "/workspace/shared/sticky-recovery-20261006/global-lean-locks/3.lock", "/workspace/scratch/5f2524fd4117/lean-tools/lean-4.33.1-linux/bin/lean", "-j1", "-DautoImplicit=false", "-DwarningAsError=true", "-R", "/workspace/shared/sticky-recovery-20261006/live", "-o", "/workspace/shared/sticky-recovery-20261006/runtime-20261006T1519/olean/Theorems/Thm_StickyKakeya4_native_matched_shadow_mass.olean", "/workspace/shared/sticky-recovery-20261006/live/Theorems/Thm_StickyKakeya4_native_matched_shadow_mass.lean"]
SOURCE_SHA256 60dc62f9b1f9c71407f087f976872b4eebac470954f49b3301855dd0b4b349a9
LOCK_ACQUIRED_UTC 2026-10-06T19:05:32.325926+00:00
SHARED_SLOT 3
LEAN_PID 58
/workspace/shared/sticky-recovery-20261006/live/Theorems/Thm_StickyKakeya4_native_matched_shadow_mass.lean:44:84: error: unsolved goals
n : ℕ
D : FiniteScaleSource n
eta : ℝ
h : IsWangZakharovNativeFiniteInput D eta
R : Finset (Fin n)
a : ℝ
level b : ℕ
E : Finset (Fin n × Index)
hE : ∀ z ∈ E, z.1 ∈ R
P : Finset Parent := image (parentLabel D a (2 ^ b)) R
rep : Parent → Fin n := representative h R a (2 ^ b)
block : ℕ := NativeCoarseDyadicShading.block level b
p : Parent
⊢ ↑(#(rows D a (2 ^ b) (NativeCoarseDyadicShading.block level b) rep E p)) * (32 / ↑(2 ^ b)) ^ 4 =
    ↑(#(rows D a (2 ^ b) block rep E p)) * (32 / ↑(2 ^ b)) ^ 4
LEAN_FINISHED_UTC 2026-10-06T19:08:00.422371+00:00 EXIT_CODE=1

EXIT_CODE=1
