COMMAND ["flock", "/workspace/scratch/5f2524fd4117/4dstickykakeya/.lake/staging-lean.lock", "python3", "/workspace/shared/sticky-recovery-20261005/staging_third_slot.py", "--lock-file", "/workspace/scratch/5f2524fd4117/4dstickykakeya/.lake/global-lean-locks/3.lock", "--", "/workspace/scratch/5f2524fd4117/lean-tools/lean-4.33.1-linux/bin/lean", "-j1", "-DautoImplicit=false", "-DwarningAsError=true", "-R", "/workspace/shared/sticky-recovery-20261005/verification/axiom-batch-20261005T101649460276", "/workspace/shared/sticky-recovery-20261005/verification/axiom-batch-20261005T101649460276/AggregateReadback.lean"]
READBACK_SHA256 58f9dc3e0279784b5de7956b87d5d435c3438e6b63153a4732d658deb8f395b5
Dedicated staging slot 3 acquired UTC: 2026-10-05T10:23:20.175656+00:00
Memory at admission: MemTotal:       10206508 kB; MemAvailable:    8055404 kB
'NativeCubicalDiameterCount.capacity' depends on axioms: [propext, Classical.choice, Quot.sound]
'NativeCubicalDiameterCount.capacity_le_real' depends on axioms: [propext, Classical.choice, Quot.sound]
'NativeCubicalDiameterCount.card_le_of_center_diameter' depends on axioms: [propext, Classical.choice, Quot.sound]
'NativeCubicalDiameterCount.card_le_real_of_center_diameter' depends on axioms: [propext, Classical.choice, Quot.sound]
'NativeCubicalDiameterCount.coordinate_gap_le' depends on axioms: [propext, Classical.choice, Quot.sound]
'NativeCubicalDiameterCount.indexBox' depends on axioms: [propext, Classical.choice, Quot.sound]
'NativeCubicalDiameterCount.indexBox_card' depends on axioms: [propext, Classical.choice, Quot.sound]
'NativeCubicalDiameterCount.mem_indexBox_of_dist' depends on axioms: [propext, Classical.choice, Quot.sound]
'NativeOriginalTupleParentInterpolation.coarse_menu_lower_of_ancestor' depends on axioms: [propext,
 Classical.choice,
 Quot.sound]
'NativeOriginalTupleParentInterpolation.point_parent_fiber_subset_ancestor' depends on axioms: [propext,
 Classical.choice,
 Quot.sound]
'NativeOriginalTupleParentInterpolation.point_parent_fiber_upper_of_ancestor' depends on axioms: [propext,
 Classical.choice,
 Quot.sound]
'NativeReferenceHereditaryUpper.from_master_reference' depends on axioms: [propext, Classical.choice, Quot.sound]

EXIT_CODE=0
