COMMAND ["flock", "/workspace/shared/sticky-recovery-20261006/global-lean-locks/fab02fd73282062cdc21e355d7502e4de846ef890372e1521dfd1d94b49c8b21.lock", "flock", "/workspace/shared/sticky-recovery-20261006/global-lean-locks/2.lock", "/workspace/scratch/5f2524fd4117/lean-tools/lean-4.33.1-linux/bin/lean", "-j1", "-DautoImplicit=false", "-DwarningAsError=true", "-R", "/workspace/shared/sticky-recovery-20261006/live", "-o", "/workspace/shared/sticky-recovery-20261006/olean/Theorems/Thm_StickyKakeya4_native_single_height_recoding.olean", "/workspace/shared/sticky-recovery-20261006/live/Theorems/Thm_StickyKakeya4_native_single_height_recoding.lean"]
SOURCE_SHA256 42126735877c6f2b833758a45f26c1edbf1fd384975233479770571b99309d73
/workspace/shared/sticky-recovery-20261006/live/Theorems/Thm_StickyKakeya4_native_single_height_recoding.lean:14:22: error: omega could not prove the goal:
a possible counterexample may satisfy the constraints
  b ≥ 1
  a ≥ 1
  a - b ≤ 0
where
 a := ↑N
 b := z % ↑N
/workspace/shared/sticky-recovery-20261006/live/Theorems/Thm_StickyKakeya4_native_single_height_recoding.lean:32:4: error: omega could not prove the goal:
a possible counterexample may satisfy the constraints
  f - g ≥ 0
  e - g ≤ -1
  d - e ≥ 0
  c ≥ 0
  b ≥ 0
  b - c ≥ 0
  a ≥ 1
where
 a := ↑N
 b := ↑(Fintype.card (Fin N)) * ↑(mass ({x ∈ S | heightColor N hN (height x) = chi (height x / ↑N)}) w)
 c := ↑(mass S w)
 d := ↑N * (height p / ↑N)
 e := height p
 f := ↑N * (height q / ↑N)
 g := height q
/workspace/shared/sticky-recovery-20261006/live/Theorems/Thm_StickyKakeya4_native_single_height_recoding.lean:57:11: error: Function expected at
  edgeLift_card A point (image point A)
but this term has type
  #(edgeLift A point (image point A)) = mass (image point A) fun p => #({x ∈ A | point x = p})

Note: Expected a function because this term is being applied to the argument
  (Subset.refl _)
/workspace/shared/sticky-recovery-20261006/live/Theorems/Thm_StickyKakeya4_native_single_height_recoding.lean:62:17: error: Function expected at
  edgeLift_card A point B
but this term has type
  #(edgeLift A point B) = mass B fun p => #({x ∈ A | point x = p})

Note: Expected a function because this term is being applied to the argument
  hB
/workspace/shared/sticky-recovery-20261006/live/Theorems/Thm_StickyKakeya4_native_single_height_recoding.lean:53:53: error: unsolved goals
E : Type u_1
P : Type u_2
U : Type u_3
V : Type u_4
inst✝ : DecidableEq P
A : Finset E
point : E → P
height : P → ℤ
F : ℤ → U
G : ℤ → V
N : ℕ
hN : 0 < N
w : P → ℕ := fun p => #({e ∈ A | point e = p})
B : Finset P
hB : B ⊆ image point A
hret : mass (image point A) w ≤ N * mass B w
hheight : ∀ p ∈ B, ∀ q ∈ B, height p / ↑N = height q / ↑N → height p = height q
hmass : mass (image point A) w = #A
⊢ ∃ B ⊆ image point A,
    let T := edgeLift A point B;
    T ⊆ A ∧
      #A ≤ N * #T ∧
        (∀ p ∈ B, {e ∈ T | point e = p} = {e ∈ A | point e = p}) ∧
          ∀ e ∈ T,
            ∀ f ∈ T,
              height (point e) / ↑N = height (point f) / ↑N →
                height (point e) = height (point f) ∧
                  F (height (point e)) = F (height (point f)) ∧ G (height (point e)) = G (height (point f))

EXIT_CODE=1
