COMMAND ["python", "/workspace/shared/sticky-recovery-20261006/run_locked_lean.py", "/workspace/shared/sticky-recovery-20261006/global-lean-locks/918b69b9cf2182de7d4ee47806f10e5f2a51ef9730207aedbce4ae379fd9a4cf.lock", "/workspace/shared/sticky-recovery-20261006/global-lean-locks/3.lock", "/workspace/scratch/5f2524fd4117/lean-tools/lean-4.33.1-linux/bin/lean", "-j1", "-DautoImplicit=false", "-DwarningAsError=true", "-R", "/workspace/shared/sticky-recovery-20261006/live", "-o", "/workspace/shared/sticky-recovery-20261006/runtime-20261006T1519/olean/Theorems/Thm_StickyKakeya4_native_htotal_implementation.olean", "/workspace/shared/sticky-recovery-20261006/live/Theorems/Thm_StickyKakeya4_native_htotal_implementation.lean"]
SOURCE_SHA256 4861893ca2747d59ab51f12889aa7be05688ac0d9c4d36937bdc3242f20540b8
LOCK_ACQUIRED_UTC 2026-10-06T20:01:24.111520+00:00
SHARED_SLOT 3
LEAN_PID 60
/workspace/shared/sticky-recovery-20261006/live/Theorems/Thm_StickyKakeya4_native_htotal_implementation.lean:89:4: error: No goals to be solved
/workspace/shared/sticky-recovery-20261006/live/Theorems/Thm_StickyKakeya4_native_htotal_implementation.lean:390:4: error: Type mismatch: After simplification, term
  LE.le.trans hm (Real.rpow_le_rpow_of_nonpos hr hLower (neg_nonpos.mpr (LT.lt.le hmenuTax)))
 has type
  2 * (↑u + 10) ^ 2 * (↑bins + 1) ≤ r ^ (-menuTax)
but is expected to have type
  2 * (↑u + 10) ^ 2 * (↑bins + ↑1) ≤ r ^ (-menuTax)
/workspace/shared/sticky-recovery-20261006/live/Theorems/Thm_StickyKakeya4_native_htotal_implementation.lean:618:26: error(lean.unknownIdentifier): Unknown identifier `hsn`
/workspace/shared/sticky-recovery-20261006/live/Theorems/Thm_StickyKakeya4_native_htotal_implementation.lean:851:44: error: this tactic is never executed

Note: This linter can be disabled with `set_option linter.unreachableTactic false`
/workspace/shared/sticky-recovery-20261006/live/Theorems/Thm_StickyKakeya4_native_htotal_implementation.lean:937:4: error: Type mismatch: After simplification, term
  Hmenu u (LE.le.trans hsmall (min_le_left dm (min dg dc)))
 has type
  2 * (↑u + 10) ^ 2 * (↑bins + 1) ≤ (2⁻¹ ^ (u + 6)) ^ (-menuTax)
but is expected to have type
  2 * (↑u + 10) ^ 2 * (↑bins + ↑1) ≤ (2⁻¹ ^ (u + 6)) ^ (-menuTax)
Try this:
  [apply] ring_nf
  
  The `ring` tactic failed to close the goal. Use `ring_nf` to obtain a normal form.
    
  Note that `ring` works primarily in *commutative* rings. If you have a noncommutative ring, abelian group or module, consider using `noncomm_ring`, `abel` or `module` instead.
/workspace/shared/sticky-recovery-20261006/live/Theorems/Thm_StickyKakeya4_native_htotal_implementation.lean:1111:43: error: `ring_nf` made no progress on the goal
Try this:
  [apply] ring_nf
  
  The `ring` tactic failed to close the goal. Use `ring_nf` to obtain a normal form.
    
  Note that `ring` works primarily in *commutative* rings. If you have a noncommutative ring, abelian group or module, consider using `noncomm_ring`, `abel` or `module` instead.
/workspace/shared/sticky-recovery-20261006/live/Theorems/Thm_StickyKakeya4_native_htotal_implementation.lean:1116:26: error(lean.unknownIdentifier): Unknown identifier `hsn`
/workspace/shared/sticky-recovery-20261006/live/Theorems/Thm_StickyKakeya4_native_htotal_implementation.lean:1255:38: error(lean.unknownIdentifier): Unknown identifier `fixedCompactClass`

Note: It is not possible to treat `fixedCompactClass` as an implicitly bound variable here because the `autoImplicit` option is set to `false`.
/workspace/shared/sticky-recovery-20261006/live/Theorems/Thm_StickyKakeya4_native_htotal_implementation.lean:1370:36: error(lean.unknownIdentifier): Unknown identifier `heta0`
LEAN_FINISHED_UTC 2026-10-06T20:02:48.101480+00:00 EXIT_CODE=1

EXIT_CODE=1
