COMMAND ["flock", "/workspace/scratch/5f2524fd4117/4dstickykakeya/.lake/staging-lean.lock", "python3", "/workspace/shared/sticky-recovery-20261005/staging_third_slot.py", "--lock-file", "/workspace/scratch/5f2524fd4117/4dstickykakeya/.lake/global-lean-locks/3.lock", "--", "/workspace/scratch/5f2524fd4117/lean-tools/lean-4.33.1-linux/bin/lean", "-j1", "-DautoImplicit=false", "-DwarningAsError=true", "-R", "/workspace/shared/sticky-recovery-20261005/verification/axiom-batch-20261005T112245855625", "/workspace/shared/sticky-recovery-20261005/verification/axiom-batch-20261005T112245855625/AggregateReadback.lean"]
READBACK_SHA256 cacf9bf1d17b9f073275ce8822d5ced848c776e5dea23ac9b3f2cb400fa0dba5
Dedicated staging slot 3 acquired UTC: 2026-10-05T11:24:17.527466+00:00
Memory at admission: MemTotal:       10206508 kB; MemAvailable:    7769056 kB
'NativeMasterSuccessorMenu.from_master_reference' depends on axioms: [propext, Classical.choice, Quot.sound]
'NativeRetainedQueryMenu.appendEqualities' depends on axioms: [propext, Quot.sound]
'NativeRetainedQueryMenu.appendEqualities_refl' depends on axioms: [propext, Quot.sound]
'NativeRetainedQueryMenu.appendEqualities_symm' depends on axioms: [propext, Quot.sound]
'NativeRetainedQueryMenu.appendEqualities_uniformities' depends on axioms: [propext, Classical.choice, Quot.sound]
'NativeRetainedQueryMenu.fineQueryPair' depends on axioms: [propext, Classical.choice, Quot.sound]
'NativeRetainedQueryMenu.grainDepth' depends on axioms: [propext]
'NativeRetainedQueryMenu.grainDepth_bounds' depends on axioms: [propext, Classical.choice, Quot.sound]
'NativeRetainedQueryMenu.grainDepth_last' depends on axioms: [propext, Quot.sound]
'NativeRetainedQueryMenu.grainDepth_mono' depends on axioms: [propext]
'NativeRetainedQueryMenu.grainDepth_succ_gap' depends on axioms: [propext, Classical.choice, Quot.sound]
'NativeRetainedQueryMenu.grainDepth_zero' depends on axioms: [propext]
'NativeRetainedQueryMenu.grainQueries' depends on axioms: [propext]
'NativeRetainedQueryMenu.grainQueries_six_le' depends on axioms: [propext, Classical.choice, Quot.sound]
'NativeRetainedQueryMenu.grainQueries_valid' depends on axioms: [propext, Classical.choice, Quot.sound]
'NativeRetainedQueryMenu.queryMenu' depends on axioms: [propext, Classical.choice, Quot.sound]
'NativeRetainedQueryMenu.queryMenu_refl' depends on axioms: [propext, Classical.choice, Quot.sound]
'NativeRetainedQueryMenu.queryMenu_symm' depends on axioms: [propext, Classical.choice, Quot.sound]
'NativeRetainedQueryMenu.queryMenu_uniformities' depends on axioms: [propext, Classical.choice, Quot.sound]
'NativeRetainedQueryMenu.rawQueryPoint' depends on axioms: [propext, Classical.choice, Quot.sound]
'NativeRetainedQueryMenu.shortQueryPair' depends on axioms: [propext, Classical.choice, Quot.sound]
'NativeSeparatedFiberIteration.native_chain_lower_bound' depends on axioms: [propext, Classical.choice, Quot.sound]
'NativeSeparatedFiberIteration.reverseFamily' depends on axioms: [propext, Classical.choice, Quot.sound]
'NativeSeparatedFiberIteration.reverseFamily_prefix_image' depends on axioms: [propext, Classical.choice, Quot.sound]
'NativeSeparatedFiberIteration.reverseFamily_range' depends on axioms: [propext, Classical.choice, Quot.sound]
'NativeSeparatedFiberIteration.separated_lower_bound' depends on axioms: [propext, Classical.choice, Quot.sound]
'NativeSeparatedFiberIteration.separated_prefix_distances' depends on axioms: [propext, Classical.choice, Quot.sound]
'NativeSuccessorAngularCount.actual_successor_card' depends on axioms: [propext, Classical.choice, Quot.sound]
'NativeSuccessorAngularCount.localized_angular_image_card' depends on axioms: [propext, Classical.choice, Quot.sound]
'NativeSuccessorAngularCount.root_angular_image_card' depends on axioms: [propext, Classical.choice, Quot.sound]
'NativeSuccessorAngularCount.successorEdges' depends on axioms: [propext, Classical.choice, Quot.sound]
'NativeSuccessorAngularCount.successorLabels' depends on axioms: [propext, Classical.choice, Quot.sound]
'NativeSuccessorAngularCount.successorLabels_mono' depends on axioms: [propext, Classical.choice, Quot.sound]
'NativeSuccessorAngularCount.successor_card_le_of_subset' depends on axioms: [propext, Classical.choice, Quot.sound]

EXIT_CODE=0
