COMMAND ["python", "/workspace/shared/sticky-recovery-20261006/run_locked_lean.py", "/workspace/shared/sticky-recovery-20261006/global-lean-locks/import-batch-20261006T2148.lock", "/workspace/shared/sticky-recovery-20261006/global-lean-locks/1.lock", "/workspace/scratch/5f2524fd4117/lean-tools/lean-4.33.1-linux/bin/lean", "-j1", "-DautoImplicit=false", "-DwarningAsError=true", "-R", "/workspace/shared/sticky-recovery-20261006/verification/import-batch-20261006T2148", "/workspace/shared/sticky-recovery-20261006/verification/import-batch-20261006T2148/Readback.lean"]
LOCK_ACQUIRED_UTC 2026-10-06T21:48:21.134798+00:00
SHARED_SLOT 1
LEAN_PID 58
'NativeActualHigherKeyPopulationDraft1955.higherXIndex' does not depend on any axioms
'NativeActualHigherKeyPopulationDraft1955.higherYIndex' depends on axioms: [propext, Classical.choice, Quot.sound]
'NativeActualHigherKeyPopulationDraft1955.higherKey' depends on axioms: [propext, Classical.choice, Quot.sound]
'NativeActualHigherKeyPopulationDraft1955.coarseHigherKey' depends on axioms: [propext, Classical.choice, Quot.sound]
'NativeActualHigherKeyPopulationDraft1955.higherQuotient' depends on axioms: [propext, Classical.choice, Quot.sound]
'NativeActualHigherKeyPopulationDraft1955.higherYIndex_readback' depends on axioms: [propext,
 Classical.choice,
 Quot.sound]
'NativeActualHigherKeyPopulationDraft1955.higher_coordinates_injective' depends on axioms: [propext,
 Classical.choice,
 Quot.sound]
'NativeActualHigherKeyPopulationDraft1955.higherX_fiber_card' depends on axioms: [propext, Classical.choice, Quot.sound]
'NativeActualHigherKeyPopulationDraft1955.aligned_normal_scale' depends on axioms: [propext,
 Classical.choice,
 Quot.sound]
'NativeActualHigherKeyPopulationDraft1955.aligned_mesh_in_source' depends on axioms: [propext,
 Classical.choice,
 Quot.sound]
'NativeActualHigherKeyPopulationDraft1955.subset_card_le_point_cap' depends on axioms: [propext,
 Classical.choice,
 Quot.sound]
'NativeActualHigherKeyPopulationDraft1955.occupied_class_point_lower' depends on axioms: [propext,
 Classical.choice,
 Quot.sound]
'NativeActualHigherKeyPopulationDraft1955.occupied_class_label_lower' depends on axioms: [propext,
 Classical.choice,
 Quot.sound]
'NativeActualHigherKeyPopulationDraft1955.dense_higher_X' depends on axioms: [propext, Classical.choice, Quot.sound]
'NativeActualHigherKeyPopulationDraft1955.higher_Y_class_lower' depends on axioms: [propext,
 Classical.choice,
 Quot.sound]
'NativePackedHigherCapacityDraft2006.packedQuotient' depends on axioms: [propext, Classical.choice, Quot.sound]
'NativePackedHigherCapacityDraft2006.packedXKey' depends on axioms: [propext, Classical.choice, Quot.sound]
'NativePackedHigherCapacityDraft2006.packedYIndex' depends on axioms: [propext, Classical.choice, Quot.sound]
'NativePackedHigherCapacityDraft2006.packedHigherKey' depends on axioms: [propext, Classical.choice, Quot.sound]
'NativePackedHigherCapacityDraft2006.packedCoarseKey' depends on axioms: [propext, Classical.choice, Quot.sound]
'NativePackedHigherCapacityDraft2006.floor_equal_abs_le' depends on axioms: [propext, Classical.choice, Quot.sound]
'NativePackedHigherCapacityDraft2006.same_joint_key_distance' depends on axioms: [propext, Classical.choice, Quot.sound]
'NativePackedHigherCapacityDraft2006.joint_native_cell_capacity' depends on axioms: [propext,
 Classical.choice,
 Quot.sound]
'NativePackedHigherCapacityDraft2006.packed_dense_X' depends on axioms: [propext, Classical.choice, Quot.sound]
'NativePackedHigherCapacityDraft2006.packed_Y_class_lower' depends on axioms: [propext, Classical.choice, Quot.sound]
'NativePackedHigherCapacityDraft2006.physical_difference_same_height' depends on axioms: [propext,
 Classical.choice,
 Quot.sound]
'NativePackedHigherCapacityDraft2006.packedQuotient_sub' depends on axioms: [propext, Classical.choice, Quot.sound]
'NativePackedHigherCapacityDraft2006.packedQuotient_smul' depends on axioms: [propext, Classical.choice, Quot.sound]
'NativePackedHigherCapacityDraft2006.packedParentShift' depends on axioms: [propext, Classical.choice, Quot.sound]
'NativePackedHigherCapacityDraft2006.packed_parent_readback' depends on axioms: [propext, Classical.choice, Quot.sound]
'NativePackedHigherCapacityDraft2006.packed_quotient_motion' depends on axioms: [propext, Classical.choice, Quot.sound]
'NativePackedHigherCapacityDraft2006.parent_scalar_witness' depends on axioms: [propext, Classical.choice, Quot.sound]
'NativePackedHigherCapacityDraft2006.nearly_aligned_scalar_witnesses' depends on axioms: [propext,
 Classical.choice,
 Quot.sound]
'NativePackedHigherCapacityDraft2006.normalizedLowerQuotient' depends on axioms: [propext, Classical.choice, Quot.sound]
'NativePackedHigherCapacityDraft2006.normalized_lower_identity' depends on axioms: [propext,
 Classical.choice,
 Quot.sound]
'NativePackedHigherCapacityDraft2006.first_aligned_native_scalar_witness' depends on axioms: [propext,
 Classical.choice,
 Quot.sound]
'NativeFullYHaloCoverDraft2017.scalar_unit_interval_count' depends on axioms: [propext, Classical.choice, Quot.sound]
'NativeFullYHaloCoverDraft2017.full_scalar_global_count' depends on axioms: [propext, Classical.choice, Quot.sound]
'NativeFullYHaloCoverDraft2017.weaken_AD' depends on axioms: [propext, Classical.choice, Quot.sound]
'NativeFullYHaloCoverDraft2017.shiftedScalar' depends on axioms: [propext, Classical.choice, Quot.sound]
'NativeFullYHaloCoverDraft2017.scalarGrid' depends on axioms: [propext, Classical.choice, Quot.sound]
'NativeFullYHaloCoverDraft2017.midpoint_error' depends on axioms: [propext, Classical.choice, Quot.sound]
'NativeFullYHaloCoverDraft2017.inverse_grid_witness' depends on axioms: [propext, Classical.choice, Quot.sound]
'NativeFullYHaloCoverDraft2017.global_grid_upper' depends on axioms: [propext, Classical.choice, Quot.sound]
'NativeFullYHaloCoverDraft2017.scalar_halo_grid_upper' depends on axioms: [propext, Classical.choice, Quot.sound]
'NativeFullYHaloCoverDraft2017.exponent_range_and_charge' depends on axioms: [propext, Classical.choice, Quot.sound]
'NativeActualHigherTransferConstructionDraft2020.packed_coarse_scalar_readback' depends on axioms: [propext,
 Classical.choice,
 Quot.sound]
'NativeActualHigherTransferConstructionDraft2020.first_aligned_native_Y_cover' depends on axioms: [propext,
 Classical.choice,
 Quot.sound]
'NativeRememberedHigherKeyFactoryDraft2032.oldHeight' depends on axioms: [propext, Classical.choice, Quot.sound]
'NativeRememberedHigherKeyFactoryDraft2032.oldHeight_readback' depends on axioms: [propext,
 Classical.choice,
 Quot.sound]
'NativeRememberedHigherKeyFactoryDraft2032.source_cell_occurrence' depends on axioms: [propext,
 Classical.choice,
 Quot.sound]
'NativeRememberedHigherKeyFactoryDraft2032.retained_cell_occurrence' depends on axioms: [propext,
 Classical.choice,
 Quot.sound]
'NativeRememberedHigherKeyFactoryDraft2032.extraCount' does not depend on any axioms
'NativeRememberedHigherKeyFactoryDraft2032.coarseRatio' depends on axioms: [propext]
'NativeRememberedHigherKeyFactoryDraft2032.coarseXKey' depends on axioms: [propext, Classical.choice, Quot.sound]
'NativeRememberedHigherKeyFactoryDraft2032.localXKey' depends on axioms: [propext, Classical.choice, Quot.sound]
'NativeRememberedHigherKeyFactoryDraft2032.keyRelations' depends on axioms: [propext, Classical.choice, Quot.sound]
'NativeRememberedHigherKeyFactoryDraft2032.factory' depends on axioms: [propext, Classical.choice, Quot.sound]
'NativeRememberedHigherKeyFactoryDraft2032.factory_refl' depends on axioms: [propext, Classical.choice, Quot.sound]
'NativeRememberedHigherKeyFactoryDraft2032.factory_symm' depends on axioms: [propext, Classical.choice, Quot.sound]
'NativeRememberedHigherKeyFactoryDraft2032.reference_key_uniformities' depends on axioms: [propext,
 Classical.choice,
 Quot.sound]
'NativeRememberedHigherKeyFactoryDraft2032.exists_reference_with_higher_keys' depends on axioms: [propext,
 Classical.choice,
 Quot.sound]
'NativeRememberedAlignmentPatchDraft2036.normalChart' depends on axioms: [propext, Classical.choice, Quot.sound]
'NativeRememberedAlignmentPatchDraft2036.normalChart_height' depends on axioms: [propext, Classical.choice, Quot.sound]
'NativeRememberedAlignmentPatchDraft2036.normalChart_tangent' depends on axioms: [propext, Classical.choice, Quot.sound]
'NativeRememberedAlignmentPatchDraft2036.chartRows' depends on axioms: [propext, Classical.choice, Quot.sound]
'NativeRememberedAlignmentPatchDraft2036.normalChart_quotient' depends on axioms: [propext,
 Classical.choice,
 Quot.sound]
'NativeRememberedAlignmentPatchDraft2036.normalized_chart_quotient' depends on axioms: [propext,
 Classical.choice,
 Quot.sound]
'NativeRememberedAlignmentPatchDraft2036.permuted_witness_pullback' depends on axioms: [propext,
 Classical.choice,
 Quot.sound]
'NativeRememberedAlignmentPatchDraft2036.actual_phase_Y_distance' depends on axioms: [propext,
 Classical.choice,
 Quot.sound]
'NativeRememberedAlignmentPatchDraft2036.selected_key_center_mem' depends on axioms: [propext,
 Classical.choice,
 Quot.sound]
'NativeRememberedAlignmentPatchDraft2036.selected_height_patch' depends on axioms: [propext,
 Classical.choice,
 Quot.sound]
'NativeRememberedAlignmentPatchDraft2036.actual_old_height_scalar_family' depends on axioms: [propext,
 Classical.choice,
 Quot.sound]
'NativeSecondReferencePaymentDraft2043.exists_volume_payment_cutoff' depends on axioms: [propext,
 Classical.choice,
 Quot.sound]
'NativeSecondReferencePaymentDraft2043.native_input_at_half_eta0' depends on axioms: [propext,
 Classical.choice,
 Quot.sound]
'NativeSecondReferencePaymentDraft2043.exists_original_cutoff' depends on axioms: [propext,
 Classical.choice,
 Quot.sound]
'NativeHigherReferenceMassDraft2045.reference_factor_upper' depends on axioms: [propext, Classical.choice, Quot.sound]
'NativeHigherReferenceMassDraft2045.actual_shading_to_reference_mass' depends on axioms: [propext,
 Classical.choice,
 Quot.sound]
'NativeHigherReferenceMassDraft2045.normalized_reference_mass' depends on axioms: [propext,
 Classical.choice,
 Quot.sound]
'NativeRememberedFinalTimeScalarDraft2054.timeCells' depends on axioms: [propext, Classical.choice, Quot.sound]
'NativeRememberedFinalTimeScalarDraft2054.occupied_alignment_height' depends on axioms: [propext,
 Classical.choice,
 Quot.sound]
'NativeRememberedFinalTimeScalarDraft2054.actual_final_time_scalar_family' depends on axioms: [propext,
 Classical.choice,
 Quot.sound]
LEAN_FINISHED_UTC 2026-10-06T21:48:58.273213+00:00 EXIT_CODE=0

EXIT_CODE=0
