COMMAND ["flock", "/workspace/scratch/5f2524fd4117/4dstickykakeya/.lake/staging-lean.lock", "python3", "/workspace/scratch/5f2524fd4117/4dstickykakeya/scripts/lean-slot.py", "--slots", "2", "--lock-dir", "/workspace/scratch/5f2524fd4117/4dstickykakeya/.lake/global-lean-locks", "--", "/workspace/scratch/5f2524fd4117/lean-tools/lean-4.33.1-linux/bin/lean", "-j1", "-DautoImplicit=false", "-DwarningAsError=true", "-R", "/workspace/shared/sticky-recovery-20261005/live", "/workspace/shared/sticky-recovery-20261005/live/native_direction_rank_dichotomy_readback.lean"]
SOURCE_SHA256 162918f0ae97ca7895dc9897eb93e9236d09d4b74efb45581f6cf91fb52c065b
FIFO compiler ticket: 01791185995483816263-a82f406c688240bfb4198d1980b7f668.request
FIFO compiler acquired UTC: 2026-10-05T07:39:55.484600+00:00
'NativeDirectionRankDichotomy.mass' depends on axioms: [propext, Classical.choice, Quot.sound]
'NativeDirectionRankDichotomy.spanOf' depends on axioms: [propext, Classical.choice, Quot.sound]
'NativeDirectionRankDichotomy.nearLabels' depends on axioms: [propext, Classical.choice, Quot.sound]
'NativeDirectionRankDichotomy.farLabels' depends on axioms: [propext, Classical.choice, Quot.sound]
'NativeDirectionRankDichotomy.children' depends on axioms: [propext, Classical.choice, Quot.sound]
'NativeDirectionRankDichotomy.chains' depends on axioms: [propext, Classical.choice, Quot.sound]
'NativeDirectionRankDichotomy.chainWeight' depends on axioms: [propext, Classical.choice, Quot.sound]
'NativeDirectionRankDichotomy.chainMass' depends on axioms: [propext, Classical.choice, Quot.sound]
'NativeDirectionRankDichotomy.Separated' depends on axioms: [propext, Classical.choice, Quot.sound]
'NativeDirectionRankDichotomy.spanOf_finrank_le' depends on axioms: [propext, Classical.choice, Quot.sound]
'NativeDirectionRankDichotomy.mem_chains_succ' depends on axioms: [propext, Classical.choice, Quot.sound]
'NativeDirectionRankDichotomy.chains_length' depends on axioms: [propext, Classical.choice, Quot.sound]
'NativeDirectionRankDichotomy.chains_labels' depends on axioms: [propext, Classical.choice, Quot.sound]
'NativeDirectionRankDichotomy.chains_separated' depends on axioms: [propext, Classical.choice, Quot.sound]
'NativeDirectionRankDichotomy.separated_linearIndependent' depends on axioms: [propext, Classical.choice, Quot.sound]
'NativeDirectionRankDichotomy.chains_gram_det_ne_zero' depends on axioms: [propext, Classical.choice, Quot.sound]
'NativeDirectionRankDichotomy.chainWeight_nonneg' depends on axioms: [propext, Classical.choice, Quot.sound]
'NativeDirectionRankDichotomy.children_disjoint' depends on axioms: [propext, Classical.choice, Quot.sound]
'NativeDirectionRankDichotomy.children_weight' depends on axioms: [propext, Classical.choice, Quot.sound]
'NativeDirectionRankDichotomy.chainMass_succ' depends on axioms: [propext, Classical.choice, Quot.sound]
'NativeDirectionRankDichotomy.far_mass_ge' depends on axioms: [propext, Classical.choice, Quot.sound]
'NativeDirectionRankDichotomy.broad_chain_mass' depends on axioms: [propext, Classical.choice, Quot.sound]
'NativeDirectionRankDichotomy.concentration_or_many_chains' depends on axioms: [propext, Classical.choice, Quot.sound]
'NativeDirectionRankDichotomy.near_mass_mono' depends on axioms: [propext, Classical.choice, Quot.sound]
'NativeDirectionRankDichotomy.retained_broad_chain_mass' depends on axioms: [propext, Classical.choice, Quot.sound]
'NativeDirectionRankDichotomy.slopeVector' depends on axioms: [propext, Classical.choice, Quot.sound]
'NativeDirectionRankDichotomy.slopeVector_last' depends on axioms: [propext, Classical.choice, Quot.sound]
'NativeDirectionRankDichotomy.incident_slope_dichotomy' depends on axioms: [propext, Classical.choice, Quot.sound]

EXIT_CODE=0
