COMMAND ["flock", "/workspace/scratch/5f2524fd4117/4dstickykakeya/.lake/staging-lean.lock", "python3", "/workspace/shared/sticky-recovery-20261005/staging_third_slot.py", "--lock-file", "/workspace/scratch/5f2524fd4117/4dstickykakeya/.lake/global-lean-locks/3.lock", "--", "/workspace/scratch/5f2524fd4117/lean-tools/lean-4.33.1-linux/bin/lean", "-j1", "-DautoImplicit=false", "-DwarningAsError=true", "-R", "/workspace/shared/sticky-recovery-20261005/verification/axiom-batch-20261005T194736125165", "/workspace/shared/sticky-recovery-20261005/verification/axiom-batch-20261005T194736125165/AggregateReadback.lean"]
READBACK_SHA256 2e020476f3daf29e2bdd20f02e1a4c38985f9d6b23cbeffd84ab1b23aaa969af
Dedicated staging slot 3 acquired UTC: 2026-10-05T19:48:17.011681+00:00
Memory at admission: MemTotal:       10206508 kB; MemAvailable:    8560144 kB
'NativeCommonPhiGrid.angle_grid_mem_box' depends on axioms: [propext, Classical.choice, Quot.sound]
'NativeCommonPhiGrid.angular_card_le_projected' depends on axioms: [propext, Classical.choice, Quot.sound]
'NativeCommonPhiGrid.double_bin_distance' depends on axioms: [propext, Classical.choice, Quot.sound]
'NativeCommonPhiGrid.forward_projected_fiber_cap' depends on axioms: [propext, Classical.choice, Quot.sound]
'NativeCommonPhiGrid.inverse_projected_fiber_cap' depends on axioms: [propext, Classical.choice, Quot.sound]
'NativeCommonPhiGrid.same_angle_distance' depends on axioms: [propext, Classical.choice, Quot.sound]
'NativeCommonPhiMetric.frozen_residual' depends on axioms: [propext, Classical.choice, Quot.sound]
'NativeCommonPhiMetric.full_distance' depends on axioms: [propext, Classical.choice, Quot.sound]
'NativeCommonPhiMetric.normal_graph_error' depends on axioms: [propext, Classical.choice, Quot.sound]
'NativeCommonPhiMetric.tangent_ball_inverse' depends on axioms: [propext, Classical.choice, Quot.sound]
'NativeCommonPhiMetric.tangent_ball_pair_inverse' depends on axioms: [propext, Classical.choice, Quot.sound]
'NativeCommonPhiMetric.tangent_distance' depends on axioms: [propext, Classical.choice, Quot.sound]
'NativeConditionalAngularPowerBudget.angular_slack_to_rank' depends on axioms: [propext, Classical.choice, Quot.sound]
'NativeConditionalAngularPowerBudget.first_radix_fourth_cost' depends on axioms: [propext, Classical.choice, Quot.sound]
'NativeConditionalAngularPowerBudget.original_loss_to_rank' depends on axioms: [propext, Classical.choice, Quot.sound]
'NativeConditionalAngularPowerBudget.source_conditional_power_cost' depends on axioms: [propext,
 Classical.choice,
 Quot.sound]
'NativeConditionalAngularScaleReadback.actual_nested_scale_budgets' depends on axioms: [propext,
 Classical.choice,
 Quot.sound]
'NativeConditionalAngularScaleReadback.inner_query_product' depends on axioms: [propext, Classical.choice, Quot.sound]
'NativeConditionalAngularScaleReadback.relative_width_ratio' depends on axioms: [propext, Classical.choice, Quot.sound]
'NativeGenericFinalAttachment.retainedCutoff' depends on axioms: [propext, Classical.choice, Quot.sound]
'NativeGenericFinalAttachment.retainedCutoff_pos' depends on axioms: [propext, Classical.choice, Quot.sound]
'NativeGenericFinalAttachment.select_final_stage' depends on axioms: [propext, Classical.choice, Quot.sound]
'NativeGenericGraphRankData.HasGraphRankSelection' depends on axioms: [propext, Classical.choice, Quot.sound]
'NativeGenericHistoryDimensionRange.history_stage_dimension_range' depends on axioms: [propext,
 Classical.choice,
 Quot.sound]
'NativeHeightWindowRelations.caller_window_uniformities' depends on axioms: [propext, Classical.choice, Quot.sound]
'NativeHeightWindowRelations.coarsen' depends on axioms: [propext]
'NativeHeightWindowRelations.coarsen_column' depends on axioms: [propext, Classical.choice, Quot.sound]
'NativeHeightWindowRelations.horizontal_class_counts' depends on axioms: [propext, Classical.choice, Quot.sound]
'NativeHeightWindowRelations.points' depends on axioms: [propext, Classical.choice, Quot.sound]
'NativeHeightWindowRelations.points_horizontal_coarsen' depends on axioms: [propext, Classical.choice, Quot.sound]
'NativeHeightWindowRelations.relations' depends on axioms: [propext, Classical.choice, Quot.sound]
'NativeHeightWindowRelations.relations_refl' depends on axioms: [propext, Classical.choice, Quot.sound]
'NativeHeightWindowRelations.relations_symm' depends on axioms: [propext, Classical.choice, Quot.sound]
'NativeHeightWindowRelations.window_height_counts_comparable' depends on axioms: [propext, Classical.choice, Quot.sound]
'NativePhysicalQueriedRankConfiguration.exists_candidate_queried_rank_configuration' depends on axioms: [propext,
 Classical.choice,
 Quot.sound]
'NativePhysicalQueriedRankConfiguration.exists_extra_queried_rank_configuration' depends on axioms: [propext,
 Classical.choice,
 Quot.sound]
'NativePostGraphXYData.HasThirdXYFinish' depends on axioms: [propext, Classical.choice, Quot.sound]
'NativePostGraphXYData.HasXYParentProfiles' depends on axioms: [propext, Classical.choice, Quot.sound]
'NativeSameSourceConditionalAngularUpper.conditionalConstant' depends on axioms: [propext, Classical.choice, Quot.sound]
'NativeSameSourceConditionalAngularUpper.exists_conditional_angular_upper' depends on axioms: [propext,
 Classical.choice,
 Quot.sound]

EXIT_CODE=0
