COMMAND ["flock", "/workspace/scratch/5f2524fd4117/4dstickykakeya/.lake/staging-lean.lock", "python3", "/workspace/shared/sticky-recovery-20261005/staging_third_slot.py", "--lock-file", "/workspace/scratch/5f2524fd4117/4dstickykakeya/.lake/global-lean-locks/3.lock", "--", "/workspace/scratch/5f2524fd4117/lean-tools/lean-4.33.1-linux/bin/lean", "-j1", "-DautoImplicit=false", "-DwarningAsError=true", "-R", "/workspace/shared/sticky-recovery-20261005/verification/axiom-batch-20261005T183254928927", "/workspace/shared/sticky-recovery-20261005/verification/axiom-batch-20261005T183254928927/AggregateReadback.lean"]
READBACK_SHA256 3e4f3386dcc9960d79457134acc8e3a233a58a74303ae5ce017fde14ff31d9fd
Dedicated staging slot 3 acquired UTC: 2026-10-05T18:33:05.434127+00:00
Memory at admission: MemTotal:       10206508 kB; MemAvailable:    8725608 kB
'NativeActualOffsetCellCaps.actual_cell_offset_cap' depends on axioms: [propext, Classical.choice, Quot.sound]
'NativeActualOffsetCellCaps.point_fiber_in_cell' depends on axioms: [propext, Classical.choice, Quot.sound]
'NativeActualSharpXLower.source_reference_X_cross' depends on axioms: [propext, Classical.choice, Quot.sound]
'NativeFixedCoherenceCost.actual_cap_one_le' depends on axioms: [propext, Classical.choice, Quot.sound]
'NativeFixedCoherenceCost.ceiling_product_bound' depends on axioms: [propext, Classical.choice, Quot.sound]
'NativeFixedCoherenceCost.fixed_round_power_cost' depends on axioms: [propext, Classical.choice, Quot.sound]
'NativeFixedOffsetCoherence.offsetMesh' depends on axioms: [propext, Classical.choice, Quot.sound]
'NativeFixedOffsetCoherence.offsetMesh_pos' depends on axioms: [propext, Classical.choice, Quot.sound]
'NativeFixedOffsetCoherence.same_offset_norm' depends on axioms: [propext, Classical.choice, Quot.sound]
'NativeFixedOffsetCoherence.select_fixed_offset_menu' depends on axioms: [propext, Classical.choice, Quot.sound]
'NativeHalfScaleInterpolation.ADBounds_of_counts' depends on axioms: [propext, Classical.choice, Quot.sound]
'NativeHalfScaleInterpolation.all_radius_counts' depends on axioms: [propext, Classical.choice, Quot.sound]
'NativeHalfScaleInterpolation.constant' depends on axioms: [propext, Classical.choice, Quot.sound]
'NativeHalfScaleInterpolation.constant_one_le' depends on axioms: [propext, Classical.choice, Quot.sound]
'NativeQuotientFiberReadback.actual_referenceX_card' depends on axioms: [propext, Classical.choice, Quot.sound]
'NativeQuotientFiberReadback.product_fiber_card' depends on axioms: [propext, Classical.choice, Quot.sound]
'NativeQuotientFiberReadback.product_fiber_image' depends on axioms: [propext, Classical.choice, Quot.sound]
'NativeQuotientGridCenters.ball_card' depends on axioms: [propext, Classical.choice, Quot.sound]
'NativeQuotientGridCenters.center' depends on axioms: [propext, Classical.choice, Quot.sound]
'NativeQuotientGridCenters.center_dist_iff' depends on axioms: [propext, Classical.choice, Quot.sound]
'NativeQuotientGridCenters.center_injective' depends on axioms: [propext, Classical.choice, Quot.sound]
'NativeQuotientGridCenters.quotient_ball_count' depends on axioms: [propext, Classical.choice, Quot.sound]
'NativeQuotientGridCenters.quotient_card' depends on axioms: [propext, Classical.choice, Quot.sound]
'NativeQuotientLatticeCounts.global_card_le' depends on axioms: [propext, Classical.choice, Quot.sound]
'NativeQuotientLatticeCounts.global_quotient_card_le' depends on axioms: [propext, Classical.choice, Quot.sound]
'NativeQuotientLatticeCounts.quotient_counts' depends on axioms: [propext, Classical.choice, Quot.sound]
'NativeQuotientLatticeTransport.ambient_bounds_of_AD' depends on axioms: [propext, Classical.choice, Quot.sound]
'NativeQuotientLatticeTransport.ambient_box_real_card' depends on axioms: [propext, Classical.choice, Quot.sound]
'NativeQuotientLatticeTransport.atHeight' depends on axioms: [propext, Quot.sound]
'NativeQuotientLatticeTransport.atHeight_injective' depends on axioms: [propext, Classical.choice, Quot.sound]
'NativeQuotientLatticeTransport.height_slice_eq' depends on axioms: [propext, Classical.choice, Quot.sound]
'NativeQuotientLatticeTransport.productSlice' depends on axioms: [propext, Classical.choice, Quot.sound]
'NativeQuotientLatticeTransport.realized_slice_eq' depends on axioms: [propext, Classical.choice, Quot.sound]
'NativeQuotientLatticeTransport.spatial_ball_eq' depends on axioms: [propext, Classical.choice, Quot.sound]
'NativeQuotientLatticeTransport.spatial_box_iff' depends on axioms: [propext, Classical.choice, Quot.sound]
'NativeReferenceOriginalParentProfiles.actual_all_parent_profiles' depends on axioms: [propext,
 Classical.choice,
 Quot.sound]
'NativeReferenceOriginalParentProfiles.endpoint_constant_from_first_cost' depends on axioms: [propext,
 Classical.choice,
 Quot.sound]
'NativeReferenceXYGridAngularCap.affine_angle_cap' depends on axioms: [propext, Classical.choice, Quot.sound]
'NativeReferenceXYGridAngularCap.angle' depends on axioms: [propext, Classical.choice, Quot.sound]
'NativeReferenceXYGridAngularCap.angle_mem_box' depends on axioms: [propext, Classical.choice, Quot.sound]
'NativeReferenceXYGridAngularCap.localAngle' depends on axioms: [propext, Classical.choice, Quot.sound]
'NativeReferenceXYGridAngularCap.localAngle_image_card' depends on axioms: [propext, Classical.choice, Quot.sound]
'NativeReferenceXYGridAngularCap.localAngle_inverse' depends on axioms: [propext, Classical.choice, Quot.sound]
'NativeReferenceXYGridAngularCap.original_angular_cap' depends on axioms: [propext, Classical.choice, Quot.sound]
'NativeReferenceXYGridAngularCap.same_tangent_bin_diameter' depends on axioms: [propext, Classical.choice, Quot.sound]
'NativeReferenceXYGridAngularCap.source_local_angle_cap' depends on axioms: [propext, Classical.choice, Quot.sound]
'NativeReferenceXYGridSupport.dyadic_pxy_support' depends on axioms: [propext, Classical.choice, Quot.sound]
'NativeReferenceXYGridSupport.halfWidth' depends on axioms: [propext]
'NativeReferenceXYGridSupport.label_support' depends on axioms: [propext, Classical.choice, Quot.sound]
'NativeReferenceXYGridSupport.mu_fullWidth' depends on axioms: [propext, Classical.choice, Quot.sound]
'NativeReferenceXYGridSupport.mu_halfWidth' depends on axioms: [propext, Classical.choice, Quot.sound]
'NativeReferenceXYGridSupport.oldPoint_norm' depends on axioms: [propext, Classical.choice, Quot.sound]
'NativeReferenceXYGridSupport.pxy_support' depends on axioms: [propext, Classical.choice, Quot.sound]
'NativeReferenceXYGridSupport.rawPoint_norm' depends on axioms: [propext, Classical.choice, Quot.sound]
'NativeReferenceXYGridSupport.terminal_bounds' depends on axioms: [propext, Classical.choice, Quot.sound]
'NativeSaturatedAncestorAngularLower.ancestor_point_fiber_upper' depends on axioms: [propext,
 Classical.choice,
 Quot.sound]
'NativeSaturatedAncestorAngularLower.saturated_ancestor_point_lower' depends on axioms: [propext,
 Classical.choice,
 Quot.sound]
'NativeSaturatedAngularRankBudget.angular_parent_cost' depends on axioms: [propext, Classical.choice, Quot.sound]
'NativeSaturatedAngularRankBudget.angular_rank_cost' depends on axioms: [propext, Classical.choice, Quot.sound]
'NativeSharpXPowerAlgebra.fiberCoefficient' depends on axioms: [propext, Classical.choice, Quot.sound]
'NativeSharpXPowerAlgebra.gain_identity' depends on axioms: [propext, Classical.choice, Quot.sound]
'NativeSharpXPowerAlgebra.gain_to_X' depends on axioms: [propext, Classical.choice, Quot.sound]
'NativeSharpXSourceCount.cancel_depth_and_taxes_le' depends on axioms: [propext, Classical.choice, Quot.sound]
'NativeSharpXSourceCount.source_threshold_cross_cancellation' depends on axioms: [propext, Classical.choice, Quot.sound]

EXIT_CODE=0
