COMMAND ["python", "/workspace/shared/sticky-recovery-20261006/run_locked_lean.py", "/workspace/shared/sticky-recovery-20261006/global-lean-locks/cea7c72b2d2133e2dee866ee82212dd2d0f670e922b8bc8f6e090a1346c41b55.lock", "/workspace/shared/sticky-recovery-20261006/global-lean-locks/2.lock", "/workspace/scratch/5f2524fd4117/lean-tools/lean-4.33.1-linux/bin/lean", "-j1", "-DautoImplicit=false", "-DwarningAsError=true", "-R", "/workspace/shared/sticky-recovery-20261006/live", "-o", "/workspace/shared/sticky-recovery-20261006/runtime-20261006T1519/olean/Theorems/Thm_StickyKakeya4_native_actual_raw_source_geometry.olean", "/workspace/shared/sticky-recovery-20261006/live/Theorems/Thm_StickyKakeya4_native_actual_raw_source_geometry.lean"]
SOURCE_SHA256 eade393b28c2095f8c8b706adcfc017738ed430d6f7d438dfdc3df5dc9de6df1
LOCK_ACQUIRED_UTC 2026-10-06T23:25:35.101760+00:00
SHARED_SLOT 2
LEAN_PID 58
/workspace/shared/sticky-recovery-20261006/live/Theorems/Thm_StickyKakeya4_native_actual_raw_source_geometry.lean:33:9: error: ambiguous term, use fully qualified name, possible interpretations [@_root_.slope,
 NativeOriginalCellChartGeometry.slope]
/workspace/shared/sticky-recovery-20261006/live/Theorems/Thm_StickyKakeya4_native_actual_raw_source_geometry.lean:174:2: error: linarith failed to find a contradiction
u v : E3
N sigma : ℝ
p : Parent
hcoord : ∀ (j : Fin 3), |v.ofLp j - (N * u.ofLp j - ↑(p.1 j))| ≤ sigma
hn :
  ‖ActualSlopeSource.heightPoint v 0 -
        (N • ActualSlopeSource.heightPoint u 0 - ActualSlopeSource.heightPoint (WithLp.toLp 2 fun j => ↑(p.1 j)) 0)‖ ≤
    |v.ofLp 0 - (N * u.ofLp 0 - ↑(p.1 0))| + |v.ofLp 1 - (N * u.ofLp 1 - ↑(p.1 1))| +
      |v.ofLp 2 - (N * u.ofLp 2 - ↑(p.1 2))|
h0 : |v.ofLp 0 - (N * u.ofLp 0 - ↑(p.1 0))| ≤ sigma
h1 : |v.ofLp 1 - (N * u.ofLp 1 - ↑(p.1 1))| ≤ sigma
h2 : |v.ofLp 2 - (N * u.ofLp 2 - ↑(p.1 2))| ≤ sigma
a✝ : 3 * sigma < ‖ActualSlopeSource.heightPoint v 0 - (N • ActualSlopeSource.heightPoint u 0 - parentSlope p)‖
⊢ False
failed
/workspace/shared/sticky-recovery-20261006/live/Theorems/Thm_StickyKakeya4_native_actual_raw_source_geometry.lean:170:22: error: This simp argument is unused:
  sub_zero

Hint: Omit it from the simp argument list.
  [apply] simp only [parentSlope, PiLp.sub_apply, PiLp.smul_apply, smul_eq_mul, ActualSlopeSource.heightPoint_castSucc,
    ActualSlopeSource.heightPoint_last, mul_zero, sub_self, abs_zero, add_zero, Fin.sum_univ_three] at hn

Note: This linter can be disabled with `set_option linter.unusedSimpArgs false`
/workspace/shared/sticky-recovery-20261006/live/Theorems/Thm_StickyKakeya4_native_actual_raw_source_geometry.lean:185:26: error: Type mismatch
  v.ofLp j - (N * u.ofLp j - ↑(p.1 j))
has type
  (fun x => ℝ) j
but is expected to have type
  Graph ?m.71 ?m.72
/workspace/shared/sticky-recovery-20261006/live/Theorems/Thm_StickyKakeya4_native_actual_raw_source_geometry.lean:185:25: error(lean.synthInstanceFailed): failed to synthesize instance of type class
  Lattice (Graph ?m.71 ?m.72)

Hint: Type class instance resolution failures can be inspected with the `set_option trace.Meta.synthInstance true` command.
/workspace/shared/sticky-recovery-20261006/live/Theorems/Thm_StickyKakeya4_native_actual_raw_source_geometry.lean:185:50: error(lean.unknownIdentifier): Unknown identifier `igma`

Note: It is not possible to treat `igma` as an implicitly bound variable here because the `autoImplicit` option is set to `false`.
/workspace/shared/sticky-recovery-20261006/live/Theorems/Thm_StickyKakeya4_native_actual_raw_source_geometry.lean:248:8: error(lean.unknownIdentifier): Unknown identifier `quotient_residual_of_slope_error`
/workspace/shared/sticky-recovery-20261006/live/Theorems/Thm_StickyKakeya4_native_actual_raw_source_geometry.lean:290:32: error(lean.unknownIdentifier): Unknown identifier `rho`

Note: It is not possible to treat `rho` as an implicitly bound variable here because the `autoImplicit` option is set to `false`.
/workspace/shared/sticky-recovery-20261006/live/Theorems/Thm_StickyKakeya4_native_actual_raw_source_geometry.lean:294:14: error(lean.unknownIdentifier): Unknown identifier `rho`
LEAN_FINISHED_UTC 2026-10-06T23:26:08.741452+00:00 EXIT_CODE=1

EXIT_CODE=1
