COMMAND ["flock", "/workspace/shared/sticky-recovery-20261006/global-lean-locks/fab02fd73282062cdc21e355d7502e4de846ef890372e1521dfd1d94b49c8b21.lock", "flock", "/workspace/shared/sticky-recovery-20261006/global-lean-locks/2.lock", "/workspace/scratch/5f2524fd4117/lean-tools/lean-4.33.1-linux/bin/lean", "-j1", "-DautoImplicit=false", "-DwarningAsError=true", "-R", "/workspace/shared/sticky-recovery-20261006/live", "-o", "/workspace/shared/sticky-recovery-20261006/olean/Theorems/Thm_StickyKakeya4_native_single_height_recoding.olean", "/workspace/shared/sticky-recovery-20261006/live/Theorems/Thm_StickyKakeya4_native_single_height_recoding.lean"]
SOURCE_SHA256 c04dafad67fa240f27857ea92b08b21afac8b92b4628b7f25666392e749f1765
/workspace/shared/sticky-recovery-20261006/live/Theorems/Thm_StickyKakeya4_native_single_height_recoding.lean:14:22: error: omega could not prove the goal:
a possible counterexample may satisfy the constraints
  b ≥ 1
  a ≥ 1
  a - b ≤ 0
where
 a := ↑N
 b := z % ↑N
/workspace/shared/sticky-recovery-20261006/live/Theorems/Thm_StickyKakeya4_native_single_height_recoding.lean:32:4: error: omega could not prove the goal:
a possible counterexample may satisfy the constraints
  f - g ≥ 0
  e - g ≤ -1
  d - e ≥ 0
  c ≥ 0
  b ≥ 0
  b - c ≥ 0
  a ≥ 1
where
 a := ↑N
 b := ↑(Fintype.card (Fin N)) * ↑(mass ({x ∈ S | heightColor N hN (height x) = chi (height x / ↑N)}) w)
 c := ↑(mass S w)
 d := ↑N * (height p / ↑N)
 e := height p
 f := ↑N * (height q / ↑N)
 g := height q

EXIT_CODE=1
