COMMAND ["flock", "/workspace/scratch/5f2524fd4117/4dstickykakeya/.lake/staging-lean.lock", "python3", "/workspace/shared/sticky-recovery-20261005/staging_third_slot.py", "--lock-file", "/workspace/scratch/5f2524fd4117/4dstickykakeya/.lake/global-lean-locks/3.lock", "--", "/workspace/scratch/5f2524fd4117/lean-tools/lean-4.33.1-linux/bin/lean", "-j1", "-DautoImplicit=false", "-DwarningAsError=true", "-R", "/workspace/shared/sticky-recovery-20261005/verification/axiom-batch-20261005T202453104102", "/workspace/shared/sticky-recovery-20261005/verification/axiom-batch-20261005T202453104102/AggregateReadback.lean"]
READBACK_SHA256 c58ab57c836e41004c06b9f1c987fa7700ca4974f9cdc9cfd45459ccf2364f94
Dedicated staging slot 3 acquired UTC: 2026-10-05T20:24:53.938309+00:00
Memory at admission: MemTotal:       10206508 kB; MemAvailable:    8777040 kB
'NativeHeightWindowBoundary.card_le_height_image' depends on axioms: [propext, Classical.choice, Quot.sound]
'NativeHeightWindowBoundary.heightPreimages' depends on axioms: [propext, Classical.choice, Quot.sound]
'NativeHeightWindowBoundary.heightPreimages_card' depends on axioms: [propext, Classical.choice, Quot.sound]
'NativeHeightWindowBoundary.mem_heightPreimages' depends on axioms: [propext, Classical.choice, Quot.sound]
'NativeHeightWindowBoundary.point_count_bounds' depends on axioms: [propext, Classical.choice, Quot.sound]
'NativeHeightWindowBoundary.points_time_image' depends on axioms: [propext, Classical.choice, Quot.sound]
'NativeHeightWindowBoundary.time_map_column' depends on axioms: [propext, Classical.choice, Quot.sound]
'NativeHeightWindowBoundary.weighted_point_counts_max_six' depends on axioms: [propext, Classical.choice, Quot.sound]
'NativePaidMeshAngularBounds.ballEdges' depends on axioms: [propext, Classical.choice, Quot.sound]
'NativePaidMeshAngularBounds.exists_paid_mesh_angular_bounds' depends on axioms: [propext, Classical.choice, Quot.sound]
'NativePaidThirdData.ADBounds_mono_constant' depends on axioms: [propext, Classical.choice, Quot.sound]
'NativePaidThirdData.paid_data_from_budget' depends on axioms: [propext, Classical.choice, Quot.sound]
'NativePaidThirdRecord.HasPaidThirdXYSourceData' depends on axioms: [propext, Classical.choice, Quot.sound]
'NativePaidThirdRecordReadback.paid_record_from_budget' depends on axioms: [propext, Classical.choice, Quot.sound]
'NativeParentUnitAngularBall.center' depends on axioms: [propext, Classical.choice, Quot.sound]
'NativeParentUnitAngularBall.localSlope_in_unit_ball' depends on axioms: [propext, Classical.choice, Quot.sound]
'NativeRetainedRichAllMeshLower.actual_all_mesh_rich_class_lower' depends on axioms: [propext,
 Classical.choice,
 Quot.sound]
'NativeRetainedRichAngularPowerLower.retained_rich_reference_power_lower' depends on axioms: [propext,
 Classical.choice,
 Quot.sound]
'NativeRetainedRichAngularRankLower.actual_retained_rich_angular_rank_lower' depends on axioms: [propext,
 Classical.choice,
 Quot.sound]
'NativeRichAngularRankPayment.cancel_rich_class' depends on axioms: [propext, Classical.choice, Quot.sound]
'NativeRichAngularRankPayment.third_cost' depends on axioms: [propext, Classical.choice, Quot.sound]
'NativeSaturatedAllMeshLower.actual_all_mesh_point_lower' depends on axioms: [propext, Classical.choice, Quot.sound]
'NativeSaturatedAllMeshLower.all_mesh_depth_window' depends on axioms: [propext, Classical.choice, Quot.sound]
'NativeSlabGridPullback.grid_slab_transfer' depends on axioms: [propext, Classical.choice, Quot.sound]
'NativeSlabGridPullback.original_grid_infDist' depends on axioms: [propext, Classical.choice, Quot.sound]
'NativeSlabGridPullback.original_grid_point_slab_near' depends on axioms: [propext, Classical.choice, Quot.sound]
'NativeSlabGridPullback.phiCenter' depends on axioms: [propext, Classical.choice, Quot.sound]
'NativeSlabGridPullback.phiCenter_error' depends on axioms: [propext, Classical.choice, Quot.sound]
'NativeSlabOriginalPlane.originalPlane' depends on axioms: [propext, Classical.choice, Quot.sound]
'NativeSlabOriginalPlane.originalPlane_finrank' depends on axioms: [propext, Classical.choice, Quot.sound]
'NativeSlabOriginalPlane.originalWitness' depends on axioms: [propext, Classical.choice, Quot.sound]
'NativeSlabOriginalPlane.original_infDist' depends on axioms: [propext, Classical.choice, Quot.sound]
'NativeSlabOriginalPlane.original_point_slab_near' depends on axioms: [propext, Classical.choice, Quot.sound]
'NativeSlabOriginalPlane.original_slab_pullback' depends on axioms: [propext, Classical.choice, Quot.sound]
'NativeSlabParentNormalization.parentDirection_lift' depends on axioms: [propext, Classical.choice, Quot.sound]
'NativeSlabParentNormalization.parentEquiv' depends on axioms: [propext, Classical.choice, Quot.sound]
'NativeSlabParentNormalization.parentEquiv_apply' depends on axioms: [propext, Classical.choice, Quot.sound]
'NativeSlabParentNormalization.parentEquiv_symm_apply' depends on axioms: [propext, Classical.choice, Quot.sound]
'NativeSlabParentNormalization.parent_coordinates' depends on axioms: [propext, Classical.choice, Quot.sound]
'NativeSlabParentNormalization.parent_unparent' depends on axioms: [propext, Classical.choice, Quot.sound]
'NativeSlabParentNormalization.unparentDirection' depends on axioms: [propext, Classical.choice, Quot.sound]
'NativeSlabParentNormalization.unparentDirection_last' depends on axioms: [propext, Classical.choice, Quot.sound]
'NativeSlabParentNormalization.unparentDirection_sub' depends on axioms: [propext, Classical.choice, Quot.sound]
'NativeSlabParentNormalization.unparent_distance' depends on axioms: [propext, Classical.choice, Quot.sound]
'NativeSlabParentNormalization.unparent_parent' depends on axioms: [propext, Classical.choice, Quot.sound]
'NativeSlabPlaneFrame.coordinateMap' depends on axioms: [propext, Classical.choice, Quot.sound]
'NativeSlabPlaneFrame.coordinateMap_injective' depends on axioms: [propext, Classical.choice, Quot.sound]
'NativeSlabPlaneFrame.coordinate_finrank' depends on axioms: [propext, Classical.choice, Quot.sound]
'NativeSlabPlaneFrame.frameEquiv' depends on axioms: [propext, Classical.choice, Quot.sound]
'NativeSlabPlaneFrame.frameEquiv_apply' depends on axioms: [propext, Classical.choice, Quot.sound]
'NativeSlabPlaneFrame.inverse_coordinates' depends on axioms: [propext, Classical.choice, Quot.sound]
'NativeSlabPlaneFrame.matrixContinuous' depends on axioms: [propext, Classical.choice, Quot.sound]
'NativeSlabPlaneFrame.matrixContinuous_apply' depends on axioms: [propext, Classical.choice, Quot.sound]
'NativeSlabPlaneFrame.matrixContinuous_norm' depends on axioms: [propext, Classical.choice, Quot.sound]
'NativeSlabPlanePullback.frame_graph_error' depends on axioms: [propext, Classical.choice, Quot.sound]
'NativeSlabPlanePullback.nativePlane' depends on axioms: [propext, Classical.choice, Quot.sound]
'NativeSlabPlanePullback.nativePlane_finrank' depends on axioms: [propext, Classical.choice, Quot.sound]
'NativeSlabPlanePullback.nativeWitness' depends on axioms: [propext, Classical.choice, Quot.sound]
'NativeSlabPlanePullback.nativeWitness_coordinates' depends on axioms: [propext, Classical.choice, Quot.sound]
'NativeSlabPlanePullback.nativeWitness_distance' depends on axioms: [propext, Classical.choice, Quot.sound]
'NativeSlabPlanePullback.native_slab_pullback' depends on axioms: [propext, Classical.choice, Quot.sound]
'NativeWindowCoefficientComparison.geometric_factor_bound' depends on axioms: [propext, Classical.choice, Quot.sound]
'NativeWindowCoefficientComparison.source_ratio_le' depends on axioms: [propext, Classical.choice, Quot.sound]
'NativeWindowQuotientTransport.abs_ediv_bound' depends on axioms: [propext, Classical.choice, Quot.sound]
'NativeWindowQuotientTransport.factor' depends on axioms: [propext]
'NativeWindowQuotientTransport.width_factorization' depends on axioms: [propext, Quot.sound]
'NativeWindowQuotientTransport.windowHalfWidth' depends on axioms: [propext]
'NativeWindowQuotientTransport.window_mesh_halfWidth' depends on axioms: [propext, Classical.choice, Quot.sound]
'NativeWindowQuotientTransport.window_quotient_AD' depends on axioms: [propext, Classical.choice, Quot.sound]
'NativeWindowQuotientTransport.window_support' depends on axioms: [propext, Classical.choice, Quot.sound]
'NativeWindowSourceCounts.prepared_window_geometry' depends on axioms: [propext, Classical.choice, Quot.sound]
'NativeWindowSourceCounts.queried_window_point_power_bounds' depends on axioms: [propext, Classical.choice, Quot.sound]

EXIT_CODE=0
