COMMAND ["flock", "/workspace/shared/sticky-recovery-20261006/global-lean-locks/0349b32f834783b7a6449e6b89f6cc0ca355d9d5505636ab06587bdfd2d56ff6.lock", "flock", "/workspace/shared/sticky-recovery-20261006/global-lean-locks/2.lock", "/workspace/scratch/5f2524fd4117/lean-tools/lean-4.33.1-linux/bin/lean", "-j1", "-DautoImplicit=false", "-DwarningAsError=true", "-R", "/workspace/shared/sticky-recovery-20261006/verification/marked_isometric_finite_transport-attempt02", "/workspace/shared/sticky-recovery-20261006/verification/marked_isometric_finite_transport-attempt02/Readback.lean"]
SOURCE_SHA256 60488342f45b2814a9d53ee609fe17095d4df85140faa11ed44049c1969f2d89
'MarkedIsometricFiniteTransport.line_injective' depends on axioms: [propext, Classical.choice, Quot.sound]
'MarkedIsometricFiniteTransport.carrierMap' depends on axioms: [propext, Classical.choice, Quot.sound]
'MarkedIsometricFiniteTransport.tree' depends on axioms: [propext, Classical.choice, Quot.sound]
'MarkedIsometricFiniteTransport.source' depends on axioms: [propext, Classical.choice, Quot.sound]
'MarkedIsometricFiniteTransport.point_measurePreserving' depends on axioms: [propext, Classical.choice, Quot.sound]
'MarkedIsometricFiniteTransport.point_measurableEmbedding' depends on axioms: [propext, Classical.choice, Quot.sound]
'MarkedIsometricFiniteTransport.point_volume_preimage' depends on axioms: [propext, Classical.choice, Quot.sound]
'MarkedIsometricFiniteTransport.point_volume_image' depends on axioms: [propext, Classical.choice, Quot.sound]
'MarkedIsometricFiniteTransport.convex_preimage' depends on axioms: [propext, Classical.choice, Quot.sound]
'MarkedIsometricFiniteTransport.point_mem_image' depends on axioms: [propext, Classical.choice, Quot.sound]
'MarkedIsometricFiniteTransport.valid_lines' depends on axioms: [propext, Classical.choice, Quot.sound]
'MarkedIsometricFiniteTransport.shading_measurable' depends on axioms: [propext, Classical.choice, Quot.sound]
'MarkedIsometricFiniteTransport.shading_subset_tube' depends on axioms: [propext, Classical.choice, Quot.sound]
'MarkedIsometricFiniteTransport.contained_tube_count' depends on axioms: [propext, Classical.choice, Quot.sound]
'MarkedIsometricFiniteTransport.CW_transport' depends on axioms: [propext, Classical.choice, Quot.sound]
'MarkedIsometricFiniteTransport.shading_volume' depends on axioms: [propext, Classical.choice, Quot.sound]
'MarkedIsometricFiniteTransport.total_shading_volume' depends on axioms: [propext, Classical.choice, Quot.sound]
'MarkedIsometricFiniteTransport.total_tube_volume' depends on axioms: [propext, Classical.choice, Quot.sound]
'MarkedIsometricFiniteTransport.sourceFunction_pullback' depends on axioms: [propext, Classical.choice, Quot.sound]
'MarkedIsometricFiniteTransport.sourceUnion_image' depends on axioms: [propext, Classical.choice, Quot.sound]
'MarkedIsometricFiniteTransport.sourceUnion_volume' depends on axioms: [propext, Classical.choice, Quot.sound]
'MarkedIsometricFiniteTransport.sourceMass_eq' depends on axioms: [propext, Classical.choice, Quot.sound]

EXIT_CODE=0
