COMMAND ["python", "/workspace/shared/sticky-recovery-20261006/run_locked_lean.py", "/workspace/shared/sticky-recovery-20261006/global-lean-locks/f115f8af7621696f21642c29b20289585357233b80c86d9b345ee2ae30aa08fe.lock", "/workspace/shared/sticky-recovery-20261006/global-lean-locks/3.lock", "/workspace/scratch/5f2524fd4117/lean-tools/lean-4.33.1-linux/bin/lean", "-j1", "-DautoImplicit=false", "-DwarningAsError=true", "-R", "/workspace/shared/sticky-recovery-20261006/live", "-o", "/workspace/shared/sticky-recovery-20261006/olean/Theorems/Thm_StickyKakeya4_native_configured_history_matching.olean", "/workspace/shared/sticky-recovery-20261006/live/Theorems/Thm_StickyKakeya4_native_configured_history_matching.lean"]
SOURCE_SHA256 da4b8f2c2c4459987191e7453e047336754a85dc50d82ec907396e348b9b0eea
LOCK_ACQUIRED_UTC 2026-10-06T13:13:16.794797+00:00
SHARED_SLOT 3
LEAN_PID 58
/workspace/shared/sticky-recovery-20261006/live/Theorems/Thm_StickyKakeya4_native_configured_history_matching.lean:25:24: error(lean.unknownIdentifier): Unknown identifier `grainDepth`

Note: It is not possible to treat `grainDepth` as an implicitly bound variable here because the `autoImplicit` option is set to `false`.
/workspace/shared/sticky-recovery-20261006/live/Theorems/Thm_StickyKakeya4_native_configured_history_matching.lean:26:13: error(lean.unknownIdentifier): Unknown identifier `grainDepth`

Note: It is not possible to treat `grainDepth` as an implicitly bound variable here because the `autoImplicit` option is set to `false`.
/workspace/shared/sticky-recovery-20261006/live/Theorems/Thm_StickyKakeya4_native_configured_history_matching.lean:32:11: error(lean.unknownIdentifier): Unknown identifier `grainDepth`
/workspace/shared/sticky-recovery-20261006/live/Theorems/Thm_StickyKakeya4_native_configured_history_matching.lean:31:73: error: unsolved goals
n : ℕ
D : FiniteScaleSource n
eta tau a : ℝ
h : IsWangZakharovNativeFiniteInput D eta
htau : 0 < tau
g level J u : ℕ
schedule : Fin (g + 1) → Fin (level + 1)
hschedule : schedule = fullSchedule tau htau g level
j : Fin (g + 1)
hj : j ∈ NativeRankMesoscopicRadiusMenu.menu (rankWindow tau) ⋯ g level
selected : Fin J
R : Finset (Fin n)
Eref : Finset (Fin n × Index)
p : Parent
hdy : D.thickness = 2⁻¹ ^ level
hcfg : 64 / ↑(2 ^ sorry) ≤ 2⁻¹ ^ u
⊢ let m := sorry;
  u + 12 ≤ m + 6 ∧
    u + 12 ≤ level - m + 6 ∧
      ↑(2 ^ (u + 12)) * (NativeLocalParentSource.source h R Eref a m p).thickness ≤ 1 ∧
        2⁻¹ ^ u / 512 = 8 / ↑(2 ^ (u + 12)) ∧
          64 / ↑(2 ^ (u + 12)) = 2⁻¹ ^ u / 64 ∧ 3 * (64 / ↑(2 ^ m)) ≤ 12288 / ↑(2 ^ (u + 12))
/workspace/shared/sticky-recovery-20261006/live/Theorems/Thm_StickyKakeya4_native_configured_history_matching.lean:47:24: error(lean.unknownIdentifier): Unknown identifier `grainDepth`

Note: It is not possible to treat `grainDepth` as an implicitly bound variable here because the `autoImplicit` option is set to `false`.
/workspace/shared/sticky-recovery-20261006/live/Theorems/Thm_StickyKakeya4_native_configured_history_matching.lean:48:4: error(lean.unknownIdentifier): Unknown identifier `grainDepth`

Note: It is not possible to treat `grainDepth` as an implicitly bound variable here because the `autoImplicit` option is set to `false`.
/workspace/shared/sticky-recovery-20261006/live/Theorems/Thm_StickyKakeya4_native_configured_history_matching.lean:49:11: error(lean.unknownIdentifier): Unknown identifier `grainDepth`
/workspace/shared/sticky-recovery-20261006/live/Theorems/Thm_StickyKakeya4_native_configured_history_matching.lean:48:70: error: unsolved goals
tau : ℝ
htau : 0 < tau
g level J u : ℕ
schedule : Fin (g + 1) → Fin (level + 1)
hschedule : schedule = fullSchedule tau htau g level
j : Fin (g + 1)
hj : j ∈ NativeRankMesoscopicRadiusMenu.menu (rankWindow tau) ⋯ g level
selected : Fin J
hcfg : 64 / ↑(2 ^ sorry) ≤ 2⁻¹ ^ u
⊢ sorry + (u + 12) ≤ level
LEAN_FINISHED_UTC 2026-10-06T13:18:05.134788+00:00 EXIT_CODE=1

EXIT_CODE=1
