COMMAND ["python", "/workspace/shared/sticky-recovery-20261006/run_locked_lean.py", "/workspace/shared/sticky-recovery-20261006/global-lean-locks/2c3e3a85e913422c9b5a2d77dfd086aca17b4c7332d77dc8e1d91174e2c0f5ab.lock", "/workspace/shared/sticky-recovery-20261006/global-lean-locks/3.lock", "/workspace/scratch/5f2524fd4117/lean-tools/lean-4.33.1-linux/bin/lean", "-j1", "-DautoImplicit=false", "-DwarningAsError=true", "-R", "/workspace/shared/sticky-recovery-20261006/live", "-o", "/workspace/shared/sticky-recovery-20261006/runtime-20261006T1519/olean/Theorems/Thm_StickyKakeya4_native_actual_reference_one_T.olean", "/workspace/shared/sticky-recovery-20261006/live/Theorems/Thm_StickyKakeya4_native_actual_reference_one_T.lean"]
SOURCE_SHA256 d799ede4a407d08b459891725d997df1110993a151550907326aa95b652d81a6
LOCK_ACQUIRED_UTC 2026-10-06T20:50:26.622246+00:00
SHARED_SLOT 3
LEAN_PID 59
/workspace/shared/sticky-recovery-20261006/live/Theorems/Thm_StickyKakeya4_native_actual_reference_one_T.lean:106:4: error: Type mismatch: After simplification, term
  Hsys selected
 has type
  @IsNodeDirectionSystem n D ref.a (middleDepth ↑(ref.schedule j)) E2 S0 (radius (rankWindow tau) ⋯ g ref.level test)
    (↑1 + 1) (point selected) (tuple selected) (anchor selected)
but is expected to have type
  @IsNodeDirectionSystem n D ref.a m E2 S0 q 2 (point selected) (tuple selected) (anchor selected)
Try this:
  [apply] ring_nf
  
  The `ring` tactic failed to close the goal. Use `ring_nf` to obtain a normal form.
    
  Note that `ring` works primarily in *commutative* rings. If you have a noncommutative ring, abelian group or module, consider using `noncomm_ring`, `abel` or `module` instead.
/workspace/shared/sticky-recovery-20261006/live/Theorems/Thm_StickyKakeya4_native_actual_reference_one_T.lean:108:72: error: unsolved goals
n g L L2 L3 dOld dExtra Jhorizontal Khalf : ℕ
D : FiniteScaleSource n
eta tau seed e zeta eta0 c c2 epsilonGraph : ℝ
h : IsWangZakharovNativeFiniteInput D eta
htau : 0 < tau
ref : Reference h tau htau seed e zeta L g
F : Finset (Fin n × Index)
hFref : F ⊆ ref.E1
oldPlane : Index → Submodule ℝ E4
j : Fin (g + 1)
hNearF : ∀ z ∈ F, Metric.infDist (slopeVector D z.1) ↑(oldPlane z.2) ≤ radius (rankWindow tau) ⋯ g ref.level j
selected : Fin (2 * Khalf)
_hKhalf : 0 < Khalf
hmid : historyDepth (2 * Khalf) (↑(ref.schedule j)) selected = middleDepth ↑(ref.schedule j)
RelOld : Fin dOld → Fin n × Index → Fin n × Index → Prop
m : ℕ := middleDepth ↑(ref.schedule j)
r : ℝ := radius (rankWindow tau) ⋯ g ref.level j
lambda : ℝ := r ^ rankLoss eta0 c 1 / (4 * (↑g + 1))
F1 : ℕ := factor ref.dimension (g + 1) L
G : ℕ := retentionCost (secondDimension g dOld Jhorizontal Khalf) 1 L2
F2 : ℕ := factor (secondDimension g dOld Jhorizontal Khalf) 1 L2
Q2 : ℕ := NativeSourceSizeBounds.radix (#F) L2
previous : Fin 4
_hPrevious : ↑previous + 1 = ↑1
test : Fin (g + 1)
_hTest : test ∈ NativeRankMesoscopicRadiusMenu.allowed D.thickness (rankWindow tau) ⋯ g ref.level (cutoff c previous)
_hrq : radius (rankWindow tau) ⋯ g ref.level j ≤ radius (rankWindow tau) ⋯ g ref.level test
_hqr : radius (rankWindow tau) ⋯ g ref.level test ≤ radius (rankWindow tau) ⋯ g ref.level j ^ (2 * c)
hqRaw :
  radius (rankWindow tau) ⋯ g ref.level j ^ (2 * c) / (2 * D.thickness ^ (-(1 / ↑g))) ≤
    radius (rankWindow tau) ⋯ g ref.level test
E2 : Finset (Fin n × Index)
hE2F : E2 ⊆ F
hE2n : E2.Nonempty
_hE2old : E2 ⊆ retained ref.original ref.R
_hRetF :
  #F ≤
    retentionCost
        (size (dOld + 1) (Jhorizontal + 1) + (2 * Khalf + 1 + (2 * Khalf + 1)) + (2 * Khalf + 1 + (2 * Khalf + 1)) +
              (2 * Khalf + 1 + (2 * Khalf + 1)) +
            1 +
          (g + 1) * (g + 1))
        1 L2 *
      #E2
_hRetE1 :
  radius (rankWindow tau) ⋯ g ref.level j ^ rankLoss eta0 c 1 / (4 * (↑g + 1)) * ↑(#ref.E1) ≤
    ↑(retentionCost
          (size (dOld + 1) (Jhorizontal + 1) + (2 * Khalf + 1 + (2 * Khalf + 1)) + (2 * Khalf + 1 + (2 * Khalf + 1)) +
                (2 * Khalf + 1 + (2 * Khalf + 1)) +
              1 +
            (g + 1) * (g + 1))
          1 L2) *
      ↑(#E2)
_hNearE2 :
  radius (rankWindow tau) ⋯ g ref.level j ^ rankLoss eta0 c 1 / (4 * (↑g + 1)) /
        (↑(factor ref.dimension (g + 1) L) *
          ↑(retentionCost
              (size (dOld + 1) (Jhorizontal + 1) + (2 * Khalf + 1 + (2 * Khalf + 1)) +
                      (2 * Khalf + 1 + (2 * Khalf + 1)) +
                    (2 * Khalf + 1 + (2 * Khalf + 1)) +
                  1 +
                (g + 1) * (g + 1))
              1 L2)) *
      NativeIncidenceMultiplicityTower.multiplicity (incidences ref.original) ≤
    NativeIncidenceMultiplicityTower.multiplicity E2
Hcaller2 :
  ∀ (i : Fin (dOld + 1)) (x y : Fin n × Index),
    x ∈ E2 →
      y ∈ E2 →
        degree (fun x => 1) (NativeParentOriginalPointMenu.relations D ref.a (middleDepth ↑(ref.schedule j)) RelOld i)
            E2 x ≤
          NativeSourceSizeBounds.radix (#F) L2 ^ 2 *
            degree (fun x => 1)
              (NativeParentOriginalPointMenu.relations D ref.a (middleDepth ↑(ref.schedule j)) RelOld i) E2 y
_hGrains :
  ∀ (i : Fin (2 * Khalf + 1)),
    have m := NativeRetainedQueryMenu.grainDepth (2 * Khalf) (↑(ref.schedule j)) i;
    have b := phaseDepth m;
    have Delta := 64 / ↑(2 ^ m);
    have rep := NativeCoarseDirectionThinning.representative h ref.R ref.a (2 ^ b);
    6 ≤ m ∧
      m ≤ b ∧
        b ≤ ref.level ∧
          0 < Delta ∧
            Delta ≤ 1 ∧
              64 / ↑(2 ^ b) = Delta ^ 2 ∧
                1 / ↑(2 ^ b) ≤ Delta ^ 2 ∧
                  D.thickness ≤ Delta ^ 2 ∧
                    Delta / (64 / ↑(2 ^ b)) = 1 / Delta ∧
                      HasUniformFibers E2 (NativeSourceSizeBounds.radix (#F) L2)
                          (NativeCoarseShadingUniformity.fixedPair D ref.a ref.level b b rep) ∧
                        HasUniformFibers E2 (NativeSourceSizeBounds.radix (#F) L2)
                            (NativeCoarseShadingUniformity.fixedPair D ref.a ref.level b m rep) ∧
                          (HasUniformFibers E2 (NativeSourceSizeBounds.radix (#F) L2) fun z =>
                              spatialLabel D (2 ^ b) z.2) ∧
                            HasUniformFibers E2 (NativeSourceSizeBounds.radix (#F) L2) fun z =>
                              spatialLabel D (2 ^ m) z.2
_hPoint : HasUniformFibers E2 (NativeSourceSizeBounds.radix (#F) L2) Prod.snd
_hRows :
  ∀ (i j : Fin (g + 1)),
    HasUniformFibers E2 (NativeSourceSizeBounds.radix (#F) L2)
      (NativeRefinedRowRelations.rowPair h ref.R ref.a ref.schedule i j)
_hRich :
  ∀ e_1 ∈ E2,
    D.thickness ^ eta * ↑(2 ^ ref.level) /
        (16384 *
            (↑(factor ref.dimension (g + 1) L) /
                (radius (rankWindow tau) ⋯ g ref.level j ^ rankLoss eta0 c 1 / (4 * (↑g + 1))) *
              ↑(retentionCost
                  (size (dOld + 1) (Jhorizontal + 1) + (2 * Khalf + 1 + (2 * Khalf + 1)) +
                          (2 * Khalf + 1 + (2 * Khalf + 1)) +
                        (2 * Khalf + 1 + (2 * Khalf + 1)) +
                      1 +
                    (g + 1) * (g + 1))
                  1 L2)) *
          ↑(NativeSourceSizeBounds.radix (#F) L2) ^ 2) ≤
      ↑(#(NativeLocalPairFibers.pairFiber D ref.a (2 ^ ref.level) E2
            (NativeLocalPairFibers.localPair D ref.a (2 ^ ref.level) e_1)))
H2 :
  125 * 175616 * 16384 *
          ↑(factor
              (size (dOld + 1) (Jhorizontal + 1) + (2 * Khalf + 1 + (2 * Khalf + 1)) +
                      (2 * Khalf + 1 + (2 * Khalf + 1)) +
                    (2 * Khalf + 1 + (2 * Khalf + 1)) +
                  1 +
                (g + 1) * (g + 1))
              1 L2) *
        ↑(NativeSourceSizeBounds.radix (#F) L2) ^ 2 *
      D.thickness ^ (-eta) ≤
    D.thickness ^ (-c2)
hPlane : ∀ k ∈ image Prod.snd E2, Module.finrank ℝ ↥(oldPlane k) = ↑1 + 1
_hTuples :
  ∀ k ∈ image Prod.snd E2,
    have A := NativeIncidentRankSelection.pointSet E2 k;
    have v := fun z => slopeVector D z.1;
    have C := chains A v (radius (rankWindow tau) ⋯ g ref.level test) (↑1 + 1);
    C.Nonempty ∧
      (↑(#A) / 2) ^ (↑1 + 1) ≤ ↑(#C) ∧
        ∀ xs ∈ C,
          xs.length = ↑1 + 1 ∧
            (∀ z ∈ xs, z ∈ E2 ∧ z.2 = k) ∧
              Separated v (radius (rankWindow tau) ⋯ g ref.level test) xs ∧
                (LinearIndependent ℝ fun i => v (xs.get i)) ∧
                  radius (rankWindow tau) ⋯ g ref.level test ^ (2 * (↑1 + 1)) ≤
                    (Matrix.gram ℝ fun i => v (xs.get i)).det
_hFamily :
  ∀ (w : Index → ℕ),
    RetainedFamily D ref.a (↑(ref.schedule j)) E2 (radius (rankWindow tau) ⋯ g ref.level test) (↑1 + 1) w (2 * Khalf)
      (radius (rankWindow tau) ⋯ g ref.level j ^ (2 * ↑(↑1 + 1) * rankLoss eta0 c 1))
_hQueries :
  ∀ (u : Fin (Jhorizontal + 1)),
    HasUniformFibers E2 (NativeSourceSizeBounds.radix (#F) L2)
        (NativeCoarseShadingUniformity.fixedPair D ref.a ref.level
          (NativeFixedHorizontalMenu.depths Jhorizontal (historyDepth (2 * Khalf) (↑(ref.schedule j)) selected) u)
          (NativeFixedHorizontalMenu.depths Jhorizontal (historyDepth (2 * Khalf) (↑(ref.schedule j)) selected) u)
          (NativeCoarseDirectionThinning.representative h ref.R ref.a
            (2 ^
              NativeFixedHorizontalMenu.depths Jhorizontal (historyDepth (2 * Khalf) (↑(ref.schedule j)) selected)
                u))) ∧
      HasUniformFibers E2 (NativeSourceSizeBounds.radix (#F) L2)
        (NativeCoarseShadingUniformity.fixedPair D ref.a ref.level
          (NativeFixedHorizontalMenu.depths Jhorizontal (historyDepth (2 * Khalf) (↑(ref.schedule j)) selected) u)
          (historyDepth (2 * Khalf) (↑(ref.schedule j)) selected)
          (NativeCoarseDirectionThinning.representative h ref.R ref.a
            (2 ^
              NativeFixedHorizontalMenu.depths Jhorizontal (historyDepth (2 * Khalf) (↑(ref.schedule j)) selected) u)))
_hColumns :
  ∀ (p : Parent),
    (HasUniformFibers (parentEdges D ref.a (2 ^ historyDepth (2 * Khalf) (↑(ref.schedule j)) selected) E2 p)
        (NativeSourceSizeBounds.radix (#F) L2) fun z =>
        NativeAnisotropicSliceLabels.slicePoint D ref.a (historyDepth (2 * Khalf) (↑(ref.schedule j)) selected) p z.2) ∧
      ∀ (u : Fin (Jhorizontal + 1)),
        HasUniformFibers (parentEdges D ref.a (2 ^ historyDepth (2 * Khalf) (↑(ref.schedule j)) selected) E2 p)
          (NativeSourceSizeBounds.radix (#F) L2) fun z =>
          NativeAnisotropicShortRowGeometry.columnLabel D ref.a
            (2 ^ historyDepth (2 * Khalf) (↑(ref.schedule j)) selected) p
            (64 /
              ↑(2 ^
                  NativeFixedHorizontalMenu.depths Jhorizontal (historyDepth (2 * Khalf) (↑(ref.schedule j)) selected)
                    u))
            (64 / ↑(2 ^ historyDepth (2 * Khalf) (↑(ref.schedule j)) selected)) z.2
_hCounts :
  ∀ (p : Parent) (u : Fin (Jhorizontal + 1)),
    have A :=
      image
        (fun z =>
          NativeAnisotropicSliceLabels.slicePoint D ref.a (historyDepth (2 * Khalf) (↑(ref.schedule j)) selected) p z.2)
        (parentEdges D ref.a (2 ^ historyDepth (2 * Khalf) (↑(ref.schedule j)) selected) E2 p);
    ∀ x ∈ A,
      ∀ y ∈ A,
        #({z ∈ A |
              NativeAnisotropicSliceLabels.sliceClass (historyDepth (2 * Khalf) (↑(ref.schedule j)) selected)
                  (NativeFixedHorizontalMenu.depths Jhorizontal (historyDepth (2 * Khalf) (↑(ref.schedule j)) selected)
                    u)
                  z =
                NativeAnisotropicSliceLabels.sliceClass (historyDepth (2 * Khalf) (↑(ref.schedule j)) selected)
                  (NativeFixedHorizontalMenu.depths Jhorizontal (historyDepth (2 * Khalf) (↑(ref.schedule j)) selected)
                    u)
                  x}) ≤
          NativeSourceSizeBounds.radix (#F) L2 ^ 4 *
            #({z ∈ A |
                NativeAnisotropicSliceLabels.sliceClass (historyDepth (2 * Khalf) (↑(ref.schedule j)) selected)
                    (NativeFixedHorizontalMenu.depths Jhorizontal
                      (historyDepth (2 * Khalf) (↑(ref.schedule j)) selected) u)
                    z =
                  NativeAnisotropicSliceLabels.sliceClass (historyDepth (2 * Khalf) (↑(ref.schedule j)) selected)
                    (NativeFixedHorizontalMenu.depths Jhorizontal
                      (historyDepth (2 * Khalf) (↑(ref.schedule j)) selected) u)
                    y})
q : ℝ := radius (rankWindow tau) ⋯ g ref.level test
hq : 0 < q
hq1 : q ≤ 1
h21 : E2 ⊆ ref.E1
hG : 0 < G
hGF : G ≤ F2
hQ2 : 0 < Q2
Hpoint : ∀ (p : Parent), HasUniformFibers (parentEdges D ref.a (2 ^ m) E2 p) Q2 Prod.snd
C : Finset (Index × List (Fin 3 → ℤ))
_hC :
  C ⊆
    NativeCompatibleAngularCandidates.terminalFamily D ref.a (↑(ref.schedule j)) E2
      (radius (rankWindow tau) ⋯ g ref.level test) (↑1 + 1)
S0 : Finset Index
hS0 : S0 ⊆ image Prod.snd E2
_hS : S0 = image Prod.fst C
_hInjective : ∀ (x y : Index × List (Fin 3 → ℤ)), x ∈ C → y ∈ C → x.1 = y.1 → x = y
_hPointMass : SelfUniform.mass (fun p => pointWeight E2 p.1) C = SelfUniform.mass (pointWeight E2) S0
_hRetained :
  radius (rankWindow tau) ⋯ g ref.level j ^ (2 * ↑(↑1 + 1) * rankLoss eta0 c 1) *
      ↑(SelfUniform.mass (pointWeight E2) (image Prod.snd E2)) ≤
    ↑(SelfUniform.mass (pointWeight E2) S0)
_hCompat :
  ∀ j_1 < 2 * Khalf + 1,
    ∀ (x y : Index × List (Fin 3 → ℤ)),
      x ∈ C →
        y ∈ C →
          spatialLabel D (2 ^ NativeCompatibleAngularCandidates.depth (2 * Khalf) (↑(ref.schedule j)) j_1) x.1 =
              spatialLabel D (2 ^ NativeCompatibleAngularCandidates.depth (2 * Khalf) (↑(ref.schedule j)) j_1) y.1 →
            NativeCompatibleAngularCandidates.projectWord (↑(ref.schedule j))
                (NativeCompatibleAngularCandidates.depth (2 * Khalf) (↑(ref.schedule j)) j_1) x.2 =
              NativeCompatibleAngularCandidates.projectWord (↑(ref.schedule j))
                (NativeCompatibleAngularCandidates.depth (2 * Khalf) (↑(ref.schedule j)) j_1) y.2
_hWitness :
  ∀ p ∈ C,
    NativeCompatibleAngularCandidates.LocalWitness D ref.a (↑(ref.schedule j)) E2
      (radius (rankWindow tau) ⋯ g ref.level test) (↑1 + 1) p
_hTrace :
  ∀ j_1 < 2 * Khalf,
    ∀ v ∈ image (NativeCompatibleAngularCandidates.node D (2 * Khalf) (↑(ref.schedule j)) (j_1 + 1)) C,
      NativeCompatibleAngularCandidates.ancestorNode
            (NativeCompatibleAngularCandidates.depth (2 * Khalf) (↑(ref.schedule j)) (j_1 + 1))
            (NativeCompatibleAngularCandidates.depth (2 * Khalf) (↑(ref.schedule j)) j_1) v ∈
          image (NativeCompatibleAngularCandidates.node D (2 * Khalf) (↑(ref.schedule j)) j_1) C ∧
        (NativeCompatibleAngularCandidates.candidate D (2 * Khalf) (↑(ref.schedule j)) (j_1 + 1) C v ∩
            NativeCompatibleAngularCandidates.candidate D (2 * Khalf) (↑(ref.schedule j)) j_1 C
              (NativeCompatibleAngularCandidates.ancestorNode
                (NativeCompatibleAngularCandidates.depth (2 * Khalf) (↑(ref.schedule j)) (j_1 + 1))
                (NativeCompatibleAngularCandidates.depth (2 * Khalf) (↑(ref.schedule j)) j_1) v)).Nonempty
point : Fin (2 * Khalf) → Index → Index
tuple : Fin (2 * Khalf) → Index → Fin (↑1 + 1) → Fin n × Index
anchor : Fin (2 * Khalf) → Index → Fin (↑1 + 1) → Fin n
Hsys :
  ∀ (i : Fin (2 * Khalf)),
    IsNodeDirectionSystem D ref.a (historyDepth (2 * Khalf) (↑(ref.schedule j)) i) E2 S0
      (radius (rankWindow tau) ⋯ g ref.level test) (↑1 + 1) (point i) (tuple i) (anchor i)
_hWord :
  ∀ (i : Fin (2 * Khalf)),
    ∀ p ∈ C,
      NativeOriginalAngularTupleMenu.angularTuple D ref.a (historyDepth (2 * Khalf) (↑(ref.schedule j)) i)
          (List.ofFn (tuple i (spatialLabel D (2 ^ historyDepth (2 * Khalf) (↑(ref.schedule j)) i) p.1))) =
        NativeCompatibleAngularCandidates.projectWord (↑(ref.schedule j))
          (historyDepth (2 * Khalf) (↑(ref.schedule j)) i) p.2
_hSame :
  ∀ (i : Fin (2 * Khalf)) (x y : Index × List (Fin 3 → ℤ)),
    x ∈ C →
      y ∈ C →
        NativeCompatibleAngularCandidates.projectWord (↑(ref.schedule j))
              (historyDepth (2 * Khalf) (↑(ref.schedule j)) i) x.2 =
            NativeCompatibleAngularCandidates.projectWord (↑(ref.schedule j))
              (historyDepth (2 * Khalf) (↑(ref.schedule j)) i) y.2 →
          tuple i (spatialLabel D (2 ^ historyDepth (2 * Khalf) (↑(ref.schedule j)) i) x.1) =
              tuple i (spatialLabel D (2 ^ historyDepth (2 * Khalf) (↑(ref.schedule j)) i) y.1) ∧
            point i (spatialLabel D (2 ^ historyDepth (2 * Khalf) (↑(ref.schedule j)) i) x.1) =
              point i (spatialLabel D (2 ^ historyDepth (2 * Khalf) (↑(ref.schedule j)) i) y.1)
_hHistory :
  HasGrainHistory D E2 (historyDepth (2 * Khalf) ↑(ref.schedule j)) (↑1 + 1)
    (fun i => natStageDirectionIndex h (tuple i)) S0 (NativeSourceSizeBounds.radix (#F) L2)
    (radius (rankWindow tau) ⋯ g ref.level j ^ rankLoss eta0 c 1 / (4 * (↑g + 1))) (seed / 8) c2
_hHistoryRet :
  radius (rankWindow tau) ⋯ g ref.level j ^ ((2 * ↑(↑1 + 1) + 1) * rankLoss eta0 c 1) * ↑(#E2) ≤
    ↑(WeightedRichDirectionalLayers.mass
        (history D E2 (historyDepth (2 * Khalf) ↑(ref.schedule j)) (↑1 + 1)
          (fun i => natStageDirectionIndex h (tuple i)) S0 (2 * Khalf))
        (pointWeight E2))
points : Finset Index
hPointsFinal :
  points ⊆
    history D E2 (historyDepth (2 * Khalf) ↑(ref.schedule j)) (↑1 + 1) (fun j => natStageDirectionIndex h (tuple j)) S0
      (2 * Khalf)
_hPointsN : points.Nonempty
_hHalf :
  WeightedRichDirectionalLayers.mass
      (history D E2 (historyDepth (2 * Khalf) ↑(ref.schedule j)) (↑1 + 1) (fun j => natStageDirectionIndex h (tuple j))
        S0 (2 * Khalf))
      (pointWeight E2) ≤
    2 * WeightedRichDirectionalLayers.mass points (pointWeight E2)
_hTotal :
  WeightedRichDirectionalLayers.mass S0 (pointWeight E2) ≤
    2 ^ (2 * Khalf + 1) * WeightedRichDirectionalLayers.mass points (pointWeight E2)
hMass :
  radius (rankWindow tau) ⋯ g ref.level j ^ ((2 * ↑(↑1 + 1) + 1) * rankLoss eta0 c 1) * ↑(#E2) ≤
    ↑(WeightedRichDirectionalLayers.mass points (pointWeight E2))
_hGrainCounts :
  ∀ (j_1 : Fin (2 * Khalf)),
    0 <
        (fun j_2 =>
            NativeActualProjectedGrainCount.predecessorProduct D (historyDepth (2 * Khalf) (↑(ref.schedule j)) j_2) E2
              (NativeSourceSizeBounds.radix (#F) L2)
              (scaleThreshold D E2 (historyDepth (2 * Khalf) (↑(ref.schedule j)) j_2)
                (history D E2 (historyDepth (2 * Khalf) ↑(ref.schedule j)) (↑1 + 1)
                  (fun j => natStageDirectionIndex h (tuple j)) S0 ↑j_2)
                (↑1 + 1) (natStageDirectionIndex h (tuple j_2)))
              (↑1 + 1))
          j_1 ∧
      ↑((fun j_2 =>
                  vertexCap E2 (spatialLabel D (2 ^ phaseDepth (historyDepth (2 * Khalf) (↑(ref.schedule j)) j_2)))
                    (NativeSourceSizeBounds.radix (#F) L2))
                j_1) *
            ↑((fun j_2 =>
                  NativeActualProjectedGrainCount.predecessorProduct D
                    (historyDepth (2 * Khalf) (↑(ref.schedule j)) j_2) E2 (NativeSourceSizeBounds.radix (#F) L2)
                    (scaleThreshold D E2 (historyDepth (2 * Khalf) (↑(ref.schedule j)) j_2)
                      (history D E2 (historyDepth (2 * Khalf) ↑(ref.schedule j)) (↑1 + 1)
                        (fun j => natStageDirectionIndex h (tuple j)) S0 ↑j_2)
                      (↑1 + 1) (natStageDirectionIndex h (tuple j_2)))
                    (↑1 + 1))
                j_1) *
          ↑(#(image
                ((fun j_2 =>
                    NativeActualProjectedGrainCount.taggedLabel D (historyDepth (2 * Khalf) (↑(ref.schedule j)) j_2)
                      ((fun j node => spanOf (fun z => slopeVector D z.1) (List.ofFn (tuple j node))) j_2) (↑1 + 1))
                  j_1)
                (history D E2 (historyDepth (2 * Khalf) ↑(ref.schedule j)) (↑1 + 1)
                  (fun j => natStageDirectionIndex h (tuple j)) S0 (2 * Khalf)))) ≤
        625 * NativeActualProjectedGrainCount.transverseCost (radius (rankWindow tau) ⋯ g ref.level test) (↑1 + 1) *
            ↑(NativeSourceSizeBounds.radix (#F) L2) ^ 2 *
          ↑(#E2)
_hDense :
  ∀ (j_1 : Fin (2 * Khalf)),
    ∀ x ∈ points,
      NativeAutomaticWeightedGrainCore.threshold
            (WeightedRichDirectionalLayers.mass
              (history D E2 (historyDepth (2 * Khalf) ↑(ref.schedule j)) (↑1 + 1)
                (fun j => natStageDirectionIndex h (tuple j)) S0 (2 * Khalf))
              (pointWeight E2))
            (2 * Khalf)
            #(image
                ((fun j_2 =>
                    NativeActualProjectedGrainCount.taggedLabel D (historyDepth (2 * Khalf) (↑(ref.schedule j)) j_2)
                      ((fun j node => spanOf (fun z => slopeVector D z.1) (List.ofFn (tuple j node))) j_2) (↑1 + 1))
                  j_1)
                (history D E2 (historyDepth (2 * Khalf) ↑(ref.schedule j)) (↑1 + 1)
                  (fun j => natStageDirectionIndex h (tuple j)) S0 (2 * Khalf))) ≤
          WeightedRichDirectionalLayers.mass
            (RichDirectionalLayers.classFiber points
              ((fun j_2 =>
                  NativeActualProjectedGrainCount.taggedLabel D (historyDepth (2 * Khalf) (↑(ref.schedule j)) j_2)
                    ((fun j node => spanOf (fun z => slopeVector D z.1) (List.ofFn (tuple j node))) j_2) (↑1 + 1))
                j_1)
              ((fun j_2 =>
                  NativeActualProjectedGrainCount.taggedLabel D (historyDepth (2 * Khalf) (↑(ref.schedule j)) j_2)
                    ((fun j node => spanOf (fun z => slopeVector D z.1) (List.ofFn (tuple j node))) j_2) (↑1 + 1))
                j_1 x))
            (pointWeight E2) ∧
        ↑(WeightedRichDirectionalLayers.mass
                        (history D E2 (historyDepth (2 * Khalf) ↑(ref.schedule j)) (↑1 + 1)
                          (fun j => natStageDirectionIndex h (tuple j)) S0 (2 * Khalf))
                        (pointWeight E2)) /
                    ↑(#E2) *
                  ↑((fun j_2 =>
                        vertexCap E2
                          (spatialLabel D (2 ^ phaseDepth (historyDepth (2 * Khalf) (↑(ref.schedule j)) j_2)))
                          (NativeSourceSizeBounds.radix (#F) L2))
                      j_1) *
                ↑((fun j_2 =>
                      NativeActualProjectedGrainCount.predecessorProduct D
                        (historyDepth (2 * Khalf) (↑(ref.schedule j)) j_2) E2 (NativeSourceSizeBounds.radix (#F) L2)
                        (scaleThreshold D E2 (historyDepth (2 * Khalf) (↑(ref.schedule j)) j_2)
                          (history D E2 (historyDepth (2 * Khalf) ↑(ref.schedule j)) (↑1 + 1)
                            (fun j => natStageDirectionIndex h (tuple j)) S0 ↑j_2)
                          (↑1 + 1) (natStageDirectionIndex h (tuple j_2)))
                        (↑1 + 1))
                    j_1) /
              (1250 * ↑(2 * Khalf) *
                  NativeActualProjectedGrainCount.transverseCost (radius (rankWindow tau) ⋯ g ref.level test) (↑1 + 1) *
                ↑(NativeSourceSizeBounds.radix (#F) L2) ^ 2) <
            ↑(WeightedRichDirectionalLayers.mass
                (RichDirectionalLayers.classFiber points
                  ((fun j_2 =>
                      NativeActualProjectedGrainCount.taggedLabel D (historyDepth (2 * Khalf) (↑(ref.schedule j)) j_2)
                        ((fun j node => spanOf (fun z => slopeVector D z.1) (List.ofFn (tuple j node))) j_2) (↑1 + 1))
                    j_1)
                  ((fun j_2 =>
                      NativeActualProjectedGrainCount.taggedLabel D (historyDepth (2 * Khalf) (↑(ref.schedule j)) j_2)
                        ((fun j node => spanOf (fun z => slopeVector D z.1) (List.ofFn (tuple j node))) j_2) (↑1 + 1))
                    j_1 x))
                (pointWeight E2)) ∧
          ∀
            y ∈
              RichDirectionalLayers.classFiber points
                ((fun j_2 =>
                    NativeActualProjectedGrainCount.taggedLabel D (historyDepth (2 * Khalf) (↑(ref.schedule j)) j_2)
                      ((fun j node => spanOf (fun z => slopeVector D z.1) (List.ofFn (tuple j node))) j_2) (↑1 + 1))
                  j_1)
                ((fun j_2 =>
                    NativeActualProjectedGrainCount.taggedLabel D (historyDepth (2 * Khalf) (↑(ref.schedule j)) j_2)
                      ((fun j node => spanOf (fun z => slopeVector D z.1) (List.ofFn (tuple j node))) j_2) (↑1 + 1))
                  j_1 x),
            spatialLabel D (2 ^ historyDepth (2 * Khalf) (↑(ref.schedule j)) j_1) y =
                spatialLabel D (2 ^ historyDepth (2 * Khalf) (↑(ref.schedule j)) j_1) x ∧
              Metric.infDist
                  (rawVertex D (phaseDepth (historyDepth (2 * Khalf) (↑(ref.schedule j)) j_1)) y -
                    rawVertex D (phaseDepth (historyDepth (2 * Khalf) (↑(ref.schedule j)) j_1)) x)
                  ↑((fun j node => spanOf (fun z => slopeVector D z.1) (List.ofFn (tuple j node))) j_1
                      (spatialLabel D (2 ^ historyDepth (2 * Khalf) (↑(ref.schedule j)) j_1) x)) ≤
                2 *
                  NativeActualProjectedGrainCount.grainWidth (historyDepth (2 * Khalf) (↑(ref.schedule j)) j_1) (↑1 + 1)
_hSysFinal :
  ∀ (j_1 : Fin (2 * Khalf)),
    IsNodeDirectionSystem D ref.a (historyDepth (2 * Khalf) (↑(ref.schedule j)) j_1) E2 points
      (radius (rankWindow tau) ⋯ g ref.level test) (↑1 + 1) (point j_1) (tuple j_1) (anchor j_1)
_hFinalTrace :
  ∀ (j_1 : Fin (2 * Khalf)),
    ∀ k ∈ points,
      (spatialLabel D (2 ^ historyDepth (2 * Khalf) (↑(ref.schedule j)) j_1) k, k) ∈
        scaleLayers D E2 (historyDepth (2 * Khalf) (↑(ref.schedule j)) j_1)
          (history D E2 (historyDepth (2 * Khalf) ↑(ref.schedule j)) (↑1 + 1)
            (fun j => natStageDirectionIndex h (tuple j)) S0 ↑j_1)
          (↑1 + 1) (natStageDirectionIndex h (tuple j_1)) (↑1 + 1)
Hprofiles :
  HasXYParentProfiles h ref.original ref.R ref.E1 E2 ref.a ref.level
    (historyDepth (2 * Khalf) (↑(ref.schedule j)) selected)
    ((fun j node => spanOf (fun z => slopeVector D z.1) (List.ofFn (tuple j node))) selected) points
    (radius (rankWindow tau) ⋯ g ref.level test) (↑1 + 1) (NativeSourceSizeBounds.radix (#F) L2)
    (factor ref.dimension (g + 1) L)
    (retentionCost
      (size (dOld + 1) (Jhorizontal + 1) + (2 * Khalf + 1 + (2 * Khalf + 1)) + (2 * Khalf + 1 + (2 * Khalf + 1)) +
            (2 * Khalf + 1 + (2 * Khalf + 1)) +
          1 +
        (g + 1) * (g + 1))
      1 L2)
    ((fun j_1 =>
        NativeActualProjectedGrainCount.predecessorProduct D (historyDepth (2 * Khalf) (↑(ref.schedule j)) j_1) E2
          (NativeSourceSizeBounds.radix (#F) L2)
          (scaleThreshold D E2 (historyDepth (2 * Khalf) (↑(ref.schedule j)) j_1)
            (history D E2 (historyDepth (2 * Khalf) ↑(ref.schedule j)) (↑1 + 1)
              (fun j => natStageDirectionIndex h (tuple j)) S0 ↑j_1)
            (↑1 + 1) (natStageDirectionIndex h (tuple j_1)))
          (↑1 + 1))
      selected)
    (radius (rankWindow tau) ⋯ g ref.level j ^ rankLoss eta0 c 1 / (4 * (↑g + 1))) zeta tau seed c2 Jhorizontal
    (dExtra + 3) L3 (↑(ref.schedule j)) Khalf (tuple selected) (radius (rankWindow tau) ⋯ g ref.level j) epsilonGraph
hPoints : points ⊆ S0
HsysMiddle : IsNodeDirectionSystem D ref.a m E2 S0 q 2 (point selected) (tuple selected) (anchor selected)
⊢ r ^ (rankLoss eta0 c 1 * 5) = radius (rankWindow tau) ⋯ g ref.level j ^ (rankLoss eta0 c 1 * 5) ∨ E2 = ∅
/workspace/shared/sticky-recovery-20261006/live/Theorems/Thm_StickyKakeya4_native_actual_reference_one_T.lean:250:40: error(lean.unknownIdentifier): Unknown identifier `physicalMesh`

Note: It is not possible to treat `physicalMesh` as an implicitly bound variable here because the `autoImplicit` option is set to `false`.
/workspace/shared/sticky-recovery-20261006/live/Theorems/Thm_StickyKakeya4_native_actual_reference_one_T.lean:267:40: error(lean.unknownIdentifier): Unknown identifier `fiberCoefficient`

Note: It is not possible to treat `fiberCoefficient` as an implicitly bound variable here because the `autoImplicit` option is set to `false`.
/workspace/shared/sticky-recovery-20261006/live/Theorems/Thm_StickyKakeya4_native_actual_reference_one_T.lean:272:9: error: unsolved goals
n g L dOld dExtra Jhorizontal L3 : ℕ
D : FiniteScaleSource n
eta zeta seed tau e a eta0 c c2 r q epsilonGraph : ℝ
h : IsWangZakharovNativeFiniteInput D eta
htau : 0 < tau
ref : Reference h tau htau seed e zeta L g
ha : a = ref.a
Kcoh Ksupport Kupper Khalf : ℕ
loss seedCap deltaUpper : ℝ
hc : 0 < c
hc1 : c ≤ 1
Hupper : HasUpperEngine Kupper (c ^ 3 / 8) loss seedCap deltaUpper
Hcaller1 : HasCallerUniformities ref (factory g Kupper)
heta : 0 ≤ eta
hzeta : 0 ≤ zeta
hetaSeed : eta ≤ seed / 8
hzseed : zeta ≤ seed / 256
hseedCap : seed ≤ seedCap
hUpperSmall : D.thickness ≤ deltaUpper
he0 : 0 < eta0
hcUnit : c ≤ 1 / (eta0 + 1)
hr : 0 < r
hr1 : r ≤ 1
hrdelta : r ≤ D.thickness ^ cutoff c 1
htauHalf : tau ≤ 1 / 2
hTau : tau ≤ commonBudget eta0 c / 1024
hTauHistory : tau ≤ commonBudget eta0 c / (1000 * (↑(2 * Khalf) + 1))
hseed : seed ≤ tau / 16384
hc2 : c2 = commonBudget eta0 c / 4
hg : 0 < g
hgrid : 1 / ↑g < rankWindow tau / 4
j : Fin (g + 1)
hstop18 : 18 ≤ ↑(ref.schedule j)
hstopCap : ↑(ref.schedule j) ≤ ref.level / 4
hidentity : 48 * ↑(2 ^ ↑(ref.schedule j)) * r = 1
hdelta : 64 * D.thickness ≤ r ^ 2
hExtraSmall : D.thickness ≤ NativeHistoryDimensionRange.extraCutoff c hc hc1 g
heGraph : 0 < epsilonGraph
heGraphHalf : epsilonGraph ≤ 1 / 2
heSmall : eta0 ≤ epsilonGraph
hcSmall : c ≤ epsilonGraph / 24
hKhalf : 0 < Khalf
hq : 0 < q
hq1 : q ≤ 1
hqraw : r ^ (2 * c) / (2 * D.thickness ^ (-(1 / ↑g))) ≤ q
hError : D.thickness ^ (cutoff c 1 * epsilonGraph / 2) ≤ 1 / errorConstant
E2 : Finset (Fin n × Index)
h21 : E2 ⊆ ref.E1
hE2n : E2.Nonempty
F2 G Q2 Lgrain : ℕ
hG : 0 < G
hGF : G ≤ F2
H2 : 125 * 175616 * 16384 * ↑F2 * ↑Q2 ^ 2 * D.thickness ^ (-eta) ≤ D.thickness ^ (-c2)
epsilonPaid deltaBudget : ℝ
Hbudget : HasBudget epsilonPaid eta0 c g Khalf (dExtra + 3) Jhorizontal L3 deltaBudget
hBudgetSmall : D.thickness ≤ deltaBudget
points S0 : Finset Index
hPoints : points ⊆ S0
hMass : r ^ (5 * rankLoss eta0 c 1) * ↑(#E2) ≤ ↑(WeightedRichDirectionalLayers.mass points (pointWeight E2))
point : Index → Index
tuple : Index → Fin 2 → Fin n × Index
anchor : Index → Fin 2 → Fin n
oldPlane : Index → Submodule ℝ E4
hOld : ∀ k ∈ S0, Module.finrank ℝ ↥(oldPlane k) = 2
hNear : ∀ z ∈ E2, Metric.infDist (slopeVector D z.1) ↑(oldPlane z.2) ≤ r
m : ℕ := middleDepth ↑(ref.schedule j)
F1 : ℕ := factor ref.dimension (g + 1) L
lambda : ℝ := r ^ rankLoss eta0 c 1 / (4 * (↑g + 1))
W : ℝ := ↑(WeightedRichDirectionalLayers.mass points (pointWeight E2))
population : ℝ := lambda * W / (2 * ↑F1 * ↑G * ↑(#E2)) * D.thickness ^ eta
retain : ℝ := population / rowConstant
PL : ℝ :=
  profileLower D.thickness population (columnEpsilon D.thickness lambda (seed / 8) c2) tau (seed / 8)
    (min (NativeAllTwoScaleConfiguration.boundaryWindow tau) (tau / 16 / 1000))
PU : ℝ := profileUpper D.thickness (columnEpsilon D.thickness lambda (seed / 8) c2) tau
plane : Index → Submodule ℝ E4 := nodePlane D tuple
threshold : ℝ := ↑(#(cutEdges E2 points)) / (2 * ↑(#(image (mixedLabel D a m plane 2) (cutEdges E2 points))))
RelOld : Fin dOld → Fin n × Index → Fin n × Index → Prop
u R0 : ℕ
depths : Fin Kcoh → ℕ
supportDepths : Fin Ksupport → ℕ
extras :
  Parent →
    Finset (Fin n × Index) →
      (P : Submodule ℝ E4) →
        P ≤ heightKernel →
          Module.finrank ℝ ↥P = 1 →
            (ℤ → Matrix (Fin 2) (Fin 1) ℝ) →
              (ℤ → Matrix (Fin 2) (Fin 1) ℝ) →
                Finset (Fin n × Index) → Fin dExtra → Fin n × Index → Fin n × Index → Prop
p : Parent
Hp Hgraph : Finset (Fin n × Index)
P0 : Submodule ℝ E4
hP0 : P0 ≤ heightKernel
hd : Module.finrank ℝ ↥P0 = 1
f : ℤ → Matrix (Fin 2) (Fin 1) ℝ
Sq : Finset (Fin n × Index) :=
  NativeWeightedGrainQuotientGeometry.retained D a m 2 plane Hgraph P0 hP0 ⋯ ⋯ hd (sorry / 8)
F : ℤ → Matrix (Fin (4 - 2)) (Fin (2 - 1)) ℝ := fixedField D a m 2 plane Sq f
Gcoh : ℕ :=
  NativeActualNewCutBudget.coherenceCharge Kcoh 2 g meshAngularConstant rowConstant r loss (rankLoss eta0 c 1)
    (r ^ (-2 * epsilonGraph)) extremalExponent fun k => 64 / ↑(2 ^ depths k)
Ctotal : ℝ := quotientCost q * ↑Gcoh * ↑(8 * R0 * 53 ^ (4 * Ksupport) * 8 ^ 4)
xi : Index → EuclideanSpace ℝ (Fin 2)
Spre U T : Finset (Fin n × Index)
Fcfg : ℤ → Matrix (Fin 2) (Fin 1) ℝ
Q3 : ℕ := NativeSourceSizeBounds.radix (#U) L3
F3 : ℕ := refinementCost (dExtra + 3 + 2) (Jhorizontal + 1) L3
CX : ℝ := Ctotal / quotientCost q * sorry
⊢ 1 ≤ ?m.2118 RelOld u R0 depths supportDepths extras p Hp Hgraph P0 hP0 hd f xi Spre U T Fcfg
/workspace/shared/sticky-recovery-20261006/live/Theorems/Thm_StickyKakeya4_native_actual_reference_one_T.lean:272:23: error: unsolved goals
n g L dOld dExtra Jhorizontal L3 : ℕ
D : FiniteScaleSource n
eta zeta seed tau e a eta0 c c2 r q epsilonGraph : ℝ
h : IsWangZakharovNativeFiniteInput D eta
htau : 0 < tau
ref : Reference h tau htau seed e zeta L g
ha : a = ref.a
Kcoh Ksupport Kupper Khalf : ℕ
loss seedCap deltaUpper : ℝ
hc : 0 < c
hc1 : c ≤ 1
Hupper : HasUpperEngine Kupper (c ^ 3 / 8) loss seedCap deltaUpper
Hcaller1 : HasCallerUniformities ref (factory g Kupper)
heta : 0 ≤ eta
hzeta : 0 ≤ zeta
hetaSeed : eta ≤ seed / 8
hzseed : zeta ≤ seed / 256
hseedCap : seed ≤ seedCap
hUpperSmall : D.thickness ≤ deltaUpper
he0 : 0 < eta0
hcUnit : c ≤ 1 / (eta0 + 1)
hr : 0 < r
hr1 : r ≤ 1
hrdelta : r ≤ D.thickness ^ cutoff c 1
htauHalf : tau ≤ 1 / 2
hTau : tau ≤ commonBudget eta0 c / 1024
hTauHistory : tau ≤ commonBudget eta0 c / (1000 * (↑(2 * Khalf) + 1))
hseed : seed ≤ tau / 16384
hc2 : c2 = commonBudget eta0 c / 4
hg : 0 < g
hgrid : 1 / ↑g < rankWindow tau / 4
j : Fin (g + 1)
hstop18 : 18 ≤ ↑(ref.schedule j)
hstopCap : ↑(ref.schedule j) ≤ ref.level / 4
hidentity : 48 * ↑(2 ^ ↑(ref.schedule j)) * r = 1
hdelta : 64 * D.thickness ≤ r ^ 2
hExtraSmall : D.thickness ≤ NativeHistoryDimensionRange.extraCutoff c hc hc1 g
heGraph : 0 < epsilonGraph
heGraphHalf : epsilonGraph ≤ 1 / 2
heSmall : eta0 ≤ epsilonGraph
hcSmall : c ≤ epsilonGraph / 24
hKhalf : 0 < Khalf
hq : 0 < q
hq1 : q ≤ 1
hqraw : r ^ (2 * c) / (2 * D.thickness ^ (-(1 / ↑g))) ≤ q
hError : D.thickness ^ (cutoff c 1 * epsilonGraph / 2) ≤ 1 / errorConstant
E2 : Finset (Fin n × Index)
h21 : E2 ⊆ ref.E1
hE2n : E2.Nonempty
F2 G Q2 Lgrain : ℕ
hG : 0 < G
hGF : G ≤ F2
H2 : 125 * 175616 * 16384 * ↑F2 * ↑Q2 ^ 2 * D.thickness ^ (-eta) ≤ D.thickness ^ (-c2)
epsilonPaid deltaBudget : ℝ
Hbudget : HasBudget epsilonPaid eta0 c g Khalf (dExtra + 3) Jhorizontal L3 deltaBudget
hBudgetSmall : D.thickness ≤ deltaBudget
points S0 : Finset Index
hPoints : points ⊆ S0
hMass : r ^ (5 * rankLoss eta0 c 1) * ↑(#E2) ≤ ↑(WeightedRichDirectionalLayers.mass points (pointWeight E2))
point : Index → Index
tuple : Index → Fin 2 → Fin n × Index
anchor : Index → Fin 2 → Fin n
oldPlane : Index → Submodule ℝ E4
hOld : ∀ k ∈ S0, Module.finrank ℝ ↥(oldPlane k) = 2
hNear : ∀ z ∈ E2, Metric.infDist (slopeVector D z.1) ↑(oldPlane z.2) ≤ r
m : ℕ := middleDepth ↑(ref.schedule j)
F1 : ℕ := factor ref.dimension (g + 1) L
lambda : ℝ := r ^ rankLoss eta0 c 1 / (4 * (↑g + 1))
W : ℝ := ↑(WeightedRichDirectionalLayers.mass points (pointWeight E2))
population : ℝ := lambda * W / (2 * ↑F1 * ↑G * ↑(#E2)) * D.thickness ^ eta
retain : ℝ := population / rowConstant
PL : ℝ :=
  profileLower D.thickness population (columnEpsilon D.thickness lambda (seed / 8) c2) tau (seed / 8)
    (min (NativeAllTwoScaleConfiguration.boundaryWindow tau) (tau / 16 / 1000))
PU : ℝ := profileUpper D.thickness (columnEpsilon D.thickness lambda (seed / 8) c2) tau
plane : Index → Submodule ℝ E4 := nodePlane D tuple
threshold : ℝ := ↑(#(cutEdges E2 points)) / (2 * ↑(#(image (mixedLabel D a m plane 2) (cutEdges E2 points))))
RelOld : Fin dOld → Fin n × Index → Fin n × Index → Prop
u R0 : ℕ
depths : Fin Kcoh → ℕ
supportDepths : Fin Ksupport → ℕ
extras :
  Parent →
    Finset (Fin n × Index) →
      (P : Submodule ℝ E4) →
        P ≤ heightKernel →
          Module.finrank ℝ ↥P = 1 →
            (ℤ → Matrix (Fin 2) (Fin 1) ℝ) →
              (ℤ → Matrix (Fin 2) (Fin 1) ℝ) →
                Finset (Fin n × Index) → Fin dExtra → Fin n × Index → Fin n × Index → Prop
p : Parent
Hp Hgraph : Finset (Fin n × Index)
P0 : Submodule ℝ E4
hP0 : P0 ≤ heightKernel
hd : Module.finrank ℝ ↥P0 = 1
f : ℤ → Matrix (Fin 2) (Fin 1) ℝ
Sq : Finset (Fin n × Index) :=
  NativeWeightedGrainQuotientGeometry.retained D a m 2 plane Hgraph P0 hP0 ⋯ ⋯ hd (sorry / 8)
F : ℤ → Matrix (Fin (4 - 2)) (Fin (2 - 1)) ℝ := fixedField D a m 2 plane Sq f
Gcoh : ℕ :=
  NativeActualNewCutBudget.coherenceCharge Kcoh 2 g meshAngularConstant rowConstant r loss (rankLoss eta0 c 1)
    (r ^ (-2 * epsilonGraph)) extremalExponent fun k => 64 / ↑(2 ^ depths k)
Ctotal : ℝ := quotientCost q * ↑Gcoh * ↑(8 * R0 * 53 ^ (4 * Ksupport) * 8 ^ 4)
xi : Index → EuclideanSpace ℝ (Fin 2)
Spre U T : Finset (Fin n × Index)
Fcfg : ℤ → Matrix (Fin 2) (Fin 1) ℝ
Q3 : ℕ := NativeSourceSizeBounds.radix (#U) L3
F3 : ℕ := refinementCost (dExtra + 3 + 2) (Jhorizontal + 1) L3
CX : ℝ := Ctotal / quotientCost q * sorry
⊢ ?m.2118 RelOld u R0 depths supportDepths extras p Hp Hgraph P0 hP0 hd f xi Spre U T Fcfg ≤ 4
/workspace/shared/sticky-recovery-20261006/live/Theorems/Thm_StickyKakeya4_native_actual_reference_one_T.lean:512:12: error(lean.unknownIdentifier): Unknown identifier `historyDepth`

Note: It is not possible to treat `historyDepth` as an implicitly bound variable here because the `autoImplicit` option is set to `false`.
/workspace/shared/sticky-recovery-20261006/live/Theorems/Thm_StickyKakeya4_native_actual_reference_one_T.lean:522:13: error(lean.unknownIdentifier): Unknown identifier `retentionCost`

Note: It is not possible to treat `retentionCost` as an implicitly bound variable here because the `autoImplicit` option is set to `false`.
/workspace/shared/sticky-recovery-20261006/live/Theorems/Thm_StickyKakeya4_native_actual_reference_one_T.lean:572:40: error(lean.unknownIdentifier): Unknown identifier `physicalMesh`

Note: It is not possible to treat `physicalMesh` as an implicitly bound variable here because the `autoImplicit` option is set to `false`.
/workspace/shared/sticky-recovery-20261006/live/Theorems/Thm_StickyKakeya4_native_actual_reference_one_T.lean:589:40: error(lean.unknownIdentifier): Unknown identifier `fiberCoefficient`

Note: It is not possible to treat `fiberCoefficient` as an implicitly bound variable here because the `autoImplicit` option is set to `false`.
/workspace/shared/sticky-recovery-20261006/live/Theorems/Thm_StickyKakeya4_native_actual_reference_one_T.lean:594:9: error: unsolved goals
n g L L2 dOld dExtra Jhorizontal L3 : ℕ
D : FiniteScaleSource n
eta zeta seed tau e eta0 c c2 r✝ epsilonGraph : ℝ
h : IsWangZakharovNativeFiniteInput D eta
htau : 0 < tau
ref : Reference h tau htau seed e zeta L g
Kcoh Ksupport Kupper Khalf : ℕ
loss seedCap deltaUpper : ℝ
hc : 0 < c
hc1 : c ≤ 1
Hupper : HasUpperEngine Kupper (c ^ 3 / 8) loss seedCap deltaUpper
Hcaller1 : HasCallerUniformities ref (factory g Kupper)
heta : 0 ≤ eta
hzeta : 0 ≤ zeta
hetaSeed : eta ≤ seed / 8
hzseed : zeta ≤ seed / 256
hseedCap : seed ≤ seedCap
hUpperSmall : D.thickness ≤ deltaUpper
he0 : 0 < eta0
hcUnit : c ≤ 1 / (eta0 + 1)
hr : 0 < r✝
hr1 : r✝ ≤ 1
hrdelta : r✝ ≤ D.thickness ^ cutoff c 1
htauHalf : tau ≤ 1 / 2
hTau : tau ≤ commonBudget eta0 c / 1024
hTauHistory : tau ≤ commonBudget eta0 c / (1000 * (↑(2 * Khalf) + 1))
hseed : seed ≤ tau / 16384
hc2 : c2 = commonBudget eta0 c / 4
hg : 0 < g
hgrid : 1 / ↑g < rankWindow tau / 4
j : Fin (g + 1)
hstop18 : 18 ≤ ↑(ref.schedule j)
hstopCap : ↑(ref.schedule j) ≤ ref.level / 4
hidentity : 48 * ↑(2 ^ ↑(ref.schedule j)) * r✝ = 1
hdelta : 64 * D.thickness ≤ r✝ ^ 2
hExtraSmall : D.thickness ≤ NativeHistoryDimensionRange.extraCutoff c hc hc1 g
heGraph : 0 < epsilonGraph
heGraphHalf : epsilonGraph ≤ 1 / 2
heSmall : eta0 ≤ epsilonGraph
hcSmall : c ≤ epsilonGraph / 24
hKhalf : 0 < Khalf
hError : D.thickness ^ (cutoff c 1 * epsilonGraph / 2) ≤ 1 / errorConstant
epsilonPaid deltaBudget : ℝ
Hbudget : HasBudget epsilonPaid eta0 c g Khalf (dExtra + 3) Jhorizontal L3 deltaBudget
hBudgetSmall : D.thickness ≤ deltaBudget
hradius : r✝ = radius (rankWindow tau) ⋯ g ref.level j
F✝ : Finset (Fin n × Index)
hFref : F✝ ⊆ ref.E1
oldPlane : Index → Submodule ℝ E4
hNearF : ∀ z ∈ F✝, Metric.infDist (slopeVector D z.1) ↑(oldPlane z.2) ≤ r✝
selected : Fin (2 * Khalf)
hmid : sorry = middleDepth ↑(ref.schedule j)
RelOld : Fin dOld → Fin n × Index → Fin n × Index → Prop
Hstage :
  HasXYStage h ref.original ref.R ref.E1 F✝ oldPlane ref.a ref.level ref.schedule ref.dimension L L2 eta0 c tau seed
    zeta htau c2 1 j selected Jhorizontal (dExtra + 3) L3 Khalf epsilonGraph
    (NativeParentOriginalPointMenu.relations D ref.a (middleDepth ↑(ref.schedule j)) RelOld)
m : ℕ := middleDepth ↑(ref.schedule j)
r : ℝ := radius (rankWindow tau) ⋯ g ref.level j
lambda : ℝ := r ^ rankLoss eta0 c 1 / (4 * (↑g + 1))
F1 : ℕ := factor ref.dimension (g + 1) L
G : ℕ := sorry
F2 : ℕ := factor (secondDimension g dOld Jhorizontal Khalf) 1 L2
Q2 : ℕ := NativeSourceSizeBounds.radix (#F✝) L2
q : ℝ
E2 : Finset (Fin n × Index)
points S0 : Finset Index
point : Index → Index
tuple : Index → Fin 2 → Fin n × Index
anchor : Index → Fin 2 → Fin n
Lgrain : ℕ
W : ℝ := ↑(WeightedRichDirectionalLayers.mass points (pointWeight E2))
population : ℝ := lambda * W / (2 * ↑F1 * ↑G * ↑(#E2)) * D.thickness ^ eta
retain : ℝ := population / rowConstant
PL : ℝ :=
  profileLower D.thickness population (columnEpsilon D.thickness lambda (seed / 8) c2) tau (seed / 8)
    (min (NativeAllTwoScaleConfiguration.boundaryWindow tau) (tau / 16 / 1000))
PU : ℝ := profileUpper D.thickness (columnEpsilon D.thickness lambda (seed / 8) c2) tau
plane : Index → Submodule ℝ E4 := nodePlane D tuple
threshold : ℝ := ↑(#(cutEdges E2 points)) / (2 * ↑(#(image (mixedLabel D ref.a m plane 2) (cutEdges E2 points))))
u R0 : ℕ
depths : Fin Kcoh → ℕ
supportDepths : Fin Ksupport → ℕ
extras :
  Parent →
    Finset (Fin n × Index) →
      (P : Submodule ℝ E4) →
        P ≤ heightKernel →
          Module.finrank ℝ ↥P = 1 →
            (ℤ → Matrix (Fin 2) (Fin 1) ℝ) →
              (ℤ → Matrix (Fin 2) (Fin 1) ℝ) →
                Finset (Fin n × Index) → Fin dExtra → Fin n × Index → Fin n × Index → Prop
p : Parent
Hp Hgraph : Finset (Fin n × Index)
P0 : Submodule ℝ E4
hP0 : P0 ≤ heightKernel
hd : Module.finrank ℝ ↥P0 = 1
f : ℤ → Matrix (Fin 2) (Fin 1) ℝ
Sq : Finset (Fin n × Index) :=
  NativeWeightedGrainQuotientGeometry.retained D ref.a m 2 plane Hgraph P0 hP0 ⋯ ⋯ hd (sorry / 8)
F : ℤ → Matrix (Fin (4 - 2)) (Fin (2 - 1)) ℝ := fixedField D ref.a m 2 plane Sq f
Gcoh : ℕ :=
  NativeActualNewCutBudget.coherenceCharge Kcoh 2 g meshAngularConstant rowConstant r loss (rankLoss eta0 c 1)
    (r ^ (-2 * epsilonGraph)) extremalExponent fun k => 64 / ↑(2 ^ depths k)
Ctotal : ℝ := quotientCost q * ↑Gcoh * ↑(8 * R0 * 53 ^ (4 * Ksupport) * 8 ^ 4)
xi : Index → EuclideanSpace ℝ (Fin 2)
Spre U T : Finset (Fin n × Index)
Fcfg : ℤ → Matrix (Fin 2) (Fin 1) ℝ
Q3 : ℕ := NativeSourceSizeBounds.radix (#U) L3
F3 : ℕ := refinementCost (dExtra + 3 + 2) (Jhorizontal + 1) L3
CX : ℝ := Ctotal / quotientCost q * sorry
⊢ 1 ≤
    ?m.2869 q E2 points S0 point tuple anchor Lgrain u R0 depths supportDepths extras p Hp Hgraph P0 hP0 hd f xi Spre U
      T Fcfg
/workspace/shared/sticky-recovery-20261006/live/Theorems/Thm_StickyKakeya4_native_actual_reference_one_T.lean:594:23: error: unsolved goals
n g L L2 dOld dExtra Jhorizontal L3 : ℕ
D : FiniteScaleSource n
eta zeta seed tau e eta0 c c2 r✝ epsilonGraph : ℝ
h : IsWangZakharovNativeFiniteInput D eta
htau : 0 < tau
ref : Reference h tau htau seed e zeta L g
Kcoh Ksupport Kupper Khalf : ℕ
loss seedCap deltaUpper : ℝ
hc : 0 < c
hc1 : c ≤ 1
Hupper : HasUpperEngine Kupper (c ^ 3 / 8) loss seedCap deltaUpper
Hcaller1 : HasCallerUniformities ref (factory g Kupper)
heta : 0 ≤ eta
hzeta : 0 ≤ zeta
hetaSeed : eta ≤ seed / 8
hzseed : zeta ≤ seed / 256
hseedCap : seed ≤ seedCap
hUpperSmall : D.thickness ≤ deltaUpper
he0 : 0 < eta0
hcUnit : c ≤ 1 / (eta0 + 1)
hr : 0 < r✝
hr1 : r✝ ≤ 1
hrdelta : r✝ ≤ D.thickness ^ cutoff c 1
htauHalf : tau ≤ 1 / 2
hTau : tau ≤ commonBudget eta0 c / 1024
hTauHistory : tau ≤ commonBudget eta0 c / (1000 * (↑(2 * Khalf) + 1))
hseed : seed ≤ tau / 16384
hc2 : c2 = commonBudget eta0 c / 4
hg : 0 < g
hgrid : 1 / ↑g < rankWindow tau / 4
j : Fin (g + 1)
hstop18 : 18 ≤ ↑(ref.schedule j)
hstopCap : ↑(ref.schedule j) ≤ ref.level / 4
hidentity : 48 * ↑(2 ^ ↑(ref.schedule j)) * r✝ = 1
hdelta : 64 * D.thickness ≤ r✝ ^ 2
hExtraSmall : D.thickness ≤ NativeHistoryDimensionRange.extraCutoff c hc hc1 g
heGraph : 0 < epsilonGraph
heGraphHalf : epsilonGraph ≤ 1 / 2
heSmall : eta0 ≤ epsilonGraph
hcSmall : c ≤ epsilonGraph / 24
hKhalf : 0 < Khalf
hError : D.thickness ^ (cutoff c 1 * epsilonGraph / 2) ≤ 1 / errorConstant
epsilonPaid deltaBudget : ℝ
Hbudget : HasBudget epsilonPaid eta0 c g Khalf (dExtra + 3) Jhorizontal L3 deltaBudget
hBudgetSmall : D.thickness ≤ deltaBudget
hradius : r✝ = radius (rankWindow tau) ⋯ g ref.level j
F✝ : Finset (Fin n × Index)
hFref : F✝ ⊆ ref.E1
oldPlane : Index → Submodule ℝ E4
hNearF : ∀ z ∈ F✝, Metric.infDist (slopeVector D z.1) ↑(oldPlane z.2) ≤ r✝
selected : Fin (2 * Khalf)
hmid : sorry = middleDepth ↑(ref.schedule j)
RelOld : Fin dOld → Fin n × Index → Fin n × Index → Prop
Hstage :
  HasXYStage h ref.original ref.R ref.E1 F✝ oldPlane ref.a ref.level ref.schedule ref.dimension L L2 eta0 c tau seed
    zeta htau c2 1 j selected Jhorizontal (dExtra + 3) L3 Khalf epsilonGraph
    (NativeParentOriginalPointMenu.relations D ref.a (middleDepth ↑(ref.schedule j)) RelOld)
m : ℕ := middleDepth ↑(ref.schedule j)
r : ℝ := radius (rankWindow tau) ⋯ g ref.level j
lambda : ℝ := r ^ rankLoss eta0 c 1 / (4 * (↑g + 1))
F1 : ℕ := factor ref.dimension (g + 1) L
G : ℕ := sorry
F2 : ℕ := factor (secondDimension g dOld Jhorizontal Khalf) 1 L2
Q2 : ℕ := NativeSourceSizeBounds.radix (#F✝) L2
q : ℝ
E2 : Finset (Fin n × Index)
points S0 : Finset Index
point : Index → Index
tuple : Index → Fin 2 → Fin n × Index
anchor : Index → Fin 2 → Fin n
Lgrain : ℕ
W : ℝ := ↑(WeightedRichDirectionalLayers.mass points (pointWeight E2))
population : ℝ := lambda * W / (2 * ↑F1 * ↑G * ↑(#E2)) * D.thickness ^ eta
retain : ℝ := population / rowConstant
PL : ℝ :=
  profileLower D.thickness population (columnEpsilon D.thickness lambda (seed / 8) c2) tau (seed / 8)
    (min (NativeAllTwoScaleConfiguration.boundaryWindow tau) (tau / 16 / 1000))
PU : ℝ := profileUpper D.thickness (columnEpsilon D.thickness lambda (seed / 8) c2) tau
plane : Index → Submodule ℝ E4 := nodePlane D tuple
threshold : ℝ := ↑(#(cutEdges E2 points)) / (2 * ↑(#(image (mixedLabel D ref.a m plane 2) (cutEdges E2 points))))
u R0 : ℕ
depths : Fin Kcoh → ℕ
supportDepths : Fin Ksupport → ℕ
extras :
  Parent →
    Finset (Fin n × Index) →
      (P : Submodule ℝ E4) →
        P ≤ heightKernel →
          Module.finrank ℝ ↥P = 1 →
            (ℤ → Matrix (Fin 2) (Fin 1) ℝ) →
              (ℤ → Matrix (Fin 2) (Fin 1) ℝ) →
                Finset (Fin n × Index) → Fin dExtra → Fin n × Index → Fin n × Index → Prop
p : Parent
Hp Hgraph : Finset (Fin n × Index)
P0 : Submodule ℝ E4
hP0 : P0 ≤ heightKernel
hd : Module.finrank ℝ ↥P0 = 1
f : ℤ → Matrix (Fin 2) (Fin 1) ℝ
Sq : Finset (Fin n × Index) :=
  NativeWeightedGrainQuotientGeometry.retained D ref.a m 2 plane Hgraph P0 hP0 ⋯ ⋯ hd (sorry / 8)
F : ℤ → Matrix (Fin (4 - 2)) (Fin (2 - 1)) ℝ := fixedField D ref.a m 2 plane Sq f
Gcoh : ℕ :=
  NativeActualNewCutBudget.coherenceCharge Kcoh 2 g meshAngularConstant rowConstant r loss (rankLoss eta0 c 1)
    (r ^ (-2 * epsilonGraph)) extremalExponent fun k => 64 / ↑(2 ^ depths k)
Ctotal : ℝ := quotientCost q * ↑Gcoh * ↑(8 * R0 * 53 ^ (4 * Ksupport) * 8 ^ 4)
xi : Index → EuclideanSpace ℝ (Fin 2)
Spre U T : Finset (Fin n × Index)
Fcfg : ℤ → Matrix (Fin 2) (Fin 1) ℝ
Q3 : ℕ := NativeSourceSizeBounds.radix (#U) L3
F3 : ℕ := refinementCost (dExtra + 3 + 2) (Jhorizontal + 1) L3
CX : ℝ := Ctotal / quotientCost q * sorry
⊢ ?m.2869 q E2 points S0 point tuple anchor Lgrain u R0 depths supportDepths extras p Hp Hgraph P0 hP0 hd f xi Spre U T
      Fcfg ≤
    4
LEAN_FINISHED_UTC 2026-10-06T20:53:54.734371+00:00 EXIT_CODE=1

EXIT_CODE=1
