COMMAND ["flock", "/workspace/scratch/5f2524fd4117/4dstickykakeya/.lake/staging-lean.lock", "python3", "/workspace/shared/sticky-recovery-20261005/staging_third_slot.py", "--lock-file", "/workspace/scratch/5f2524fd4117/4dstickykakeya/.lake/global-lean-locks/3.lock", "--", "/workspace/scratch/5f2524fd4117/lean-tools/lean-4.33.1-linux/bin/lean", "-j1", "-DautoImplicit=false", "-DwarningAsError=true", "-R", "/workspace/shared/sticky-recovery-20261005/verification/axiom-batch-20261005T144859608669", "/workspace/shared/sticky-recovery-20261005/verification/axiom-batch-20261005T144859608669/AggregateReadback.lean"]
READBACK_SHA256 6c2869316a76f7d3e4ebdc5e8ab4dd7244a001241a80e00f34d0135c988ec198
Dedicated staging slot 3 acquired UTC: 2026-10-05T14:49:00.387773+00:00
Memory at admission: MemTotal:       10206508 kB; MemAvailable:    8767156 kB
'NativeActualDimensionRangeConfiguration.exists_actual_dimension_range_configuration' depends on axioms: [propext,
 Classical.choice,
 Quot.sound]
'NativeActualDimensionRangeConfiguration.extremalExponent_le_two' depends on axioms: [propext,
 Classical.choice,
 Quot.sound]
'NativeAnisotropicColumnCapacity.column_height_fiber_card_le' depends on axioms: [propext, Classical.choice, Quot.sound]
'NativeAnisotropicColumnCapacity.column_vertices_card_le' depends on axioms: [propext, Classical.choice, Quot.sound]
'NativeAnisotropicColumnCapacity.column_vertices_card_le_mul' depends on axioms: [propext, Classical.choice, Quot.sound]
'NativeAnisotropicColumnCapacity.dyadic_column_vertices_card_le' depends on axioms: [propext,
 Classical.choice,
 Quot.sound]
'NativeAnisotropicColumnCapacity.dyadic_height_eq' depends on axioms: [propext, Classical.choice, Quot.sound]
'NativeAnisotropicColumnCapacity.heightMenu' depends on axioms: [propext, Classical.choice, Quot.sound]
'NativeAnisotropicColumnCapacity.heightMenu_card' depends on axioms: [propext, Classical.choice, Quot.sound]
'NativeAnisotropicColumnCapacity.same_column_height_mem_menu' depends on axioms: [propext, Classical.choice, Quot.sound]
'NativeAnisotropicColumnCapacity.same_column_same_height_mem_halo' depends on axioms: [propext,
 Classical.choice,
 Quot.sound]
'NativeAnisotropicColumnMenus.columnHalo_symm' depends on axioms: [propext, Classical.choice, Quot.sound]
'NativeAnisotropicColumnMenus.columnHalo_trans' depends on axioms: [propext, Classical.choice, Quot.sound]
'NativeAnisotropicColumnMenus.same_column_height_close' depends on axioms: [propext, Classical.choice, Quot.sound]
'NativeAnisotropicColumnMenus.same_column_same_height_spatial_close' depends on axioms: [propext,
 Classical.choice,
 Quot.sound]
'NativeAnisotropicColumnMenus.same_floor_width_close' depends on axioms: [propext, Classical.choice, Quot.sound]
'NativeAnisotropicColumnMenus.same_raw_column_mem_halo' depends on axioms: [propext, Classical.choice, Quot.sound]
'NativeRawShadowPairComparison.image_multiplicity_le_of_card_bounds' depends on axioms: [propext,
 Classical.choice,
 Quot.sound]
'NativeRawShadowPairComparison.pair_image_card_le_of_point_comparison' depends on axioms: [propext,
 Classical.choice,
 Quot.sound]
'NativeRawShadowPairComparison.pair_image_card_of_constant' depends on axioms: [propext, Classical.choice, Quot.sound]
'NativeRawShadowPairComparison.rawPair' depends on axioms: [propext, Classical.choice, Quot.sound]
'NativeRawShadowPairComparison.same_R_full_source_multiplicity_comparison' depends on axioms: [propext,
 Classical.choice,
 Quot.sound]
'NativeRawShadowPairComparison.same_R_multiplicity_comparison' depends on axioms: [propext,
 Classical.choice,
 Quot.sound]
'NativeRawShadowPairComparison.same_R_pair_image_card_comparison' depends on axioms: [propext,
 Classical.choice,
 Quot.sound]

EXIT_CODE=0
