COMMAND ["python", "/workspace/shared/sticky-recovery-20261006/run_locked_lean.py", "/workspace/shared/sticky-recovery-20261006/global-lean-locks/import-batch-20261006T2121.lock", "/workspace/shared/sticky-recovery-20261006/global-lean-locks/2.lock", "/workspace/scratch/5f2524fd4117/lean-tools/lean-4.33.1-linux/bin/lean", "-j1", "-DautoImplicit=false", "-DwarningAsError=true", "-R", "/workspace/shared/sticky-recovery-20261006/verification/import-batch-20261006T2121", "/workspace/shared/sticky-recovery-20261006/verification/import-batch-20261006T2121/Readback.lean"]
LOCK_ACQUIRED_UTC 2026-10-06T21:21:20.007327+00:00
SHARED_SLOT 2
LEAN_PID 58
'NativeActualPhaseHeightPopulation.actual_full_phase_card' depends on axioms: [propext, Classical.choice, Quot.sound]
'NativeActualPhaseHeightPopulation.relative_parent_mem_full' depends on axioms: [propext, Classical.choice, Quot.sound]
'NativeActualMassiveOldPhase.image_card_le_sum_fiber_images' depends on axioms: [propext, Classical.choice, Quot.sound]
'NativeActualMassiveOldPhase.graph_filter_relative_phase' depends on axioms: [propext, Classical.choice, Quot.sound]
'NativeActualMassiveOldPhase.from_original_reference_same_Q' depends on axioms: [propext, Classical.choice, Quot.sound]
'NativeRememberedSourceShading.count_to_mass' depends on axioms: [propext, Classical.choice, Quot.sound]
'NativeRememberedSourceShading.select_height_and_shading' depends on axioms: [propext, Classical.choice, Quot.sound]
'NativeRememberedSourceRealization.phaseConstant' depends on axioms: [propext, Classical.choice, Quot.sound]
'NativeRememberedSourceRealization.massive_phase_payment' depends on axioms: [propext, Classical.choice, Quot.sound]
'NativeRememberedSourceRealization.power_payment' depends on axioms: [propext, Classical.choice, Quot.sound]
'NativeRememberedSourceRealization.exists_same_Q_source' depends on axioms: [propext, Classical.choice, Quot.sound]
'NativeRememberedSourceAdmission.native_of_selected_shading' depends on axioms: [propext, Classical.choice, Quot.sound]
'NativeConfiguredLowerQuotientReadback.lowerQuotient' depends on axioms: [propext, Classical.choice, Quot.sound]
'NativeConfiguredLowerQuotientReadback.graphGrid_quotient' depends on axioms: [propext, Classical.choice, Quot.sound]
'NativeConfiguredLowerQuotientReadback.coarse_height_readback' depends on axioms: [propext,
 Classical.choice,
 Quot.sound]
'NativeConfiguredLowerQuotientReadback.point_quotient_readback' depends on axioms: [propext,
 Classical.choice,
 Quot.sound]
'NativeConfiguredLowerQuotientReadback.lowerQuotient_dist' depends on axioms: [propext, Classical.choice, Quot.sound]
'NativeConfiguredLowerQuotientReadback.key_center_dist_of_same_coarse_height' depends on axioms: [propext,
 Classical.choice,
 Quot.sound]
'NativeConfiguredLowerQuotientReadback.key_center_dist_of_same_old_height' depends on axioms: [propext,
 Classical.choice,
 Quot.sound]
LEAN_FINISHED_UTC 2026-10-06T21:22:15.324832+00:00 EXIT_CODE=0

EXIT_CODE=0
