Theorems/Thm_StickyKakeya4_native_conditional_angular_count_transfer.lean:46: trailing whitespace.
+  have hLabels : E.image (fun z => physicalCell D a (2^(m+t-6)) (2^(s-t+6)) q z.2)⊆ 
Theorems/Thm_StickyKakeya4_native_conditional_angular_count_transfer.lean:60: trailing whitespace.
+      have hsub : angularMenu D a (m+t-6) (2^(s-t+6)) q E v⊆ 
Theorems/Thm_StickyKakeya4_native_conditional_angular_power_budget.lean:58: trailing whitespace.
+    (Q:ℝ)^4*localThickness^(-budget)*(rho/sigma)^(-kappa-epsilon)≤ 
Theorems/Thm_StickyKakeya4_native_conditional_angular_scale_readback.lean:40: trailing whitespace.
+      ((((2^b:ℕ):ℝ)*delta/64)/(1/((2^u:ℕ):ℝ)))≤ 
Theorems/Thm_StickyKakeya4_native_conditional_coarse_bounds.lean:35: trailing whitespace.
+    (NativeFiniteKakeyaCounts.multiplicity (NativeFullCoarseShadow.fullSource h R a level f E)).toReal  ≤ 
Theorems/Thm_StickyKakeya4_native_conditional_coarse_bounds.lean:74: trailing whitespace.
+    (hparent : D.thickness^seed*(((2^m:ℕ):ℝ)*D.thickness/64)^(-kappa)  ≤ 
Theorems/Thm_StickyKakeya4_native_conditional_coarse_bounds.lean:77: trailing whitespace.
+      multiplicity (parentEdges D a (2^f) E q)  ≤ 
Theorems/Thm_StickyKakeya4_native_conditional_coarse_bounds.lean:82: trailing whitespace.
+    D.thickness^(2*seed+2*gamma)*(64/((2^(f-m+6):ℕ):ℝ))^(-kappa)  ≤ 
Theorems/Thm_StickyKakeya4_native_conditional_relative_upper.lean:47: trailing whitespace.
+                  (NativeFiniteKakeyaCounts.multiplicity (NativeFullCoarseShadow.fullSource h R a level f E)).toReal  ≤ 
Theorems/Thm_StickyKakeya4_native_conditional_relative_upper.lean:92: trailing whitespace.
+  have hMuC' : NativeFiniteKakeyaCounts.multiplicity C  ≤ 
Theorems/Thm_StickyKakeya4_native_conditional_relative_upper.lean:94: trailing whitespace.
+  have hCross : (ENNReal.ofReal S.thickness).rpow aRel*NativeFiniteKakeyaCounts.multiplicity Rel  ≤ 
Theorems/Thm_StickyKakeya4_native_conditional_relative_upper.lean:102: trailing whitespace.
+  have hRelReal : (NativeFiniteKakeyaCounts.multiplicity Rel).toReal  ≤ 
Theorems/Thm_StickyKakeya4_native_conditional_relative_upper.lean:108: trailing whitespace.
+  have hRelPower : (NativeFiniteKakeyaCounts.multiplicity Rel).toReal  ≤ 
Theorems/Thm_StickyKakeya4_native_conditional_relative_upper.lean:116: trailing whitespace.
+      (NativeFullCoarseShadow.fullSource h R a level f E)).toReal  ≤ 
Theorems/Thm_StickyKakeya4_native_conditioned_pair_menu.lean:187: trailing whitespace.
+      degree (fun _ : Fin n × Index => 1) (pairRelationMenu h R a schedule Rel j) E x  ≤ 
Theorems/Thm_StickyKakeya4_native_pair_scale_budget.lean:74: trailing whitespace.
+      ((((2^m:ℕ):ℝ)*delta/64)/(1/((2^(f-m+6):ℕ):ℝ))) ≤ 
Theorems/Thm_StickyKakeya4_native_pair_scale_budget.lean:122: trailing whitespace.
+    (hchildren : ∀q∈E.image (fun z => f z.1),multiplicity (parent E f q) ≤ 
Theorems/Thm_StickyKakeya4_native_parent_angular_coarse_endpoint.lean:18: trailing whitespace.
+    ((E.image (fun z => angularCell D N (2^s) p z.1)).card:ℝ)≤ 
Theorems/Thm_StickyKakeya4_native_post_graph_slice_forget.lean:32: trailing whitespace.
+    {lambda zeta tau seed c2 : ℝ} 
Theorems/Thm_StickyKakeya4_native_post_graph_slice_forget.lean:51: trailing whitespace.
+    {lambda zeta tau seed c2 epsilon : ℝ} {selected : Fin J} 
Theorems/Thm_StickyKakeya4_native_post_graph_slice_forget.lean:63: trailing whitespace.
+    {selected : Fin J} 
Theorems/Thm_StickyKakeya4_native_raw_point_global_profiles.lean:32: trailing whitespace.
+      D.thickness^zeta*((1:ℝ)/D.thickness)^3  ≤ 
Theorems/Thm_StickyKakeya4_native_raw_point_global_profiles.lean:37: trailing whitespace.
+    (NativeFiniteKakeyaCounts.multiplicity (fullSource h R a level m E)).toReal ≤ 
Theorems/Thm_StickyKakeya4_native_raw_point_global_profiles.lean:106: trailing whitespace.
+      D.thickness^zeta*((1:ℝ)/D.thickness)^3  ≤ 
Theorems/Thm_StickyKakeya4_native_raw_point_global_profiles.lean:110: trailing whitespace.
+    D.thickness^tau*relative^(-NativeFixedCompactKakeyaExponent.extremalExponent) ≤ 
Theorems/Thm_StickyKakeya4_native_raw_point_global_profiles.lean:112: trailing whitespace.
+    (NativeFiniteKakeyaCounts.multiplicity (fullSource h R a level m E)).toReal ≤ 
Theorems/Thm_StickyKakeya4_native_raw_point_global_profiles.lean:170: trailing whitespace.
+      D.thickness^zeta*((1/((2^b:ℕ):ℝ))/D.thickness)^3  ≤ 
Theorems/Thm_StickyKakeya4_native_raw_point_global_profiles.lean:172: trailing whitespace.
+      ((R.filter (fun i => parentLabel D a (2^b) i=p)).card:ℝ)  ≤ 
Theorems/Thm_StickyKakeya4_native_raw_point_global_profiles.lean:180: trailing whitespace.
+    (rawPointCount D E m:ℝ)  ≤ 
Theorems/Thm_StickyKakeya4_native_raw_point_global_profiles.lean:186: trailing whitespace.
+      D.thickness^zeta*((1:ℝ)/D.thickness)^3  ≤ 
Theorems/Thm_StickyKakeya4_native_raw_point_global_profiles.lean:224: trailing whitespace.
+      D.thickness^zeta*((1/((2^b:ℕ):ℝ))/D.thickness)^3  ≤ 
Theorems/Thm_StickyKakeya4_native_raw_point_global_profiles.lean:226: trailing whitespace.
+      ((R.filter (fun i => parentLabel D a (2^b) i=p)).card:ℝ)  ≤ 
Theorems/Thm_StickyKakeya4_native_raw_point_global_profiles.lean:237: trailing whitespace.
+      D.thickness^zeta*((1:ℝ)/D.thickness)^3  ≤ 
Theorems/Thm_StickyKakeya4_native_raw_point_source_profiles.lean:69: trailing whitespace.
+      D.thickness^zeta*((1/((2^m:ℕ):ℝ))/D.thickness)^3  ≤ 
Theorems/Thm_StickyKakeya4_native_raw_point_source_profiles.lean:73: trailing whitespace.
+    (rawPointCount D E m:ℝ)  ≤ 
Theorems/Thm_StickyKakeya4_native_raw_point_source_profiles.lean:105: trailing whitespace.
+      ((R.filter (fun i => parentLabel D a (2^m) i=p)).card:ℝ)  ≤ 
Theorems/Thm_StickyKakeya4_native_raw_point_source_profiles.lean:111: trailing whitespace.
+      (F*43*D.thickness^(-zeta)*U*2401*(32/((2^m:ℕ):ℝ))^4)  ≤ 
Theorems/Thm_StickyKakeya4_native_raw_point_source_profiles.lean:154: trailing whitespace.
+      D.thickness^zeta*((1/((2^m:ℕ):ℝ))/D.thickness)^3  ≤ 
Theorems/Thm_StickyKakeya4_native_raw_point_source_profiles.lean:156: trailing whitespace.
+      ((R.filter (fun i => parentLabel D a (2^m) i=p)).card:ℝ)  ≤ 
Theorems/Thm_StickyKakeya4_native_raw_point_source_profiles.lean:163: trailing whitespace.
+    (rawPointCount D E m:ℝ)  ≤ 
Theorems/Thm_StickyKakeya4_native_reference_original_parent_profiles.lean:47: trailing whitespace.
+      D.thickness^tau*(localScale D.thickness m)^(-extremalExponent)≤ 
Theorems/Thm_StickyKakeya4_native_reference_original_parent_profiles.lean:49: trailing whitespace.
+      NativeIncidenceMultiplicityTower.multiplicity (parentEdges D a (2^m) E1 p)≤ 
Theorems/Thm_StickyKakeya4_native_reference_parent_complete_angular_upper.lean:33: trailing whitespace.
+          (parentEdges D a (2^m) E1 (parentLabel D a (2^m) x.1)).card≤ 
Theorems/Thm_StickyKakeya4_native_reference_parent_complete_angular_upper.lean:45: trailing whitespace.
+        ∀T⊆ E,∀q : Index,((angularMenu D a m (2^s) p T q).card:ℝ)≤ 
Theorems/Thm_StickyKakeya4_native_retained_rich_angular_rank_lower.lean:34: trailing whitespace.
+    (hmass : r^((2*(ell:ℝ)+1)*rankLoss eta0 c rank)*(E2.card:ℝ)≤ 
Theorems/Thm_StickyKakeya4_native_retained_slice_core.lean:116: trailing whitespace.
+      ∀j t,t∈(T.image point).image (classes j)  → 
Theorems/Thm_StickyKakeya4_native_same_source_angular_ball_upper.lean:40: trailing whitespace.
+          (parentEdges D a (2^(m+t-6)) E1 (parentLabel D a (2^(m+t-6)) x.1)).card≤ 
Theorems/Thm_StickyKakeya4_native_same_source_angular_ball_upper.lean:53: trailing whitespace.
+        ((E.image (fun z => angularCell D (2^m) (2^s) p z.1)).card:ℝ)≤ 
Theorems/Thm_StickyKakeya4_native_same_source_conditional_angular_upper.lean:39: trailing whitespace.
+          (parentEdges D a (2^(m+t-6)) E1 (parentLabel D a (2^(m+t-6)) x.1)).card≤ 
Theorems/Thm_StickyKakeya4_native_same_source_conditional_angular_upper.lean:52: trailing whitespace.
+        ((E.image (fun z => angularCell D (2^m) (2^s) p z.1)).card:ℝ)≤ 
Theorems/Thm_StickyKakeya4_native_saturated_ancestor_angular_lower.lean:25: trailing whitespace.
+  have hsub : (pointSet S k).filter (fun z => parentLabel D a (2^g) z.1=t)⊆ 
Theorems/Thm_StickyKakeya4_native_saturated_ancestor_angular_lower.lean:65: trailing whitespace.
+  have hAngularR : ((pointParents D a (2^(m+ell-3)) S k).card:ℝ)≤ 
Theorems/Thm_StickyKakeya4_native_saturated_angular_power_lower.lean:31: trailing whitespace.
+    delta^(-tau)*(localScale delta c)^(-kappa)≤ 
Theorems/Thm_StickyKakeya4_native_saturated_angular_power_lower.lean:113: trailing whitespace.
+    gamma*D.thickness^(2*tau+3*gap)*(64/((2^s:ℕ):ℝ))^(-extremalExponent)≤ 
Theorems/Thm_StickyKakeya4_native_saturated_angular_power_lower.lean:135: trailing whitespace.
+  have hCombined : gamma*(D.thickness^tau*(localScale D.thickness m)^(-extremalExponent))≤ 
Theorems/Thm_StickyKakeya4_native_saturated_angular_rank_budget.lean:23: trailing whitespace.
+      ((population delta eta lambda b F1 G/rowConstant)*delta^(2*tau+3*gap))≤ 
Theorems/Thm_StickyKakeya4_native_saturated_angular_rank_budget.lean:69: trailing whitespace.
+      ((population delta eta lambda b F1 G/rowConstant)*delta^(2*tau+3*gap))≤ 
Theorems/Thm_StickyKakeya4_native_saturated_source_angular_rank_lower.lean:34: trailing whitespace.
+    (hmass : r^((2*(ell:ℝ)+1)*rankLoss eta0 c rank)*(E2.card:ℝ)≤ 
Theorems/Thm_StickyKakeya4_native_saturated_source_angular_rank_lower.lean:56: trailing whitespace.
+    (64/((2^s:ℕ):ℝ))^(-extremalExponent)≤ 
Theorems/Thm_StickyKakeya4_native_saturated_source_angular_rank_lower.lean:87: trailing whitespace.
+  have hDivide : (64/((2^s:ℕ):ℝ))^(-extremalExponent)≤ 
Theorems/Thm_StickyKakeya4_native_scheduled_angular_ancestor.lean:20: trailing whitespace.
+      degree (fun _ : Fin n × Index => 1) (parentPointRel D a (2^depth)) E1 x≤ 
Theorems/Thm_StickyKakeya4_native_scheduled_angular_ancestor.lean:38: trailing whitespace.
+      degree (fun _ : Fin n × Index => 1) (parentPointRel D a (2^(schedule j).val)) E1 x≤ 
Theorems/Thm_StickyKakeya4_native_sharp_reference_angular_upper.lean:54: trailing whitespace.
+        r^((2*(ell:ℝ)+1)*rankLoss eta0 c rank)*(E2.card:ℝ)≤ 
Theorems/Thm_StickyKakeya4_native_sharp_reference_angular_upper.lean:74: trailing whitespace.
+          ((angularMenu D a m (2^s) p T q).card:ℝ)≤ 
Theorems/Thm_StickyKakeya4_native_translated_grain_height_selection.lean:142: trailing whitespace.
+    (∀x y,x∈H3 → y∈H3 → mixedLabel D a m plane ell x=mixedLabel D a m plane ell y → 
recovery/2026-10-05/recovered-frozen-1020/original-frozen-full-targets-build.log:1063: trailing whitespace.
+warning: Theorems/Ext_BrunnMinkowski.lean:250:2: Try this: 
recovery/2026-10-05/recovered-frozen-1020/original-frozen-full-targets-build.log:1075: trailing whitespace.
+warning: Theorems/Ext_BrunnMinkowski.lean:252:2: Try this: 
recovery/2026-10-05/recovered-frozen-1020/original-frozen-full-targets-build.log:1097: trailing whitespace.
+warning: Theorems/Ext_BrunnMinkowski.lean:569:4: Try this: 
recovery/2026-10-05/recovered-frozen-1020/original-frozen-full-targets-build.log:1299: trailing whitespace.
+warning: Theorems/Thm_StickyKakeya4_frostman_mass_distribution.lean:257:2: Try this: 
recovery/2026-10-05/recovered-frozen-1020/original-frozen-full-targets-build.log:1443: trailing whitespace.
+warning: Theorems/Thm_StickyKakeya4_marked_carrier_inverse.lean:37:2: Try this: 
recovery/2026-10-05/recovered-frozen-1020/original-frozen-full-targets-build.log:1455: trailing whitespace.
+warning: Theorems/Thm_StickyKakeya4_marked_carrier_inverse.lean:53:2: Try this: 
recovery/2026-10-05/recovered-frozen-1020/original-frozen-full-targets-build.log:1544: trailing whitespace.
+warning: Theorems/Thm_StickyKakeya4_wz_carrier_pruning.lean:3747:2: Try this: 
recovery/2026-10-05/recovered-frozen-1020/original-frozen-full-targets-build.log:1924: trailing whitespace.
+warning: Theorems/Thm_StickyKakeya4_contact_symplectic_edge_flow_certificate_existence.lean:1726:4: Try this: 
recovery/2026-10-05/recovered-frozen-1020/original-frozen-full-targets-build.log:1958: trailing whitespace.
+warning: Theorems/Thm_StickyKakeya4_conditioned_boundary_packet_extension.lean:34:2: Try this: 
recovery/2026-10-05/recovered-frozen-1020/original-frozen-full-targets-build.log:1970: trailing whitespace.
+warning: Theorems/Thm_StickyKakeya4_conditioned_boundary_packet_extension.lean:53:2: Try this: 
recovery/2026-10-05/recovered-frozen-1020/original-frozen-full-targets-build.log:2567: trailing whitespace.
+warning: Theorems/Thm_StickyKakeya4_old_neighbor_disintegration.lean:134:2: Try this: 
recovery/2026-10-05/recovered-frozen-1020/original-frozen-full-targets-build.log:2713: trailing whitespace.
+warning: Theorems/Thm_StickyKakeya4_time_averaged_bush.lean:110:2: Try this: 
recovery/2026-10-05/recovered-frozen-1020/original-frozen-full-targets-build.log:2725: trailing whitespace.
+warning: Theorems/Thm_StickyKakeya4_time_averaged_bush.lean:164:2: Try this: 
recovery/2026-10-05/recovered-frozen-1020/original-frozen-full-targets-build.log:2737: trailing whitespace.
+warning: Theorems/Thm_StickyKakeya4_time_averaged_bush.lean:209:2: Try this: 
recovery/2026-10-05/recovered-frozen-1020/original-frozen-full-targets-build.log:2767: trailing whitespace.
+warning: Theorems/Thm_StickyKakeya4_quantitative_bush_cover.lean:42:2: Try this: 
recovery/2026-10-05/recovered-frozen-1020/original-frozen-full-targets-build.log:2806: trailing whitespace.
+warning: Theorems/Thm_StickyKakeya4_quantitative_bush_cover.lean:130:2: Try this: 
recovery/2026-10-05/recovered-frozen-1020/original-frozen-full-targets-build.log:2818: trailing whitespace.
+warning: Theorems/Thm_StickyKakeya4_quantitative_bush_cover.lean:178:2: Try this: 
recovery/2026-10-05/recovered-frozen-1020/original-frozen-full-targets-build.log:2846: trailing whitespace.
+warning: Theorems/Thm_StickyKakeya4_quantitative_bush_cover.lean:253:2: Try this: 
recovery/2026-10-05/recovered-frozen-1020/original-frozen-full-targets-build.log:3540: trailing whitespace.
+warning: Theorems/Thm_StickyKakeya4_packing_selector_to_finite_scale_sources.lean:170:4: Try this: 
recovery/2026-10-05/recovered-frozen-1020/original-frozen-full-targets-build.log:3552: trailing whitespace.
+warning: Theorems/Thm_StickyKakeya4_packing_selector_to_finite_scale_sources.lean:337:4: Try this: 
recovery/2026-10-05/recovered-frozen-1020/original-frozen-full-targets-build.log:3629: trailing whitespace.
+warning: Theorems/Thm_StickyKakeya4_source_point_three_packet_routing.lean:132:2: Try this: 
recovery/2026-10-05/recovered-frozen-1020/original-frozen-full-targets-build.log:3696: trailing whitespace.
+  
recovery/2026-10-05/recovered-frozen-1020/original-frozen-full-targets-build.log:3698: trailing whitespace.
+    
recovery/2026-10-05/recovered-frozen-1020/original-frozen-full-targets-build.log:3718: trailing whitespace.
+warning: Theorems/Thm_StickyKakeya4_wz_readback_bookkeeping.lean:831:2: Try this: 
recovery/2026-10-05/recovered-frozen-1020/original-frozen-full-targets-build.log:3804: trailing whitespace.
+warning: Theorems/Thm_StickyKakeya4_conditioned_boundary_packet_mass.lean:41:2: Try this: 
recovery/2026-10-05/recovered-frozen-1020/original-frozen-full-targets-build.log:3816: trailing whitespace.
+warning: Theorems/Thm_StickyKakeya4_conditioned_boundary_packet_mass.lean:44:2: Try this: 
recovery/2026-10-05/recovered-frozen-1020/original-frozen-full-targets-build.log:3828: trailing whitespace.
+warning: Theorems/Thm_StickyKakeya4_conditioned_boundary_packet_mass.lean:58:2: Try this: 
recovery/2026-10-05/recovered-frozen-1020/original-frozen-full-targets-build.log:3931: trailing whitespace.
+warning: Theorems/Thm_StickyKakeya4_cover_adapted_wang_zakharov_closure.lean:1159:2: Try this: 
recovery/2026-10-05/recovered-frozen-1020/original-frozen-full-targets-build.log:3963: trailing whitespace.
+  
recovery/2026-10-05/recovered-frozen-1020/original-frozen-full-targets-build.log:3965: trailing whitespace.
+    
recovery/2026-10-05/recovered-frozen-1020/original-frozen-full-targets-build.log:3973: trailing whitespace.
+  
recovery/2026-10-05/recovered-frozen-1020/original-frozen-full-targets-build.log:3975: trailing whitespace.
+    
recovery/2026-10-05/recovered-frozen-1020/original-frozen-full-targets-build.log:3983: trailing whitespace.
+  
recovery/2026-10-05/recovered-frozen-1020/original-frozen-full-targets-build.log:3985: trailing whitespace.
+    
recovery/2026-10-05/recovered-frozen-1020/original-frozen-full-targets-build.log:4048: trailing whitespace.
+  
recovery/2026-10-05/recovered-frozen-1020/original-frozen-full-targets-build.log:4050: trailing whitespace.
+    
recovery/2026-10-05/recovered-frozen-1020/original-frozen-full-targets-build.log:4065: trailing whitespace.
+  
recovery/2026-10-05/recovered-frozen-1020/original-frozen-full-targets-build.log:4067: trailing whitespace.
+    
recovery/2026-10-05/recovered-frozen-1020/original-frozen-full-targets-build.log:4088: trailing whitespace.
+  
recovery/2026-10-05/recovered-frozen-1020/original-frozen-full-targets-build.log:4090: trailing whitespace.
+    
recovery/2026-10-05/recovered-frozen-1020/original-frozen-full-targets-build.log:4489: trailing whitespace.
+warning: Theorems/Thm_StickyKakeya4_front_countable_stopping_dichotomy.lean:60:2: Try this: 
recovery/2026-10-05/recovered-frozen-1020/original-frozen-full-targets-build.log:4501: trailing whitespace.
+warning: Theorems/Thm_StickyKakeya4_front_countable_stopping_dichotomy.lean:63:2: Try this: 
recovery/2026-10-05/recovered-frozen-1020/original-frozen-full-targets-build.log:4991: trailing whitespace.
+warning: Theorems/Thm_StickyKakeya4_vector_bush_frostman.lean:255:4: Try this: 
recovery/2026-10-05/recovered-frozen-1020/original-frozen-full-targets-build.log:5034: trailing whitespace.
+warning: Theorems/Thm_StickyKakeya4_law_level_return_budget.lean:18:2: Try this: 
recovery/2026-10-05/recovered-frozen-1020/original-frozen-full-targets-build.log:5053: trailing whitespace.
+warning: Theorems/Thm_StickyKakeya4_law_level_return_budget.lean:58:2: Try this: 
recovery/2026-10-05/recovered-frozen-1020/original-frozen-full-targets-build.log:5072: trailing whitespace.
+warning: Theorems/Thm_StickyKakeya4_law_level_return_budget.lean:246:2: Try this: 
recovery/2026-10-05/recovered-frozen-1020/original-frozen-full-targets-build.log:6082: trailing whitespace.
+  
recovery/2026-10-05/recovered-frozen-1020/original-frozen-full-targets-build.log:6084: trailing whitespace.
+    
recovery/2026-10-05/recovered-frozen-1020/original-frozen-full-targets-build.log:6110: trailing whitespace.
+  
recovery/2026-10-05/recovered-frozen-1020/original-frozen-full-targets-build.log:6112: trailing whitespace.
+    
recovery/2026-10-05/recovered-frozen-1020/original-frozen-full-targets-build.log:6414: trailing whitespace.
+  
recovery/2026-10-05/recovered-frozen-1020/original-frozen-full-targets-build.log:6416: trailing whitespace.
+    
recovery/2026-10-05/recovered-frozen-1020/original-frozen-full-targets-build.log:7270: trailing whitespace.
+  
recovery/2026-10-05/recovered-frozen-1020/original-frozen-full-targets-build.log:7272: trailing whitespace.
+    
recovery/2026-10-05/recovered-frozen-1020/original-frozen-full-targets-build.log:7388: trailing whitespace.
+  
recovery/2026-10-05/recovered-frozen-1020/original-frozen-full-targets-build.log:7390: trailing whitespace.
+    
recovery/2026-10-05/recovered-frozen-1020/original-frozen-full-targets-build.log:8580: trailing whitespace.
+  
recovery/2026-10-05/recovered-frozen-1020/original-frozen-full-targets-build.log:8582: trailing whitespace.
+    
recovery/2026-10-05/recovered-frozen-1020/original-frozen-full-targets-build.log:8590: trailing whitespace.
+  
recovery/2026-10-05/recovered-frozen-1020/original-frozen-full-targets-build.log:8592: trailing whitespace.
+    
recovery/2026-10-05/recovered-frozen-1020/original-frozen-full-targets-build.log:8600: trailing whitespace.
+  
recovery/2026-10-05/recovered-frozen-1020/original-frozen-full-targets-build.log:8602: trailing whitespace.
+    
recovery/2026-10-05/recovered-frozen-1020/original-frozen-full-targets-build.log:8610: trailing whitespace.
+  
recovery/2026-10-05/recovered-frozen-1020/original-frozen-full-targets-build.log:8612: trailing whitespace.
+    
recovery/2026-10-05/recovered-frozen-1020/original-frozen-full-targets-build.log:8620: trailing whitespace.
+  
recovery/2026-10-05/recovered-frozen-1020/original-frozen-full-targets-build.log:8622: trailing whitespace.
+    
recovery/2026-10-05/recovered-frozen-1020/original-frozen-full-targets-build.log:8630: trailing whitespace.
+  
recovery/2026-10-05/recovered-frozen-1020/original-frozen-full-targets-build.log:8632: trailing whitespace.
+    
recovery/2026-10-05/recovered-frozen-1020/original-frozen-full-targets-build.log:8652: trailing whitespace.
+  
recovery/2026-10-05/recovered-frozen-1020/original-frozen-full-targets-build.log:8654: trailing whitespace.
+    
recovery/2026-10-05/recovered-frozen-1020/original-frozen-full-targets-build.log:8662: trailing whitespace.
+  
recovery/2026-10-05/recovered-frozen-1020/original-frozen-full-targets-build.log:8664: trailing whitespace.
+    
recovery/2026-10-05/recovered-frozen-1020/original-frozen-full-targets-build.log:8672: trailing whitespace.
+  
recovery/2026-10-05/recovered-frozen-1020/original-frozen-full-targets-build.log:8674: trailing whitespace.
+    
recovery/2026-10-05/recovered-frozen-1020/original-frozen-full-targets-build.log:8920: trailing whitespace.
+warning: Theorems/Thm_StickyKakeya4_packing_piece_return_budget.lean:100:2: Try this: 
recovery/2026-10-05/recovered-frozen-1020/original-frozen-full-targets-build.log:9032: trailing whitespace.
+warning: Theorems/Thm_StickyKakeya4_quantitative_bush_resolution.lean:34:2: Try this: 
recovery/2026-10-05/recovered-frozen-1020/original-frozen-full-targets-build.log:9044: trailing whitespace.
+warning: Theorems/Thm_StickyKakeya4_quantitative_bush_resolution.lean:136:2: Try this: 
recovery/2026-10-05/recovered-frozen-1020/original-frozen-full-targets-build.log:9206: trailing whitespace.
+warning: Theorems/Thm_StickyKakeya4_vector_bush_escape.lean:79:2: Try this: 
recovery/2026-10-05/recovered-frozen-1020/original-frozen-full-targets-build.log:9382: new blank line at EOF.
recovery/2026-10-05/verified/admission-integration/admission-targets-build.log:497: trailing whitespace.
+  
recovery/2026-10-05/verified/admission-integration/admission-targets-build.log:499: trailing whitespace.
+    
recovery/2026-10-05/verified/admission-integration/admission-targets-build.log:507: trailing whitespace.
+  
recovery/2026-10-05/verified/admission-integration/admission-targets-build.log:509: trailing whitespace.
+    
recovery/2026-10-05/verified/admission-integration/admission-targets-build.log:517: trailing whitespace.
+  
recovery/2026-10-05/verified/admission-integration/admission-targets-build.log:519: trailing whitespace.
+    
recovery/2026-10-05/verified/admission-integration/admission-targets-build.log:527: trailing whitespace.
+  
recovery/2026-10-05/verified/admission-integration/admission-targets-build.log:529: trailing whitespace.
+    
recovery/2026-10-05/verified/admission-integration/admission-targets-build.log:537: trailing whitespace.
+  
recovery/2026-10-05/verified/admission-integration/admission-targets-build.log:539: trailing whitespace.
+    
recovery/2026-10-05/verified/admission-integration/admission-targets-build.log:547: trailing whitespace.
+  
recovery/2026-10-05/verified/admission-integration/admission-targets-build.log:549: trailing whitespace.
+    
recovery/2026-10-05/verified/admission-integration/admission-targets-build.log:593: trailing whitespace.
+  
recovery/2026-10-05/verified/admission-integration/admission-targets-build.log:595: trailing whitespace.
+    
recovery/2026-10-05/verified/admission-integration/admission-targets-build.log:603: trailing whitespace.
+  
recovery/2026-10-05/verified/admission-integration/admission-targets-build.log:605: trailing whitespace.
+    
recovery/2026-10-05/verified/admission-integration/admission-targets-build.log:613: trailing whitespace.
+  
recovery/2026-10-05/verified/admission-integration/admission-targets-build.log:615: trailing whitespace.
+    
recovery/2026-10-05/verified/admission-integration/admission-targets-build.log:915: trailing whitespace.
+warning: Theorems/Thm_StickyKakeya4_frostman_mass_distribution.lean:257:2: Try this: 
recovery/2026-10-05/verified/admission-integration/admission-targets-build.log:1076: trailing whitespace.
+warning: Theorems/Thm_StickyKakeya4_marked_carrier_inverse.lean:37:2: Try this: 
recovery/2026-10-05/verified/admission-integration/admission-targets-build.log:1088: trailing whitespace.
+warning: Theorems/Thm_StickyKakeya4_marked_carrier_inverse.lean:53:2: Try this: 
recovery/2026-10-05/verified/admission-integration/admission-targets-build.log:1177: trailing whitespace.
+warning: Theorems/Thm_StickyKakeya4_wz_carrier_pruning.lean:3747:2: Try this: 
recovery/2026-10-05/verified/admission-integration/admission-targets-build.log:1394: trailing whitespace.
+  
recovery/2026-10-05/verified/admission-integration/admission-targets-build.log:1396: trailing whitespace.
+    
recovery/2026-10-05/verified/admission-integration/admission-targets-build.log:1759: trailing whitespace.
+warning: Theorems/Thm_StickyKakeya4_contact_symplectic_edge_flow_certificate_existence.lean:1726:4: Try this: 
recovery/2026-10-05/verified/admission-integration/admission-targets-build.log:1793: trailing whitespace.
+warning: Theorems/Thm_StickyKakeya4_conditioned_boundary_packet_extension.lean:34:2: Try this: 
recovery/2026-10-05/verified/admission-integration/admission-targets-build.log:1805: trailing whitespace.
+warning: Theorems/Thm_StickyKakeya4_conditioned_boundary_packet_extension.lean:53:2: Try this: 
recovery/2026-10-05/verified/admission-integration/admission-targets-build.log:2479: trailing whitespace.
+  
recovery/2026-10-05/verified/admission-integration/admission-targets-build.log:2481: trailing whitespace.
+    
recovery/2026-10-05/verified/coarse-prerequisites-integration/coarse-prerequisites-targets-build.log:51: trailing whitespace.
+warning: Theorems/Thm_StickyKakeya4_frostman_mass_distribution.lean:257:2: Try this: 
recovery/2026-10-05/verified/coarse-prerequisites-integration/coarse-prerequisites-targets-build.log:212: trailing whitespace.
+warning: Theorems/Thm_StickyKakeya4_marked_carrier_inverse.lean:37:2: Try this: 
recovery/2026-10-05/verified/coarse-prerequisites-integration/coarse-prerequisites-targets-build.log:224: trailing whitespace.
+warning: Theorems/Thm_StickyKakeya4_marked_carrier_inverse.lean:53:2: Try this: 
recovery/2026-10-05/verified/coarse-prerequisites-integration/coarse-prerequisites-targets-build.log:313: trailing whitespace.
+warning: Theorems/Thm_StickyKakeya4_wz_carrier_pruning.lean:3747:2: Try this: 
recovery/2026-10-05/verified/coarse-prerequisites-integration/coarse-prerequisites-targets-build.log:638: trailing whitespace.
+  
recovery/2026-10-05/verified/coarse-prerequisites-integration/coarse-prerequisites-targets-build.log:640: trailing whitespace.
+    
recovery/2026-10-05/verified/coarse-prerequisites-integration/coarse-prerequisites-targets-build.log:666: trailing whitespace.
+  
recovery/2026-10-05/verified/coarse-prerequisites-integration/coarse-prerequisites-targets-build.log:668: trailing whitespace.
+    
recovery/2026-10-05/verified/coarse-prerequisites-integration/coarse-prerequisites-targets-build.log:910: trailing whitespace.
+warning: Theorems/Thm_StickyKakeya4_contact_symplectic_edge_flow_certificate_existence.lean:1726:4: Try this: 
recovery/2026-10-05/verified/coarse-prerequisites-integration/coarse-prerequisites-targets-build.log:944: trailing whitespace.
+warning: Theorems/Thm_StickyKakeya4_conditioned_boundary_packet_extension.lean:34:2: Try this: 
recovery/2026-10-05/verified/coarse-prerequisites-integration/coarse-prerequisites-targets-build.log:956: trailing whitespace.
+warning: Theorems/Thm_StickyKakeya4_conditioned_boundary_packet_extension.lean:53:2: Try this: 
recovery/2026-10-05/verified/coarse-prerequisites-integration/coarse-prerequisites-targets-build.log:1703: trailing whitespace.
+  
recovery/2026-10-05/verified/coarse-prerequisites-integration/coarse-prerequisites-targets-build.log:1705: trailing whitespace.
+    
recovery/2026-10-05/verified/critical-targets-build.log:487: trailing whitespace.
+  
recovery/2026-10-05/verified/critical-targets-build.log:489: trailing whitespace.
+    
recovery/2026-10-05/verified/critical-targets-build.log:497: trailing whitespace.
+  
recovery/2026-10-05/verified/critical-targets-build.log:499: trailing whitespace.
+    
recovery/2026-10-05/verified/critical-targets-build.log:507: trailing whitespace.
+  
recovery/2026-10-05/verified/critical-targets-build.log:509: trailing whitespace.
+    
recovery/2026-10-05/verified/critical-targets-build.log:517: trailing whitespace.
+  
recovery/2026-10-05/verified/critical-targets-build.log:519: trailing whitespace.
+    
recovery/2026-10-05/verified/critical-targets-build.log:527: trailing whitespace.
+  
recovery/2026-10-05/verified/critical-targets-build.log:529: trailing whitespace.
+    
recovery/2026-10-05/verified/critical-targets-build.log:537: trailing whitespace.
+  
recovery/2026-10-05/verified/critical-targets-build.log:539: trailing whitespace.
+    
recovery/2026-10-05/verified/critical-targets-build.log:559: trailing whitespace.
+  
recovery/2026-10-05/verified/critical-targets-build.log:561: trailing whitespace.
+    
recovery/2026-10-05/verified/critical-targets-build.log:569: trailing whitespace.
+  
recovery/2026-10-05/verified/critical-targets-build.log:571: trailing whitespace.
+    
recovery/2026-10-05/verified/critical-targets-build.log:579: trailing whitespace.
+  
recovery/2026-10-05/verified/critical-targets-build.log:581: trailing whitespace.
+    
recovery/2026-10-05/verified/critical-targets-build.log:893: trailing whitespace.
+warning: Theorems/Thm_StickyKakeya4_frostman_mass_distribution.lean:257:2: Try this: 
recovery/2026-10-05/verified/critical-targets-build.log:1060: trailing whitespace.
+warning: Theorems/Thm_StickyKakeya4_marked_carrier_inverse.lean:37:2: Try this: 
recovery/2026-10-05/verified/critical-targets-build.log:1072: trailing whitespace.
+warning: Theorems/Thm_StickyKakeya4_marked_carrier_inverse.lean:53:2: Try this: 
recovery/2026-10-05/verified/critical-targets-build.log:1173: trailing whitespace.
+warning: Theorems/Thm_StickyKakeya4_wz_carrier_pruning.lean:3747:2: Try this: 
recovery/2026-10-05/verified/critical-targets-build.log:1426: trailing whitespace.
+  
recovery/2026-10-05/verified/critical-targets-build.log:1428: trailing whitespace.
+    
recovery/2026-10-05/verified/critical-targets-build.log:1743: trailing whitespace.
+warning: Theorems/Thm_StickyKakeya4_contact_symplectic_edge_flow_certificate_existence.lean:1726:4: Try this: 
recovery/2026-10-05/verified/critical-targets-build.log:1777: trailing whitespace.
+warning: Theorems/Thm_StickyKakeya4_conditioned_boundary_packet_extension.lean:34:2: Try this: 
recovery/2026-10-05/verified/critical-targets-build.log:1789: trailing whitespace.
+warning: Theorems/Thm_StickyKakeya4_conditioned_boundary_packet_extension.lean:53:2: Try this: 
recovery/2026-10-05/verified/critical-targets-build.log:2457: trailing whitespace.
+  
recovery/2026-10-05/verified/critical-targets-build.log:2459: trailing whitespace.
+    
recovery/2026-10-05/verified/integration-targets-build.log:490: trailing whitespace.
+  
recovery/2026-10-05/verified/integration-targets-build.log:492: trailing whitespace.
+    
recovery/2026-10-05/verified/integration-targets-build.log:500: trailing whitespace.
+  
recovery/2026-10-05/verified/integration-targets-build.log:502: trailing whitespace.
+    
recovery/2026-10-05/verified/integration-targets-build.log:510: trailing whitespace.
+  
recovery/2026-10-05/verified/integration-targets-build.log:512: trailing whitespace.
+    
recovery/2026-10-05/verified/integration-targets-build.log:520: trailing whitespace.
+  
recovery/2026-10-05/verified/integration-targets-build.log:522: trailing whitespace.
+    
recovery/2026-10-05/verified/integration-targets-build.log:530: trailing whitespace.
+  
recovery/2026-10-05/verified/integration-targets-build.log:532: trailing whitespace.
+    
recovery/2026-10-05/verified/integration-targets-build.log:540: trailing whitespace.
+  
recovery/2026-10-05/verified/integration-targets-build.log:542: trailing whitespace.
+    
recovery/2026-10-05/verified/integration-targets-build.log:586: trailing whitespace.
+  
recovery/2026-10-05/verified/integration-targets-build.log:588: trailing whitespace.
+    
recovery/2026-10-05/verified/integration-targets-build.log:596: trailing whitespace.
+  
recovery/2026-10-05/verified/integration-targets-build.log:598: trailing whitespace.
+    
recovery/2026-10-05/verified/integration-targets-build.log:606: trailing whitespace.
+  
recovery/2026-10-05/verified/integration-targets-build.log:608: trailing whitespace.
+    
recovery/2026-10-05/verified/integration-targets-build.log:908: trailing whitespace.
+warning: Theorems/Thm_StickyKakeya4_frostman_mass_distribution.lean:257:2: Try this: 
recovery/2026-10-05/verified/integration-targets-build.log:1069: trailing whitespace.
+warning: Theorems/Thm_StickyKakeya4_marked_carrier_inverse.lean:37:2: Try this: 
recovery/2026-10-05/verified/integration-targets-build.log:1081: trailing whitespace.
+warning: Theorems/Thm_StickyKakeya4_marked_carrier_inverse.lean:53:2: Try this: 
recovery/2026-10-05/verified/integration-targets-build.log:1170: trailing whitespace.
+warning: Theorems/Thm_StickyKakeya4_wz_carrier_pruning.lean:3747:2: Try this: 
recovery/2026-10-05/verified/integration-targets-build.log:1435: trailing whitespace.
+  
recovery/2026-10-05/verified/integration-targets-build.log:1437: trailing whitespace.
+    
recovery/2026-10-05/verified/integration-targets-build.log:1752: trailing whitespace.
+warning: Theorems/Thm_StickyKakeya4_contact_symplectic_edge_flow_certificate_existence.lean:1726:4: Try this: 
recovery/2026-10-05/verified/integration-targets-build.log:1786: trailing whitespace.
+warning: Theorems/Thm_StickyKakeya4_conditioned_boundary_packet_extension.lean:34:2: Try this: 
recovery/2026-10-05/verified/integration-targets-build.log:1798: trailing whitespace.
+warning: Theorems/Thm_StickyKakeya4_conditioned_boundary_packet_extension.lean:53:2: Try this: 
recovery/2026-10-05/verified/integration-targets-build.log:2472: trailing whitespace.
+  
recovery/2026-10-05/verified/integration-targets-build.log:2474: trailing whitespace.
+    
recovery/2026-10-05/verified/native_conditional_angular_count_transfer/Thm_StickyKakeya4_native_conditional_angular_count_transfer.lean:46: trailing whitespace.
+  have hLabels : E.image (fun z => physicalCell D a (2^(m+t-6)) (2^(s-t+6)) q z.2)⊆ 
recovery/2026-10-05/verified/native_conditional_angular_count_transfer/Thm_StickyKakeya4_native_conditional_angular_count_transfer.lean:60: trailing whitespace.
+      have hsub : angularMenu D a (m+t-6) (2^(s-t+6)) q E v⊆ 
recovery/2026-10-05/verified/native_conditional_angular_power_budget/Thm_StickyKakeya4_native_conditional_angular_power_budget.lean:58: trailing whitespace.
+    (Q:ℝ)^4*localThickness^(-budget)*(rho/sigma)^(-kappa-epsilon)≤ 
recovery/2026-10-05/verified/native_conditional_angular_power_budget/source.log:7: trailing whitespace.
+  
recovery/2026-10-05/verified/native_conditional_angular_power_budget/source.log:9: trailing whitespace.
+    
recovery/2026-10-05/verified/native_conditional_angular_scale_readback/Thm_StickyKakeya4_native_conditional_angular_scale_readback.lean:40: trailing whitespace.
+      ((((2^b:ℕ):ℝ)*delta/64)/(1/((2^u:ℕ):ℝ)))≤ 
recovery/2026-10-05/verified/native_conditional_coarse_bounds/Thm_StickyKakeya4_native_conditional_coarse_bounds.lean:35: trailing whitespace.
+    (NativeFiniteKakeyaCounts.multiplicity (NativeFullCoarseShadow.fullSource h R a level f E)).toReal  ≤ 
recovery/2026-10-05/verified/native_conditional_coarse_bounds/Thm_StickyKakeya4_native_conditional_coarse_bounds.lean:74: trailing whitespace.
+    (hparent : D.thickness^seed*(((2^m:ℕ):ℝ)*D.thickness/64)^(-kappa)  ≤ 
recovery/2026-10-05/verified/native_conditional_coarse_bounds/Thm_StickyKakeya4_native_conditional_coarse_bounds.lean:77: trailing whitespace.
+      multiplicity (parentEdges D a (2^f) E q)  ≤ 
recovery/2026-10-05/verified/native_conditional_coarse_bounds/Thm_StickyKakeya4_native_conditional_coarse_bounds.lean:82: trailing whitespace.
+    D.thickness^(2*seed+2*gamma)*(64/((2^(f-m+6):ℕ):ℝ))^(-kappa)  ≤ 
recovery/2026-10-05/verified/native_conditional_relative_upper/Thm_StickyKakeya4_native_conditional_relative_upper.lean:47: trailing whitespace.
+                  (NativeFiniteKakeyaCounts.multiplicity (NativeFullCoarseShadow.fullSource h R a level f E)).toReal  ≤ 
recovery/2026-10-05/verified/native_conditional_relative_upper/Thm_StickyKakeya4_native_conditional_relative_upper.lean:92: trailing whitespace.
+  have hMuC' : NativeFiniteKakeyaCounts.multiplicity C  ≤ 
recovery/2026-10-05/verified/native_conditional_relative_upper/Thm_StickyKakeya4_native_conditional_relative_upper.lean:94: trailing whitespace.
+  have hCross : (ENNReal.ofReal S.thickness).rpow aRel*NativeFiniteKakeyaCounts.multiplicity Rel  ≤ 
recovery/2026-10-05/verified/native_conditional_relative_upper/Thm_StickyKakeya4_native_conditional_relative_upper.lean:102: trailing whitespace.
+  have hRelReal : (NativeFiniteKakeyaCounts.multiplicity Rel).toReal  ≤ 
recovery/2026-10-05/verified/native_conditional_relative_upper/Thm_StickyKakeya4_native_conditional_relative_upper.lean:108: trailing whitespace.
+  have hRelPower : (NativeFiniteKakeyaCounts.multiplicity Rel).toReal  ≤ 
recovery/2026-10-05/verified/native_conditional_relative_upper/Thm_StickyKakeya4_native_conditional_relative_upper.lean:116: trailing whitespace.
+      (NativeFullCoarseShadow.fullSource h R a level f E)).toReal  ≤ 
recovery/2026-10-05/verified/native_conditioned_pair_menu/Thm_StickyKakeya4_native_conditioned_pair_menu.lean:187: trailing whitespace.
+      degree (fun _ : Fin n × Index => 1) (pairRelationMenu h R a schedule Rel j) E x  ≤ 
recovery/2026-10-05/verified/native_paid_third_readback/source.log:7: trailing whitespace.
+  
recovery/2026-10-05/verified/native_paid_third_readback/source.log:9: trailing whitespace.
+    
recovery/2026-10-05/verified/native_pair_scale_budget/Thm_StickyKakeya4_native_pair_scale_budget.lean:74: trailing whitespace.
+      ((((2^m:ℕ):ℝ)*delta/64)/(1/((2^(f-m+6):ℕ):ℝ))) ≤ 
recovery/2026-10-05/verified/native_pair_scale_budget/Thm_StickyKakeya4_native_pair_scale_budget.lean:122: trailing whitespace.
+    (hchildren : ∀q∈E.image (fun z => f z.1),multiplicity (parent E f q) ≤ 
recovery/2026-10-05/verified/native_parent_angular_coarse_endpoint/Thm_StickyKakeya4_native_parent_angular_coarse_endpoint.lean:18: trailing whitespace.
+    ((E.image (fun z => angularCell D N (2^s) p z.1)).card:ℝ)≤ 
recovery/2026-10-05/verified/native_post_graph_slice_forget/Thm_StickyKakeya4_native_post_graph_slice_forget.lean:32: trailing whitespace.
+    {lambda zeta tau seed c2 : ℝ} 
recovery/2026-10-05/verified/native_post_graph_slice_forget/Thm_StickyKakeya4_native_post_graph_slice_forget.lean:51: trailing whitespace.
+    {lambda zeta tau seed c2 epsilon : ℝ} {selected : Fin J} 
recovery/2026-10-05/verified/native_post_graph_slice_forget/Thm_StickyKakeya4_native_post_graph_slice_forget.lean:63: trailing whitespace.
+    {selected : Fin J} 
recovery/2026-10-05/verified/native_raw_point_global_profiles/Thm_StickyKakeya4_native_raw_point_global_profiles.lean:32: trailing whitespace.
+      D.thickness^zeta*((1:ℝ)/D.thickness)^3  ≤ 
recovery/2026-10-05/verified/native_raw_point_global_profiles/Thm_StickyKakeya4_native_raw_point_global_profiles.lean:37: trailing whitespace.
+    (NativeFiniteKakeyaCounts.multiplicity (fullSource h R a level m E)).toReal ≤ 
recovery/2026-10-05/verified/native_raw_point_global_profiles/Thm_StickyKakeya4_native_raw_point_global_profiles.lean:106: trailing whitespace.
+      D.thickness^zeta*((1:ℝ)/D.thickness)^3  ≤ 
recovery/2026-10-05/verified/native_raw_point_global_profiles/Thm_StickyKakeya4_native_raw_point_global_profiles.lean:110: trailing whitespace.
+    D.thickness^tau*relative^(-NativeFixedCompactKakeyaExponent.extremalExponent) ≤ 
recovery/2026-10-05/verified/native_raw_point_global_profiles/Thm_StickyKakeya4_native_raw_point_global_profiles.lean:112: trailing whitespace.
+    (NativeFiniteKakeyaCounts.multiplicity (fullSource h R a level m E)).toReal ≤ 
recovery/2026-10-05/verified/native_raw_point_global_profiles/Thm_StickyKakeya4_native_raw_point_global_profiles.lean:170: trailing whitespace.
+      D.thickness^zeta*((1/((2^b:ℕ):ℝ))/D.thickness)^3  ≤ 
recovery/2026-10-05/verified/native_raw_point_global_profiles/Thm_StickyKakeya4_native_raw_point_global_profiles.lean:172: trailing whitespace.
+      ((R.filter (fun i => parentLabel D a (2^b) i=p)).card:ℝ)  ≤ 
recovery/2026-10-05/verified/native_raw_point_global_profiles/Thm_StickyKakeya4_native_raw_point_global_profiles.lean:180: trailing whitespace.
+    (rawPointCount D E m:ℝ)  ≤ 
recovery/2026-10-05/verified/native_raw_point_global_profiles/Thm_StickyKakeya4_native_raw_point_global_profiles.lean:186: trailing whitespace.
+      D.thickness^zeta*((1:ℝ)/D.thickness)^3  ≤ 
recovery/2026-10-05/verified/native_raw_point_global_profiles/Thm_StickyKakeya4_native_raw_point_global_profiles.lean:224: trailing whitespace.
+      D.thickness^zeta*((1/((2^b:ℕ):ℝ))/D.thickness)^3  ≤ 
recovery/2026-10-05/verified/native_raw_point_global_profiles/Thm_StickyKakeya4_native_raw_point_global_profiles.lean:226: trailing whitespace.
+      ((R.filter (fun i => parentLabel D a (2^b) i=p)).card:ℝ)  ≤ 
recovery/2026-10-05/verified/native_raw_point_global_profiles/Thm_StickyKakeya4_native_raw_point_global_profiles.lean:237: trailing whitespace.
+      D.thickness^zeta*((1:ℝ)/D.thickness)^3  ≤ 
recovery/2026-10-05/verified/native_raw_point_source_profiles/Thm_StickyKakeya4_native_raw_point_source_profiles.lean:69: trailing whitespace.
+      D.thickness^zeta*((1/((2^m:ℕ):ℝ))/D.thickness)^3  ≤ 
recovery/2026-10-05/verified/native_raw_point_source_profiles/Thm_StickyKakeya4_native_raw_point_source_profiles.lean:73: trailing whitespace.
+    (rawPointCount D E m:ℝ)  ≤ 
recovery/2026-10-05/verified/native_raw_point_source_profiles/Thm_StickyKakeya4_native_raw_point_source_profiles.lean:105: trailing whitespace.
+      ((R.filter (fun i => parentLabel D a (2^m) i=p)).card:ℝ)  ≤ 
recovery/2026-10-05/verified/native_raw_point_source_profiles/Thm_StickyKakeya4_native_raw_point_source_profiles.lean:111: trailing whitespace.
+      (F*43*D.thickness^(-zeta)*U*2401*(32/((2^m:ℕ):ℝ))^4)  ≤ 
recovery/2026-10-05/verified/native_raw_point_source_profiles/Thm_StickyKakeya4_native_raw_point_source_profiles.lean:154: trailing whitespace.
+      D.thickness^zeta*((1/((2^m:ℕ):ℝ))/D.thickness)^3  ≤ 
recovery/2026-10-05/verified/native_raw_point_source_profiles/Thm_StickyKakeya4_native_raw_point_source_profiles.lean:156: trailing whitespace.
+      ((R.filter (fun i => parentLabel D a (2^m) i=p)).card:ℝ)  ≤ 
recovery/2026-10-05/verified/native_raw_point_source_profiles/Thm_StickyKakeya4_native_raw_point_source_profiles.lean:163: trailing whitespace.
+    (rawPointCount D E m:ℝ)  ≤ 
recovery/2026-10-05/verified/native_reference_column_exponents/source.log:7: trailing whitespace.
+  
recovery/2026-10-05/verified/native_reference_column_exponents/source.log:9: trailing whitespace.
+    
recovery/2026-10-05/verified/native_reference_column_exponents/source.log:13: trailing whitespace.
+  
recovery/2026-10-05/verified/native_reference_column_exponents/source.log:15: trailing whitespace.
+    
recovery/2026-10-05/verified/native_reference_original_parent_profiles/Thm_StickyKakeya4_native_reference_original_parent_profiles.lean:47: trailing whitespace.
+      D.thickness^tau*(localScale D.thickness m)^(-extremalExponent)≤ 
recovery/2026-10-05/verified/native_reference_original_parent_profiles/Thm_StickyKakeya4_native_reference_original_parent_profiles.lean:49: trailing whitespace.
+      NativeIncidenceMultiplicityTower.multiplicity (parentEdges D a (2^m) E1 p)≤ 
recovery/2026-10-05/verified/native_reference_parent_complete_angular_upper/Thm_StickyKakeya4_native_reference_parent_complete_angular_upper.lean:33: trailing whitespace.
+          (parentEdges D a (2^m) E1 (parentLabel D a (2^m) x.1)).card≤ 
recovery/2026-10-05/verified/native_reference_parent_complete_angular_upper/Thm_StickyKakeya4_native_reference_parent_complete_angular_upper.lean:45: trailing whitespace.
+        ∀T⊆ E,∀q : Index,((angularMenu D a m (2^s) p T q).card:ℝ)≤ 
recovery/2026-10-05/verified/native_reference_slice_budget_costs/source.log:7: trailing whitespace.
+  
recovery/2026-10-05/verified/native_reference_slice_budget_costs/source.log:9: trailing whitespace.
+    
recovery/2026-10-05/verified/native_retained_rich_angular_rank_lower/Thm_StickyKakeya4_native_retained_rich_angular_rank_lower.lean:34: trailing whitespace.
+    (hmass : r^((2*(ell:ℝ)+1)*rankLoss eta0 c rank)*(E2.card:ℝ)≤ 
recovery/2026-10-05/verified/native_retained_slice_core/Thm_StickyKakeya4_native_retained_slice_core.lean:116: trailing whitespace.
+      ∀j t,t∈(T.image point).image (classes j)  → 
recovery/2026-10-05/verified/native_same_source_angular_ball_upper/Thm_StickyKakeya4_native_same_source_angular_ball_upper.lean:40: trailing whitespace.
+          (parentEdges D a (2^(m+t-6)) E1 (parentLabel D a (2^(m+t-6)) x.1)).card≤ 
recovery/2026-10-05/verified/native_same_source_angular_ball_upper/Thm_StickyKakeya4_native_same_source_angular_ball_upper.lean:53: trailing whitespace.
+        ((E.image (fun z => angularCell D (2^m) (2^s) p z.1)).card:ℝ)≤ 
recovery/2026-10-05/verified/native_same_source_conditional_angular_upper/Thm_StickyKakeya4_native_same_source_conditional_angular_upper.lean:39: trailing whitespace.
+          (parentEdges D a (2^(m+t-6)) E1 (parentLabel D a (2^(m+t-6)) x.1)).card≤ 
recovery/2026-10-05/verified/native_same_source_conditional_angular_upper/Thm_StickyKakeya4_native_same_source_conditional_angular_upper.lean:52: trailing whitespace.
+        ((E.image (fun z => angularCell D (2^m) (2^s) p z.1)).card:ℝ)≤ 
recovery/2026-10-05/verified/native_same_source_multiplicity_balance/source.log:7: trailing whitespace.
+  
recovery/2026-10-05/verified/native_same_source_multiplicity_balance/source.log:9: trailing whitespace.
+    
recovery/2026-10-05/verified/native_saturated_ancestor_angular_lower/Thm_StickyKakeya4_native_saturated_ancestor_angular_lower.lean:25: trailing whitespace.
+  have hsub : (pointSet S k).filter (fun z => parentLabel D a (2^g) z.1=t)⊆ 
recovery/2026-10-05/verified/native_saturated_ancestor_angular_lower/Thm_StickyKakeya4_native_saturated_ancestor_angular_lower.lean:65: trailing whitespace.
+  have hAngularR : ((pointParents D a (2^(m+ell-3)) S k).card:ℝ)≤ 
recovery/2026-10-05/verified/native_saturated_angular_power_lower/Thm_StickyKakeya4_native_saturated_angular_power_lower.lean:31: trailing whitespace.
+    delta^(-tau)*(localScale delta c)^(-kappa)≤ 
recovery/2026-10-05/verified/native_saturated_angular_power_lower/Thm_StickyKakeya4_native_saturated_angular_power_lower.lean:113: trailing whitespace.
+    gamma*D.thickness^(2*tau+3*gap)*(64/((2^s:ℕ):ℝ))^(-extremalExponent)≤ 
recovery/2026-10-05/verified/native_saturated_angular_power_lower/Thm_StickyKakeya4_native_saturated_angular_power_lower.lean:135: trailing whitespace.
+  have hCombined : gamma*(D.thickness^tau*(localScale D.thickness m)^(-extremalExponent))≤ 
recovery/2026-10-05/verified/native_saturated_angular_power_lower/source.log:7: trailing whitespace.
+  
recovery/2026-10-05/verified/native_saturated_angular_power_lower/source.log:9: trailing whitespace.
+    
recovery/2026-10-05/verified/native_saturated_angular_rank_budget/Thm_StickyKakeya4_native_saturated_angular_rank_budget.lean:23: trailing whitespace.
+      ((population delta eta lambda b F1 G/rowConstant)*delta^(2*tau+3*gap))≤ 
recovery/2026-10-05/verified/native_saturated_angular_rank_budget/Thm_StickyKakeya4_native_saturated_angular_rank_budget.lean:69: trailing whitespace.
+      ((population delta eta lambda b F1 G/rowConstant)*delta^(2*tau+3*gap))≤ 
recovery/2026-10-05/verified/native_saturated_source_angular_rank_lower/Thm_StickyKakeya4_native_saturated_source_angular_rank_lower.lean:34: trailing whitespace.
+    (hmass : r^((2*(ell:ℝ)+1)*rankLoss eta0 c rank)*(E2.card:ℝ)≤ 
recovery/2026-10-05/verified/native_saturated_source_angular_rank_lower/Thm_StickyKakeya4_native_saturated_source_angular_rank_lower.lean:56: trailing whitespace.
+    (64/((2^s:ℕ):ℝ))^(-extremalExponent)≤ 
recovery/2026-10-05/verified/native_saturated_source_angular_rank_lower/Thm_StickyKakeya4_native_saturated_source_angular_rank_lower.lean:87: trailing whitespace.
+  have hDivide : (64/((2^s:ℕ):ℝ))^(-extremalExponent)≤ 
recovery/2026-10-05/verified/native_scheduled_angular_ancestor/Thm_StickyKakeya4_native_scheduled_angular_ancestor.lean:20: trailing whitespace.
+      degree (fun _ : Fin n × Index => 1) (parentPointRel D a (2^depth)) E1 x≤ 
recovery/2026-10-05/verified/native_scheduled_angular_ancestor/Thm_StickyKakeya4_native_scheduled_angular_ancestor.lean:38: trailing whitespace.
+      degree (fun _ : Fin n × Index => 1) (parentPointRel D a (2^(schedule j).val)) E1 x≤ 
recovery/2026-10-05/verified/native_sharp_population_admission/source.log:7: trailing whitespace.
+  
recovery/2026-10-05/verified/native_sharp_population_admission/source.log:9: trailing whitespace.
+    
recovery/2026-10-05/verified/native_sharp_population_admission/source.log:13: trailing whitespace.
+  
recovery/2026-10-05/verified/native_sharp_population_admission/source.log:15: trailing whitespace.
+    
recovery/2026-10-05/verified/native_sharp_reference_angular_upper/Thm_StickyKakeya4_native_sharp_reference_angular_upper.lean:54: trailing whitespace.
+        r^((2*(ell:ℝ)+1)*rankLoss eta0 c rank)*(E2.card:ℝ)≤ 
recovery/2026-10-05/verified/native_sharp_reference_angular_upper/Thm_StickyKakeya4_native_sharp_reference_angular_upper.lean:74: trailing whitespace.
+          ((angularMenu D a m (2^s) p T q).card:ℝ)≤ 
recovery/2026-10-05/verified/native_small_loss_parent_budget/source.log:7: trailing whitespace.
+  
recovery/2026-10-05/verified/native_small_loss_parent_budget/source.log:9: trailing whitespace.
+    
recovery/2026-10-05/verified/native_supported_two_map_ad/source.log:7: trailing whitespace.
+  
recovery/2026-10-05/verified/native_supported_two_map_ad/source.log:9: trailing whitespace.
+    
recovery/2026-10-05/verified/native_translated_grain_height_selection/Thm_StickyKakeya4_native_translated_grain_height_selection.lean:142: trailing whitespace.
+    (∀x y,x∈H3 → y∈H3 → mixedLabel D a m plane ell x=mixedLabel D a m plane ell y → 
recovery/2026-10-05/verified/native_two_map_retained_slice_ad/source.log:7: trailing whitespace.
+  
recovery/2026-10-05/verified/native_two_map_retained_slice_ad/source.log:9: trailing whitespace.
+    
recovery/2026-10-06/restored-1559-pending-sources/work/recovered-rank-four-count/live/Theorems/Thm_StickyKakeya4_native_retained_slice_core.lean:116: trailing whitespace.
+      ∀j t,t∈(T.image point).image (classes j)  → 
