COMMAND ["python3", "/workspace/scratch/5f2524fd4117/4dstickykakeya/scripts/lean-slot.py", "--slots", "2", "--lock-dir", "/workspace/scratch/5f2524fd4117/4dstickykakeya/.lake/global-lean-locks", "--", "/workspace/scratch/5f2524fd4117/lean-tools/lean-4.33.1-linux/bin/lean", "-j1", "-DautoImplicit=false", "-DwarningAsError=true", "-R", "/workspace/shared/sticky-recovery-20261005/live", "/workspace/shared/sticky-recovery-20261005/live/native_actual_relative_coarse_admission_readback.lean"]
SOURCE_SHA256 09b36abc2e0352ef11314fd324f5f49d58895074e3803f5282c4b83b40524288
FIFO compiler ticket: 01791179975777498005-4a63ccc168634716910c314d61f0c650.request
FIFO compiler acquired UTC: 2026-10-05T06:02:04.891485+00:00
'NativeActualRelativeCoarseAdmission.OriginalPopulationLaw' depends on axioms: [propext, Classical.choice, Quot.sound]
'NativeActualRelativeCoarseAdmission.source_common_mesh' depends on axioms: [propext, Classical.choice, Quot.sound]
'NativeActualRelativeCoarseAdmission.source_common_height_zero' depends on axioms: [propext,
 Classical.choice,
 Quot.sound]
'NativeActualRelativeCoarseAdmission.incidences_retained_univ' depends on axioms: [propext,
 Classical.choice,
 Quot.sound]
'NativeActualRelativeCoarseAdmission.source_population_law' depends on axioms: [propext, Classical.choice, Quot.sound]
'NativeActualRelativeCoarseAdmission.actual_local_relative_coarse_admission' depends on axioms: [propext,
 Classical.choice,
 Quot.sound]
'NativeActualRelativeCoarseAdmission.actual_local_relative_full_coarse_upper' depends on axioms: [propext,
 Classical.choice,
 Quot.sound]
'NativeActualRelativeCoarseAdmission.two_step_scale_trace' depends on axioms: [propext, Classical.choice, Quot.sound]
'NativeActualRelativeCoarseAdmission.actual_relative_parameter_trace' depends on axioms: [propext,
 Classical.choice,
 Quot.sound]
'NativeActualRelativeCoarseAdmission.exists_relative_population_budget' depends on axioms: [propext,
 Classical.choice,
 Quot.sound]

EXIT_CODE=0
