COMMAND ["python", "/workspace/shared/sticky-recovery-20261006/run_locked_lean.py", "/workspace/shared/sticky-recovery-20261006/global-lean-locks/import-batch-20261006T2304.lock", "/workspace/shared/sticky-recovery-20261006/global-lean-locks/1.lock", "/workspace/scratch/5f2524fd4117/lean-tools/lean-4.33.1-linux/bin/lean", "-j1", "-DautoImplicit=false", "-DwarningAsError=true", "-R", "/workspace/shared/sticky-recovery-20261006/verification/import-batch-20261006T2304", "/workspace/shared/sticky-recovery-20261006/verification/import-batch-20261006T2304/Readback.lean"]
LOCK_ACQUIRED_UTC 2026-10-06T23:04:55.256312+00:00
SHARED_SLOT 1
LEAN_PID 58
'NativeCompactSourceCoordinateCapsDraft2218.compact_tube_point_norm' depends on axioms: [propext,
 Classical.choice,
 Quot.sound]
'NativeCompactSourceCoordinateCapsDraft2218.original_cell_center_norm' depends on axioms: [propext,
 Classical.choice,
 Quot.sound]
'NativeCompactSourceCoordinateCapsDraft2218.native_height_count' depends on axioms: [propext,
 Classical.choice,
 Quot.sound]
'NativeCompactSourceCoordinateCapsDraft2218.packed_tangent_grid_count' depends on axioms: [propext,
 Classical.choice,
 Quot.sound]
'NativeCompactSourceCoordinateCapsDraft2218.packed_fine_X_count' depends on axioms: [propext,
 Classical.choice,
 Quot.sound]
LEAN_FINISHED_UTC 2026-10-06T23:05:50.087049+00:00 EXIT_CODE=0

EXIT_CODE=0
