COMMAND ["flock", "/workspace/shared/sticky-recovery-20261006/global-lean-locks/1.lock", "/workspace/scratch/5f2524fd4117/lean-tools/lean-4.33.1-linux/bin/lean", "-j1", "-DautoImplicit=false", "-R", "/workspace/scratch/5f2524fd4117/4dstickykakeya", "-o", "/workspace/scratch/5f2524fd4117/4dstickykakeya/.lake/build/lib/lean/Theorems/Thm_StickyKakeya4_lossless_edge_flow_carleson.olean", "/workspace/scratch/5f2524fd4117/4dstickykakeya/Theorems/Thm_StickyKakeya4_lossless_edge_flow_carleson.lean"]
SOURCE_SHA256 e2c7caa0ecd6e73ad07a0db6ae9560cdb5d46441e9a22015784a9d692bdafeff
/workspace/scratch/5f2524fd4117/4dstickykakeya/Theorems/Thm_StickyKakeya4_lossless_edge_flow_carleson.lean:24:4: warning: try 'simp' instead of 'simpa'

Note: This linter can be disabled with `set_option linter.unnecessarySimpa false`
/workspace/scratch/5f2524fd4117/4dstickykakeya/Theorems/Thm_StickyKakeya4_lossless_edge_flow_carleson.lean:60:18: warning: try 'simp' instead of 'simpa'

Note: This linter can be disabled with `set_option linter.unnecessarySimpa false`
/workspace/scratch/5f2524fd4117/4dstickykakeya/Theorems/Thm_StickyKakeya4_lossless_edge_flow_carleson.lean:64:37: warning: try 'simp' instead of 'simpa'

Note: This linter can be disabled with `set_option linter.unnecessarySimpa false`
/workspace/scratch/5f2524fd4117/4dstickykakeya/Theorems/Thm_StickyKakeya4_lossless_edge_flow_carleson.lean:99:56: warning: try 'simp' instead of 'simpa'

Note: This linter can be disabled with `set_option linter.unnecessarySimpa false`
/workspace/scratch/5f2524fd4117/4dstickykakeya/Theorems/Thm_StickyKakeya4_lossless_edge_flow_carleson.lean:85:20: warning: This simp argument is unused:
  hp

Hint: Omit it from the simp argument list.
  [apply] simp

Note: This linter can be disabled with `set_option linter.unusedSimpArgs false`
/workspace/scratch/5f2524fd4117/4dstickykakeya/Theorems/Thm_StickyKakeya4_lossless_edge_flow_carleson.lean:86:22: warning: This simp argument is unused:
  hp

Hint: Omit it from the simp argument list.
  [apply] simp

Note: This linter can be disabled with `set_option linter.unusedSimpArgs false`
/workspace/scratch/5f2524fd4117/4dstickykakeya/Theorems/Thm_StickyKakeya4_lossless_edge_flow_carleson.lean:94:40: warning: This simp argument is unused:
  hp

Hint: Omit it from the simp argument list.
  [apply] simp

Note: This linter can be disabled with `set_option linter.unusedSimpArgs false`
/workspace/scratch/5f2524fd4117/4dstickykakeya/Theorems/Thm_StickyKakeya4_lossless_edge_flow_carleson.lean:172:18: warning: try 'simp' instead of 'simpa'

Note: This linter can be disabled with `set_option linter.unnecessarySimpa false`
/workspace/scratch/5f2524fd4117/4dstickykakeya/Theorems/Thm_StickyKakeya4_lossless_edge_flow_carleson.lean:176:37: warning: try 'simp' instead of 'simpa'

Note: This linter can be disabled with `set_option linter.unnecessarySimpa false`
/workspace/scratch/5f2524fd4117/4dstickykakeya/Theorems/Thm_StickyKakeya4_lossless_edge_flow_carleson.lean:211:56: warning: try 'simp' instead of 'simpa'

Note: This linter can be disabled with `set_option linter.unnecessarySimpa false`
/workspace/scratch/5f2524fd4117/4dstickykakeya/Theorems/Thm_StickyKakeya4_lossless_edge_flow_carleson.lean:197:20: warning: This simp argument is unused:
  hp

Hint: Omit it from the simp argument list.
  [apply] simp

Note: This linter can be disabled with `set_option linter.unusedSimpArgs false`
/workspace/scratch/5f2524fd4117/4dstickykakeya/Theorems/Thm_StickyKakeya4_lossless_edge_flow_carleson.lean:198:22: warning: This simp argument is unused:
  hp

Hint: Omit it from the simp argument list.
  [apply] simp

Note: This linter can be disabled with `set_option linter.unusedSimpArgs false`
/workspace/scratch/5f2524fd4117/4dstickykakeya/Theorems/Thm_StickyKakeya4_lossless_edge_flow_carleson.lean:206:40: warning: This simp argument is unused:
  hp

Hint: Omit it from the simp argument list.
  [apply] simp

Note: This linter can be disabled with `set_option linter.unusedSimpArgs false`

EXIT_CODE=0
