COMMAND ["flock", "/workspace/shared/sticky-recovery-20261006/global-lean-locks/1.lock", "/workspace/scratch/5f2524fd4117/lean-tools/lean-4.33.1-linux/bin/lean", "-j1", "-DautoImplicit=false", "-R", "/workspace/scratch/5f2524fd4117/4dstickykakeya", "-o", "/workspace/scratch/5f2524fd4117/4dstickykakeya/.lake/build/lib/lean/Theorems/Thm_StickyKakeya4_wz_carrier_pruning.olean", "/workspace/scratch/5f2524fd4117/4dstickykakeya/Theorems/Thm_StickyKakeya4_wz_carrier_pruning.lean"]
SOURCE_SHA256 5e42c51a706794a9c3f98f29df62f10a538a66397dfb5f1a1d22673bf9ed0c04
/workspace/scratch/5f2524fd4117/4dstickykakeya/Theorems/Thm_StickyKakeya4_wz_carrier_pruning.lean:1922:5: warning: Variable name `hocc` is not explicitly referenced.

Hint: The binding can be removed (if unused) or named `_` (if used implicitly). Alternatively, prefix the name with `_` to silence this warning:
  [apply] _hocc

Note: This linter can be disabled with `set_option linter.unusedVariables false`
/workspace/scratch/5f2524fd4117/4dstickykakeya/Theorems/Thm_StickyKakeya4_wz_carrier_pruning.lean:2326:31: warning: Variable name `ha` is not explicitly referenced.

Hint: The binding can be removed (if unused) or named `_` (if used implicitly). Alternatively, prefix the name with `_` to silence this warning:
  [apply] _ha

Note: This linter can be disabled with `set_option linter.unusedVariables false`
/workspace/scratch/5f2524fd4117/4dstickykakeya/Theorems/Thm_StickyKakeya4_wz_carrier_pruning.lean:2430:27: warning: This simp argument is unused:
  Nat.cast_ofNat

Hint: Omit it from the simp argument list.
  [apply] simp only [Nat.cast_mul]

Note: This linter can be disabled with `set_option linter.unusedSimpArgs false`
/workspace/scratch/5f2524fd4117/4dstickykakeya/Theorems/Thm_StickyKakeya4_wz_carrier_pruning.lean:2514:8: warning: try 'simp' instead of 'simpa'

Note: This linter can be disabled with `set_option linter.unnecessarySimpa false`
/workspace/scratch/5f2524fd4117/4dstickykakeya/Theorems/Thm_StickyKakeya4_wz_carrier_pruning.lean:2562:5: warning: Variable name `htargetConstant` is not explicitly referenced.

Hint: The binding can be removed (if unused) or named `_` (if used implicitly). Alternatively, prefix the name with `_` to silence this warning:
  [apply] _htargetConstant

Note: This linter can be disabled with `set_option linter.unusedVariables false`
/workspace/scratch/5f2524fd4117/4dstickykakeya/Theorems/Thm_StickyKakeya4_wz_carrier_pruning.lean:2563:26: warning: Variable name `hqTarget` is not explicitly referenced.

Hint: The binding can be removed (if unused) or named `_` (if used implicitly). Alternatively, prefix the name with `_` to silence this warning:
  [apply] _hqTarget

Note: This linter can be disabled with `set_option linter.unusedVariables false`
/workspace/scratch/5f2524fd4117/4dstickykakeya/Theorems/Thm_StickyKakeya4_wz_carrier_pruning.lean:3668:6: warning: try 'simp' instead of 'simpa'

Note: This linter can be disabled with `set_option linter.unnecessarySimpa false`
/workspace/scratch/5f2524fd4117/4dstickykakeya/Theorems/Thm_StickyKakeya4_wz_carrier_pruning.lean:3747:2: warning: Try this: 
  letI̵

The goal is a proposition, so `let` is preferred over `letI`.
The difference between `let` and `letI` is that `letI` inlines the value.
But this is not relevant for proofs because of proof irrelevance.

Note: This linter can be disabled with `set_option linter.style.haveILetI false`
/workspace/scratch/5f2524fd4117/4dstickykakeya/Theorems/Thm_StickyKakeya4_wz_carrier_pruning.lean:4089:8: warning: this tactic is never executed

Note: This linter can be disabled with `set_option linter.unreachableTactic false`
/workspace/scratch/5f2524fd4117/4dstickykakeya/Theorems/Thm_StickyKakeya4_wz_carrier_pruning.lean:4089:8: warning: Unused tactic linter: `ring` does nothing

Note: This linter can be disabled with `set_option linter.unusedTactic false`
/workspace/scratch/5f2524fd4117/4dstickykakeya/Theorems/Thm_StickyKakeya4_wz_carrier_pruning.lean:4563:5: warning: Variable name `hdelta` is not explicitly referenced.

Hint: The binding can be removed (if unused) or named `_` (if used implicitly). Alternatively, prefix the name with `_` to silence this warning:
  [apply] _hdelta

Note: This linter can be disabled with `set_option linter.unusedVariables false`
/workspace/scratch/5f2524fd4117/4dstickykakeya/Theorems/Thm_StickyKakeya4_wz_carrier_pruning.lean:4586:24: warning: Used `tac1 <;> tac2` where `(tac1; tac2)` would suffice

Note: This linter can be disabled with `set_option linter.unnecessarySeqFocus false`
/workspace/scratch/5f2524fd4117/4dstickykakeya/Theorems/Thm_StickyKakeya4_wz_carrier_pruning.lean:5864:5: warning: Variable name `hradius` is not explicitly referenced.

Hint: The binding can be removed (if unused) or named `_` (if used implicitly). Alternatively, prefix the name with `_` to silence this warning:
  [apply] _hradius

Note: This linter can be disabled with `set_option linter.unusedVariables false`
/workspace/scratch/5f2524fd4117/4dstickykakeya/Theorems/Thm_StickyKakeya4_wz_carrier_pruning.lean:5931:19: warning: Variable name `ell` is not explicitly referenced.

Hint: The binding can be removed (if unused) or named `_` (if used implicitly). Alternatively, prefix the name with `_` to silence this warning:
  [apply] _ell

Note: This linter can be disabled with `set_option linter.unusedVariables false`

EXIT_CODE=0
