COMMAND ["flock", "/workspace/shared/sticky-recovery-20261006/global-lean-locks/1.lock", "/workspace/scratch/5f2524fd4117/lean-tools/lean-4.33.1-linux/bin/lean", "-j1", "-DautoImplicit=false", "-R", "/workspace/scratch/5f2524fd4117/4dstickykakeya", "-o", "/workspace/scratch/5f2524fd4117/4dstickykakeya/.lake/build/lib/lean/Theorems/Thm_StickyKakeya4_conditioned_boundary_packet_extension.olean", "/workspace/scratch/5f2524fd4117/4dstickykakeya/Theorems/Thm_StickyKakeya4_conditioned_boundary_packet_extension.lean"]
SOURCE_SHA256 1674c71cc8fa8568467b68401c1426210d9ab7e577046ff29904a14f2cd976e4
/workspace/scratch/5f2524fd4117/4dstickykakeya/Theorems/Thm_StickyKakeya4_conditioned_boundary_packet_extension.lean:34:2: warning: Try this: 
  letI̵

The goal is a proposition, so `let` is preferred over `letI`.
The difference between `let` and `letI` is that `letI` inlines the value.
But this is not relevant for proofs because of proof irrelevance.

Note: This linter can be disabled with `set_option linter.style.haveILetI false`
/workspace/scratch/5f2524fd4117/4dstickykakeya/Theorems/Thm_StickyKakeya4_conditioned_boundary_packet_extension.lean:53:2: warning: Try this: 
  letI̵

The goal is a proposition, so `let` is preferred over `letI`.
The difference between `let` and `letI` is that `letI` inlines the value.
But this is not relevant for proofs because of proof irrelevance.

Note: This linter can be disabled with `set_option linter.style.haveILetI false`
/workspace/scratch/5f2524fd4117/4dstickykakeya/Theorems/Thm_StickyKakeya4_conditioned_boundary_packet_extension.lean:24:5: warning: Variable name `hsourceMeasurable` is not explicitly referenced.

Hint: The binding can be removed (if unused) or named `_` (if used implicitly). Alternatively, prefix the name with `_` to silence this warning:
  [apply] _hsourceMeasurable

Note: This linter can be disabled with `set_option linter.unusedVariables false`
/workspace/scratch/5f2524fd4117/4dstickykakeya/Theorems/Thm_StickyKakeya4_conditioned_boundary_packet_extension.lean:27:32: warning: Variable name `hrhoOne` is not explicitly referenced.

Hint: The binding can be removed (if unused) or named `_` (if used implicitly). Alternatively, prefix the name with `_` to silence this warning:
  [apply] _hrhoOne

Note: This linter can be disabled with `set_option linter.unusedVariables false`

EXIT_CODE=0
