COMMAND ["python", "/workspace/shared/sticky-recovery-20261006/run_locked_lean.py", "/workspace/shared/sticky-recovery-20261006/global-lean-locks/3ec8442619a63a2eabda41e42d00d98452c21c84b07a54dedce069aa444db8e9.lock", "/workspace/shared/sticky-recovery-20261006/global-lean-locks/2.lock", "/workspace/scratch/5f2524fd4117/lean-tools/lean-4.33.1-linux/bin/lean", "-j1", "-DautoImplicit=false", "-DwarningAsError=true", "-R", "/workspace/shared/sticky-recovery-20261006/live", "-o", "/workspace/shared/sticky-recovery-20261006/runtime-20261006T1519/olean/Theorems/Thm_StickyKakeya4_native_joint_xy_support_count.olean", "/workspace/shared/sticky-recovery-20261006/live/Theorems/Thm_StickyKakeya4_native_joint_xy_support_count.lean"]
SOURCE_SHA256 c4bc741a9dddd06dfc1e375af8962e5810ae1a97335accb38e092a530b7ce95e
LOCK_ACQUIRED_UTC 2026-10-06T19:08:37.870601+00:00
SHARED_SLOT 2
LEAN_PID 58
/workspace/shared/sticky-recovery-20261006/live/Theorems/Thm_StickyKakeya4_native_joint_xy_support_count.lean:14:73: error: unknown namespace `NativeSliceClassBalls`
/workspace/shared/sticky-recovery-20261006/live/Theorems/Thm_StickyKakeya4_native_joint_xy_support_count.lean:23:10: error(lean.unknownIdentifier): Unknown identifier `realized`

Note: It is not possible to treat `realized` as an implicitly bound variable here because the `autoImplicit` option is set to `false`.
/workspace/shared/sticky-recovery-20261006/live/Theorems/Thm_StickyKakeya4_native_joint_xy_support_count.lean:47:12: error(lean.unknownIdentifier): Unknown identifier `incidences`

Note: It is not possible to treat `incidences` as an implicitly bound variable here because the `autoImplicit` option is set to `false`.
/workspace/shared/sticky-recovery-20261006/live/Theorems/Thm_StickyKakeya4_native_joint_xy_support_count.lean:52:7: error(lean.unknownIdentifier): Unknown identifier `realizedSlice`

Note: It is not possible to treat `realizedSlice` as an implicitly bound variable here because the `autoImplicit` option is set to `false`.
/workspace/shared/sticky-recovery-20261006/live/Theorems/Thm_StickyKakeya4_native_joint_xy_support_count.lean:55:13: error(lean.unknownIdentifier): Unknown identifier `realizedSlice`
/workspace/shared/sticky-recovery-20261006/live/Theorems/Thm_StickyKakeya4_native_joint_xy_support_count.lean:55:27: error(lean.unknownIdentifier): Unknown identifier `NativeSliceCountComparison.heightSlice`
/workspace/shared/sticky-recovery-20261006/live/Theorems/Thm_StickyKakeya4_native_joint_xy_support_count.lean:55:2: error: `simp` made no progress
/workspace/shared/sticky-recovery-20261006/live/Theorems/Thm_StickyKakeya4_native_joint_xy_support_count.lean:68:47: error(lean.unknownIdentifier): Unknown identifier `realized`

Note: It is not possible to treat `realized` as an implicitly bound variable here because the `autoImplicit` option is set to `false`.
/workspace/shared/sticky-recovery-20261006/live/Theorems/Thm_StickyKakeya4_native_joint_xy_support_count.lean:83:8: error(lean.unknownIdentifier): Unknown identifier `realizedSlice`

Note: It is not possible to treat `realizedSlice` as an implicitly bound variable here because the `autoImplicit` option is set to `false`.
/workspace/shared/sticky-recovery-20261006/live/Theorems/Thm_StickyKakeya4_native_joint_xy_support_count.lean:85:13: error(lean.unknownIdentifier): Unknown identifier `dimension_sum`
/workspace/shared/sticky-recovery-20261006/live/Theorems/Thm_StickyKakeya4_native_joint_xy_support_count.lean:84:84: error: unsolved goals
n : ℕ
D : FiniteScaleSource n
a : ℝ
m ell : ℕ
p : Parent
P : Submodule ℝ E4
hP : P ≤ heightKernel
hell : 1 ≤ ell
hell4 : ell ≤ 4
hd : Module.finrank ℝ ↥P = ell - 1
F : ℤ → Matrix (Fin (4 - ell)) (Fin (ell - 1)) ℝ
S T : Finset (Fin n × Index)
hST : S ⊆ T
height : ℤ
ht : ∀ z ∈ S, translatedHeight D a m z.2 = height
R : ℕ
⊢ #(image (fun z => coarseXY ell R (pxy D a m ell p P hP hell hell4 hd F z.2)) S) ≤ sorry
/workspace/shared/sticky-recovery-20261006/live/Theorems/Thm_StickyKakeya4_native_joint_xy_support_count.lean:129:24: error(lean.unknownIdentifier): Unknown identifier `incidences`

Note: It is not possible to treat `incidences` as an implicitly bound variable here because the `autoImplicit` option is set to `false`.
/workspace/shared/sticky-recovery-20261006/live/Theorems/Thm_StickyKakeya4_native_joint_xy_support_count.lean:137:19: error(lean.unknownIdentifier): Unknown identifier `realizedSlice`

Note: It is not possible to treat `realizedSlice` as an implicitly bound variable here because the `autoImplicit` option is set to `false`.
/workspace/shared/sticky-recovery-20261006/live/Theorems/Thm_StickyKakeya4_native_joint_xy_support_count.lean:141:11: error(lean.unknownIdentifier): Unknown identifier `realizedSlice`
/workspace/shared/sticky-recovery-20261006/live/Theorems/Thm_StickyKakeya4_native_joint_xy_support_count.lean:140:63: error: unsolved goals
n : ℕ
D : FiniteScaleSource n
eta a : ℝ
h : IsWangZakharovNativeFiniteInput D eta
original : Fin n → Finset Index
horiginal : ∀ (i : Fin n), D.shading i = wzCellShading (mesh D) original i
ha : ∀ (i : Fin n), wzGraphTime (D.line i) a - mark (D.line i) ∈ Set.Icc (-(1 / 2)) (1 / 2)
m level ell : ℕ
hm : 12 ≤ m
hdy : D.thickness = 2⁻¹ ^ level
hf : phaseDepth m ≤ level
p : Parent
S T : Finset (Fin n × Index)
hST : S ⊆ T
hT : T ⊆ sorry
hp : ∀ x ∈ T, parentLabel D a (2 ^ m) x.1 = p
i : Fin n
hi : parentLabel D a (2 ^ m) i = p
P : Submodule ℝ E4
hP : P ≤ heightKernel
hell : 1 ≤ ell
hell4 : ell ≤ 4
hd : Module.finrank ℝ ↥P = ell - 1
F : ℤ → Matrix (Fin (4 - ell)) (Fin (ell - 1)) ℝ
hF : ∀ (t : ℤ), ‖F t‖ ≤ 1 / 4
height : ℤ
ht : ∀ z ∈ S, translatedHeight D a m z.2 = height
R depth : ℕ
hR : 512 ≤ R
hdepth : 6 ≤ depth
hscale : ↑R * mu m = 64 / ↑(2 ^ depth)
K t : ℝ
hK : 0 < K
H : ADBounds sorry (mu m) K t
⊢ ↑(#(image (fun z => physicalCell D a (2 ^ m) (2 ^ depth) p z.2) S)) ≤
    ↑(17 ^ 4 * 9 ^ 3 * 13 ^ 3) * K ^ 2 * (64 / ↑(2 ^ depth)) ^ (-t)
/workspace/shared/sticky-recovery-20261006/live/Theorems/Thm_StickyKakeya4_native_joint_xy_support_count.lean:169:24: error(lean.unknownIdentifier): Unknown identifier `incidences`

Note: It is not possible to treat `incidences` as an implicitly bound variable here because the `autoImplicit` option is set to `false`.
/workspace/shared/sticky-recovery-20261006/live/Theorems/Thm_StickyKakeya4_native_joint_xy_support_count.lean:175:19: error(lean.unknownIdentifier): Unknown identifier `realizedSlice`

Note: It is not possible to treat `realizedSlice` as an implicitly bound variable here because the `autoImplicit` option is set to `false`.
/workspace/shared/sticky-recovery-20261006/live/Theorems/Thm_StickyKakeya4_native_joint_xy_support_count.lean:179:11: error(lean.unknownIdentifier): Unknown identifier `realizedSlice`
/workspace/shared/sticky-recovery-20261006/live/Theorems/Thm_StickyKakeya4_native_joint_xy_support_count.lean:178:57: error: unsolved goals
n : ℕ
D : FiniteScaleSource n
eta a : ℝ
h : IsWangZakharovNativeFiniteInput D eta
original : Fin n → Finset Index
horiginal : ∀ (i : Fin n), D.shading i = wzCellShading (mesh D) original i
ha : ∀ (i : Fin n), wzGraphTime (D.line i) a - mark (D.line i) ∈ Set.Icc (-(1 / 2)) (1 / 2)
m level ell : ℕ
hm : 12 ≤ m
hdy : D.thickness = 2⁻¹ ^ level
hf : phaseDepth m ≤ level
p : Parent
S T : Finset (Fin n × Index)
hST : S ⊆ T
hT : T ⊆ sorry
hp : ∀ x ∈ T, parentLabel D a (2 ^ m) x.1 = p
P : Submodule ℝ E4
hP : P ≤ heightKernel
hell : 1 ≤ ell
hell4 : ell ≤ 4
hd : Module.finrank ℝ ↥P = ell - 1
F : ℤ → Matrix (Fin (4 - ell)) (Fin (ell - 1)) ℝ
hF : ∀ (t : ℤ), ‖F t‖ ≤ 1 / 4
height : ℤ
ht : ∀ z ∈ S, translatedHeight D a m z.2 = height
R0 : ℕ
hR0 : 0 < R0
hbase1 : ↑R0 * mu m ≤ 1
K t : ℝ
hK : 0 < K
H : ADBounds sorry (mu m) K t
⊢ ↑(#(image (fun z => coarseXY ell R0 (pxy D a m ell p P hP hell hell4 hd F z.2)) S)) ≤
    ↑(9 ^ 3) * ↑(13 ^ 3) * K ^ 2 * (↑R0 * mu m) ^ (-t)
LEAN_FINISHED_UTC 2026-10-06T19:13:11.541221+00:00 EXIT_CODE=1

EXIT_CODE=1
