COMMAND ["flock", "/workspace/scratch/5f2524fd4117/4dstickykakeya/.lake/staging-lean.lock", "python3", "/workspace/shared/sticky-recovery-20261005/staging_third_slot.py", "--lock-file", "/workspace/scratch/5f2524fd4117/4dstickykakeya/.lake/global-lean-locks/3.lock", "--", "/workspace/scratch/5f2524fd4117/lean-tools/lean-4.33.1-linux/bin/lean", "-j1", "-DautoImplicit=false", "-DwarningAsError=true", "-R", "/workspace/shared/sticky-recovery-20261005/verification/axiom-batch-20261005T142513638092", "/workspace/shared/sticky-recovery-20261005/verification/axiom-batch-20261005T142513638092/AggregateReadback.lean"]
READBACK_SHA256 c26c0d485fd5fba6909cfce8b53393d767c35ba845b4fab2e4279ca28cd91ec1
Dedicated staging slot 3 acquired UTC: 2026-10-05T14:25:14.487736+00:00
Memory at admission: MemTotal:       10206508 kB; MemAvailable:    8779620 kB
'NativeActualFinalGrainConfiguration.FinalCleanupData' depends on axioms: [propext, Classical.choice, Quot.sound]
'NativeActualFinalGrainConfiguration.HasFinalGrainSquaredStage' depends on axioms: [propext,
 Classical.choice,
 Quot.sound]
'NativeActualFinalGrainConfiguration.HasFinalRetainedHistory' depends on axioms: [propext, Classical.choice, Quot.sound]
'NativeActualFinalGrainConfiguration.exists_actual_final_grain_configuration' depends on axioms: [propext,
 Classical.choice,
 Quot.sound]
'NativeActualFinalGrainConfiguration.final_cleanup_of_history' depends on axioms: [propext,
 Classical.choice,
 Quot.sound]
'NativeActualFinalGrainConfiguration.final_retained_history_of_history' depends on axioms: [propext,
 Classical.choice,
 Quot.sound]
'NativeActualFinalGrainConfiguration.final_retained_history_readback' depends on axioms: [propext,
 Classical.choice,
 Quot.sound]
'NativeActualFinalGrainConfiguration.final_stage_history' depends on axioms: [propext, Classical.choice, Quot.sound]
'NativeActualFinalGrainConfiguration.final_stage_of_history' depends on axioms: [propext, Classical.choice, Quot.sound]

EXIT_CODE=0
