COMMAND ["flock", "/workspace/shared/sticky-recovery-20261006/global-lean-locks/32a0b6f29577a4d06d641caf271c93e6b4cafbca36f4bcb8d04908a685171d74.lock", "flock", "/workspace/shared/sticky-recovery-20261006/global-lean-locks/3.lock", "/workspace/scratch/5f2524fd4117/lean-tools/lean-4.33.1-linux/bin/lean", "-j1", "-DautoImplicit=false", "-DwarningAsError=true", "-R", "/workspace/shared/sticky-recovery-20261006/verification/finite_coarse_y_threshold_selection-attempt02", "/workspace/shared/sticky-recovery-20261006/verification/finite_coarse_y_threshold_selection-attempt02/Readback.lean"]
SOURCE_SHA256 fedf74c94dab5ba65b57829f84494f576f413673fa4d39aded04624f9f7236ab
'FiniteCoarseYThresholdSelection.oldFiber' depends on axioms: [propext, Quot.sound]
'FiniteCoarseYThresholdSelection.branch' depends on axioms: [propext, Quot.sound]
'FiniteCoarseYThresholdSelection.coarseCount' depends on axioms: [propext, Classical.choice, Quot.sound]
'FiniteCoarseYThresholdSelection.keepLabels' depends on axioms: [propext, Classical.choice, Quot.sound]
'FiniteCoarseYThresholdSelection.oneFiberKeep' depends on axioms: [propext, Classical.choice, Quot.sound]
'FiniteCoarseYThresholdSelection.keepLabels_subset' depends on axioms: [propext, Classical.choice, Quot.sound]
'FiniteCoarseYThresholdSelection.one_fiber_half' depends on axioms: [propext, Classical.choice, Quot.sound]
'FiniteCoarseYThresholdSelection.kept_fiber_eq' depends on axioms: [propext, Classical.choice, Quot.sound]
'FiniteCoarseYThresholdSelection.each_old_fiber_half' depends on axioms: [propext, Classical.choice, Quot.sound]
'FiniteCoarseYThresholdSelection.global_half' depends on axioms: [propext, Classical.choice, Quot.sound]
'FiniteCoarseYThresholdSelection.old_support_eq' depends on axioms: [propext, Classical.choice, Quot.sound]
'FiniteCoarseYThresholdSelection.retained_branch_eq' depends on axioms: [propext, Classical.choice, Quot.sound]
'FiniteCoarseYThresholdSelection.dense_branch_witness' depends on axioms: [propext, Classical.choice, Quot.sound]
'FiniteCoarseYThresholdSelection.dense_newY_fiber' depends on axioms: [propext, Classical.choice, Quot.sound]
'FiniteCoarseYThresholdSelection.support_cover' depends on axioms: [propext, Classical.choice, Quot.sound]
'FiniteCoarseYThresholdSelection.half_labels_weight' depends on axioms: [propext, Classical.choice, Quot.sound]
'FiniteCoarseYThresholdSelection.liftEdges' depends on axioms: [propext, Classical.choice, Quot.sound]
'FiniteCoarseYThresholdSelection.liftEdges_subset' depends on axioms: [propext, Classical.choice, Quot.sound]
'FiniteCoarseYThresholdSelection.liftEdges_fiber_eq' depends on axioms: [propext, Classical.choice, Quot.sound]
'FiniteCoarseYThresholdSelection.liftEdges_image' depends on axioms: [propext, Classical.choice, Quot.sound]
'FiniteCoarseYThresholdSelection.liftEdges_card' depends on axioms: [propext, Classical.choice, Quot.sound]
'FiniteCoarseYThresholdSelection.half_labels_original_edges' depends on axioms: [propext, Classical.choice, Quot.sound]
'FiniteCoarseYThresholdSelection.original_point_fiber_eq' depends on axioms: [propext, Classical.choice, Quot.sound]
'FiniteCoarseYThresholdSelection.surviving_original_point_fiber_eq' depends on axioms: [propext,
 Classical.choice,
 Quot.sound]
'FiniteCoarseYThresholdSelection.threshold_original_edges' depends on axioms: [propext, Classical.choice, Quot.sound]

EXIT_CODE=0
