COMMAND ["python", "/workspace/shared/sticky-recovery-20261006/run_locked_lean.py", "/workspace/shared/sticky-recovery-20261006/global-lean-locks/48a05a8d9c344c880b1ec6530ed877715b50739aa640fc2b493c17cbc089c553.lock", "/workspace/shared/sticky-recovery-20261006/global-lean-locks/3.lock", "/workspace/scratch/5f2524fd4117/lean-tools/lean-4.33.1-linux/bin/lean", "-j1", "-DautoImplicit=false", "-DwarningAsError=true", "-R", "/workspace/shared/sticky-recovery-20261006/live", "-o", "/workspace/shared/sticky-recovery-20261006/runtime-20261006T1519/olean/Theorems/Thm_StickyKakeya4_native_matched_shadow_configured_source.olean", "/workspace/shared/sticky-recovery-20261006/live/Theorems/Thm_StickyKakeya4_native_matched_shadow_configured_source.lean"]
SOURCE_SHA256 79823a1acf289ad12691ef284da976f10c8faa976a604bf2852fb26af1be812a
LOCK_ACQUIRED_UTC 2026-10-06T18:49:19.501739+00:00
SHARED_SLOT 3
LEAN_PID 58
/workspace/shared/sticky-recovery-20261006/live/Theorems/Thm_StickyKakeya4_native_matched_shadow_configured_source.lean:65:2: error: Type mismatch: After simplification, term
  hh
 has type
  And (#(image (fun z => (doublePair h backbone a m p hQ M z).2) A) ≤ 5 ^ 4 * #(image cfg A))
    (#(image (fun z => (relativeLabel D a (2 ^ m) p M z.1, (doublePair h backbone a m p hQ M z).2)) A) ≤
      5 ^ 4 * #(image (fun z => (relativeLabel D a (2 ^ m) p M z.1, cfg z)) A))
but is expected to have type
  And (#(image (fun z => (doublePair h backbone a m p hQ M z).2) A) ≤ 5 ^ 4 * #(image cfg A))
    (#(image (doublePair h backbone a m p hQ M) A) ≤
      5 ^ 4 * #(image (fun z => (relativeLabel D a (2 ^ m) p M z.1, cfg z)) A))
/workspace/shared/sticky-recovery-20261006/live/Theorems/Thm_StickyKakeya4_native_matched_shadow_configured_source.lean:130:2: error: Type mismatch: After simplification, term
  hh
 has type
  And (#(image (fun z => (doublePair h backbone a m p hQ M z).2) A) ≤ 5 ^ 4 * #(image cfg A))
    (#(image cfg A) ≤ 33 ^ 4 * #(image (fun z => (doublePair h backbone a m p hQ M z).2) A) ∧
      #(image (fun z => (relativeLabel D a (2 ^ m) p M z.1, (doublePair h backbone a m p hQ M z).2)) A) ≤
          5 ^ 4 * #(image (fun z => (relativeLabel D a (2 ^ m) p M z.1, cfg z)) A) ∧
        #(image (fun z => (relativeLabel D a (2 ^ m) p M z.1, cfg z)) A) ≤
          33 ^ 4 * #(image (fun z => (relativeLabel D a (2 ^ m) p M z.1, (doublePair h backbone a m p hQ M z).2)) A))
but is expected to have type
  And (#(image (fun z => (doublePair h backbone a m p hQ M z).2) A) ≤ 5 ^ 4 * #(image cfg A))
    (#(image cfg A) ≤ 33 ^ 4 * #(image (fun z => (doublePair h backbone a m p hQ M z).2) A) ∧
      #(image (doublePair h backbone a m p hQ M) A) ≤
          5 ^ 4 * #(image (fun z => (relativeLabel D a (2 ^ m) p M z.1, cfg z)) A) ∧
        #(image (fun z => (relativeLabel D a (2 ^ m) p M z.1, cfg z)) A) ≤
          33 ^ 4 * #(image (doublePair h backbone a m p hQ M) A))
LEAN_FINISHED_UTC 2026-10-06T18:50:30.140029+00:00 EXIT_CODE=1

EXIT_CODE=1
