COMMAND ["python", "/workspace/shared/sticky-recovery-20261006/run_locked_lean.py", "/workspace/shared/sticky-recovery-20261006/global-lean-locks/9ea8cc769ceeca200d3233b648354a134dff63e0d3fc9f887c7292834a009224.lock", "/workspace/shared/sticky-recovery-20261006/global-lean-locks/2.lock", "/workspace/scratch/5f2524fd4117/lean-tools/lean-4.33.1-linux/bin/lean", "-j1", "-DautoImplicit=false", "-DwarningAsError=true", "-R", "/workspace/shared/sticky-recovery-20261006/verification/native_coordinate_volume_transport-attempt03", "/workspace/shared/sticky-recovery-20261006/verification/native_coordinate_volume_transport-attempt03/Readback.lean"]
SOURCE_SHA256 c1246e5dae6c851a80357ac4b64265782a7d712688dd41c9eed59ac9614e24da
LOCK_ACQUIRED_UTC 2026-10-06T09:22:21.352116+00:00
SHARED_SLOT 2
LEAN_PID 63
'NativeCoordinateVolumeTransport.scalar' depends on axioms: [propext, Classical.choice, Quot.sound]
'NativeCoordinateVolumeTransport.planar' depends on axioms: [propext, Classical.choice, Quot.sound]
'NativeCoordinateVolumeTransport.scalarEquiv' depends on axioms: [propext, Classical.choice, Quot.sound]
'NativeCoordinateVolumeTransport.planarEquiv' depends on axioms: [propext, Classical.choice, Quot.sound]
'NativeCoordinateVolumeTransport.three_last_measurePreserving' depends on axioms: [propext,
 Classical.choice,
 Quot.sound]
'NativeCoordinateVolumeTransport.scalar_measurePreserving' depends on axioms: [propext, Classical.choice, Quot.sound]
'NativeCoordinateVolumeTransport.planar_measurePreserving' depends on axioms: [propext, Classical.choice, Quot.sound]
'NativeCoordinateVolumeTransport.scalar_volume_preimage' depends on axioms: [propext, Classical.choice, Quot.sound]
'NativeCoordinateVolumeTransport.planar_volume_preimage' depends on axioms: [propext, Classical.choice, Quot.sound]
'NativeCoordinateVolumeTransport.scalar_CW_transfer' depends on axioms: [propext, Classical.choice, Quot.sound]
'NativeCoordinateVolumeTransport.planar_CW_transfer' depends on axioms: [propext, Classical.choice, Quot.sound]
LEAN_FINISHED_UTC 2026-10-06T09:23:58.889854+00:00 EXIT_CODE=0

EXIT_CODE=0
