COMMAND ["python", "/workspace/shared/sticky-recovery-20261006/run_locked_lean.py", "/workspace/shared/sticky-recovery-20261006/global-lean-locks/45522c4aa7dbae0d82b9697e91c71bd08dd5d5afc7049892f1def2d9903563f2.lock", "/workspace/shared/sticky-recovery-20261006/global-lean-locks/2.lock", "/workspace/scratch/5f2524fd4117/lean-tools/lean-4.33.1-linux/bin/lean", "-j1", "-DautoImplicit=false", "-DwarningAsError=true", "-R", "/workspace/shared/sticky-recovery-20261006/live", "-o", "/workspace/shared/sticky-recovery-20261006/runtime-20261006T1519/olean/Theorems/Thm_StickyKakeya4_native_fixed_source_reference.olean", "/workspace/shared/sticky-recovery-20261006/live/Theorems/Thm_StickyKakeya4_native_fixed_source_reference.lean"]
SOURCE_SHA256 5387b2c1819f0960d826633dc51fd632e5cdfef8d71e899dc8b67aaa9f2343c5
LOCK_ACQUIRED_UTC 2026-10-06T20:05:54.009182+00:00
SHARED_SLOT 2
LEAN_PID 58
/workspace/shared/sticky-recovery-20261006/live/Theorems/Thm_StickyKakeya4_native_fixed_source_reference.lean:570:73: error: Function expected at
  zero_le
but this term has type
  0 ≤ ?m.67

Note: Expected a function because this term is being applied to the argument
  _
/workspace/shared/sticky-recovery-20261006/live/Theorems/Thm_StickyKakeya4_native_fixed_source_reference.lean:573:36: error(lean.invalidField): Invalid field `not_le`: The environment does not contain `WithBot.LT.not_le`, so it is not possible to project the field `not_le` from an expression
  ENNReal.ofReal_pos.mpr hL
of type
  WithBot.LT (ENNReal.ofReal L) 0
/workspace/shared/sticky-recovery-20261006/live/Theorems/Thm_StickyKakeya4_native_fixed_source_reference.lean:612:6: error: Invalid rewrite argument: Expected an equality or iff proof or definition name, but
  NativeFiniteKakeyaCounts.multiplicity ?D
is a value of type
  ℝ≥0∞
/workspace/shared/sticky-recovery-20261006/live/Theorems/Thm_StickyKakeya4_native_fixed_source_reference.lean:644:15: error: unexpected token 'in'; expected term
LEAN_FINISHED_UTC 2026-10-06T20:08:22.124454+00:00 EXIT_CODE=1

EXIT_CODE=1
