COMMAND ["python", "/workspace/shared/sticky-recovery-20261006/run_locked_lean.py", "/workspace/shared/sticky-recovery-20261006/global-lean-locks/fec8c6c8a6d966464b4d93f8ef8bb4228fa50dd982f9cb320df4eaa47f328b5d.lock", "/workspace/shared/sticky-recovery-20261006/global-lean-locks/3.lock", "/workspace/scratch/5f2524fd4117/lean-tools/lean-4.33.1-linux/bin/lean", "-j1", "-DautoImplicit=false", "-DwarningAsError=true", "-R", "/workspace/shared/sticky-recovery-20261006/live", "-o", "/workspace/shared/sticky-recovery-20261006/olean/Theorems/Thm_StickyKakeya4_native_actual_configured_tube.olean", "/workspace/shared/sticky-recovery-20261006/live/Theorems/Thm_StickyKakeya4_native_actual_configured_tube.lean"]
SOURCE_SHA256 f771d43692aae708ce9f8944c63fa81e272c28629121ba1650610da8497c6a0d
LOCK_ACQUIRED_UTC 2026-10-06T14:46:35.588617+00:00
SHARED_SLOT 3
LEAN_PID 58
/workspace/shared/sticky-recovery-20261006/live/Theorems/Thm_StickyKakeya4_native_actual_configured_tube.lean:68:19: error: Ambiguous term
  source_line
Possible interpretations:
  NativeLocalParentSource.source_line : ∀ (h : IsWangZakharovNativeFiniteInput ?m.270 ?m.271) (R : Finset (Fin ?m.269))
    (E : Finset (Fin ?m.269 × Index)) (a : ℝ) (m : ℕ) (p : Parent) (i : Fin #(parentLabels ?m.270 R a (2 ^ m) p)),
    (NativeLocalParentSource.source h R E a m p).line i =
      NativeLocalParentGeometry.line ?m.270 a (2 ^ m) p
        (NativePaddedCellSource.originalLabel (parentLabels ?m.270 R a (2 ^ m) p) i)
  
  NativeCoarseCellSource.source_line : ∀ (h : IsWangZakharovNativeFiniteInput ?m.270 ?m.271) (a : ℝ) (level m : ℕ)
    (Q : Finset Parent) (rep : Parent → Fin ?m.269) (E : Finset (Fin ?m.269 × Index))
    (hsep :
      ∀ p ∈ Q,
        ∀ q ∈ Q,
          p ≠ q →
            64 / ↑(2 ^ m) ≤
              dist (direction (FiniteScaleSource.line ?m.270 (rep p)))
                (direction (FiniteScaleSource.line ?m.270 (rep q))))
    (i : Fin #Q),
    (NativeCoarseCellSource.source h a level m Q rep E hsep).line i =
      NativeContractedUnitParent.line ?m.270 a (0, 0) (rep (parentIndex Q i))
/workspace/shared/sticky-recovery-20261006/live/Theorems/Thm_StickyKakeya4_native_actual_configured_tube.lean:68:4: error: Type mismatch: After simplification, term
  NativeReferenceXYGridIncidence.original_edge_rawPoint_three_rho h cells hcells ha m hm hscale p
    (NativePaddedCellSource.originalLabel (parentLabels D R a (2 ^ m) p) i) k hk hp.right
 has type
  @Membership.mem E4 (Set E4) Set.instMembership
    (markedUnitTube
      (NativeLocalParentGeometry.line D a (2 ^ m) p
        (NativePaddedCellSource.originalLabel (parentLabels D R a (2 ^ m) p) i))
      (3 * rho m))
    (rawPoint D a m p k)
but is expected to have type
  @Membership.mem E4 (Set E4) Set.instMembership
    (markedUnitTube ((NativeLocalParentSource.source h R Eref a m p).line i) (3 * rho m)) (rawPoint D a m p k)
/workspace/shared/sticky-recovery-20261006/live/Theorems/Thm_StickyKakeya4_native_actual_configured_tube.lean:76:4: error: Type mismatch: After simplification, term
  Eq.symm hh
 has type
  parentIndex Q (fullIndex S b i) =
    parentLabel (NativeLocalParentSource.source h R Eref a m p) 0 (2 ^ b)
      (representative hReferenceNative univ 0 (2 ^ b) (parentIndex Q (fullIndex S b i)))
but is expected to have type
  parentLabel S 0 (2 ^ b) i = parentLabel S 0 (2 ^ b) j
/workspace/shared/sticky-recovery-20261006/live/Theorems/Thm_StickyKakeya4_native_actual_configured_tube.lean:85:4: error: linarith failed to find a contradiction
n : ℕ
D : FiniteScaleSource n
eta localEta a : ℝ
h : IsWangZakharovNativeFiniteInput D eta
cells : Fin n → Finset Index
hcells : ∀ (i : Fin n), D.shading i = wzCellShading (mesh D) cells i
ha : ∀ (i : Fin n), wzGraphTime (D.line i) a - mark (D.line i) ∈ Set.Icc (-(1 / 2)) (1 / 2)
R : Finset (Fin n)
Eref : Finset (Fin n × Index)
m : ℕ
hm : 6 ≤ m
hscale : D.thickness ≤ rho m ^ 2
p : Parent
hReferenceNative : IsWangZakharovNativeFiniteInput (NativeLocalParentSource.source h R Eref a m p) localEta
level b : ℕ
selected : Finset (Fin #(parentLabels D R a (2 ^ m) p) × Index)
i : Fin #(parentLabels D R a (2 ^ m) p)
k : Index
hk :
  (NativePaddedCellSource.originalLabel (parentLabels D R a (2 ^ m) p) i, k) ∈
    NativeCubicalIncidenceCounts.incidences cells
s : Split
P : Submodule ℝ E4
hP : P ≤ heightKernel
hd : Module.finrank ℝ ↥P = tangentDim s
F Fcfg : ℤ → Matrix (Fin (normalDim s)) (Fin (tangentDim s)) ℝ
hF : ∀ (t : ℤ) (u : Fin (normalDim s)) (v : Fin (tangentDim s)), |F t u v| ≤ 1 / 4
hCfg : ∀ (t : ℤ) (u : Fin (normalDim s)) (v : Fin (tangentDim s)), |Fcfg t u v| ≤ 1 / 4
R0 : ℕ
hR0 : 0 < R0
hbase : rho m ≤ mu m * ↑R0
hmatch : mu m * ↑R0 ≤ 4096 / ↑(2 ^ b)
S : FiniteScaleSource #(parentLabels D R a (2 ^ m) p) := NativeLocalParentSource.source h R Eref a m p
C : FiniteScaleSource #(image (parentLabel (NativeLocalParentSource.source h R Eref a m p) 0 (2 ^ b)) univ) :=
  MarkedIsometricFiniteTransport.source (fullSource hReferenceNative univ 0 level b selected)
    (NativePackedFrameIsometry.frame s P hP hd) 0
O : E4 ≃ₗᵢ[ℝ] E4 := NativePackedFrameIsometry.frame s P hP hd
cfg : E4 := NativeActualConfiguredPoint.point D a m p s P hP hd F Fcfg R0 k
Q : Finset Parent := image (parentLabel S 0 (2 ^ b)) univ
j : Fin #(parentLabels D R a (2 ^ m) p) :=
  representative hReferenceNative univ 0 (2 ^ b) (parentIndex Q (fullIndex S b i))
hp :
  NativePaddedCellSource.originalLabel (parentLabels D R a (2 ^ m) p) i ∈ R ∧
    parentLabel D a (2 ^ m) (NativePaddedCellSource.originalLabel (parentLabels D R a (2 ^ m) p) i) = p
hx : rawPoint D a m p k ∈ markedUnitTube (S.line i) (3 * rho m)
hcommon :
  ∀ (i : Fin #(parentLabels D R a (2 ^ m) p)),
    wzGraphTime ((NativeLocalParentSource.source h R Eref a m p).line i) 0 -
        mark ((NativeLocalParentSource.source h R Eref a m p).line i) ∈
      Set.Icc (-(1 / 2)) (1 / 2)
hj : parentLabel S 0 (2 ^ b) i = parentLabel S 0 (2 ^ b) j
hround :
  dist (O.symm cfg) (NativeContractedUnitParent.physicalMap S 0 (0, 0) (rawPoint D a m p k)) ≤ 3 * (mu m * ↑R0 / 512)
a✝ : 12288 / ↑(2 ^ b) < 3 * rho m
⊢ False
failed
/workspace/shared/sticky-recovery-20261006/live/Theorems/Thm_StickyKakeya4_native_actual_configured_tube.lean:87:4: error: linarith failed to find a contradiction
n : ℕ
D : FiniteScaleSource n
eta localEta a : ℝ
h : IsWangZakharovNativeFiniteInput D eta
cells : Fin n → Finset Index
hcells : ∀ (i : Fin n), D.shading i = wzCellShading (mesh D) cells i
ha : ∀ (i : Fin n), wzGraphTime (D.line i) a - mark (D.line i) ∈ Set.Icc (-(1 / 2)) (1 / 2)
R : Finset (Fin n)
Eref : Finset (Fin n × Index)
m : ℕ
hm : 6 ≤ m
hscale : D.thickness ≤ rho m ^ 2
p : Parent
hReferenceNative : IsWangZakharovNativeFiniteInput (NativeLocalParentSource.source h R Eref a m p) localEta
level b : ℕ
selected : Finset (Fin #(parentLabels D R a (2 ^ m) p) × Index)
i : Fin #(parentLabels D R a (2 ^ m) p)
k : Index
hk :
  (NativePaddedCellSource.originalLabel (parentLabels D R a (2 ^ m) p) i, k) ∈
    NativeCubicalIncidenceCounts.incidences cells
s : Split
P : Submodule ℝ E4
hP : P ≤ heightKernel
hd : Module.finrank ℝ ↥P = tangentDim s
F Fcfg : ℤ → Matrix (Fin (normalDim s)) (Fin (tangentDim s)) ℝ
hF : ∀ (t : ℤ) (u : Fin (normalDim s)) (v : Fin (tangentDim s)), |F t u v| ≤ 1 / 4
hCfg : ∀ (t : ℤ) (u : Fin (normalDim s)) (v : Fin (tangentDim s)), |Fcfg t u v| ≤ 1 / 4
R0 : ℕ
hR0 : 0 < R0
hbase : rho m ≤ mu m * ↑R0
hmatch : mu m * ↑R0 ≤ 4096 / ↑(2 ^ b)
S : FiniteScaleSource #(parentLabels D R a (2 ^ m) p) := NativeLocalParentSource.source h R Eref a m p
C : FiniteScaleSource #(image (parentLabel (NativeLocalParentSource.source h R Eref a m p) 0 (2 ^ b)) univ) :=
  MarkedIsometricFiniteTransport.source (fullSource hReferenceNative univ 0 level b selected)
    (NativePackedFrameIsometry.frame s P hP hd) 0
O : E4 ≃ₗᵢ[ℝ] E4 := NativePackedFrameIsometry.frame s P hP hd
cfg : E4 := NativeActualConfiguredPoint.point D a m p s P hP hd F Fcfg R0 k
Q : Finset Parent := image (parentLabel S 0 (2 ^ b)) univ
j : Fin #(parentLabels D R a (2 ^ m) p) :=
  representative hReferenceNative univ 0 (2 ^ b) (parentIndex Q (fullIndex S b i))
hp :
  NativePaddedCellSource.originalLabel (parentLabels D R a (2 ^ m) p) i ∈ R ∧
    parentLabel D a (2 ^ m) (NativePaddedCellSource.originalLabel (parentLabels D R a (2 ^ m) p) i) = p
hx : rawPoint D a m p k ∈ markedUnitTube (S.line i) (3 * rho m)
hcommon :
  ∀ (i : Fin #(parentLabels D R a (2 ^ m) p)),
    wzGraphTime ((NativeLocalParentSource.source h R Eref a m p).line i) 0 -
        mark ((NativeLocalParentSource.source h R Eref a m p).line i) ∈
      Set.Icc (-(1 / 2)) (1 / 2)
hj : parentLabel S 0 (2 ^ b) i = parentLabel S 0 (2 ^ b) j
hround :
  dist (O.symm cfg) (NativeContractedUnitParent.physicalMap S 0 (0, 0) (rawPoint D a m p k)) ≤ 3 * (mu m * ↑R0 / 512)
ht : 3 * rho m ≤ 12288 / ↑(2 ^ b)
a✝ : 8 / ↑(2 ^ b) < mu m * ↑R0 / 512
⊢ False
failed
LEAN_FINISHED_UTC 2026-10-06T14:49:55.716082+00:00 EXIT_CODE=1

EXIT_CODE=1
