COMMAND ["flock", "/workspace/scratch/5f2524fd4117/4dstickykakeya/.lake/staging-lean.lock", "python3", "/workspace/shared/sticky-recovery-20261005/staging_third_slot.py", "--lock-file", "/workspace/scratch/5f2524fd4117/4dstickykakeya/.lake/global-lean-locks/3.lock", "--", "/workspace/scratch/5f2524fd4117/lean-tools/lean-4.33.1-linux/bin/lean", "-j1", "-DautoImplicit=false", "-DwarningAsError=true", "-R", "/workspace/shared/sticky-recovery-20261005/verification/axiom-batch-20261005T122439466262", "/workspace/shared/sticky-recovery-20261005/verification/axiom-batch-20261005T122439466262/AggregateReadback.lean"]
READBACK_SHA256 0a838fd1284dc7a94c46eb718f393ae8f3da746579c345bf82075d8eec59df77
Dedicated staging slot 3 acquired UTC: 2026-10-05T12:28:15.900372+00:00
Memory at admission: MemTotal:       10206508 kB; MemAvailable:    7931872 kB
'NativeActualAngularMenuLower.mean_le_point_fiber' depends on axioms: [propext, Classical.choice, Quot.sound]
'NativeActualAngularMenuLower.point_angular_menu_lower' depends on axioms: [propext, Classical.choice, Quot.sound]
'NativeActualAngularMenuLower.weighted_angular_numerator_lower' depends on axioms: [propext,
 Classical.choice,
 Quot.sound]
'NativeNodalPacketOverlap.graph_displacement' depends on axioms: [propext, Classical.choice, Quot.sound]
'NativeNodalPacketOverlap.hit_node_mem_box' depends on axioms: [propext, Classical.choice, Quot.sound]
'NativeNodalPacketOverlap.hits' depends on axioms: [propext, Classical.choice, Quot.sound]
'NativeNodalPacketOverlap.nodal_duplication' depends on axioms: [propext, Classical.choice, Quot.sound]
'NativeNodalPacketOverlap.nodal_packet_overlap' depends on axioms: [propext, Classical.choice, Quot.sound]
'NativeNodalPacketOverlap.node_mem_box' depends on axioms: [propext, Classical.choice, Quot.sound]
'NativeNodalPacketOverlap.normal_norm_le_infDist' depends on axioms: [propext, Classical.choice, Quot.sound]
'NativeNodalPacketOverlap.occupiedLabels' depends on axioms: [propext, Classical.choice, Quot.sound]
'NativeNodalPacketOverlap.occupiedLabels_anchors' depends on axioms: [propext, Classical.choice, Quot.sound]
'NativeNodalPacketOverlap.occupied_overlap' depends on axioms: [propext, Classical.choice, Quot.sound]
'NativeNodalPacketOverlap.original_anchor_distance' depends on axioms: [propext, Classical.choice, Quot.sound]
'NativeNodalPacketOverlap.packet_anchor_distance' depends on axioms: [propext, Classical.choice, Quot.sound]
'NativePacketRetainedLayers.active_count_reference_budget' depends on axioms: [propext, Classical.choice, Quot.sound]
'NativePacketRetainedLayers.construct_actual_packet_layers' depends on axioms: [propext, Classical.choice, Quot.sound]
'NativePacketRetainedLayers.le_referenceMinimum' depends on axioms: [propext, Classical.choice, Quot.sound]
'NativePacketRetainedLayers.referenceBudget' depends on axioms: [propext, Classical.choice, Quot.sound]
'NativePacketRetainedLayers.referenceBudget_positive' depends on axioms: [propext, Classical.choice, Quot.sound]
'NativePacketRetainedLayers.referenceMinimum' depends on axioms: [propext, Classical.choice, Quot.sound]
'NativePacketRetainedLayers.referenceMinimum_le' depends on axioms: [propext, Classical.choice, Quot.sound]
'NativeSimultaneousWeightedGrainCore.classBudget' depends on axioms: [propext, Classical.choice, Quot.sound]
'NativeSimultaneousWeightedGrainCore.eraseFiber' depends on axioms: [propext, Classical.choice, Quot.sound]
'NativeSimultaneousWeightedGrainCore.eraseFiber_budget' depends on axioms: [propext, Classical.choice, Quot.sound]
'NativeSimultaneousWeightedGrainCore.eraseFiber_mass' depends on axioms: [propext, Classical.choice, Quot.sound]
'NativeSimultaneousWeightedGrainCore.eraseFiber_subset' depends on axioms: [propext, Classical.choice, Quot.sound]
'NativeSimultaneousWeightedGrainCore.exists_simultaneous_dense_core' depends on axioms: [propext,
 Classical.choice,
 Quot.sound]
'NativeSimultaneousWeightedGrainCore.exists_simultaneous_dense_core_half' depends on axioms: [propext,
 Classical.choice,
 Quot.sound]
'NativeSimultaneousWeightedGrainCore.removed_mass_le' depends on axioms: [propext, Classical.choice, Quot.sound]

EXIT_CODE=0
