COMMAND ["python", "/workspace/shared/sticky-recovery-20261006/run_locked_lean.py", "/workspace/shared/sticky-recovery-20261006/global-lean-locks/78db151a14256598ffc7cab17ccd3bc6c4feeb0b6ba4baf57d4740f3091d6294.lock", "/workspace/shared/sticky-recovery-20261006/global-lean-locks/3.lock", "/workspace/scratch/5f2524fd4117/lean-tools/lean-4.33.1-linux/bin/lean", "-j1", "-DautoImplicit=false", "-DwarningAsError=true", "-R", "/workspace/shared/sticky-recovery-20261006/live", "-o", "/workspace/shared/sticky-recovery-20261006/runtime-20261006T1519/olean/Theorems/Thm_StickyKakeya4_native_finest_Y_output_budget.olean", "/workspace/shared/sticky-recovery-20261006/live/Theorems/Thm_StickyKakeya4_native_finest_Y_output_budget.lean"]
SOURCE_SHA256 204d160c10820e8c86a50d0f6804f4e62e396f0253f4b02f3b231ab70f1125b1
LOCK_ACQUIRED_UTC 2026-10-06T15:43:04.527475+00:00
SHARED_SLOT 3
LEAN_PID 58
/workspace/shared/sticky-recovery-20261006/live/Theorems/Thm_StickyKakeya4_native_finest_Y_output_budget.lean:20:38: error: unsolved goals
K s : ℝ
hs : s ≤ 2
hpow : 512 ^ s * 12 ^ s = 6144 ^ s
⊢ 1 ≤ ?m.173
Try this:
  [apply] ring_nf
  
  The `ring` tactic failed to close the goal. Use `ring_nf` to obtain a normal form.
    
  Note that `ring` works primarily in *commutative* rings. If you have a noncommutative ring, abelian group or module, consider using `noncomm_ring`, `abel` or `module` instead.
/workspace/shared/sticky-recovery-20261006/live/Theorems/Thm_StickyKakeya4_native_finest_Y_output_budget.lean:33:18: error: Variable name `hC` is not explicitly referenced.

Hint: The binding can be removed (if unused) or named `_` (if used implicitly). Alternatively, prefix the name with `_` to silence this warning:
  [apply] _hC

Note: This linter can be disabled with `set_option linter.unusedVariables false`
LEAN_FINISHED_UTC 2026-10-06T15:46:23.560769+00:00 EXIT_CODE=1

EXIT_CODE=1
