COMMAND ["python", "/workspace/shared/sticky-recovery-20261006/run_locked_lean.py", "/workspace/shared/sticky-recovery-20261006/global-lean-locks/98ca541ac77fccd81763bb4160f79ff11d529aebfe4ac396be06cb0c055418fc.lock", "/workspace/shared/sticky-recovery-20261006/global-lean-locks/3.lock", "/workspace/scratch/5f2524fd4117/lean-tools/lean-4.33.1-linux/bin/lean", "-j1", "-DautoImplicit=false", "-DwarningAsError=true", "-R", "/workspace/shared/sticky-recovery-20261006/live", "-o", "/workspace/shared/sticky-recovery-20261006/olean/Theorems/Thm_StickyKakeya4_native_grid_support_local.olean", "/workspace/shared/sticky-recovery-20261006/live/Theorems/Thm_StickyKakeya4_native_grid_support_local.lean"]
SOURCE_SHA256 c093989cb136522e62dcf1610214562dd7dc8b20c69807abdb3675a23fe2ca5c
LOCK_ACQUIRED_UTC 2026-10-06T12:33:55.453473+00:00
SHARED_SLOT 3
LEAN_PID 59
/workspace/shared/sticky-recovery-20261006/live/Theorems/Thm_StickyKakeya4_native_grid_support_local.lean:17:55: error: don't know how to synthesize placeholder for argument `hx`
context:
X : Type u_1
inst✝ : PseudoMetricSpace X
A : Finset X
mu K C t : ℝ
hK : 0 < K
hKC : K ≤ C
H : ADBounds A mu K t
x : X
hx : x ∈ A
r : ℝ
hr : mu ≤ r
hr1 : r ≤ 1
hlo : (r / mu) ^ t / K ≤ ↑(#(carrierBall A x r))
hhi : ↑(#(carrierBall A x r)) ≤ K * (r / mu) ^ t
⊢ 0 ≤ r / mu
/workspace/shared/sticky-recovery-20261006/live/Theorems/Thm_StickyKakeya4_native_grid_support_local.lean:24:28: error(lean.synthInstanceFailed): failed to synthesize instance of type class
  OfNat (Matroid ?m.1) 0
numerals are polymorphic in Lean, but the numeral `0` cannot be used in a context where the expected type is
  Matroid ?m.1
due to the absence of the instance above

Hint: Type class instance resolution failures can be inspected with the `set_option trace.Meta.synthInstance true` command.
/workspace/shared/sticky-recovery-20261006/live/Theorems/Thm_StickyKakeya4_native_grid_support_local.lean:24:31: error(lean.unknownIdentifier): Unknown identifier `u`

Note: It is not possible to treat `u` as an implicitly bound variable here because the `autoImplicit` option is set to `false`.
/workspace/shared/sticky-recovery-20261006/live/Theorems/Thm_StickyKakeya4_native_grid_support_local.lean:33:4: error: mod_cast has type
  (1 : ℕ) ≤ 13 ^ d
but is expected to have type
  (1 : ℝ) ≤ C
LEAN_FINISHED_UTC 2026-10-06T12:37:13.199890+00:00 EXIT_CODE=1

EXIT_CODE=1
