COMMAND ["flock", "/workspace/scratch/5f2524fd4117/4dstickykakeya/.lake/staging-lean.lock", "python3", "/workspace/shared/sticky-recovery-20261005/staging_third_slot.py", "--lock-file", "/workspace/scratch/5f2524fd4117/4dstickykakeya/.lake/global-lean-locks/3.lock", "--", "/workspace/scratch/5f2524fd4117/lean-tools/lean-4.33.1-linux/bin/lean", "-j1", "-DautoImplicit=false", "-DwarningAsError=true", "-R", "/workspace/shared/sticky-recovery-20261005/verification/axiom-batch-20261005T162356536836", "/workspace/shared/sticky-recovery-20261005/verification/axiom-batch-20261005T162356536836/AggregateReadback.lean"]
READBACK_SHA256 af070e564b00e2eaed2e1cc79a56b3f14734f3eaff85c9159cee85af1ab994a1
Dedicated staging slot 3 acquired UTC: 2026-10-05T16:23:57.394749+00:00
Memory at admission: MemTotal:       10206508 kB; MemAvailable:    8708640 kB
'NativeGrainHeightProjectionFibers.exists_dense_wholeX' depends on axioms: [propext, Classical.choice, Quot.sound]
'NativeGrainHeightProjectionFibers.wholeFiber' depends on axioms: [propext, Classical.choice, Quot.sound]
'NativeGrainHeightProjectionFibers.wholeFiber_card_le_X' depends on axioms: [propext, Classical.choice, Quot.sound]
'NativeGrainHeightProjectionFibers.wholeX' depends on axioms: [propext, Classical.choice, Quot.sound]
'NativeGrainHeightProjectionSource.nodePlane' depends on axioms: [propext, Classical.choice, Quot.sound]
'NativeGrainHeightProjectionSource.phase_working_mesh' depends on axioms: [propext, Classical.choice, Quot.sound]
'NativeGrainHeightProjectionSource.sourceDiameter' depends on axioms: [propext, Classical.choice, Quot.sound]
'NativeGrainHeightProjectionSource.sourceDiameter_le' depends on axioms: [propext, Classical.choice, Quot.sound]
'NativeGrainHeightProjectionSource.sourceDiameter_pos' depends on axioms: [propext, Classical.choice, Quot.sound]
'NativeGrainHeightProjectionSource.sourceError' depends on axioms: [propext, Classical.choice, Quot.sound]
'NativeGrainHeightProjectionSource.sourceError_pos' depends on axioms: [propext, Classical.choice, Quot.sound]
'NativeGrainHeightProjectionSource.source_mixed_spread' depends on axioms: [propext, Classical.choice, Quot.sound]
'NativeGrainHeightProjectionSource.source_occupied_quotient_card' depends on axioms: [propext,
 Classical.choice,
 Quot.sound]
'NativeGrainHeightProjectionSource.source_quotient_cost' depends on axioms: [propext, Classical.choice, Quot.sound]

EXIT_CODE=0
