COMMAND ["python", "/workspace/shared/sticky-recovery-20261006/run_locked_lean.py", "/workspace/shared/sticky-recovery-20261006/global-lean-locks/3ec8442619a63a2eabda41e42d00d98452c21c84b07a54dedce069aa444db8e9.lock", "/workspace/shared/sticky-recovery-20261006/global-lean-locks/2.lock", "/workspace/scratch/5f2524fd4117/lean-tools/lean-4.33.1-linux/bin/lean", "-j1", "-DautoImplicit=false", "-DwarningAsError=true", "-R", "/workspace/shared/sticky-recovery-20261006/live", "-o", "/workspace/shared/sticky-recovery-20261006/runtime-20261006T1519/olean/Theorems/Thm_StickyKakeya4_native_joint_xy_support_count.olean", "/workspace/shared/sticky-recovery-20261006/live/Theorems/Thm_StickyKakeya4_native_joint_xy_support_count.lean"]
SOURCE_SHA256 e3d77df69a3acf8d0f09b8698076dc348a40cd58a1dc17bd1b346835e226ad6d
LOCK_ACQUIRED_UTC 2026-10-06T19:30:04.790555+00:00
SHARED_SLOT 2
LEAN_PID 59
/workspace/shared/sticky-recovery-20261006/live/Theorems/Thm_StickyKakeya4_native_joint_xy_support_count.lean:37:53: error: linarith failed to find a contradiction
k l : ℕ
hd : k + l = 3
z : NativeTwoMapRetainedSliceLabels.XY k l
mu : ℝ
hmu : 0 < mu
hmu1 : mu ≤ 1
N : ℕ
hN : mu * ↑N ≤ 1
hX : ∀ (j : Fin k), |z.2.1 j| ≤ ↑N
hY : ∀ (j : Fin l), |z.2.2 j| ≤ ↑N
hb : ∀ (i : Fin (k + l)), |Fin.append z.2.1 z.2.2 i| ≤ ↑N
j : Fin 3
hi : |↑(Fin.append z.2.1 z.2.2 (Fin.cast ⋯ j))| ≤ ↑N
hs : |↑(Fin.append z.2.1 z.2.2 (Fin.cast ⋯ j)) + 1 / 2| ≤ |↑(Fin.append z.2.1 z.2.2 (Fin.cast ⋯ j))| + 1 / 2
a✝ : ?m.203 < |↑(Fin.append z.2.1 z.2.2 (Fin.cast ⋯ j))| + 1 / 2
⊢ False
failed
/workspace/shared/sticky-recovery-20261006/live/Theorems/Thm_StickyKakeya4_native_joint_xy_support_count.lean:24:48: error: unsolved goals
k l : ℕ
hd : k + l = 3
z : NativeTwoMapRetainedSliceLabels.XY k l
mu : ℝ
hmu : 0 < mu
hmu1 : mu ≤ 1
N : ℕ
hN : mu * ↑N ≤ 1
hX : ∀ (j : Fin k), |z.2.1 j| ≤ ↑N
hY : ∀ (j : Fin l), |z.2.2 j| ≤ ↑N
hb : ∀ (i : Fin (k + l)), |Fin.append z.2.1 z.2.2 i| ≤ ↑N
j : Fin 3
hi : |↑(Fin.append z.2.1 z.2.2 (Fin.cast ⋯ j))| ≤ ↑N
hs : |↑(Fin.append z.2.1 z.2.2 (Fin.cast ⋯ j)) + 1 / 2| ≤ |↑(Fin.append z.2.1 z.2.2 (Fin.cast ⋯ j))| + 1 / 2
⊢ mu * |↑(Fin.append z.2.1 z.2.2 (Fin.cast ⋯ j)) + 1 / 2| ≤ 2
Error in Linarith.normalizeDenominatorsLHS: Expr.rewrite may not produce subgoals.
LEAN_FINISHED_UTC 2026-10-06T19:31:39.654660+00:00 EXIT_CODE=1

EXIT_CODE=1
