COMMAND ["python", "/workspace/shared/sticky-recovery-20261006/run_locked_lean.py", "/workspace/shared/sticky-recovery-20261006/global-lean-locks/import-batch-20261006T2025.lock", "/workspace/shared/sticky-recovery-20261006/global-lean-locks/2.lock", "/workspace/scratch/5f2524fd4117/lean-tools/lean-4.33.1-linux/bin/lean", "-j1", "-DautoImplicit=false", "-DwarningAsError=true", "-R", "/workspace/shared/sticky-recovery-20261006/verification/import-batch-20261006T2025", "/workspace/shared/sticky-recovery-20261006/verification/import-batch-20261006T2025/Readback.lean"]
LOCK_ACQUIRED_UTC 2026-10-06T20:25:26.581568+00:00
SHARED_SLOT 2
LEAN_PID 58
'NativeRememberedSourceMaps.occurrences' depends on axioms: [propext, Classical.choice, Quot.sound]
'NativeRememberedSourceMaps.mem_occurrences' depends on axioms: [propext, Classical.choice, Quot.sound]
'NativeRememberedSourceMaps.taggedKey' depends on axioms: [propext, Classical.choice, Quot.sound]
'NativeRememberedSourceMaps.finalTime' depends on axioms: [propext]
'NativeRememberedSourceMaps.selectedOccurrences' depends on axioms: [propext, Classical.choice, Quot.sound]
'NativeRememberedSourceMaps.selectedPairs' depends on axioms: [propext, Classical.choice, Quot.sound]
'NativeRememberedSourceMaps.selected_tagged_image' depends on axioms: [propext, Classical.choice, Quot.sound]
'NativeRememberedSourceMaps.selected_final_image' depends on axioms: [propext, Classical.choice, Quot.sound]
'NativeRememberedSourceMaps.final_image_card' depends on axioms: [propext, Classical.choice, Quot.sound]
'NativeRememberedSourceMaps.selected_pair_witness' depends on axioms: [propext, Classical.choice, Quot.sound]
'NativeRememberedSourceMaps.select_old_height' depends on axioms: [propext, Classical.choice, Quot.sound]
'NativeRememberedSourceMaps.tagged_height_card_eq_physical' depends on axioms: [propext, Classical.choice, Quot.sound]
'NativeRememberedCellHalo.physical_map_dist' depends on axioms: [propext, Classical.choice, Quot.sound]
'NativeRememberedCellHalo.local_center_near_map' depends on axioms: [propext, Classical.choice, Quot.sound]
'NativeRememberedCellHalo.occurrence_center_near' depends on axioms: [propext, Classical.choice, Quot.sound]
'NativeRememberedPhaseFootprint.full_old_phase_diameter' depends on axioms: [propext, Classical.choice, Quot.sound]
'NativeRememberedPhaseFootprint.actual_configured_diameter' depends on axioms: [propext, Classical.choice, Quot.sound]
'NativeRememberedPhaseFootprint.oldPoint_dist_of_configured' depends on axioms: [propext, Classical.choice, Quot.sound]
'NativeRememberedPhaseCover.physical_image_card_of_diameter' depends on axioms: [propext, Classical.choice, Quot.sound]
'NativeRememberedPhaseCover.rank_two_from_third' depends on axioms: [propext, Classical.choice, Quot.sound]
'NativeRememberedCellFibers.configured_gap_of_coarse_XY' depends on axioms: [propext, Classical.choice, Quot.sound]
'NativeRememberedCellFibers.local_cell_image_cap' depends on axioms: [propext, Classical.choice, Quot.sound]
'NativeRememberedCellFibers.local_centers_cluster' depends on axioms: [propext, Classical.choice, Quot.sound]
'NativeRememberedCellFibers.actual_fiber_card' depends on axioms: [propext, Classical.choice, Quot.sound]
'NativeRememberedTimeUpper.local_center_time_bound' depends on axioms: [propext, Classical.choice, Quot.sound]
'NativeRememberedTimeUpper.local_time_card' depends on axioms: [propext, Classical.choice, Quot.sound]
'NativeRememberedSourceUnion.unionConstant' depends on axioms: [propext, Classical.choice, Quot.sound]
'NativeRememberedSourceUnion.rank_two_union' depends on axioms: [propext, Classical.choice, Quot.sound]
'NativeRememberedHeightSelection.occurrence_shadow_height' depends on axioms: [propext, Classical.choice, Quot.sound]
'NativeRememberedHeightSelection.occurrence_heights_per_bin' depends on axioms: [propext, Classical.choice, Quot.sound]
'NativeRememberedHeightSelection.select_actual_old_height' depends on axioms: [propext, Classical.choice, Quot.sound]
'NativeRememberedOccurrenceReadback.actualRows' depends on axioms: [propext, Classical.choice, Quot.sound]
'NativeRememberedOccurrenceReadback.actual_rows_readback' depends on axioms: [propext, Classical.choice, Quot.sound]
'NativeRememberedOccurrenceReadback.original_image' depends on axioms: [propext, Classical.choice, Quot.sound]
'NativeRememberedOccurrenceReadback.occurrence_current_parent' depends on axioms: [propext,
 Classical.choice,
 Quot.sound]
'NativeRememberedFineCount.fine_graph_le_tagged' depends on axioms: [propext, Classical.choice, Quot.sound]
'NativeActualPaidPlanarAlignment.exists_paid_alignment' depends on axioms: [propext, Classical.choice, Quot.sound]
'NativeActualFinalThirdTotalMass.exists_actual_total_supplier' depends on axioms: [propext,
 Classical.choice,
 Quot.sound]
LEAN_FINISHED_UTC 2026-10-06T20:26:23.862911+00:00 EXIT_CODE=0

EXIT_CODE=0
