COMMAND ["python", "/workspace/shared/sticky-recovery-20261006/run_locked_lean.py", "/workspace/shared/sticky-recovery-20261006/global-lean-locks/1a96b3f1bad962d62eaf88994c68d178ca4eb80bfd6d79ae3766d62c3ee53dc2.lock", "/workspace/shared/sticky-recovery-20261006/global-lean-locks/2.lock", "/workspace/scratch/5f2524fd4117/lean-tools/lean-4.33.1-linux/bin/lean", "-j1", "-DautoImplicit=false", "-DwarningAsError=true", "-R", "/workspace/shared/sticky-recovery-20261006/live", "-o", "/workspace/shared/sticky-recovery-20261006/runtime-20261006T1519/olean/Theorems/Thm_StickyKakeya4_native_actual_raw_whole_Y_total.olean", "/workspace/shared/sticky-recovery-20261006/live/Theorems/Thm_StickyKakeya4_native_actual_raw_whole_Y_total.lean"]
SOURCE_SHA256 5feb82125674d51c228b36c9a5a1e73522f878cd03d7155bebbb20fefad75b45
LOCK_ACQUIRED_UTC 2026-10-06T22:39:58.109592+00:00
SHARED_SLOT 2
LEAN_PID 58
/workspace/shared/sticky-recovery-20261006/live/Theorems/Thm_StickyKakeya4_native_actual_raw_whole_Y_total.lean:86:6: error: `field_simp` made no progress on the goal
Try this:
  [apply] ring_nf
  
  The `ring` tactic failed to close the goal. Use `ring_nf` to obtain a normal form.
    
  Note that `ring` works primarily in *commutative* rings. If you have a noncommutative ring, abelian group or module, consider using `noncomm_ring`, `abel` or `module` instead.
/workspace/shared/sticky-recovery-20261006/live/Theorems/Thm_StickyKakeya4_native_actual_raw_whole_Y_total.lean:87:4: error: unsolved goals
case e'_3
nu eps sigma zeta eB N : ℝ
Q : ℕ
hQ : 1 ≤ Q
T U : ℕ
hnu : 0 ≤ nu
hsigma : 0 < sigma
hN : 0 < N
Hbase : 16 / 5 ^ 4 * eps ^ (5 * eB / 16) ≤ nu * ↑T
Hret : (sigma / 32768) ^ zeta / N * ↑T ≤ ↑Q ^ 2 * ↑U
hfrac : 0 ≤ (sigma / 32768) ^ zeta
hQr : 1 ≤ ↑Q
hPow : ↑Q ^ 2 ≤ ↑Q ^ 4
hmass : nu * N * ((sigma / 32768) ^ zeta / N * ↑T) ≤ nu * N * (↑Q ^ 2 * ↑U)
⊢ (sigma * (1 / 32768)) ^ zeta * nu * ↑T = (sigma * (1 / 32768)) ^ zeta * nu * ↑T * N * N⁻¹
/workspace/shared/sticky-recovery-20261006/live/Theorems/Thm_StickyKakeya4_native_actual_raw_whole_Y_total.lean:84:64: error: unsolved goals
case e'_4
nu eps sigma zeta eB N : ℝ
Q : ℕ
hQ : 1 ≤ Q
T U : ℕ
hnu : 0 ≤ nu
hsigma : 0 < sigma
hN : 0 < N
Hbase : 16 / 5 ^ 4 * eps ^ (5 * eB / 16) ≤ nu * ↑T
Hret : (sigma / 32768) ^ zeta / N * ↑T ≤ ↑Q ^ 2 * ↑U
hfrac : 0 ≤ (sigma / 32768) ^ zeta
hQr : 1 ≤ ↑Q
hPow : ↑Q ^ 2 ≤ ↑Q ^ 4
hmass : nu * N * ((sigma / 32768) ^ zeta / N * ↑T) ≤ nu * N * (↑Q ^ 2 * ↑U)
⊢ N * ↑Q ^ 2 * (nu * ↑U) = nu * N * (↑Q ^ 2 * ↑U)
/workspace/shared/sticky-recovery-20261006/live/Theorems/Thm_StickyKakeya4_native_actual_raw_whole_Y_total.lean:151:7: error: Variable name `href` is not explicitly referenced.

Hint: The binding can be removed (if unused) or named `_` (if used implicitly). Alternatively, prefix the name with `_` to silence this warning:
  [apply] _href

Note: This linter can be disabled with `set_option linter.unusedVariables false`
LEAN_FINISHED_UTC 2026-10-06T22:41:14.435854+00:00 EXIT_CODE=1

EXIT_CODE=1
