COMMAND ["python", "/workspace/shared/sticky-recovery-20261006/run_locked_lean.py", "/workspace/shared/sticky-recovery-20261006/global-lean-locks/392e902cdb647e9bd28f5593700c3a7fe8c7ece93956663e57649940ec11254f.lock", "/workspace/shared/sticky-recovery-20261006/global-lean-locks/3.lock", "/workspace/scratch/5f2524fd4117/lean-tools/lean-4.33.1-linux/bin/lean", "-j1", "-DautoImplicit=false", "-DwarningAsError=true", "-R", "/workspace/shared/sticky-recovery-20261006/live", "-o", "/workspace/shared/sticky-recovery-20261006/runtime-20261006T1519/olean/Theorems/Thm_StickyKakeya4_native_fixed_reference_angular_profile.olean", "/workspace/shared/sticky-recovery-20261006/live/Theorems/Thm_StickyKakeya4_native_fixed_reference_angular_profile.lean"]
SOURCE_SHA256 83d2be558e0e055f99e76acecfbccf935a0132516fdefa6380a721369302e93d
LOCK_ACQUIRED_UTC 2026-10-06T22:00:10.836555+00:00
SHARED_SLOT 3
LEAN_PID 58
/workspace/shared/sticky-recovery-20261006/live/Theorems/Thm_StickyKakeya4_native_fixed_reference_angular_profile.lean:41:8: error: Tactic `rewrite` failed: Did not find an occurrence of the pattern
  (fun z => direction (D.line z.1)) z
in the target expression
  D.thickness ≤ dist (direction (D.line z.1)) (direction (D.line w.1))

n : ℕ
D : FiniteScaleSource n
eta : ℝ
h : IsWangZakharovNativeFiniteInput D eta
E : Finset (Fin n × Index)
k : Index
v : E4
r : ℝ
z : Fin n × Index
hz : z ∈ ↑(ballIncidences D E k v r)
w : Fin n × Index
hw : w ∈ ↑(ballIncidences D E k v r)
he : (fun z => direction (D.line z.1)) z = (fun z => direction (D.line z.1)) w
hne : ¬z.1 = w.1
hs : D.thickness ≤ dist (direction (D.line z.1)) (direction (D.line w.1))
⊢ False
/workspace/shared/sticky-recovery-20261006/live/Theorems/Thm_StickyKakeya4_native_fixed_reference_angular_profile.lean:107:67: error: unexpected token '('; expected ')', ',' or ':'
/workspace/shared/sticky-recovery-20261006/live/Theorems/Thm_StickyKakeya4_native_fixed_reference_angular_profile.lean:107:8: error: Type mismatch: After simplification, term
  mul_le_mul_of_nonneg_left HM.right
 has type
  0 ≤ ?m.480 →
    ?m.480 * NativeIncidenceMultiplicityTower.multiplicity (parentEdges D ref.a (2 ^ ↑(ref.schedule j)) ref.E1 p) ≤
      ?m.480 * (D.thickness ^ (-seed) * (↑(2 ^ ↑(ref.schedule j)) * D.thickness / 64) ^ (-extremalExponent))
but is expected to have type
  ↑(coreRadix ref.original ref.R L) ^ 2 * NativeIncidenceMultiplicityTower.multiplicity Ep ≤
    ↑(coreRadix ref.original ref.R L) ^ 2 *
      (D.thickness ^ (-seed) * (↑(2 ^ ↑(ref.schedule j)) * D.thickness / 64) ^ (-extremalExponent))
/workspace/shared/sticky-recovery-20261006/live/Theorems/Thm_StickyKakeya4_native_fixed_reference_angular_profile.lean:126:4: error: failed to prove positivity/nonnegativity/nonzeroness
/workspace/shared/sticky-recovery-20261006/live/Theorems/Thm_StickyKakeya4_native_fixed_reference_angular_profile.lean:243:33: error: failed to prove positivity/nonnegativity/nonzeroness
LEAN_FINISHED_UTC 2026-10-06T22:08:31.744950+00:00 EXIT_CODE=1

EXIT_CODE=1
