COMMAND ["python", "/workspace/shared/sticky-recovery-20261006/run_locked_lean.py", "/workspace/shared/sticky-recovery-20261006/global-lean-locks/import-batch-20261006T1735.lock", "/workspace/shared/sticky-recovery-20261006/global-lean-locks/2.lock", "/workspace/scratch/5f2524fd4117/lean-tools/lean-4.33.1-linux/bin/lean", "-j1", "-DautoImplicit=false", "-DwarningAsError=true", "-R", "/workspace/shared/sticky-recovery-20261006/verification/import-batch-20261006T1735", "/workspace/shared/sticky-recovery-20261006/verification/import-batch-20261006T1735/Readback.lean"]
LOCK_ACQUIRED_UTC 2026-10-06T17:36:34.142225+00:00
SHARED_SLOT 2
LEAN_PID 58
'NativeActualProfileCoarseAdmission.exists_same_reference_admission_of_actual_profile' depends on axioms: [propext,
 Classical.choice,
 Quot.sound]
'NativeActualConfiguredCellSelection.select_actual_edges' depends on axioms: [propext, Classical.choice, Quot.sound]
'NativeConfiguredIncidenceFibers.localIndex' depends on axioms: [propext, Classical.choice, Quot.sound]
'NativeConfiguredIncidenceFibers.localIndex_readback' depends on axioms: [propext, Classical.choice, Quot.sound]
'NativeConfiguredIncidenceFibers.outputTube' depends on axioms: [propext, Classical.choice, Quot.sound]
'NativeConfiguredIncidenceFibers.outputTube_readback' depends on axioms: [propext, Classical.choice, Quot.sound]
'NativeConfiguredIncidenceFibers.outputTube_eq_iff' depends on axioms: [propext, Classical.choice, Quot.sound]
'NativeConfiguredIncidenceFibers.outputPair_eq_iff' depends on axioms: [propext, Classical.choice, Quot.sound]
'NativeConfiguredIncidenceFibers.outputPair_image_card' depends on axioms: [propext, Classical.choice, Quot.sound]
'NativeConfiguredIncidenceFibers.outputPair_fiber_eq' depends on axioms: [propext, Classical.choice, Quot.sound]
'NativeConfiguredIncidenceFibers.outputTube_ancestor_readback' depends on axioms: [propext,
 Classical.choice,
 Quot.sound]
'NativeActualConfiguredHeightCaps.actual_height_image' depends on axioms: [propext, Classical.choice, Quot.sound]
'NativeActualConfiguredHeightCaps.actual_height_separation' depends on axioms: [propext, Classical.choice, Quot.sound]
'NativeActualConfiguredHeightCaps.actual_height_interval_cap' depends on axioms: [propext, Classical.choice, Quot.sound]
LEAN_FINISHED_UTC 2026-10-06T17:38:05.115692+00:00 EXIT_CODE=0

EXIT_CODE=0
