COMMAND ["flock", "/workspace/shared/sticky-recovery-20261006/global-lean-locks/6ef3a03b47310f0d95a98ad5cf6ddc5f25b665699b7f4837b8dcfaf60463f3cb.lock", "flock", "/workspace/shared/sticky-recovery-20261006/global-lean-locks/2.lock", "/workspace/scratch/5f2524fd4117/lean-tools/lean-4.33.1-linux/bin/lean", "-j1", "-DautoImplicit=false", "-DwarningAsError=true", "-R", "/workspace/shared/sticky-recovery-20261006/live", "-o", "/workspace/shared/sticky-recovery-20261006/olean/Theorems/Thm_StickyKakeya4_native_zero_parent_physical_map.olean", "/workspace/shared/sticky-recovery-20261006/live/Theorems/Thm_StickyKakeya4_native_zero_parent_physical_map.lean"]
SOURCE_SHA256 4a2d9d18e64d1841247527cb56bb90f8255c199c2b73b83ab48e082d68d338c4
Try this:
  [apply] ring_nf
  
  The `ring` tactic failed to close the goal. Use `ring_nf` to obtain a normal form.
    
  Note that `ring` works primarily in *commutative* rings. If you have a noncommutative ring, abelian group or module, consider using `noncomm_ring`, `abel` or `module` instead.
/workspace/shared/sticky-recovery-20261006/live/Theorems/Thm_StickyKakeya4_native_zero_parent_physical_map.lean:18:2: error: unsolved goals
case refine_1
n : ℕ
D : FiniteScaleSource n
x : E4
j : Fin 4
⊢ (ActualSlopeSource.heightPoint
            (WithLp.toLp 2 fun j => x.ofLp j.castSucc * (1 / 16) + ↑(0 j) * (-1 / 4) + ↑(0 j) * x.ofLp 3 * (-1 / 16))
            (x.ofLp 3 * (1 / 16))).ofLp
        3 *
      (1 / 32) =
    x.ofLp 3 * (1 / 512)
/workspace/shared/sticky-recovery-20261006/live/Theorems/Thm_StickyKakeya4_native_zero_parent_physical_map.lean:20:6: error: This simp argument is unused:
  ActualSlopeSource.heightPoint_last

Hint: Omit it from the simp argument list.
  [apply] simp only [physicalMap, contractPoint, pointMap, shift, zero_div, Int.floor_zero, Int.cast_zero, zero_mul,
    sub_zero, PiLp.smul_apply, smul_eq_mul, show (Fin.last 3 : Fin 4) = 3 by rfl]

Note: This linter can be disabled with `set_option linter.unusedSimpArgs false`

EXIT_CODE=1
