COMMAND ["flock", "/workspace/scratch/5f2524fd4117/4dstickykakeya/.lake/staging-lean.lock", "python3", "/workspace/shared/sticky-recovery-20261005/staging_third_slot.py", "--lock-file", "/workspace/scratch/5f2524fd4117/4dstickykakeya/.lake/global-lean-locks/3.lock", "--", "/workspace/scratch/5f2524fd4117/lean-tools/lean-4.33.1-linux/bin/lean", "-j1", "-DautoImplicit=false", "-DwarningAsError=true", "-R", "/workspace/shared/sticky-recovery-20261005/verification/axiom-batch-20261005T155124006464", "/workspace/shared/sticky-recovery-20261005/verification/axiom-batch-20261005T155124006464/AggregateReadback.lean"]
READBACK_SHA256 de5a9e38e45f4ea8db8a8c20263bd8205796eb107a3cb581540ecfcbda198466
Dedicated staging slot 3 acquired UTC: 2026-10-05T15:51:30.303696+00:00
Memory at admission: MemTotal:       10206508 kB; MemAvailable:    8701612 kB
'NativeHorizontalGraphCoordinates.coordinate_graph_readback' depends on axioms: [propext, Classical.choice, Quot.sound]
'NativeHorizontalGraphCoordinates.domainBasis' depends on axioms: [propext, Classical.choice, Quot.sound]
'NativeHorizontalGraphCoordinates.horizontalGraph' depends on axioms: [propext, Classical.choice, Quot.sound]
'NativeHorizontalGraphCoordinates.horizontalGraph_val' depends on axioms: [propext, Classical.choice, Quot.sound]
'NativeHorizontalGraphCoordinates.horizontal_finrank' depends on axioms: [propext, Classical.choice, Quot.sound]
'NativeHorizontalGraphCoordinates.normalBasis' depends on axioms: [propext, Classical.choice, Quot.sound]
'NativeHorizontalGraphCoordinates.normalSpace' depends on axioms: [propext, Classical.choice, Quot.sound]
'NativeHorizontalGraphCoordinates.normalSpace_finrank' depends on axioms: [propext, Classical.choice, Quot.sound]
'NativeHorizontalGraphCoordinates.slopeMap' depends on axioms: [propext, Classical.choice, Quot.sound]
'NativeHorizontalGraphCoordinates.slopeMap_norm' depends on axioms: [propext, Classical.choice, Quot.sound]
'NativeHorizontalGraphCoordinates.slopeMap_variation' depends on axioms: [propext, Classical.choice, Quot.sound]
'NativeHorizontalGraphCoordinates.slopeMatrix' depends on axioms: [propext, Classical.choice, Quot.sound]
'NativeHorizontalGraphCoordinates.slopeMatrix_action' depends on axioms: [propext, Classical.choice, Quot.sound]
'NativeHorizontalGraphCoordinates.slopeMatrix_entry' depends on axioms: [propext, Classical.choice, Quot.sound]
'NativeHorizontalGraphCoordinates.slopeMatrix_norm' depends on axioms: [propext, Classical.choice, Quot.sound]
'NativeHorizontalGraphCoordinates.slopeMatrix_variation' depends on axioms: [propext, Classical.choice, Quot.sound]
'NativeParentHeightAlignment.cut_heightNode_readback' depends on axioms: [propext, Classical.choice, Quot.sound]
'NativeParentHeightAlignment.exists_height_aligned_nodes' depends on axioms: [propext, Classical.choice, Quot.sound]
'NativeParentHeightAlignment.fineNode' depends on axioms: [propext, Classical.choice, Quot.sound]
'NativeParentHeightAlignment.fine_heightNode_readback' depends on axioms: [propext, Classical.choice, Quot.sound]
'NativeParentHeightAlignment.heightNode' depends on axioms: [propext, Classical.choice, Quot.sound]
'NativeParentHeightAlignment.heightNode_occupied' depends on axioms: [propext, Classical.choice, Quot.sound]
'NativeParentHeightAlignment.heightNode_readback' depends on axioms: [propext, Classical.choice, Quot.sound]
'NativeParentHeightAlignment.height_plane_readback' depends on axioms: [propext, Classical.choice, Quot.sound]
'NativeParentHeightAlignment.mem_nodeCut' depends on axioms: [propext, Classical.choice, Quot.sound]
'NativeParentHeightAlignment.nodeCut' depends on axioms: [propext, Classical.choice, Quot.sound]
'NativeParentHeightAlignment.nodeCut_card' depends on axioms: [propext, Classical.choice, Quot.sound]
'NativeParentHeightAlignment.nodeCut_mixed_fiber_eq' depends on axioms: [propext, Classical.choice, Quot.sound]
'NativeParentHeightAlignment.nodeCut_mixed_vertices_eq' depends on axioms: [propext, Classical.choice, Quot.sound]
'NativeParentHeightAlignment.nodeCut_saturated' depends on axioms: [propext, Classical.choice, Quot.sound]
'NativeParentHeightAlignment.nodeCut_subset' depends on axioms: [propext, Classical.choice, Quot.sound]
'NativeParentHeightAlignment.nodeWeight' depends on axioms: [propext, Classical.choice, Quot.sound]
'NativeParentHeightAlignment.nodeWeight_total' depends on axioms: [propext, Classical.choice, Quot.sound]
'NativeParentHeightAlignment.spatialAncestor_self' depends on axioms: [propext, Quot.sound]
'NativeParentHorizontalQueryMenu.relations' depends on axioms: [propext, Classical.choice, Quot.sound]
'NativeParentHorizontalQueryMenu.relations_refl' depends on axioms: [propext, Classical.choice, Quot.sound]
'NativeParentHorizontalQueryMenu.relations_symm' depends on axioms: [propext, Classical.choice, Quot.sound]
'NativeParentHorizontalQueryMenu.size' does not depend on any axioms
'NativeParentHorizontalQueryMenu.uniformities' depends on axioms: [propext, Classical.choice, Quot.sound]

EXIT_CODE=0
