COMMAND ["python", "/workspace/shared/sticky-recovery-20261006/run_locked_lean.py", "/workspace/shared/sticky-recovery-20261006/global-lean-locks/3edc6e504b06cf14abee39768fbe08ca516ab5dfedd10643b41cdd29638c244f.lock", "/workspace/shared/sticky-recovery-20261006/global-lean-locks/2.lock", "/workspace/scratch/5f2524fd4117/lean-tools/lean-4.33.1-linux/bin/lean", "-j1", "-DautoImplicit=false", "-DwarningAsError=true", "-R", "/workspace/shared/sticky-recovery-20261006/live", "-o", "/workspace/shared/sticky-recovery-20261006/olean/Theorems/Thm_StickyKakeya4_native_alignment_scale_menu_budget.olean", "/workspace/shared/sticky-recovery-20261006/live/Theorems/Thm_StickyKakeya4_native_alignment_scale_menu_budget.lean"]
SOURCE_SHA256 491c4928483a34746786559d1bc045993c6fe19cf354469849e265c50c3f02fa
LOCK_ACQUIRED_UTC 2026-10-06T14:28:38.877461+00:00
SHARED_SLOT 2
LEAN_PID 58
/workspace/shared/sticky-recovery-20261006/live/Theorems/Thm_StickyKakeya4_native_alignment_scale_menu_budget.lean:41:4: error: linarith failed to find a contradiction
chi loss : ℝ
hchi : 0 < chi
hloss : 0 < loss
Ns : ℕ
amplification : ℝ
hAmp : 0 < amplification
hp : 0 < chi * loss / 2
dm : ℝ
hdm : 0 < dm
hdm1 : dm ≤ 1
HM : ∀ (u : ℕ), 2⁻¹ ^ (u + 6) ≤ dm → 2 * (↑u + 10) ^ 2 * (↑Ns + 1) ≤ (2⁻¹ ^ (u + 6)) ^ (-(chi * loss / 2))
dc : ℝ
hdc : 0 < dc
_hdc1 : dc ≤ 1
HC : ∀ (delta : ℝ), 0 < delta → delta ≤ dc → delta ^ (chi / 2) ≤ 1 / amplification
u : ℕ
hsmall : 2⁻¹ ^ (u + 9) ≤ min (dm / 8) dc
ratio : ℝ
hratio : 0 < ratio
hr : ratio ≤ (2⁻¹ ^ (u + 9)) ^ chi
d : ℝ := 2⁻¹ ^ (u + 9)
hd : 0 < d
hid : 2⁻¹ ^ (u + 6) = 8 * d
hh : 2⁻¹ ^ (u + 9) ≤ dm / 8
a✝ : dm < 8 * d
⊢ False
failed
LEAN_FINISHED_UTC 2026-10-06T14:31:40.351073+00:00 EXIT_CODE=1

EXIT_CODE=1
