COMMAND ["python", "/workspace/shared/sticky-recovery-20261006/run_locked_lean.py", "/workspace/shared/sticky-recovery-20261006/global-lean-locks/import-batch-20261006T2155.lock", "/workspace/shared/sticky-recovery-20261006/global-lean-locks/1.lock", "/workspace/scratch/5f2524fd4117/lean-tools/lean-4.33.1-linux/bin/lean", "-j1", "-DautoImplicit=false", "-DwarningAsError=true", "-R", "/workspace/shared/sticky-recovery-20261006/verification/import-batch-20261006T2155", "/workspace/shared/sticky-recovery-20261006/verification/import-batch-20261006T2155/Readback.lean"]
LOCK_ACQUIRED_UTC 2026-10-06T21:55:09.197204+00:00
SHARED_SLOT 1
LEAN_PID 58
'NativeRawIncidenceHeightPopulationDraft2123.original_height_row_card' depends on axioms: [propext,
 Classical.choice,
 Quot.sound]
'NativeRawIncidenceHeightPopulationDraft2123.rounded_height_readback' depends on axioms: [propext,
 Classical.choice,
 Quot.sound]
'NativeRawIncidenceHeightPopulationDraft2123.double_label_height' depends on axioms: [propext,
 Classical.choice,
 Quot.sound]
'NativeRawIncidenceHeightPopulationDraft2123.double_front_time_error' depends on axioms: [propext,
 Classical.choice,
 Quot.sound]
'NativeRawIncidenceHeightPopulationDraft2123.integer_time_interval_card' depends on axioms: [propext,
 Classical.choice,
 Quot.sound]
'NativeRawIncidenceHeightPopulationDraft2123.coarse_shadow_original_height_count' depends on axioms: [propext,
 Classical.choice,
 Quot.sound]
'NativeRawIncidenceHeightPopulationDraft2123.final_time_original_height_count' depends on axioms: [propext,
 Classical.choice,
 Quot.sound]
'NativeRawIncidenceHeightPopulationDraft2123.relative_atom_population_upper' depends on axioms: [propext,
 Classical.choice,
 Quot.sound]
'NativeRawIncidenceHeightPopulationDraft2123.original_height_atom_capacity' depends on axioms: [propext,
 Classical.choice,
 Quot.sound]
'NativeRawIncidenceHeightPopulationDraft2123.coarse_shadow_original_incidence_capacity' depends on axioms: [propext,
 Classical.choice,
 Quot.sound]
'NativeRawIncidenceHeightPopulationDraft2123.raw_atom_mass_upper' depends on axioms: [propext,
 Classical.choice,
 Quot.sound]
'NativeRawIncidenceHeightPopulationDraft2123.actual_relative_raw_capacities' depends on axioms: [propext,
 Classical.choice,
 Quot.sound]
LEAN_FINISHED_UTC 2026-10-06T22:00:39.928164+00:00 EXIT_CODE=0

EXIT_CODE=0
