COMMAND ["python", "/workspace/shared/sticky-recovery-20261006/run_locked_lean.py", "/workspace/shared/sticky-recovery-20261006/global-lean-locks/import-batch-20261006T2259.lock", "/workspace/shared/sticky-recovery-20261006/global-lean-locks/1.lock", "/workspace/scratch/5f2524fd4117/lean-tools/lean-4.33.1-linux/bin/lean", "-j1", "-DautoImplicit=false", "-DwarningAsError=true", "-R", "/workspace/shared/sticky-recovery-20261006/verification/import-batch-20261006T2259", "/workspace/shared/sticky-recovery-20261006/verification/import-batch-20261006T2259/Readback.lean"]
LOCK_ACQUIRED_UTC 2026-10-06T22:59:44.571716+00:00
SHARED_SLOT 1
LEAN_PID 58
'NativeLiteralReferenceShadowCubeDraft2150.zero_parent_coordinate_difference' depends on axioms: [propext,
 Classical.choice,
 Quot.sound]
'NativeLiteralReferenceShadowCubeDraft2150.actual_shadow_support_in_native_ball' depends on axioms: [propext,
 Classical.choice,
 Quot.sound]
'NativeLiteralReferenceShadowCubeDraft2150.native_ball_parent_count_of_uniformity' depends on axioms: [propext,
 Classical.choice,
 Quot.sound]
'NativeLiteralReferenceShadowCubeDraft2150.reference_native_ball_parent_upper' depends on axioms: [propext,
 Classical.choice,
 Quot.sound]
'NativeLiteralReferenceShadowCubeDraft2150.reference_native_ball_conditional_parent_upper' depends on axioms: [propext,
 Classical.choice,
 Quot.sound]
'NativeLiteralCubeAnglePhaseMenuDraft2159.native_cube_intercept_spread' depends on axioms: [propext,
 Classical.choice,
 Quot.sound]
'NativeLiteralCubeAnglePhaseMenuDraft2159.native_cube_slope_cell_parent_cap' depends on axioms: [propext,
 Classical.choice,
 Quot.sound]
'NativeLiteralCubeAnglePhaseMenuDraft2159.native_cube_angle_ball_parent_cap' depends on axioms: [propext,
 Classical.choice,
 Quot.sound]
'NativeLiteralCubeAnglePhaseMenuDraft2159.reference_native_cube_angle_upper' depends on axioms: [propext,
 Classical.choice,
 Quot.sound]
'NativeLiteralCubeUnitAngularReadbackDraft2212.literal_angular_readback' depends on axioms: [propext,
 Classical.choice,
 Quot.sound]
'NativeLiteralCubeUnitAngularReadbackDraft2212.literal_angular_count_le' depends on axioms: [propext,
 Classical.choice,
 Quot.sound]
'NativeLiteralCubeUnitAngularReadbackDraft2212.reference_native_cube_unit_ball_upper' depends on axioms: [propext,
 Classical.choice,
 Quot.sound]
'NativeLiteralCubeUnitAngularReadbackDraft2212.reference_off_menu_cube_angular_upper' depends on axioms: [propext,
 Classical.choice,
 Quot.sound]
LEAN_FINISHED_UTC 2026-10-06T23:00:32.821627+00:00 EXIT_CODE=0

EXIT_CODE=0
