COMMAND ["python", "/workspace/shared/sticky-recovery-20261006/run_locked_lean.py", "/workspace/shared/sticky-recovery-20261006/global-lean-locks/import-batch-20261006T1653.lock", "/workspace/shared/sticky-recovery-20261006/global-lean-locks/3.lock", "/workspace/scratch/5f2524fd4117/lean-tools/lean-4.33.1-linux/bin/lean", "-j1", "-DautoImplicit=false", "-DwarningAsError=true", "-R", "/workspace/shared/sticky-recovery-20261006/verification/import-batch-20261006T1653", "/workspace/shared/sticky-recovery-20261006/verification/import-batch-20261006T1653/Readback.lean"]
LOCK_ACQUIRED_UTC 2026-10-06T16:53:18.177799+00:00
SHARED_SLOT 3
LEAN_PID 58
'NativeLiteralYHeightAlignment.heightKeys' depends on axioms: [propext, Quot.sound]
'NativeLiteralYHeightAlignment.heightPoints' depends on axioms: [propext, Classical.choice, Quot.sound]
'NativeLiteralYHeightAlignment.heightPoints_image_keys' depends on axioms: [propext, Classical.choice, Quot.sound]
'NativeLiteralYHeightAlignment.heightPoints_nonempty' depends on axioms: [propext, Classical.choice, Quot.sound]
'NativeLiteralYHeightAlignment.heightPoints_card' depends on axioms: [propext, Classical.choice, Quot.sound]
'NativeLiteralYHeightAlignment.bounded_depth' depends on axioms: [propext, Classical.choice, Quot.sound]
'NativeLiteralYHeightAlignment.exists_height_alignment' depends on axioms: [propext, Classical.choice, Quot.sound]
'NativeLiteralYHeightAlignment.pullback_selected' depends on axioms: [propext, Classical.choice, Quot.sound]
'NativeLiteralYHeightAlignment.menuFraction' depends on axioms: [propext, Classical.choice, Quot.sound]
'NativeLiteralYHeightAlignment.scale_ratio' depends on axioms: [propext, Classical.choice, Quot.sound]
'NativeLiteralYHeightAlignment.select_aligned_common' depends on axioms: [propext, Classical.choice, Quot.sound]
'NativeThirdPlanarHeightAlignment.exists_actual_height_alignment' depends on axioms: [propext,
 Classical.choice,
 Quot.sound]
LEAN_FINISHED_UTC 2026-10-06T16:57:26.965203+00:00 EXIT_CODE=0

EXIT_CODE=0
