COMMAND ["python", "/workspace/shared/sticky-recovery-20261006/run_locked_lean.py", "/workspace/shared/sticky-recovery-20261006/global-lean-locks/ac77e0a57d5a6fe388d3a68db1abe7e49df3a20fe65cb30c61b7fc7d1e7e6d3f.lock", "/workspace/shared/sticky-recovery-20261006/global-lean-locks/3.lock", "/workspace/scratch/5f2524fd4117/lean-tools/lean-4.33.1-linux/bin/lean", "-j1", "-DautoImplicit=false", "-DwarningAsError=true", "-R", "/workspace/shared/sticky-recovery-20261006/live", "-o", "/workspace/shared/sticky-recovery-20261006/olean/Theorems/Thm_StickyKakeya4_native_actual_configured_residue.olean", "/workspace/shared/sticky-recovery-20261006/live/Theorems/Thm_StickyKakeya4_native_actual_configured_residue.lean"]
SOURCE_SHA256 c2c36307a09d7ad0e59665ac821339d2dbf8c8fef3191e2299f381eee7c0ab84
LOCK_ACQUIRED_UTC 2026-10-06T14:50:34.366609+00:00
SHARED_SLOT 3
LEAN_PID 58
/workspace/shared/sticky-recovery-20261006/live/Theorems/Thm_StickyKakeya4_native_actual_configured_residue.lean:69:6: error(lean.unknownIdentifier): Unknown identifier `tangentIndex`
/workspace/shared/sticky-recovery-20261006/live/Theorems/Thm_StickyKakeya4_native_actual_configured_residue.lean:69:19: error(lean.unknownIdentifier): Unknown identifier `normalIndex`
Try this:
  [apply] ring_nf
  
  The `ring` tactic failed to close the goal. Use `ring_nf` to obtain a normal form.
    
  Note that `ring` works primarily in *commutative* rings. If you have a noncommutative ring, abelian group or module, consider using `noncomm_ring`, `abel` or `module` instead.
/workspace/shared/sticky-recovery-20261006/live/Theorems/Thm_StickyKakeya4_native_actual_configured_residue.lean:69:6: error(lean.unknownIdentifier): Unknown identifier `tangentIndex`
/workspace/shared/sticky-recovery-20261006/live/Theorems/Thm_StickyKakeya4_native_actual_configured_residue.lean:69:19: error(lean.unknownIdentifier): Unknown identifier `normalIndex`
Try this:
  [apply] ring_nf
  
  The `ring` tactic failed to close the goal. Use `ring_nf` to obtain a normal form.
    
  Note that `ring` works primarily in *commutative* rings. If you have a noncommutative ring, abelian group or module, consider using `noncomm_ring`, `abel` or `module` instead.
/workspace/shared/sticky-recovery-20261006/live/Theorems/Thm_StickyKakeya4_native_actual_configured_residue.lean:69:6: error(lean.unknownIdentifier): Unknown identifier `tangentIndex`
/workspace/shared/sticky-recovery-20261006/live/Theorems/Thm_StickyKakeya4_native_actual_configured_residue.lean:69:19: error(lean.unknownIdentifier): Unknown identifier `normalIndex`
Try this:
  [apply] ring_nf
  
  The `ring` tactic failed to close the goal. Use `ring_nf` to obtain a normal form.
    
  Note that `ring` works primarily in *commutative* rings. If you have a noncommutative ring, abelian group or module, consider using `noncomm_ring`, `abel` or `module` instead.
/workspace/shared/sticky-recovery-20261006/live/Theorems/Thm_StickyKakeya4_native_actual_configured_residue.lean:69:6: error(lean.unknownIdentifier): Unknown identifier `tangentIndex`
/workspace/shared/sticky-recovery-20261006/live/Theorems/Thm_StickyKakeya4_native_actual_configured_residue.lean:69:19: error(lean.unknownIdentifier): Unknown identifier `normalIndex`
/workspace/shared/sticky-recovery-20261006/live/Theorems/Thm_StickyKakeya4_native_actual_configured_residue.lean:69:6: error(lean.unknownIdentifier): Unknown identifier `tangentIndex`
/workspace/shared/sticky-recovery-20261006/live/Theorems/Thm_StickyKakeya4_native_actual_configured_residue.lean:69:19: error(lean.unknownIdentifier): Unknown identifier `normalIndex`
Try this:
  [apply] ring_nf
  
  The `ring` tactic failed to close the goal. Use `ring_nf` to obtain a normal form.
    
  Note that `ring` works primarily in *commutative* rings. If you have a noncommutative ring, abelian group or module, consider using `noncomm_ring`, `abel` or `module` instead.
/workspace/shared/sticky-recovery-20261006/live/Theorems/Thm_StickyKakeya4_native_actual_configured_residue.lean:69:6: error(lean.unknownIdentifier): Unknown identifier `tangentIndex`
/workspace/shared/sticky-recovery-20261006/live/Theorems/Thm_StickyKakeya4_native_actual_configured_residue.lean:69:19: error(lean.unknownIdentifier): Unknown identifier `normalIndex`
Try this:
  [apply] ring_nf
  
  The `ring` tactic failed to close the goal. Use `ring_nf` to obtain a normal form.
    
  Note that `ring` works primarily in *commutative* rings. If you have a noncommutative ring, abelian group or module, consider using `noncomm_ring`, `abel` or `module` instead.
/workspace/shared/sticky-recovery-20261006/live/Theorems/Thm_StickyKakeya4_native_actual_configured_residue.lean:69:6: error(lean.unknownIdentifier): Unknown identifier `tangentIndex`
/workspace/shared/sticky-recovery-20261006/live/Theorems/Thm_StickyKakeya4_native_actual_configured_residue.lean:69:19: error(lean.unknownIdentifier): Unknown identifier `normalIndex`
Try this:
  [apply] ring_nf
  
  The `ring` tactic failed to close the goal. Use `ring_nf` to obtain a normal form.
    
  Note that `ring` works primarily in *commutative* rings. If you have a noncommutative ring, abelian group or module, consider using `noncomm_ring`, `abel` or `module` instead.
/workspace/shared/sticky-recovery-20261006/live/Theorems/Thm_StickyKakeya4_native_actual_configured_residue.lean:69:6: error(lean.unknownIdentifier): Unknown identifier `tangentIndex`
/workspace/shared/sticky-recovery-20261006/live/Theorems/Thm_StickyKakeya4_native_actual_configured_residue.lean:69:19: error(lean.unknownIdentifier): Unknown identifier `normalIndex`
/workspace/shared/sticky-recovery-20261006/live/Theorems/Thm_StickyKakeya4_native_actual_configured_residue.lean:64:100: error: unsolved goals
case oneTwo.«0»
mu : ℝ
R : ℕ
F Fcfg : ℤ → Matrix (Fin (normalDim Split.oneTwo)) (Fin (tangentDim Split.oneTwo)) ℝ
z : Label ℤ (tangentDim Split.oneTwo) (normalDim Split.oneTwo)
⊢ mu * ↑R * (1 / 1024) + mu * ↑R * ↑(coarseGrid mu R z.2.1 0) * (1 / 512) =
    mu * ↑R * (1 / 1024) +
      mu * ↑R *
          ↑(![coarseGrid mu R z.2.1 0, recodedY mu R (F z.1 - Fcfg (z.1 / (↑R * 8))) z.2.1 z.2.2 0,
                recodedY mu R (F z.1 - Fcfg (z.1 / (↑R * 8))) z.2.1 z.2.2 1, z.1 / (↑R * 8)]
              (CanonicalAngularOffsetGeometry.tangentIndex Split.oneTwo 0)) *
        (1 / 512)

case oneTwo.«1»
mu : ℝ
R : ℕ
F Fcfg : ℤ → Matrix (Fin (normalDim Split.oneTwo)) (Fin (tangentDim Split.oneTwo)) ℝ
z : Label ℤ (tangentDim Split.oneTwo) (normalDim Split.oneTwo)
⊢ mu * ↑R * (1 / 1024) + mu * ↑R * ↑(recodedY mu R (F z.1 - Fcfg (z.1 / (↑R * 8))) z.2.1 z.2.2 0) * (1 / 512) +
        mu * ↑R * Fcfg (z.1 / (↑R * 8)) 0 0 * (1 / 1024) +
      mu * ↑R * Fcfg (z.1 / (↑R * 8)) 0 0 * ↑(coarseGrid mu R z.2.1 0) * (1 / 512) =
    mu * ↑R * (1 / 1024) + mu * ↑R * Fcfg (z.1 / (↑R * 8)) 0 0 * (1 / 1024) +
        mu * ↑R * Fcfg (z.1 / (↑R * 8)) 0 0 *
            ↑(![coarseGrid mu R z.2.1 0, recodedY mu R (F z.1 - Fcfg (z.1 / (↑R * 8))) z.2.1 z.2.2 0,
                  recodedY mu R (F z.1 - Fcfg (z.1 / (↑R * 8))) z.2.1 z.2.2 1, z.1 / (↑R * 8)]
                (CanonicalAngularOffsetGeometry.tangentIndex Split.oneTwo 0)) *
          (1 / 512) +
      mu * ↑R *
          ↑(![coarseGrid mu R z.2.1 0, recodedY mu R (F z.1 - Fcfg (z.1 / (↑R * 8))) z.2.1 z.2.2 0,
                recodedY mu R (F z.1 - Fcfg (z.1 / (↑R * 8))) z.2.1 z.2.2 1, z.1 / (↑R * 8)]
              (CanonicalAngularOffsetGeometry.normalIndex Split.oneTwo 0)) *
        (1 / 512)

case oneTwo.«2»
mu : ℝ
R : ℕ
F Fcfg : ℤ → Matrix (Fin (normalDim Split.oneTwo)) (Fin (tangentDim Split.oneTwo)) ℝ
z : Label ℤ (tangentDim Split.oneTwo) (normalDim Split.oneTwo)
⊢ mu * ↑R * (1 / 1024) + mu * ↑R * ↑(recodedY mu R (F z.1 - Fcfg (z.1 / (↑R * 8))) z.2.1 z.2.2 1) * (1 / 512) +
        mu * ↑R * Fcfg (z.1 / (↑R * 8)) 1 0 * (1 / 1024) +
      mu * ↑R * Fcfg (z.1 / (↑R * 8)) 1 0 * ↑(coarseGrid mu R z.2.1 0) * (1 / 512) =
    mu * ↑R * (1 / 1024) + mu * ↑R * Fcfg (z.1 / (↑R * 8)) 1 0 * (1 / 1024) +
        mu * ↑R * Fcfg (z.1 / (↑R * 8)) 1 0 *
            ↑(![coarseGrid mu R z.2.1 0, recodedY mu R (F z.1 - Fcfg (z.1 / (↑R * 8))) z.2.1 z.2.2 0,
                  recodedY mu R (F z.1 - Fcfg (z.1 / (↑R * 8))) z.2.1 z.2.2 1, z.1 / (↑R * 8)]
                (CanonicalAngularOffsetGeometry.tangentIndex Split.oneTwo 0)) *
          (1 / 512) +
      mu * ↑R *
          ↑(![coarseGrid mu R z.2.1 0, recodedY mu R (F z.1 - Fcfg (z.1 / (↑R * 8))) z.2.1 z.2.2 0,
                recodedY mu R (F z.1 - Fcfg (z.1 / (↑R * 8))) z.2.1 z.2.2 1, z.1 / (↑R * 8)]
              (CanonicalAngularOffsetGeometry.normalIndex Split.oneTwo 1)) *
        (1 / 512)

case twoOne.«0»
mu : ℝ
R : ℕ
F Fcfg : ℤ → Matrix (Fin (normalDim Split.twoOne)) (Fin (tangentDim Split.twoOne)) ℝ
z : Label ℤ (tangentDim Split.twoOne) (normalDim Split.twoOne)
⊢ mu * ↑R * (1 / 1024) + mu * ↑R * ↑(coarseGrid mu R z.2.1 0) * (1 / 512) =
    mu * ↑R * (1 / 1024) +
      mu * ↑R *
          ↑(![coarseGrid mu R z.2.1 0, coarseGrid mu R z.2.1 1,
                recodedY mu R (F z.1 - Fcfg (z.1 / (↑R * 8))) z.2.1 z.2.2 0, z.1 / (↑R * 8)]
              (CanonicalAngularOffsetGeometry.tangentIndex Split.twoOne 0)) *
        (1 / 512)

case twoOne.«1»
mu : ℝ
R : ℕ
F Fcfg : ℤ → Matrix (Fin (normalDim Split.twoOne)) (Fin (tangentDim Split.twoOne)) ℝ
z : Label ℤ (tangentDim Split.twoOne) (normalDim Split.twoOne)
⊢ mu * ↑R * (1 / 1024) + mu * ↑R * ↑(coarseGrid mu R z.2.1 1) * (1 / 512) =
    mu * ↑R * (1 / 1024) +
      mu * ↑R *
          ↑(![coarseGrid mu R z.2.1 0, coarseGrid mu R z.2.1 1,
                recodedY mu R (F z.1 - Fcfg (z.1 / (↑R * 8))) z.2.1 z.2.2 0, z.1 / (↑R * 8)]
              (CanonicalAngularOffsetGeometry.tangentIndex Split.twoOne 1)) *
        (1 / 512)

case twoOne.«2»
mu : ℝ
R : ℕ
F Fcfg : ℤ → Matrix (Fin (normalDim Split.twoOne)) (Fin (tangentDim Split.twoOne)) ℝ
z : Label ℤ (tangentDim Split.twoOne) (normalDim Split.twoOne)
⊢ mu * ↑R * (1 / 1024) + mu * ↑R * ↑(recodedY mu R (F z.1 - Fcfg (z.1 / (↑R * 8))) z.2.1 z.2.2 0) * (1 / 512) +
            mu * ↑R * Fcfg (z.1 / (↑R * 8)) 0 0 * (1 / 1024) +
          mu * ↑R * Fcfg (z.1 / (↑R * 8)) 0 0 * ↑(coarseGrid mu R z.2.1 0) * (1 / 512) +
        mu * ↑R * Fcfg (z.1 / (↑R * 8)) 0 1 * (1 / 1024) +
      mu * ↑R * Fcfg (z.1 / (↑R * 8)) 0 1 * ↑(coarseGrid mu R z.2.1 1) * (1 / 512) =
    mu * ↑R * (1 / 1024) + mu * ↑R * Fcfg (z.1 / (↑R * 8)) 0 0 * (1 / 1024) +
            mu * ↑R * Fcfg (z.1 / (↑R * 8)) 0 0 *
                ↑(![coarseGrid mu R z.2.1 0, coarseGrid mu R z.2.1 1,
                      recodedY mu R (F z.1 - Fcfg (z.1 / (↑R * 8))) z.2.1 z.2.2 0, z.1 / (↑R * 8)]
                    (CanonicalAngularOffsetGeometry.tangentIndex Split.twoOne 0)) *
              (1 / 512) +
          mu * ↑R * Fcfg (z.1 / (↑R * 8)) 0 1 * (1 / 1024) +
        mu * ↑R * Fcfg (z.1 / (↑R * 8)) 0 1 *
            ↑(![coarseGrid mu R z.2.1 0, coarseGrid mu R z.2.1 1,
                  recodedY mu R (F z.1 - Fcfg (z.1 / (↑R * 8))) z.2.1 z.2.2 0, z.1 / (↑R * 8)]
                (CanonicalAngularOffsetGeometry.tangentIndex Split.twoOne 1)) *
          (1 / 512) +
      mu * ↑R *
          ↑(![coarseGrid mu R z.2.1 0, coarseGrid mu R z.2.1 1,
                recodedY mu R (F z.1 - Fcfg (z.1 / (↑R * 8))) z.2.1 z.2.2 0, z.1 / (↑R * 8)]
              (CanonicalAngularOffsetGeometry.normalIndex Split.twoOne 0)) *
        (1 / 512)
/workspace/shared/sticky-recovery-20261006/live/Theorems/Thm_StickyKakeya4_native_actual_configured_residue.lean:70:34: error: This simp argument is unused:
  Fin.sum_univ_one

Hint: Omit it from the simp argument list.
  [apply] simp [NativeActualConfiguredPoint.graphGrid, parameter, HeightGraphResidueSeparation.graphGrid,
    HeightGraphResidueSeparation.parameterX, HeightGraphResidueSeparation.parameterY, tangentIndex, normalIndex,
    assemble, coarseX, configuredNormal, graphPoint, center, PiLp.smul_apply, smul_eq_mul, Fin.sum_univ_two]

Note: This linter can be disabled with `set_option linter.unusedSimpArgs false`
/workspace/shared/sticky-recovery-20261006/live/Theorems/Thm_StickyKakeya4_native_actual_configured_residue.lean:163:8: error: Tactic `rewrite` failed: Did not find an occurrence of the pattern
  mu m * ↑R / 512 * 8
in the target expression
  mu m * ↑R / 512 * ↑8 ≤
    dist (HeightGraphResidueSeparation.graphGrid s (mu m * ↑R / 512) Fcfg (par z.2))
      (HeightGraphResidueSeparation.graphGrid s (mu m * ↑R / 512) Fcfg (par u.2))

case refine_1
n : ℕ
D : FiniteScaleSource n
a : ℝ
m : ℕ
p : Parent
A : Finset (Fin n × Index)
s : Split
P : Submodule ℝ E4
hP : P ≤ heightKernel
hd : Module.finrank ℝ ↥P = tangentDim s
F Fcfg : ℤ → Matrix (Fin (normalDim s)) (Fin (tangentDim s)) ℝ
R : ℕ
hR : 0 < R
par : Index → HeightGraphResidueSeparation.Parameter :=
  fun k => parameter s (mu m) R F Fcfg (NativeActualConfiguredPoint.sourceLabel D a m p s P hP hd F k)
paint : Index → Fin 4 → Fin 8 := fun k => SeparatedAlignmentPatches.color 8 ⋯ (par k)
weight : Index → ℕ := fun k => #({z ∈ A | z.2 = k})
color : Fin 4 → Fin 8
hret :
  ∑ a ∈ image Prod.snd A, weight a ≤
    Fintype.card (Fin 4 → Fin 8) * ∑ a ∈ image Prod.snd A with paint a = color, weight a
B : Finset Index := {k ∈ image Prod.snd A | paint k = color}
hB : B ⊆ image Prod.snd A
hmass : mass (image Prod.snd A) weight = #A
hret' : #A ≤ 8 ^ 4 * #(edgeLift A Prod.snd B)
hcolor : ∀ k ∈ B, paint k = color
hbase : 0 < mu m * ↑R / 512
hscale : mu m * ↑R / 512 * 8 = mu m * ↑R / 64
hmap :
  ∀ (k : Index),
    NativeActualConfiguredPoint.point D a m p s P hP hd F Fcfg R k =
      HeightGraphResidueSeparation.graphGrid s (mu m * ↑R / 512) Fcfg (par k)
z : Fin n × Index
hz : z ∈ edgeLift A Prod.snd B
hx :
  NativeActualConfiguredPoint.point D a m p s P hP hd F Fcfg R z.2 ∈
    image (fun z => NativeActualConfiguredPoint.point D a m p s P hP hd F Fcfg R z.2) (edgeLift A Prod.snd B)
u : Fin n × Index
hu : u ∈ edgeLift A Prod.snd B
hy :
  NativeActualConfiguredPoint.point D a m p s P hP hd F Fcfg R u.2 ∈
    image (fun z => NativeActualConfiguredPoint.point D a m p s P hP hd F Fcfg R z.2) (edgeLift A Prod.snd B)
hxy :
  NativeActualConfiguredPoint.point D a m p s P hP hd F Fcfg R z.2 ≠
    NativeActualConfiguredPoint.point D a m p s P hP hd F Fcfg R u.2
hc : paint z.2 = paint u.2
hne : par z.2 ≠ par u.2
hs :
  mu m * ↑R / 512 * ↑8 ≤
    dist (HeightGraphResidueSeparation.graphGrid s (mu m * ↑R / 512) Fcfg (par z.2))
      (HeightGraphResidueSeparation.graphGrid s (mu m * ↑R / 512) Fcfg (par u.2))
⊢ mu m * ↑R / 64 ≤
    dist (NativeActualConfiguredPoint.point D a m p s P hP hd F Fcfg R z.2)
      (NativeActualConfiguredPoint.point D a m p s P hP hd F Fcfg R u.2)
/workspace/shared/sticky-recovery-20261006/live/Theorems/Thm_StickyKakeya4_native_actual_configured_residue.lean:174:8: error: Tactic `rewrite` failed: Did not find an occurrence of the pattern
  mu m * ↑R / 512 * 8
in the target expression
  mu m * ↑R / 512 * ↑8 ≤ dist (mu m * ↑R / 512 * (↑(par z.2 3) + 1 / 2)) (mu m * ↑R / 512 * (↑(par u.2 3) + 1 / 2))

case refine_2
n : ℕ
D : FiniteScaleSource n
a : ℝ
m : ℕ
p : Parent
A : Finset (Fin n × Index)
s : Split
P : Submodule ℝ E4
hP : P ≤ heightKernel
hd : Module.finrank ℝ ↥P = tangentDim s
F Fcfg : ℤ → Matrix (Fin (normalDim s)) (Fin (tangentDim s)) ℝ
R : ℕ
hR : 0 < R
par : Index → HeightGraphResidueSeparation.Parameter :=
  fun k => parameter s (mu m) R F Fcfg (NativeActualConfiguredPoint.sourceLabel D a m p s P hP hd F k)
paint : Index → Fin 4 → Fin 8 := fun k => SeparatedAlignmentPatches.color 8 ⋯ (par k)
weight : Index → ℕ := fun k => #({z ∈ A | z.2 = k})
color : Fin 4 → Fin 8
hret :
  ∑ a ∈ image Prod.snd A, weight a ≤
    Fintype.card (Fin 4 → Fin 8) * ∑ a ∈ image Prod.snd A with paint a = color, weight a
B : Finset Index := {k ∈ image Prod.snd A | paint k = color}
hB : B ⊆ image Prod.snd A
hmass : mass (image Prod.snd A) weight = #A
hret' : #A ≤ 8 ^ 4 * #(edgeLift A Prod.snd B)
hcolor : ∀ k ∈ B, paint k = color
hbase : 0 < mu m * ↑R / 512
hscale : mu m * ↑R / 512 * 8 = mu m * ↑R / 64
hmap :
  ∀ (k : Index),
    NativeActualConfiguredPoint.point D a m p s P hP hd F Fcfg R k =
      HeightGraphResidueSeparation.graphGrid s (mu m * ↑R / 512) Fcfg (par k)
z : Fin n × Index
hz : z ∈ edgeLift A Prod.snd B
u : Fin n × Index
hu : u ∈ edgeLift A Prod.snd B
hzu :
  (NativeActualConfiguredPoint.point D a m p s P hP hd F Fcfg R z.2).ofLp 3 ≠
    (NativeActualConfiguredPoint.point D a m p s P hP hd F Fcfg R u.2).ofLp 3
hc : paint z.2 = paint u.2
hne : par z.2 3 ≠ par u.2 3
hs : mu m * ↑R / 512 * ↑8 ≤ dist (mu m * ↑R / 512 * (↑(par z.2 3) + 1 / 2)) (mu m * ↑R / 512 * (↑(par u.2 3) + 1 / 2))
⊢ mu m * ↑R / 64 ≤
    dist ((NativeActualConfiguredPoint.point D a m p s P hP hd F Fcfg R z.2).ofLp 3)
      ((NativeActualConfiguredPoint.point D a m p s P hP hd F Fcfg R u.2).ofLp 3)
LEAN_FINISHED_UTC 2026-10-06T14:56:41.343414+00:00 EXIT_CODE=1

EXIT_CODE=1
