COMMAND ["flock", "/workspace/scratch/5f2524fd4117/4dstickykakeya/.lake/staging-lean.lock", "python3", "/workspace/shared/sticky-recovery-20261005/staging_third_slot.py", "--lock-file", "/workspace/scratch/5f2524fd4117/4dstickykakeya/.lake/global-lean-locks/3.lock", "--", "/workspace/scratch/5f2524fd4117/lean-tools/lean-4.33.1-linux/bin/lean", "-j1", "-DautoImplicit=false", "-DwarningAsError=true", "-R", "/workspace/shared/sticky-recovery-20261005/verification/axiom-batch-20261005T153325354641", "/workspace/shared/sticky-recovery-20261005/verification/axiom-batch-20261005T153325354641/AggregateReadback.lean"]
READBACK_SHA256 6a1418c1826df6380c9bbd08be975f5a1934f20bb896b556a3629d37c62ec12f
Dedicated staging slot 3 acquired UTC: 2026-10-05T15:33:26.090644+00:00
Memory at admission: MemTotal:       10206508 kB; MemAvailable:    8776512 kB
'NativeProjectorCellChart.basis' depends on axioms: [propext, Classical.choice, Quot.sound]
'NativeProjectorCellChart.basis_expansion' depends on axioms: [propext, Classical.choice, Quot.sound]
'NativeProjectorCellChart.basis_norm' depends on axioms: [propext, Classical.choice, Quot.sound]
'NativeProjectorCellChart.card_cell' depends on axioms: [propext, Classical.choice, Quot.sound]
'NativeProjectorCellChart.cell' depends on axioms: [propext, Classical.choice, Quot.sound]
'NativeProjectorCellChart.chartCount' depends on axioms: [propext]
'NativeProjectorCellChart.entry' depends on axioms: [propext, Classical.choice, Quot.sound]
'NativeProjectorCellChart.entry_abs_le_one' depends on axioms: [propext, Classical.choice, Quot.sound]
'NativeProjectorCellChart.norm_le_coordinate_sum' depends on axioms: [propext, Classical.choice, Quot.sound]
'NativeProjectorCellChart.same_cell_column' depends on axioms: [propext, Classical.choice, Quot.sound]
'NativeProjectorCellChart.same_cell_entry' depends on axioms: [propext, Classical.choice, Quot.sound]
'NativeProjectorCellChart.same_cell_forward_gap' depends on axioms: [propext, Classical.choice, Quot.sound]
'NativeProjectorCellChart.same_cell_operator_norm' depends on axioms: [propext, Classical.choice, Quot.sound]
'NativeProjectorCellChart.same_cell_projection_difference' depends on axioms: [propext, Classical.choice, Quot.sound]
'NativeProjectorCellChart.same_cell_projection_lift' depends on axioms: [propext, Classical.choice, Quot.sound]
'NativeProjectorCellChart.select_whole_nodes' depends on axioms: [propext, Classical.choice, Quot.sound]
'NativeProjectorCellChart.select_whole_nodes_with_lifts' depends on axioms: [propext, Classical.choice, Quot.sound]

EXIT_CODE=0
