COMMAND ["flock", "/workspace/scratch/5f2524fd4117/4dstickykakeya/.lake/staging-lean.lock", "python3", "/workspace/shared/sticky-recovery-20261005/staging_third_slot.py", "--lock-file", "/workspace/scratch/5f2524fd4117/4dstickykakeya/.lake/global-lean-locks/3.lock", "--", "/workspace/scratch/5f2524fd4117/lean-tools/lean-4.33.1-linux/bin/lean", "-j1", "-DautoImplicit=false", "-DwarningAsError=true", "-R", "/workspace/shared/sticky-recovery-20261005/verification/axiom-batch-20261005T190735750940", "/workspace/shared/sticky-recovery-20261005/verification/axiom-batch-20261005T190735750940/AggregateReadback.lean"]
READBACK_SHA256 3da7a0f33c322e4ac4670cb224508988b15f6edd46310ef1f2b7e85a75eb8fc3
Dedicated staging slot 3 acquired UTC: 2026-10-05T19:07:36.944943+00:00
Memory at admission: MemTotal:       10206508 kB; MemAvailable:    8762804 kB
'NativeActualSharpXPowerLoss.source_reference_X_power_lower_with_loss' depends on axioms: [propext,
 Classical.choice,
 Quot.sound]
'NativeActualXYGrainCore.exists_actual_xy_grain_core' depends on axioms: [propext, Classical.choice, Quot.sound]
'NativeAllTwoScaleExtraConfiguration.exists_all_two_scale_extra_configuration' depends on axioms: [propext,
 Classical.choice,
 Quot.sound]
'NativeCandidateReferenceAdmission.exists_candidate_menu_angular_upper' depends on axioms: [propext,
 Classical.choice,
 Quot.sound]
'NativeCandidateReferenceConfiguration.HasCandidateReferenceUpper' depends on axioms: [propext,
 Classical.choice,
 Quot.sound]
'NativeCandidateReferenceConfiguration.exists_candidate_reference_configuration' depends on axioms: [propext,
 Classical.choice,
 Quot.sound]
'NativeInitialExtraRelations.caller_uniformities' depends on axioms: [propext, Classical.choice, Quot.sound]
'NativeInitialExtraRelations.relations' depends on axioms: [propext, Classical.choice, Quot.sound]
'NativeInitialExtraRelations.relations_refl' depends on axioms: [propext, Classical.choice, Quot.sound]
'NativeInitialExtraRelations.relations_symm' depends on axioms: [propext, Classical.choice, Quot.sound]
'NativeMiddleTwoScaleExtraConfiguration.exists_middle_two_scale_extra_configuration' depends on axioms: [propext,
 Classical.choice,
 Quot.sound]
'NativeParentLocalXYGrainCore.exists_parent_local_xy_grain_core' depends on axioms: [propext,
 Classical.choice,
 Quot.sound]
'NativeReferenceAngularPowerBudget.coherence_excess_factor' depends on axioms: [propext, Classical.choice, Quot.sound]
'NativeReferenceAngularPowerBudget.coherence_radius_payment' depends on axioms: [propext, Classical.choice, Quot.sound]
'NativeReferenceAngularPowerBudget.first_cost_angular_factor' depends on axioms: [propext, Classical.choice, Quot.sound]
'NativeReferenceAngularPowerBudget.independent_exponent_margin' depends on axioms: [propext,
 Classical.choice,
 Quot.sound]
'NativeReferenceAngularPowerBudget.relative_power_payment' depends on axioms: [propext, Classical.choice, Quot.sound]
'NativeThirdXYData.HasThirdXYData' depends on axioms: [propext, Classical.choice, Quot.sound]
'NativeThirdXYData.xyConstant' depends on axioms: [propext, Classical.choice, Quot.sound]
'NativeThirdXYData.xyConstant_one_le' depends on axioms: [propext, Classical.choice, Quot.sound]

EXIT_CODE=0
