COMMAND ["python", "/workspace/shared/sticky-recovery-20261006/run_locked_lean.py", "/workspace/shared/sticky-recovery-20261006/global-lean-locks/43c46f1b87d6268fa0b1faf5c63aff70c783ab0e933c8b293cc4d7634db0280f.lock", "/workspace/shared/sticky-recovery-20261006/global-lean-locks/2.lock", "/workspace/scratch/5f2524fd4117/lean-tools/lean-4.33.1-linux/bin/lean", "-j1", "-DautoImplicit=false", "-DwarningAsError=true", "-R", "/workspace/shared/sticky-recovery-20261006/live", "-o", "/workspace/shared/sticky-recovery-20261006/runtime-20261006T1519/olean/Theorems/Thm_StickyKakeya4_native_original_incidence_mass_lower.olean", "/workspace/shared/sticky-recovery-20261006/live/Theorems/Thm_StickyKakeya4_native_original_incidence_mass_lower.lean"]
SOURCE_SHA256 c02de2f9ad22424999c561c080401c78f32788757e7f0e10a300e74b1e4c5a42
LOCK_ACQUIRED_UTC 2026-10-06T21:27:20.800575+00:00
SHARED_SLOT 2
LEAN_PID 58
/workspace/shared/sticky-recovery-20261006/live/Theorems/Thm_StickyKakeya4_native_original_incidence_mass_lower.lean:62:13: error: unsolved goals
n : ℕ
D : FiniteScaleSource n
eta etaRef a : ℝ
h : IsWangZakharovNativeFiniteInput D eta
R : Finset (Fin n)
Eref H T : Finset (Fin n × Index)
m : ℕ
p : Parent
href : IsWangZakharovNativeFiniteInput (source h R Eref a m p) etaRef
population cost : ℝ
hpopulation : 0 < population
hcost : 0 < cost
hparent : population * ↑(#(parentLabels D R a (2 ^ m) p)) ≤ D.thickness * ↑(#(parentEdges D a (2 ^ m) H p))
hretain : ↑(#(parentEdges D a (2 ^ m) H p)) ≤ cost * ↑(#T)
r : ℝ := (source h R Eref a m p).thickness
hr : 0 < r
hn :
  (source h R Eref a m p).thickness ^ etaRef ≤
    (source h R Eref a m p).thickness ^ 3 * ↑(#(parentLabels D R a (2 ^ m) p))
hpar : population * ↑(#(parentLabels D R a (2 ^ m) p)) ≤ D.thickness * cost * ↑(#T)
⊢ r ^ 3 * D.thickness * ↑(#T) = D.thickness * ↑(#T) * (source h R Eref a m p).thickness ^ 3
LEAN_FINISHED_UTC 2026-10-06T21:28:09.122769+00:00 EXIT_CODE=1

EXIT_CODE=1
