COMMAND ["python", "/workspace/shared/sticky-recovery-20261006/run_locked_lean.py", "/workspace/shared/sticky-recovery-20261006/global-lean-locks/e038dc30e7bb184d786adee24594582b9d2e4a6ac1d12fdcd8d31f2e8308c49e.lock", "/workspace/shared/sticky-recovery-20261006/global-lean-locks/3.lock", "/workspace/scratch/5f2524fd4117/lean-tools/lean-4.33.1-linux/bin/lean", "-j1", "-DautoImplicit=false", "-DwarningAsError=true", "-R", "/workspace/shared/sticky-recovery-20261006/live", "-o", "/workspace/shared/sticky-recovery-20261006/runtime-20261006T1519/olean/Theorems/Thm_StickyKakeya4_native_third_single_height_Y_ad.olean", "/workspace/shared/sticky-recovery-20261006/live/Theorems/Thm_StickyKakeya4_native_third_single_height_Y_ad.lean"]
SOURCE_SHA256 a3ea711da65f8157442df3f8616db136affdf6c589fc6044e8120f3e8aa8273e
LOCK_ACQUIRED_UTC 2026-10-06T16:18:21.426512+00:00
SHARED_SLOT 3
LEAN_PID 58
/workspace/shared/sticky-recovery-20261006/live/Theorems/Thm_StickyKakeya4_native_third_single_height_Y_ad.lean:41:7: error: unsolved goals
n d J : ℕ
D : FiniteScaleSource n
eta a zeta : ℝ
h : IsWangZakharovNativeFiniteInput D eta
original : Fin n → Finset Index
horiginal : ∀ (i : Fin n), D.shading i = wzCellShading (mesh D) original i
ha : ∀ (i : Fin n), wzGraphTime (D.line i) a - mark (D.line i) ∈ Set.Icc (-(1 / 2)) (1 / 2)
m level : ℕ
hm : 12 ≤ m
hdy : D.thickness = 2⁻¹ ^ level
hf : phaseDepth m ≤ level
p : Parent
plane : Index → Submodule ℝ E4
E Hgraph S T : Finset (Fin n × Index)
hS : S ⊆ incidences original
hp : ∀ z ∈ S, parentLabel D a (2 ^ m) z.1 = p
P : Submodule ℝ E4
hP : P ≤ heightKernel
hd : Module.finrank ℝ ↥P = 1
Fraw Fcfg : ℤ → Matrix (Fin 2) (Fin 1) ℝ
population PL PU : ℝ
Qref : ℕ
lambda G Cpre threshold : ℝ
L3 : ℕ
Rel : Fin d → Fin n × Index → Fin n × Index → Prop
CX : ℝ
R : ℕ
hR : 0 < R
hbase : mu m * ↑R ≤ 1
hdimension : extremalExponent ≤ 2
⊢ 1 ≤ ?m.110
/workspace/shared/sticky-recovery-20261006/live/Theorems/Thm_StickyKakeya4_native_third_single_height_Y_ad.lean:41:21: error: unsolved goals
n d J : ℕ
D : FiniteScaleSource n
eta a zeta : ℝ
h : IsWangZakharovNativeFiniteInput D eta
original : Fin n → Finset Index
horiginal : ∀ (i : Fin n), D.shading i = wzCellShading (mesh D) original i
ha : ∀ (i : Fin n), wzGraphTime (D.line i) a - mark (D.line i) ∈ Set.Icc (-(1 / 2)) (1 / 2)
m level : ℕ
hm : 12 ≤ m
hdy : D.thickness = 2⁻¹ ^ level
hf : phaseDepth m ≤ level
p : Parent
plane : Index → Submodule ℝ E4
E Hgraph S T : Finset (Fin n × Index)
hS : S ⊆ incidences original
hp : ∀ z ∈ S, parentLabel D a (2 ^ m) z.1 = p
P : Submodule ℝ E4
hP : P ≤ heightKernel
hd : Module.finrank ℝ ↥P = 1
Fraw Fcfg : ℤ → Matrix (Fin 2) (Fin 1) ℝ
population PL PU : ℝ
Qref : ℕ
lambda G Cpre threshold : ℝ
L3 : ℕ
Rel : Fin d → Fin n × Index → Fin n × Index → Prop
CX : ℝ
R : ℕ
hR : 0 < R
hbase : mu m * ↑R ≤ 1
hdimension : extremalExponent ≤ 2
⊢ ?m.110 ≤ 4
LEAN_FINISHED_UTC 2026-10-06T16:20:03.536684+00:00 EXIT_CODE=1

EXIT_CODE=1
