COMMAND ["python", "/workspace/shared/sticky-recovery-20261006/run_locked_lean.py", "/workspace/shared/sticky-recovery-20261006/global-lean-locks/import-batch-20261006T2250.lock", "/workspace/shared/sticky-recovery-20261006/global-lean-locks/1.lock", "/workspace/scratch/5f2524fd4117/lean-tools/lean-4.33.1-linux/bin/lean", "-j1", "-DautoImplicit=false", "-DwarningAsError=true", "-R", "/workspace/shared/sticky-recovery-20261006/verification/import-batch-20261006T2250", "/workspace/shared/sticky-recovery-20261006/verification/import-batch-20261006T2250/Readback.lean"]
LOCK_ACQUIRED_UTC 2026-10-06T22:49:59.790756+00:00
SHARED_SLOT 1
LEAN_PID 58
'NativeRawWholeYRetention.select_actual_common_edges' depends on axioms: [propext, Classical.choice, Quot.sound]
'NativeRawWholeYRetention.normalized_mass_transfer' depends on axioms: [propext, Classical.choice, Quot.sound]
'NativeRawWholeYRetention.pay_raw_mass_at_epsilon' depends on axioms: [propext, Classical.choice, Quot.sound]
'NativeActualRawYTotalMass.exists_actual_raw_total' depends on axioms: [propext, Classical.choice, Quot.sound]
'NativeActualRawThirdTotalMass.exists_raw_total_supplier' depends on axioms: [propext, Classical.choice, Quot.sound]
'NativeActualRawRememberedSource.massive_old_phase' depends on axioms: [propext, Classical.choice, Quot.sound]
'NativeActualRawRememberedSource.occurrence_tagged_bound' depends on axioms: [propext, Classical.choice, Quot.sound]
'NativeActualRawRememberedSource.occurrence_raw_heights_per_bin' depends on axioms: [propext,
 Classical.choice,
 Quot.sound]
'NativeActualRawRememberedSource.count_to_mass' depends on axioms: [propext, Classical.choice, Quot.sound]
'NativeActualRawRememberedSource.select_raw_height_and_shading' depends on axioms: [propext,
 Classical.choice,
 Quot.sound]
'NativeActualRawRememberedSource.phase_mass_payment' depends on axioms: [propext, Classical.choice, Quot.sound]
'NativeActualRawRememberedSource.exists_same_Q_source' depends on axioms: [propext, Classical.choice, Quot.sound]
LEAN_FINISHED_UTC 2026-10-06T22:51:02.488734+00:00 EXIT_CODE=0

EXIT_CODE=0
