COMMAND ["flock", "/workspace/scratch/5f2524fd4117/4dstickykakeya/.lake/staging-lean.lock", "python3", "/workspace/scratch/5f2524fd4117/4dstickykakeya/scripts/lean-slot.py", "--slots", "2", "--lock-dir", "/workspace/scratch/5f2524fd4117/4dstickykakeya/.lake/global-lean-locks", "--", "/workspace/scratch/5f2524fd4117/lean-tools/lean-4.33.1-linux/bin/lean", "-j1", "-DautoImplicit=false", "-DwarningAsError=true", "-R", "/workspace/shared/sticky-recovery-20261005/live", "/workspace/shared/sticky-recovery-20261005/live/native_shading_independent_representatives_readback.lean"]
SOURCE_SHA256 5979ceea6333a76d93a01d274b9630731de303d82c399a2cfda1fcea9f54a001
FIFO compiler ticket: 01791182446919496332-9bb6800d27bb40d2abbb0f19b6222cbb.request
FIFO compiler acquired UTC: 2026-10-05T06:40:46.920623+00:00
'NativeShadingIndependentRepresentatives.chooseRepresentative' depends on axioms: [propext,
 Classical.choice,
 Quot.sound]
'NativeShadingIndependentRepresentatives.chooseRepresentative_eq_canonical' depends on axioms: [propext,
 Classical.choice,
 Quot.sound]
'NativeShadingIndependentRepresentatives.chooseRepresentative_eq_of_geometry' depends on axioms: [propext,
 Classical.choice,
 Quot.sound]
'NativeShadingIndependentRepresentatives.relativeRepresentative' depends on axioms: [propext,
 Classical.choice,
 Quot.sound]
'NativeShadingIndependentRepresentatives.relativeRepresentative_eq_canonical' depends on axioms: [propext,
 Classical.choice,
 Quot.sound]

EXIT_CODE=0
