COMMAND ["python", "/workspace/shared/sticky-recovery-20261006/run_locked_lean.py", "/workspace/shared/sticky-recovery-20261006/global-lean-locks/98ca541ac77fccd81763bb4160f79ff11d529aebfe4ac396be06cb0c055418fc.lock", "/workspace/shared/sticky-recovery-20261006/global-lean-locks/3.lock", "/workspace/scratch/5f2524fd4117/lean-tools/lean-4.33.1-linux/bin/lean", "-j1", "-DautoImplicit=false", "-DwarningAsError=true", "-R", "/workspace/shared/sticky-recovery-20261006/live", "-o", "/workspace/shared/sticky-recovery-20261006/olean/Theorems/Thm_StickyKakeya4_native_grid_support_local.olean", "/workspace/shared/sticky-recovery-20261006/live/Theorems/Thm_StickyKakeya4_native_grid_support_local.lean"]
SOURCE_SHA256 7d3a888b401d459beb6d2fcffc52c2af68f48ae528bbd026a95bb207b0a30663
LOCK_ACQUIRED_UTC 2026-10-06T12:50:03.897589+00:00
SHARED_SLOT 3
LEAN_PID 59
Try this:
  [apply] ring_nf
  
  The `ring` tactic failed to close the goal. Use `ring_nf` to obtain a normal form.
    
  Note that `ring` works primarily in *commutative* rings. If you have a noncommutative ring, abelian group or module, consider using `noncomm_ring`, `abel` or `module` instead.
/workspace/shared/sticky-recovery-20261006/live/Theorems/Thm_StickyKakeya4_native_grid_support_local.lean:43:2: error: unsolved goals
d : ℕ
A : Finset (Fin d → ℝ)
mu rho K t : ℝ
hmu : 0 < mu
hmurho : mu ≤ rho
hrho1 : rho ≤ 1
hK : 1 ≤ K
ht : 0 ≤ t
H : ADBounds A mu K t
hbox : ∀ x ∈ A, dist x 0 ≤ 2
x : Fin d → ℝ
r : ℝ
hr : rho ≤ r
hrho : 0 < rho
hKp : 0 < K
C : ℝ := ↑(13 ^ d)
hC : 1 ≤ C
hCK : K ≤ C * K
hCK1 : 1 ≤ C * K
HC : ADBounds A mu (C * K) t
hglobal : ↑(#A) ≤ C * K * mu ^ (-t)
B : Finset (Fin d → ℤ) := image (label rho) A
hr1 : r ≤ 1
hnear : ∀ q ∈ B, ∃ a ∈ A, dist (center rho q) a ≤ 1 * rho
hh : ↑(#({k ∈ B | dist (center rho k) x ≤ r})) ≤ ↑(9 ^ d) * (C * K) ^ 2 * 6 ^ t * (r / rho) ^ t
⊢ (True ∨ 6 ^ t = 0) ∨ (r * rho⁻¹) ^ t = 0
LEAN_FINISHED_UTC 2026-10-06T12:52:50.210997+00:00 EXIT_CODE=1

EXIT_CODE=1
