COMMAND ["python", "/workspace/shared/sticky-recovery-20261006/run_locked_lean.py", "/workspace/shared/sticky-recovery-20261006/global-lean-locks/9ea8cc769ceeca200d3233b648354a134dff63e0d3fc9f887c7292834a009224.lock", "/workspace/shared/sticky-recovery-20261006/global-lean-locks/2.lock", "/workspace/scratch/5f2524fd4117/lean-tools/lean-4.33.1-linux/bin/lean", "-j1", "-DautoImplicit=false", "-DwarningAsError=true", "-R", "/workspace/shared/sticky-recovery-20261006/live", "-o", "/workspace/shared/sticky-recovery-20261006/olean/Theorems/Thm_StickyKakeya4_native_coordinate_volume_transport.olean", "/workspace/shared/sticky-recovery-20261006/live/Theorems/Thm_StickyKakeya4_native_coordinate_volume_transport.lean"]
SOURCE_SHA256 0bcb5fc78d1381ca0c33a806c59f2565e201e4b2040585cfc2992bb7e73008c4
LOCK_ACQUIRED_UTC 2026-10-06T09:00:49.190335+00:00
SHARED_SLOT 2
LEAN_PID 60
/workspace/shared/sticky-recovery-20261006/live/Theorems/Thm_StickyKakeya4_native_coordinate_volume_transport.lean:41:4: error(lean.unknownIdentifier): Unknown identifier `measurePreserving_swap`
/workspace/shared/sticky-recovery-20261006/live/Theorems/Thm_StickyKakeya4_native_coordinate_volume_transport.lean:38:64: error: unsolved goals
case e'_5
h1 : MeasurePreserving (⇑(MeasurableEquiv.piFinSuccAbove (fun x => ℝ) 2)) volume volume
h2 : MeasurePreserving Prod.swap volume volume
h3 : MeasurePreserving (Prod.map (⇑MeasurableEquiv.finTwoArrow) id) (volume.prod volume) (volume.prod volume)
⊢ (fun x => ((x 0, x 1), x 2)) =
    Prod.map (⇑MeasurableEquiv.finTwoArrow) id ∘ Prod.swap ∘ ⇑(MeasurableEquiv.piFinSuccAbove (fun x => ℝ) 2)

case e'_7
h1 : MeasurePreserving (⇑(MeasurableEquiv.piFinSuccAbove (fun x => ℝ) 2)) volume volume
h2 : MeasurePreserving Prod.swap volume volume
h3 : MeasurePreserving (Prod.map (⇑MeasurableEquiv.finTwoArrow) id) (volume.prod volume) (volume.prod volume)
⊢ volume = volume.prod volume
/workspace/shared/sticky-recovery-20261006/live/Theorems/Thm_StickyKakeya4_native_coordinate_volume_transport.lean:47:63: error: unsolved goals
case e'_5
h1 : MeasurePreserving (⇑(MeasurableEquiv.piFinSuccAbove (fun x => ℝ) 0) ∘ WithLp.ofLp) volume volume
h2 : MeasurePreserving (Prod.map id fun x => ((x 0, x 1), x 2)) (volume.prod volume) (volume.prod volume)
⊢ scalar = (Prod.map id fun x => ((x 0, x 1), x 2)) ∘ ⇑(MeasurableEquiv.piFinSuccAbove (fun x => ℝ) 0) ∘ WithLp.ofLp

case e'_7
h1 : MeasurePreserving (⇑(MeasurableEquiv.piFinSuccAbove (fun x => ℝ) 0) ∘ WithLp.ofLp) volume volume
h2 : MeasurePreserving (Prod.map id fun x => ((x 0, x 1), x 2)) (volume.prod volume) (volume.prod volume)
⊢ volume = volume.prod volume
/workspace/shared/sticky-recovery-20261006/live/Theorems/Thm_StickyKakeya4_native_coordinate_volume_transport.lean:59:4: error(lean.unknownIdentifier): Unknown identifier `measurePreserving_swap`
/workspace/shared/sticky-recovery-20261006/live/Theorems/Thm_StickyKakeya4_native_coordinate_volume_transport.lean:55:63: error: unsolved goals
h1 : MeasurePreserving (⇑(MeasurableEquiv.piFinSuccAbove (fun x => ℝ) 3) ∘ WithLp.ofLp) volume volume
h2 : MeasurePreserving Prod.swap volume volume
h3 : MeasurePreserving (Prod.map (fun x => ((x 0, x 1), x 2)) id) (volume.prod volume) (volume.prod volume)
h4 : MeasurePreserving (⇑MeasurableEquiv.prodAssoc) volume volume
⊢ planar =
    ⇑MeasurableEquiv.prodAssoc ∘
      Prod.map (fun x => ((x 0, x 1), x 2)) id ∘
        Prod.swap ∘ ⇑(MeasurableEquiv.piFinSuccAbove (fun x => ℝ) 3) ∘ WithLp.ofLp
LEAN_FINISHED_UTC 2026-10-06T09:03:08.291836+00:00 EXIT_CODE=1

EXIT_CODE=1
