COMMAND ["python", "/workspace/shared/sticky-recovery-20261006/run_locked_lean.py", "/workspace/shared/sticky-recovery-20261006/global-lean-locks/be3d129b34723b9437e17e8bb3e75d1c76bb5603c61353d6dd83a9eedd7be703.lock", "/workspace/shared/sticky-recovery-20261006/global-lean-locks/2.lock", "/workspace/scratch/5f2524fd4117/lean-tools/lean-4.33.1-linux/bin/lean", "-j1", "-DautoImplicit=false", "-DwarningAsError=true", "-R", "/workspace/shared/sticky-recovery-20261006/live", "-o", "/workspace/shared/sticky-recovery-20261006/runtime-20261006T1519/olean/Theorems/Thm_StickyKakeya4_native_remembered_source_admission.olean", "/workspace/shared/sticky-recovery-20261006/live/Theorems/Thm_StickyKakeya4_native_remembered_source_admission.lean"]
SOURCE_SHA256 76aa5242a4ab85069661f1fe4305ba6822bbdc6d4f44d59852b61693467336ee
LOCK_ACQUIRED_UTC 2026-10-06T21:11:27.325636+00:00
SHARED_SLOT 2
LEAN_PID 58
/workspace/shared/sticky-recovery-20261006/live/Theorems/Thm_StickyKakeya4_native_remembered_source_admission.lean:75:4: error: Type mismatch
  hh
has type
  L ≤
    ↑(#(image (NativeLocalCellCoherence.localPair (NativeCoarseCellSource.source h a level b Q rep E hsep) 0 (2 ^ c) p)
            selected)) *
      (ENNReal.ofReal (↑(2 ^ c) * (NativeCoarseCellSource.source h a level b Q rep E hsep).thickness / 128)).toReal ^ 4
but is expected to have type
  L ≤ ↑(#(image (NativeLocalCellCoherence.localPair C 0 (2 ^ c) p) selected)) * (↑(2 ^ c) * (64 / ↑(2 ^ b)) / 128) ^ 4
/workspace/shared/sticky-recovery-20261006/live/Theorems/Thm_StickyKakeya4_native_remembered_source_admission.lean:74:31: error: This simp argument is unused:
  ENNReal.toReal_ofReal hmeshPos.le

Hint: Omit it from the simp argument list.
  [apply] simp only [ENNReal.toReal_mul, ENNReal.toReal_natCast, ENNReal.toReal_pow, ENNReal.toReal_ofReal hL] at hh

Note: This linter can be disabled with `set_option linter.unusedSimpArgs false`
LEAN_FINISHED_UTC 2026-10-06T21:12:11.078526+00:00 EXIT_CODE=1

EXIT_CODE=1
