COMMAND ["python3", "/workspace/scratch/5f2524fd4117/4dstickykakeya/scripts/lean-slot.py", "--slots", "2", "--lock-dir", "/workspace/scratch/5f2524fd4117/4dstickykakeya/.lake/global-lean-locks", "--", "/workspace/scratch/5f2524fd4117/lean-tools/lean-4.33.1-linux/bin/lean", "-j1", "-DautoImplicit=false", "-DwarningAsError=true", "-R", "/workspace/shared/sticky-recovery-20261005/live", "/workspace/shared/sticky-recovery-20261005/live/native_local_parent_source_readback.lean"]
SOURCE_SHA256 f5aeb6d0ad263728623a3c5b89f3120ff37c6b624d911dfcf414f884be21d3fe
FIFO compiler ticket: 01791176940121961497-8c2fb9d1845246459cf8b03b66e73adf.request
FIFO compiler acquired UTC: 2026-10-05T05:09:00.122363+00:00
'NativeLocalParentSource.parentLabels' depends on axioms: [propext, Classical.choice, Quot.sound]
'NativeLocalParentSource.mem_parentLabels' depends on axioms: [propext, Classical.choice, Quot.sound]
'NativeLocalParentSource.selectedCells' depends on axioms: [propext, Classical.choice, Quot.sound]
'NativeLocalParentSource.mem_selectedCells' depends on axioms: [propext, Classical.choice, Quot.sound]
'NativeLocalParentSource.selectedCells_subset' depends on axioms: [propext, Classical.choice, Quot.sound]
'NativeLocalParentSource.selected_incidences' depends on axioms: [propext, Classical.choice, Quot.sound]
'NativeLocalParentSource.outputCells' depends on axioms: [propext, Classical.choice, Quot.sound]
'NativeLocalParentSource.mem_outputCells' depends on axioms: [propext, Classical.choice, Quot.sound]
'NativeLocalParentSource.outputCells_subset' depends on axioms: [propext, Classical.choice, Quot.sound]
'NativeLocalParentSource.selected_shading_subset_tube' depends on axioms: [propext, Classical.choice, Quot.sound]
'NativeLocalParentSource.sourceCells' depends on axioms: [propext, Classical.choice, Quot.sound]
'NativeLocalParentSource.source_direction_separation' depends on axioms: [propext, Classical.choice, Quot.sound]
'NativeLocalParentSource.source' depends on axioms: [propext, Classical.choice, Quot.sound]
'NativeLocalParentSource.source_thickness' depends on axioms: [propext, Classical.choice, Quot.sound]
'NativeLocalParentSource.source_line' depends on axioms: [propext, Classical.choice, Quot.sound]
'NativeLocalParentSource.source_shading' depends on axioms: [propext, Classical.choice, Quot.sound]
'NativeLocalParentSource.source_weights_fibreMark' depends on axioms: [propext, Classical.choice, Quot.sound]
'NativeLocalParentSource.source_geometric_fields' depends on axioms: [propext, Classical.choice, Quot.sound]
'NativeLocalParentSource.source_original_labels' depends on axioms: [propext, Classical.choice, Quot.sound]
'NativeLocalParentSource.originalPair' depends on axioms: [propext, Classical.choice, Quot.sound]
'NativeLocalParentSource.originalPair_injective' depends on axioms: [propext, Classical.choice, Quot.sound]
'NativeLocalParentSource.source_incidences_readback' depends on axioms: [propext, Classical.choice, Quot.sound]
'NativeLocalParentSource.source_incidence_card' depends on axioms: [propext, Classical.choice, Quot.sound]
'NativeLocalParentSource.source_support_readback' depends on axioms: [propext, Classical.choice, Quot.sound]
'NativeLocalParentSource.selected_cell_fiber_card_le' depends on axioms: [propext, Classical.choice, Quot.sound]
'NativeLocalParentSource.selected_card_le_output_card' depends on axioms: [propext, Classical.choice, Quot.sound]
'NativeLocalParentSource.selected_shading_mass_scale' depends on axioms: [propext, Classical.choice, Quot.sound]
'NativeLocalParentSource.source_total_shading' depends on axioms: [propext, Classical.choice, Quot.sound]
'NativeLocalParentSource.source_union_volume' depends on axioms: [propext, Classical.choice, Quot.sound]
'NativeLocalParentSource.source_multiplicity' depends on axioms: [propext, Classical.choice, Quot.sound]
'NativeLocalParentSource.sum_originalLabel' depends on axioms: [propext, Classical.choice, Quot.sound]
'NativeLocalParentSource.source_total_shading_eq_parent' depends on axioms: [propext, Classical.choice, Quot.sound]
'NativeLocalParentSource.selected_parent_mass_le_source' depends on axioms: [propext, Classical.choice, Quot.sound]
'NativeLocalParentSource.source_center_height_zero' depends on axioms: [propext, Classical.choice, Quot.sound]
'NativeLocalParentSource.selected_cells_meet_front' depends on axioms: [propext, Classical.choice, Quot.sound]
'NativeLocalParentSource.selected_shading_mass_scale_enn' depends on axioms: [propext, Classical.choice, Quot.sound]
'NativeLocalParentSource.selected_parent_mass_le_source_enn' depends on axioms: [propext, Classical.choice, Quot.sound]
'NativeLocalParentSource.source_total_tubes_eq_parent' depends on axioms: [propext, Classical.choice, Quot.sound]
'NativeLocalParentSource.selected_parent_card' depends on axioms: [propext, Classical.choice, Quot.sound]
'NativeLocalParentSource.selected_parent_shading_eq_card' depends on axioms: [propext, Classical.choice, Quot.sound]
'NativeLocalParentSource.selected_parent_real_shading_eq_card' depends on axioms: [propext,
 Classical.choice,
 Quot.sound]

EXIT_CODE=0
