COMMAND ["flock", "/workspace/shared/sticky-recovery-20261006/global-lean-locks/3007c28b712e9521702bed1f5dc56176dee73bb466058c793a3282e7db4c6243.lock", "flock", "/workspace/shared/sticky-recovery-20261006/global-lean-locks/2.lock", "/workspace/scratch/5f2524fd4117/lean-tools/lean-4.33.1-linux/bin/lean", "-j1", "-DautoImplicit=false", "-DwarningAsError=true", "-R", "/workspace/shared/sticky-recovery-20261006/live", "-o", "/workspace/shared/sticky-recovery-20261006/olean/Theorems/Thm_StickyKakeya4_native_configured_tube_containment.olean", "/workspace/shared/sticky-recovery-20261006/live/Theorems/Thm_StickyKakeya4_native_configured_tube_containment.lean"]
SOURCE_SHA256 552a7d89cc43f07dde1a93184cab80ec1acc1341680a780d0644b87d35d335eb
/workspace/shared/sticky-recovery-20261006/live/Theorems/Thm_StickyKakeya4_native_configured_tube_containment.lean:60:13: error: unsolved goals
n : ℕ
D : FiniteScaleSource n
eta a : ℝ
h : IsWangZakharovNativeFiniteInput D eta
ha : ∀ (i : Fin n), wzGraphTime (D.line i) a - mark (D.line i) ∈ Set.Icc (-(1 / 2)) (1 / 2)
N : ℕ
hN : 0 < N
hscale : ↑N * D.thickness ≤ 1
i j : Fin n
hcell : parentLabel D a N i = parentLabel D a N j
x : E4
hx : x ∈ markedUnitTube (D.line i) D.thickness
hNr : 0 < ↑N
hdr : D.thickness ≤ 1 / ↑N
⊢ 32 + 64 = 32 * 3
/workspace/shared/sticky-recovery-20261006/live/Theorems/Thm_StickyKakeya4_native_configured_tube_containment.lean:95:37: error: unsolved goals
n : ℕ
D : FiniteScaleSource n
eta a base : ℝ
h : IsWangZakharovNativeFiniteInput D eta
ha : ∀ (i : Fin n), wzGraphTime (D.line i) a - mark (D.line i) ∈ Set.Icc (-(1 / 2)) (1 / 2)
N : ℕ
hN : 0 < N
hscale : ↑N * D.thickness ≤ 1
i j : Fin n
hcell : parentLabel D a N i = parentLabel D a N j
x y : E4
hx : x ∈ markedUnitTube (D.line i) D.thickness
hround : dist y (physicalMap D a (0, 0) x) ≤ 3 * base
hbase : base ≤ 8 / ↑N
hNr : 0 < ↑N
⊢ 3 * (8 * 64 + 1) = 1539

EXIT_CODE=1
