COMMAND ["python", "/workspace/shared/sticky-recovery-20261006/run_locked_lean.py", "/workspace/shared/sticky-recovery-20261006/global-lean-locks/bd7eef7b09f808ad8b15a9b19008e9395ee72c94105b25e35489ca95242c6010.lock", "/workspace/shared/sticky-recovery-20261006/global-lean-locks/3.lock", "/workspace/scratch/5f2524fd4117/lean-tools/lean-4.33.1-linux/bin/lean", "-j1", "-DautoImplicit=false", "-DwarningAsError=true", "-R", "/workspace/shared/sticky-recovery-20261006/live", "-o", "/workspace/shared/sticky-recovery-20261006/runtime-20261006T1519/olean/Theorems/Thm_StickyKakeya4_native_actual_raw_remembered_source.olean", "/workspace/shared/sticky-recovery-20261006/live/Theorems/Thm_StickyKakeya4_native_actual_raw_remembered_source.lean"]
SOURCE_SHA256 2f615a4b5cf0c6bda44afed49927ff77bc16dd921c55fa0adc7b36cb105e6656
LOCK_ACQUIRED_UTC 2026-10-06T22:34:13.021292+00:00
SHARED_SLOT 3
LEAN_PID 59
/workspace/shared/sticky-recovery-20261006/live/Theorems/Thm_StickyKakeya4_native_actual_raw_remembered_source.lean:81:11: error: Tactic `unfold` failed to unfold `NativeRememberedSourceRealization.phaseConstant` in
  Real.instLE = Real.instPreorder.toLE
/workspace/shared/sticky-recovery-20261006/live/Theorems/Thm_StickyKakeya4_native_actual_raw_remembered_source.lean:103:11: error: don't know how to synthesize implicit argument `n`
  @rawTaggedKey ?m.176 (#Q) C c pA
context:
n : ℕ
D : FiniteScaleSource n
eta a zeta pExp : ℝ
h : IsWangZakharovNativeFiniteInput D eta
original : Fin n → Finset Index
R : Finset (Fin n)
level : ℕ
HB : HasOriginalBackbone D original R a level zeta
Eref A : Finset (Fin n × Index)
m b c : ℕ
hm : 6 ≤ m
hmb : m + b ≤ level
p : Parent
hp : (parentLabels D R a (2 ^ m) p).Nonempty
hbudget : 64 ^ 3 * (source h R Eref a m p).thickness ^ pExp ≤ D.thickness ^ zeta
hA : A ⊆ incidences original
hparent : ∀ z ∈ A, z.1 ∈ parentLabels D R a (2 ^ m) p
Q : Finset Parent
cells : Fin #Q → Finset Index
C : FiniteScaleSource #Q
pA : Parent
O : Finset ((Fin #Q × Index) × Fin n × Index) := ⋯
r : ℝ := ⋯
d : ℝ := ⋯
⊢ ℕ
/workspace/shared/sticky-recovery-20261006/live/Theorems/Thm_StickyKakeya4_native_actual_raw_remembered_source.lean:103:6: error: failed to infer `let` declaration type
/workspace/shared/sticky-recovery-20261006/live/Theorems/Thm_StickyKakeya4_native_actual_raw_remembered_source.lean:99:69: error: unsolved goals
n : ℕ
D : FiniteScaleSource n
eta a zeta pExp : ℝ
h : IsWangZakharovNativeFiniteInput D eta
original : Fin n → Finset Index
R : Finset (Fin n)
level : ℕ
HB : HasOriginalBackbone D original R a level zeta
Eref A : Finset (Fin n × Index)
m b c : ℕ
hm : 6 ≤ m
hmb : m + b ≤ level
p : Parent
hp : (parentLabels D R a (2 ^ m) p).Nonempty
hbudget : 64 ^ 3 * (source h R Eref a m p).thickness ^ pExp ≤ D.thickness ^ zeta
hA : A ⊆ incidences original
hparent : ∀ z ∈ A, z.1 ∈ parentLabels D R a (2 ^ m) p
Q : Finset Parent
cells : Fin #Q → Finset Index
C : FiniteScaleSource #Q
pA : Parent
O : Finset ((Fin #Q × Index) × Fin n × Index) := occurrences h R a m b p hp Q cells A
r : ℝ := (source h R Eref a m p).thickness
d : ℝ := 64 / ↑(2 ^ b)
⊢ normalization D m * ↑(#O) ≤
    D.thickness * (source h R Eref a m p).thickness ^ (-pExp) * (64 / ↑(2 ^ b)) ^ 3 *
      ↑(#(image (rawTaggedKey C c pA) O))
/workspace/shared/sticky-recovery-20261006/live/Theorems/Thm_StickyKakeya4_native_actual_raw_remembered_source.lean:284:41: error: failed to prove positivity/nonnegativity/nonzeroness
/workspace/shared/sticky-recovery-20261006/live/Theorems/Thm_StickyKakeya4_native_actual_raw_remembered_source.lean:344:6: error: No goals to be solved
LEAN_FINISHED_UTC 2026-10-06T22:36:47.928636+00:00 EXIT_CODE=1

EXIT_CODE=1
