COMMAND ["python", "/workspace/shared/sticky-recovery-20261006/run_locked_lean.py", "/workspace/shared/sticky-recovery-20261006/global-lean-locks/b676b0a54884690941533817c66b149e86bf2f734acb741066a68334bd0365e8.lock", "/workspace/shared/sticky-recovery-20261006/global-lean-locks/3.lock", "/workspace/scratch/5f2524fd4117/lean-tools/lean-4.33.1-linux/bin/lean", "-j1", "-DautoImplicit=false", "-DwarningAsError=true", "-R", "/workspace/shared/sticky-recovery-20261006/verification/native_phase_window_scale_budget-attempt02", "/workspace/shared/sticky-recovery-20261006/verification/native_phase_window_scale_budget-attempt02/Readback.lean"]
SOURCE_SHA256 20b3d1a6afc52c10d6182720e4cde16aee9078668ae59663fdddcf33d61fa2d0
LOCK_ACQUIRED_UTC 2026-10-06T12:07:37.667549+00:00
SHARED_SLOT 3
LEAN_PID 63
'NativePhaseWindowScaleBudget.physicalLip' depends on axioms: [propext, Classical.choice, Quot.sound]
'NativePhaseWindowScaleBudget.phaseRho' depends on axioms: [propext, Classical.choice, Quot.sound]
'NativePhaseWindowScaleBudget.phaseMesh' depends on axioms: [propext, Classical.choice, Quot.sound]
'NativePhaseWindowScaleBudget.tangentMesh' depends on axioms: [propext, Classical.choice, Quot.sound]
'NativePhaseWindowScaleBudget.offsetMesh' depends on axioms: [propext, Classical.choice, Quot.sound]
'NativePhaseWindowScaleBudget.grainWidth' depends on axioms: [propext, Classical.choice, Quot.sound]
'NativePhaseWindowScaleBudget.target' depends on axioms: [propext, Classical.choice, Quot.sound]
'NativePhaseWindowScaleBudget.physical_lip_power' depends on axioms: [propext, Classical.choice, Quot.sound]
'NativePhaseWindowScaleBudget.target_power' depends on axioms: [propext, Classical.choice, Quot.sound]
'NativePhaseWindowScaleBudget.actual_base_analytic_bound' depends on axioms: [propext, Classical.choice, Quot.sound]
'NativePhaseWindowScaleBudget.analytic_le_phase_square' depends on axioms: [propext, Classical.choice, Quot.sound]
'NativePhaseWindowScaleBudget.exists_prepared_depth' depends on axioms: [propext, Classical.choice, Quot.sound]
'NativePhaseWindowScaleBudget.physicalLip_ge_one' depends on axioms: [propext, Classical.choice, Quot.sound]
'NativePhaseWindowScaleBudget.phase_mesh_readbacks' depends on axioms: [propext, Classical.choice, Quot.sound]
'NativePhaseWindowScaleBudget.dyadic_width_le_offset_mesh' depends on axioms: [propext, Classical.choice, Quot.sound]
'NativePhaseWindowScaleBudget.offset_population_factor' depends on axioms: [propext, Classical.choice, Quot.sound]
'NativePhaseWindowScaleBudget.exists_source_window_cutoff' depends on axioms: [propext, Classical.choice, Quot.sound]
LEAN_FINISHED_UTC 2026-10-06T12:10:54.990938+00:00 EXIT_CODE=0

EXIT_CODE=0
