COMMAND ["python", "/workspace/shared/sticky-recovery-20261006/run_locked_lean.py", "/workspace/shared/sticky-recovery-20261006/global-lean-locks/import-batch-20261006T2255.lock", "/workspace/shared/sticky-recovery-20261006/global-lean-locks/1.lock", "/workspace/scratch/5f2524fd4117/lean-tools/lean-4.33.1-linux/bin/lean", "-j1", "-DautoImplicit=false", "-DwarningAsError=true", "-R", "/workspace/shared/sticky-recovery-20261006/verification/import-batch-20261006T2255", "/workspace/shared/sticky-recovery-20261006/verification/import-batch-20261006T2255/Readback.lean"]
LOCK_ACQUIRED_UTC 2026-10-06T22:55:10.800595+00:00
SHARED_SLOT 1
LEAN_PID 58
'NativeFixedReferenceAllRadiusAngularProfile.angularConstant' depends on axioms: [propext, Classical.choice, Quot.sound]
'NativeFixedReferenceAllRadiusAngularProfile.ball_count_mono' depends on axioms: [propext, Classical.choice, Quot.sound]
'NativeFixedReferenceAllRadiusAngularProfile.occupied_ball_one' depends on axioms: [propext,
 Classical.choice,
 Quot.sound]
'NativeFixedReferenceAllRadiusAngularProfile.same_grid_close' depends on axioms: [propext, Classical.choice, Quot.sound]
'NativeFixedReferenceAllRadiusAngularProfile.ball_upper_transfer' depends on axioms: [propext,
 Classical.choice,
 Quot.sound]
'NativeFixedReferenceAllRadiusAngularProfile.scheduledRadius' depends on axioms: [propext, Classical.choice, Quot.sound]
'NativeFixedReferenceAllRadiusAngularProfile.scheduledRadius_pos' depends on axioms: [propext,
 Classical.choice,
 Quot.sound]
'NativeFixedReferenceAllRadiusAngularProfile.reference_schedule_eq' depends on axioms: [propext,
 Classical.choice,
 Quot.sound]
'NativeFixedReferenceAllRadiusAngularProfile.scheduledRadius_rank' depends on axioms: [propext,
 Classical.choice,
 Quot.sound]
'NativeFixedReferenceAllRadiusAngularProfile.first_radius_lower' depends on axioms: [propext,
 Classical.choice,
 Quot.sound]
'NativeFixedReferenceAllRadiusAngularProfile.last_radius_upper' depends on axioms: [propext,
 Classical.choice,
 Quot.sound]
'NativeFixedReferenceAllRadiusAngularProfile.middle_radius_bracket' depends on axioms: [propext,
 Classical.choice,
 Quot.sound]
'NativeFixedReferenceAllRadiusAngularProfile.enlargement' depends on axioms: [propext, Classical.choice, Quot.sound]
'NativeFixedReferenceAllRadiusAngularProfile.enlargement_one' depends on axioms: [propext, Classical.choice, Quot.sound]
'NativeFixedReferenceAllRadiusAngularProfile.all_radius_alternative' depends on axioms: [propext,
 Classical.choice,
 Quot.sound]
'NativeFixedReferenceAllRadiusAngularProfile.paid_scheduled_bounds' depends on axioms: [propext,
 Classical.choice,
 Quot.sound]
'NativeFixedReferenceAllRadiusAngularProfile.ratio_power_le' depends on axioms: [propext, Classical.choice, Quot.sound]
'NativeFixedReferenceAllRadiusAngularProfile.cube_le_cover_cost' depends on axioms: [propext,
 Classical.choice,
 Quot.sound]
'NativeFixedReferenceAllRadiusAngularProfile.all_radius_rough_bounds' depends on axioms: [propext,
 Classical.choice,
 Quot.sound]
'NativeFixedReferenceAllRadiusAngularProfile.all_radius_power_bounds' depends on axioms: [propext,
 Classical.choice,
 Quot.sound]
'NativeFixedReferenceAllRadiusAngularProfile.exists_all_radius_cutoff' depends on axioms: [propext,
 Classical.choice,
 Quot.sound]
LEAN_FINISHED_UTC 2026-10-06T22:55:46.212902+00:00 EXIT_CODE=0

EXIT_CODE=0
