COMMAND ["flock", "/workspace/shared/sticky-recovery-20261006/global-lean-locks/48cb338c6c0579a31b0da74bfa335dd989f181907e51d3e3559b382d4bde3524.lock", "flock", "/workspace/shared/sticky-recovery-20261006/global-lean-locks/2.lock", "/workspace/scratch/5f2524fd4117/lean-tools/lean-4.33.1-linux/bin/lean", "-j1", "-DautoImplicit=false", "-DwarningAsError=true", "-R", "/workspace/shared/sticky-recovery-20261006/live", "-o", "/workspace/shared/sticky-recovery-20261006/olean/Theorems/Thm_StickyKakeya4_canonical_angular_offset_geometry.olean", "/workspace/shared/sticky-recovery-20261006/live/Theorems/Thm_StickyKakeya4_canonical_angular_offset_geometry.lean"]
SOURCE_SHA256 72d832410887acffb46e007748ba8d97bb465161a5d936688ff522ce3b31153d
/workspace/shared/sticky-recovery-20261006/live/Theorems/Thm_StickyKakeya4_canonical_angular_offset_geometry.lean:18:56: error: unsolved goals
M : ℝ
theta : E4
j : Fin 4
⊢ ⌊M * theta.ofLp j⌋ = ⌊theta.ofLp j / (1 / M)⌋
/workspace/shared/sticky-recovery-20261006/live/Theorems/Thm_StickyKakeya4_canonical_angular_offset_geometry.lean:20:42: error: This simp argument is unused:
  div_div

Hint: Omit it from the simp argument list.
  [apply] simp only [angularKey, wzDyadicCellIndex, div_one, mul_comm]

Note: This linter can be disabled with `set_option linter.unusedSimpArgs false`
/workspace/shared/sticky-recovery-20261006/live/Theorems/Thm_StickyKakeya4_canonical_angular_offset_geometry.lean:20:50: error: This simp argument is unused:
  div_one

Hint: Omit it from the simp argument list.
  [apply] simp only [angularKey, wzDyadicCellIndex, div_div, mul_comm]

Note: This linter can be disabled with `set_option linter.unusedSimpArgs false`
/workspace/shared/sticky-recovery-20261006/live/Theorems/Thm_StickyKakeya4_canonical_angular_offset_geometry.lean:20:58: error: This simp argument is unused:
  mul_comm

Hint: Omit it from the simp argument list.
  [apply] simp only [angularKey, wzDyadicCellIndex, div_div, div_one]

Note: This linter can be disabled with `set_option linter.unusedSimpArgs false`

EXIT_CODE=1
