COMMAND ["python", "/workspace/shared/sticky-recovery-20261006/run_locked_lean.py", "/workspace/shared/sticky-recovery-20261006/global-lean-locks/5cabc5f07f5126374ad17998678e66cd735e2889f63e2d508f8e6e3fbd535e14.lock", "/workspace/shared/sticky-recovery-20261006/global-lean-locks/2.lock", "/workspace/scratch/5f2524fd4117/lean-tools/lean-4.33.1-linux/bin/lean", "-j1", "-DautoImplicit=false", "-DwarningAsError=true", "-R", "/workspace/shared/sticky-recovery-20261006/live", "-o", "/workspace/shared/sticky-recovery-20261006/olean/Theorems/Thm_StickyKakeya4_native_actual_angular_parent_count.olean", "/workspace/shared/sticky-recovery-20261006/live/Theorems/Thm_StickyKakeya4_native_actual_angular_parent_count.lean"]
SOURCE_SHA256 36b4418c0c945ecca168face524818b468e8606ccb870c23766c8c979c5daae6
LOCK_ACQUIRED_UTC 2026-10-06T14:53:13.382224+00:00
SHARED_SLOT 2
LEAN_PID 58
/workspace/shared/sticky-recovery-20261006/live/Theorems/Thm_StickyKakeya4_native_actual_angular_parent_count.lean:30:4: error: No goals to be solved
/workspace/shared/sticky-recovery-20261006/live/Theorems/Thm_StickyKakeya4_native_actual_angular_parent_count.lean:52:10: error: Tactic `rewrite` failed: Did not find an occurrence of the pattern
  NativeNormalizedCellRelativeMenu.physicalCell D a N (8 * M) p k j / 8
in the target expression
  NativeNormalizedCellRelativeMenu.physicalCell D a N (8 * M) p k j / ↑8 = q j

n : ℕ
D : FiniteScaleSource n
a : ℝ
N M : ℕ
hM : 0 < M
p : Parent
I : Finset Index
q : Index
hq : ∀ k ∈ I, NativeNormalizedCellRelativeMenu.physicalCell D a N M p k = q
k : Index
hk : k ∈ I
hz :
  NativeNormalizedCellRelativeMenu.physicalCell D a N (8 * M) p k ∈
    image (NativeNormalizedCellRelativeMenu.physicalCell D a N (8 * M) p) I
j : Fin 4
⊢ NativeNormalizedCellRelativeMenu.physicalCell D a N (8 * M) p k j / ↑8 = q j
LEAN_FINISHED_UTC 2026-10-06T14:59:35.231694+00:00 EXIT_CODE=1

EXIT_CODE=1
