COMMAND ["python", "/workspace/shared/sticky-recovery-20261006/run_locked_lean.py", "/workspace/shared/sticky-recovery-20261006/global-lean-locks/bd7eef7b09f808ad8b15a9b19008e9395ee72c94105b25e35489ca95242c6010.lock", "/workspace/shared/sticky-recovery-20261006/global-lean-locks/3.lock", "/workspace/scratch/5f2524fd4117/lean-tools/lean-4.33.1-linux/bin/lean", "-j1", "-DautoImplicit=false", "-DwarningAsError=true", "-R", "/workspace/shared/sticky-recovery-20261006/live", "-o", "/workspace/shared/sticky-recovery-20261006/runtime-20261006T1519/olean/Theorems/Thm_StickyKakeya4_native_actual_raw_remembered_source.olean", "/workspace/shared/sticky-recovery-20261006/live/Theorems/Thm_StickyKakeya4_native_actual_raw_remembered_source.lean"]
SOURCE_SHA256 07f4aceddc0e5f5364684783410d7e99bcd4ddfcfef23be96767129370b7b6ac
LOCK_ACQUIRED_UTC 2026-10-06T22:39:55.043973+00:00
SHARED_SLOT 3
LEAN_PID 58
/workspace/shared/sticky-recovery-20261006/live/Theorems/Thm_StickyKakeya4_native_actual_raw_remembered_source.lean:83:4: error: No goals to be solved
Try this:
  [apply] ring_nf
  
  The `ring` tactic failed to close the goal. Use `ring_nf` to obtain a normal form.
    
  Note that `ring` works primarily in *commutative* rings. If you have a noncommutative ring, abelian group or module, consider using `noncomm_ring`, `abel` or `module` instead.
/workspace/shared/sticky-recovery-20261006/live/Theorems/Thm_StickyKakeya4_native_actual_raw_remembered_source.lean:148:13: error: unsolved goals
n : ℕ
D : FiniteScaleSource n
eta a zeta pExp : ℝ
h : IsWangZakharovNativeFiniteInput D eta
original : Fin n → Finset Index
R : Finset (Fin n)
level : ℕ
HB : HasOriginalBackbone D original R a level zeta
Eref A : Finset (Fin n × Index)
m b c : ℕ
hm : 6 ≤ m
hmb : m + b ≤ level
p : Parent
hp : (parentLabels D R a (2 ^ m) p).Nonempty
hbudget : 64 ^ 3 * (source h R Eref a m p).thickness ^ pExp ≤ D.thickness ^ zeta
hA : A ⊆ incidences original
hparent : ∀ z ∈ A, z.1 ∈ parentLabels D R a (2 ^ m) p
Q : Finset Parent
cells : Fin #Q → Finset Index
C : FiniteScaleSource #Q
pA : Parent
O : Finset ((Fin #Q × Index) × Fin n × Index) := occurrences h R a m b p hp Q cells A
r : ℝ := (source h R Eref a m p).thickness
d : ℝ := 64 / ↑(2 ^ b)
f : (Fin #Q × Index) × Fin n × Index → ℤ × Fin #Q × Index := rawTaggedKey C c pA
hr : 0 < r
hcap : ∀ (v : ℤ × Fin #Q × Index), ↑(#({z ∈ O | f z = v})) ≤ r ^ (-pExp) * (d / r) ^ 3
hcard : ↑(#O) = ∑ v ∈ image f O, ↑(#({z ∈ O | f z = v}))
hsum : ↑(#O) ≤ r ^ (-pExp) * (d / r) ^ 3 * ↑(#(image f O))
hnu : normalization D m = D.thickness * r ^ 3
⊢ D.thickness * r ^ (-pExp) * d ^ 3 * ↑(#(image f O)) * ↑(2 ^ b) ^ 3 =
    D.thickness * (source h R Eref a m p).thickness ^ (-pExp) * ↑(#(image (rawTaggedKey C c pA) O)) * 262144
LEAN_FINISHED_UTC 2026-10-06T22:41:15.152314+00:00 EXIT_CODE=1

EXIT_CODE=1
